[0.168s] Invoking command in '/home/mtrn/Downloads/MTRN4231_Project/build/ur5e_moveit_config_custom': CMAKE_PREFIX_PATH=${CMAKE_PREFIX_PATH}:/home/mtrn/4231/ws_moveit2/install/moveit_configs_utils:/home/mtrn/4231/ws_moveit2/install/launch_param_builder:/opt/ros/humble /usr/bin/cmake --build /home/mtrn/Downloads/MTRN4231_Project/build/ur5e_moveit_config_custom -- -j4 -l4
[0.601s] Built target ament_cmake_python_copy_ur5e_moveit_config_custom
[1.635s] running egg_info
[1.635s] writing ur5e_moveit_config_custom.egg-info/PKG-INFO
[1.648s] writing dependency_links to ur5e_moveit_config_custom.egg-info/dependency_links.txt
[1.648s] writing top-level names to ur5e_moveit_config_custom.egg-info/top_level.txt
[1.681s] reading manifest file 'ur5e_moveit_config_custom.egg-info/SOURCES.txt'
[1.681s] writing manifest file 'ur5e_moveit_config_custom.egg-info/SOURCES.txt'
[1.776s] Built target ament_cmake_python_build_ur5e_moveit_config_custom_egg
[1.837s] Invoked command in '/home/mtrn/Downloads/MTRN4231_Project/build/ur5e_moveit_config_custom' returned '0': CMAKE_PREFIX_PATH=${CMAKE_PREFIX_PATH}:/home/mtrn/4231/ws_moveit2/install/moveit_configs_utils:/home/mtrn/4231/ws_moveit2/install/launch_param_builder:/opt/ros/humble /usr/bin/cmake --build /home/mtrn/Downloads/MTRN4231_Project/build/ur5e_moveit_config_custom -- -j4 -l4
[2.014s] Invoking command in '/home/mtrn/Downloads/MTRN4231_Project/build/ur5e_moveit_config_custom': CMAKE_PREFIX_PATH=${CMAKE_PREFIX_PATH}:/home/mtrn/4231/ws_moveit2/install/moveit_configs_utils:/home/mtrn/4231/ws_moveit2/install/launch_param_builder:/opt/ros/humble /usr/bin/cmake --install /home/mtrn/Downloads/MTRN4231_Project/build/ur5e_moveit_config_custom
[2.060s] -- Install configuration: ""
[2.061s] -- Up-to-date: /home/mtrn/Downloads/MTRN4231_Project/install/ur5e_moveit_config_custom/share/ur5e_moveit_config_custom/config
[2.062s] -- Up-to-date: /home/mtrn/Downloads/MTRN4231_Project/install/ur5e_moveit_config_custom/share/ur5e_moveit_config_custom/config/controllers.yaml
[2.065s] -- Up-to-date: /home/mtrn/Downloads/MTRN4231_Project/install/ur5e_moveit_config_custom/share/ur5e_moveit_config_custom/config/ur_servo.yaml
[2.065s] -- Up-to-date: /home/mtrn/Downloads/MTRN4231_Project/install/ur5e_moveit_config_custom/share/ur5e_moveit_config_custom/config/ompl_planning.yaml
[2.066s] -- Up-to-date: /home/mtrn/Downloads/MTRN4231_Project/install/ur5e_moveit_config_custom/share/ur5e_moveit_config_custom/config/kinematics.yaml
[2.066s] -- Up-to-date: /home/mtrn/Downloads/MTRN4231_Project/install/ur5e_moveit_config_custom/share/ur5e_moveit_config_custom/launch
[2.066s] -- Up-to-date: /home/mtrn/Downloads/MTRN4231_Project/install/ur5e_moveit_config_custom/share/ur5e_moveit_config_custom/launch/ur_moveit.launch.py
[2.066s] -- Up-to-date: /home/mtrn/Downloads/MTRN4231_Project/install/ur5e_moveit_config_custom/share/ur5e_moveit_config_custom/rviz
[2.066s] -- Up-to-date: /home/mtrn/Downloads/MTRN4231_Project/install/ur5e_moveit_config_custom/share/ur5e_moveit_config_custom/rviz/view_robot.rviz
[2.066s] -- Up-to-date: /home/mtrn/Downloads/MTRN4231_Project/install/ur5e_moveit_config_custom/share/ur5e_moveit_config_custom/environment/pythonpath.sh
[2.067s] -- Up-to-date: /home/mtrn/Downloads/MTRN4231_Project/install/ur5e_moveit_config_custom/share/ur5e_moveit_config_custom/environment/pythonpath.dsv
[2.067s] -- Up-to-date: /home/mtrn/Downloads/MTRN4231_Project/install/ur5e_moveit_config_custom/local/lib/python3.10/dist-packages/ur5e_moveit_config_custom-0.0.1-py3.10.egg-info
[2.068s] -- Installing: /home/mtrn/Downloads/MTRN4231_Project/install/ur5e_moveit_config_custom/local/lib/python3.10/dist-packages/ur5e_moveit_config_custom-0.0.1-py3.10.egg-info/top_level.txt
[2.085s] -- Installing: /home/mtrn/Downloads/MTRN4231_Project/install/ur5e_moveit_config_custom/local/lib/python3.10/dist-packages/ur5e_moveit_config_custom-0.0.1-py3.10.egg-info/SOURCES.txt
[2.086s] -- Installing: /home/mtrn/Downloads/MTRN4231_Project/install/ur5e_moveit_config_custom/local/lib/python3.10/dist-packages/ur5e_moveit_config_custom-0.0.1-py3.10.egg-info/PKG-INFO
[2.087s] -- Installing: /home/mtrn/Downloads/MTRN4231_Project/install/ur5e_moveit_config_custom/local/lib/python3.10/dist-packages/ur5e_moveit_config_custom-0.0.1-py3.10.egg-info/dependency_links.txt
[2.087s] -- Up-to-date: /home/mtrn/Downloads/MTRN4231_Project/install/ur5e_moveit_config_custom/local/lib/python3.10/dist-packages/ur5e_moveit_config_custom
[2.087s] -- Up-to-date: /home/mtrn/Downloads/MTRN4231_Project/install/ur5e_moveit_config_custom/local/lib/python3.10/dist-packages/ur5e_moveit_config_custom/launch_common.py
[2.087s] -- Up-to-date: /home/mtrn/Downloads/MTRN4231_Project/install/ur5e_moveit_config_custom/local/lib/python3.10/dist-packages/ur5e_moveit_config_custom/__init__.py
[2.209s] Listing '/home/mtrn/Downloads/MTRN4231_Project/install/ur5e_moveit_config_custom/local/lib/python3.10/dist-packages/ur5e_moveit_config_custom'...
[2.221s] -- Up-to-date: /home/mtrn/Downloads/MTRN4231_Project/install/ur5e_moveit_config_custom/local/lib/python3.10/dist-packages/launch_common.py
[2.404s] -- Up-to-date: /home/mtrn/Downloads/MTRN4231_Project/install/ur5e_moveit_config_custom/share/ament_index/resource_index/package_run_dependencies/ur5e_moveit_config_custom
[2.404s] -- Up-to-date: /home/mtrn/Downloads/MTRN4231_Project/install/ur5e_moveit_config_custom/share/ament_index/resource_index/parent_prefix_path/ur5e_moveit_config_custom
[2.405s] -- Up-to-date: /home/mtrn/Downloads/MTRN4231_Project/install/ur5e_moveit_config_custom/share/ur5e_moveit_config_custom/environment/ament_prefix_path.sh
[2.405s] -- Up-to-date: /home/mtrn/Downloads/MTRN4231_Project/install/ur5e_moveit_config_custom/share/ur5e_moveit_config_custom/environment/ament_prefix_path.dsv
[2.405s] -- Up-to-date: /home/mtrn/Downloads/MTRN4231_Project/install/ur5e_moveit_config_custom/share/ur5e_moveit_config_custom/environment/path.sh
[2.405s] -- Up-to-date: /home/mtrn/Downloads/MTRN4231_Project/install/ur5e_moveit_config_custom/share/ur5e_moveit_config_custom/environment/path.dsv
[2.405s] -- Up-to-date: /home/mtrn/Downloads/MTRN4231_Project/install/ur5e_moveit_config_custom/share/ur5e_moveit_config_custom/local_setup.bash
[2.405s] -- Up-to-date: /home/mtrn/Downloads/MTRN4231_Project/install/ur5e_moveit_config_custom/share/ur5e_moveit_config_custom/local_setup.sh
[2.405s] -- Up-to-date: /home/mtrn/Downloads/MTRN4231_Project/install/ur5e_moveit_config_custom/share/ur5e_moveit_config_custom/local_setup.zsh
[2.405s] -- Up-to-date: /home/mtrn/Downloads/MTRN4231_Project/install/ur5e_moveit_config_custom/share/ur5e_moveit_config_custom/local_setup.dsv
[2.405s] -- Installing: /home/mtrn/Downloads/MTRN4231_Project/install/ur5e_moveit_config_custom/share/ur5e_moveit_config_custom/package.dsv
[2.405s] -- Up-to-date: /home/mtrn/Downloads/MTRN4231_Project/install/ur5e_moveit_config_custom/share/ament_index/resource_index/packages/ur5e_moveit_config_custom
[2.406s] -- Up-to-date: /home/mtrn/Downloads/MTRN4231_Project/install/ur5e_moveit_config_custom/share/ur5e_moveit_config_custom/cmake/ur5e_moveit_config_customConfig.cmake
[2.406s] -- Up-to-date: /home/mtrn/Downloads/MTRN4231_Project/install/ur5e_moveit_config_custom/share/ur5e_moveit_config_custom/cmake/ur5e_moveit_config_customConfig-version.cmake
[2.406s] -- Up-to-date: /home/mtrn/Downloads/MTRN4231_Project/install/ur5e_moveit_config_custom/share/ur5e_moveit_config_custom/package.xml
[2.428s] Invoked command in '/home/mtrn/Downloads/MTRN4231_Project/build/ur5e_moveit_config_custom' returned '0': CMAKE_PREFIX_PATH=${CMAKE_PREFIX_PATH}:/home/mtrn/4231/ws_moveit2/install/moveit_configs_utils:/home/mtrn/4231/ws_moveit2/install/launch_param_builder:/opt/ros/humble /usr/bin/cmake --install /home/mtrn/Downloads/MTRN4231_Project/build/ur5e_moveit_config_custom
