[0.018s] Invoking command in '/home/mtrn/MTRN4231_Project/build/arm_controller': CMAKE_PREFIX_PATH=/home/mtrn/MTRN4231_Project/install/custom_interfaces:/home/mtrn/MTRN4231_Project/install/ur5e_moveit_config_custom:/home/mtrn/MTRN4231_Project/install/ur5e_custom_description:/home/mtrn/MTRN4231_Project/install/end_effector_description:/home/mtrn/MTRN4231_Project/install/arm_controller:/opt/ros/humble /home/mtrn/.local/bin/cmake --build /home/mtrn/MTRN4231_Project/build/arm_controller -- -j20 -l20
[0.115s] [ 50%] Built target arm_controller_node
[0.122s] [100%] Built target moveit_constrain_ur
[0.136s] Invoked command in '/home/mtrn/MTRN4231_Project/build/arm_controller' returned '0': CMAKE_PREFIX_PATH=/home/mtrn/MTRN4231_Project/install/custom_interfaces:/home/mtrn/MTRN4231_Project/install/ur5e_moveit_config_custom:/home/mtrn/MTRN4231_Project/install/ur5e_custom_description:/home/mtrn/MTRN4231_Project/install/end_effector_description:/home/mtrn/MTRN4231_Project/install/arm_controller:/opt/ros/humble /home/mtrn/.local/bin/cmake --build /home/mtrn/MTRN4231_Project/build/arm_controller -- -j20 -l20
[0.200s] Invoking command in '/home/mtrn/MTRN4231_Project/build/arm_controller': CMAKE_PREFIX_PATH=/home/mtrn/MTRN4231_Project/install/custom_interfaces:/home/mtrn/MTRN4231_Project/install/ur5e_moveit_config_custom:/home/mtrn/MTRN4231_Project/install/ur5e_custom_description:/home/mtrn/MTRN4231_Project/install/end_effector_description:/home/mtrn/MTRN4231_Project/install/arm_controller:/opt/ros/humble /home/mtrn/.local/bin/cmake --install /home/mtrn/MTRN4231_Project/build/arm_controller
[0.234s] -- Install configuration: ""
[0.235s] -- Up-to-date: /home/mtrn/MTRN4231_Project/install/arm_controller/lib/arm_controller/arm_controller_node
[0.235s] -- Up-to-date: /home/mtrn/MTRN4231_Project/install/arm_controller/share/arm_controller/launch
[0.235s] -- Up-to-date: /home/mtrn/MTRN4231_Project/install/arm_controller/share/arm_controller/launch/view_combined.launch.py
[0.235s] -- Installing: /home/mtrn/MTRN4231_Project/install/arm_controller/share/arm_controller/launch/arm_controller.launch.py
[0.235s] -- Up-to-date: /home/mtrn/MTRN4231_Project/install/arm_controller/share/arm_controller/urdf
[0.235s] -- Up-to-date: /home/mtrn/MTRN4231_Project/install/arm_controller/share/arm_controller/urdf/ur5e_with_tool.urdf.xacro
[0.235s] -- Up-to-date: /home/mtrn/MTRN4231_Project/install/arm_controller/share/ament_index/resource_index/package_run_dependencies/arm_controller
[0.235s] -- Up-to-date: /home/mtrn/MTRN4231_Project/install/arm_controller/share/ament_index/resource_index/parent_prefix_path/arm_controller
[0.235s] -- Up-to-date: /home/mtrn/MTRN4231_Project/install/arm_controller/share/arm_controller/environment/ament_prefix_path.sh
[0.236s] -- Up-to-date: /home/mtrn/MTRN4231_Project/install/arm_controller/share/arm_controller/environment/ament_prefix_path.dsv
[0.236s] -- Up-to-date: /home/mtrn/MTRN4231_Project/install/arm_controller/share/arm_controller/environment/path.sh
[0.236s] -- Up-to-date: /home/mtrn/MTRN4231_Project/install/arm_controller/share/arm_controller/environment/path.dsv
[0.236s] -- Up-to-date: /home/mtrn/MTRN4231_Project/install/arm_controller/share/arm_controller/local_setup.bash
[0.236s] -- Up-to-date: /home/mtrn/MTRN4231_Project/install/arm_controller/share/arm_controller/local_setup.sh
[0.236s] -- Up-to-date: /home/mtrn/MTRN4231_Project/install/arm_controller/share/arm_controller/local_setup.zsh
[0.236s] -- Up-to-date: /home/mtrn/MTRN4231_Project/install/arm_controller/share/arm_controller/local_setup.dsv
[0.236s] -- Installing: /home/mtrn/MTRN4231_Project/install/arm_controller/share/arm_controller/package.dsv
[0.236s] -- Up-to-date: /home/mtrn/MTRN4231_Project/install/arm_controller/share/ament_index/resource_index/packages/arm_controller
[0.236s] -- Up-to-date: /home/mtrn/MTRN4231_Project/install/arm_controller/share/arm_controller/cmake/arm_controllerConfig.cmake
[0.237s] -- Up-to-date: /home/mtrn/MTRN4231_Project/install/arm_controller/share/arm_controller/cmake/arm_controllerConfig-version.cmake
[0.237s] -- Up-to-date: /home/mtrn/MTRN4231_Project/install/arm_controller/share/arm_controller/package.xml
[0.245s] Invoked command in '/home/mtrn/MTRN4231_Project/build/arm_controller' returned '0': CMAKE_PREFIX_PATH=/home/mtrn/MTRN4231_Project/install/custom_interfaces:/home/mtrn/MTRN4231_Project/install/ur5e_moveit_config_custom:/home/mtrn/MTRN4231_Project/install/ur5e_custom_description:/home/mtrn/MTRN4231_Project/install/end_effector_description:/home/mtrn/MTRN4231_Project/install/arm_controller:/opt/ros/humble /home/mtrn/.local/bin/cmake --install /home/mtrn/MTRN4231_Project/build/arm_controller
