[01m[K/home/mtrn/MTRN4231_Project/src/arm_controller/src/arm_controller_node.cpp:[m[K In member function ‘[01m[Kvoid ArmController::execute(std::shared_ptr<rclcpp_action::ServerGoalHandle<custom_interfaces::action::MoveTCP> >)[m[K’:
[01m[K/home/mtrn/MTRN4231_Project/src/arm_controller/src/arm_controller_node.cpp:141:5:[m[K [01;31m[Kerror: [m[K‘[01m[Kok[m[K’ was not declared in this scope; did you mean ‘[01m[Krclcpp::ok[m[K’?
  141 |     [01;31m[Kok[m[K = plan_and_execute_to_pose(lift, cstr, "lift");
      |     [01;31m[K^~[m[K
      |     [32m[Krclcpp::ok[m[K
In file included from [01m[K/opt/ros/humble/include/rclcpp/rclcpp/logging.hpp:25[m[K,
                 from [01m[K/opt/ros/humble/include/rclcpp/rclcpp/client.hpp:40[m[K,
                 from [01m[K/opt/ros/humble/include/rclcpp/rclcpp/callback_group.hpp:24[m[K,
                 from [01m[K/opt/ros/humble/include/rclcpp/rclcpp/any_executable.hpp:20[m[K,
                 from [01m[K/opt/ros/humble/include/rclcpp/rclcpp/memory_strategy.hpp:25[m[K,
                 from [01m[K/opt/ros/humble/include/rclcpp/rclcpp/memory_strategies.hpp:18[m[K,
                 from [01m[K/opt/ros/humble/include/rclcpp/rclcpp/executor_options.hpp:20[m[K,
                 from [01m[K/opt/ros/humble/include/rclcpp/rclcpp/executor.hpp:37[m[K,
                 from [01m[K/opt/ros/humble/include/rclcpp/rclcpp/executors/multi_threaded_executor.hpp:25[m[K,
                 from [01m[K/opt/ros/humble/include/rclcpp/rclcpp/executors.hpp:21[m[K,
                 from [01m[K/opt/ros/humble/include/rclcpp/rclcpp/rclcpp.hpp:155[m[K,
                 from [01m[K/home/mtrn/MTRN4231_Project/src/arm_controller/src/arm_controller_node.cpp:6[m[K:
[01m[K/opt/ros/humble/include/rclcpp/rclcpp/utilities.hpp:176:1:[m[K [01;36m[Knote: [m[K‘[01m[Krclcpp::ok[m[K’ declared here
  176 | [01;36m[Kok[m[K(rclcpp::Context::SharedPtr context = nullptr);
      | [01;36m[K^~[m[K
[01m[K/home/mtrn/MTRN4231_Project/src/arm_controller/src/arm_controller_node.cpp:146:12:[m[K [01;35m[Kwarning: [m[Kunused variable ‘[01m[Kok[m[K’ [[01;35m[K]8;;https://gcc.gnu.org/onlinedocs/gcc/Warning-Options.html#index-Wunused-variable-Wunused-variable]8;;[m[K]
  146 |       bool [01;35m[Kok[m[K = plan_and_execute_to_pose(approach, cstr, "approach");
      |            [01;35m[K^~[m[K
gmake[2]: *** [CMakeFiles/arm_controller_node.dir/build.make:76: CMakeFiles/arm_controller_node.dir/src/arm_controller_node.cpp.o] Error 1
gmake[1]: *** [CMakeFiles/Makefile2:139: CMakeFiles/arm_controller_node.dir/all] Error 2
gmake: *** [Makefile:146: all] Error 2
