[0.016s] Invoking command in '/home/mtrn/MTRN4231_Project/build/arm_controller': CMAKE_PREFIX_PATH=/home/mtrn/MTRN4231_Project/install/custom_interfaces:/home/mtrn/MTRN4231_Project/install/ur5e_moveit_config_custom:/home/mtrn/MTRN4231_Project/install/ur5e_custom_description:/home/mtrn/MTRN4231_Project/install/end_effector_description:/home/mtrn/MTRN4231_Project/install/arm_controller:/opt/ros/humble /home/mtrn/.local/bin/cmake --build /home/mtrn/MTRN4231_Project/build/arm_controller -- -j20 -l20
[0.114s] [ 75%] [32mBuilding CXX object CMakeFiles/arm_controller_node.dir/src/arm_controller_node.cpp.o[0m
[0.114s] [ 75%] Built target moveit_constrain_ur
[6.430s] [01m[K/home/mtrn/MTRN4231_Project/src/arm_controller/src/arm_controller_node.cpp:[m[K In member function ‘[01m[Kvoid ArmController::execute(std::shared_ptr<rclcpp_action::ServerGoalHandle<custom_interfaces::action::MoveTCP> >)[m[K’:
[6.430s] [01m[K/home/mtrn/MTRN4231_Project/src/arm_controller/src/arm_controller_node.cpp:141:5:[m[K [01;31m[Kerror: [m[K‘[01m[Kok[m[K’ was not declared in this scope; did you mean ‘[01m[Krclcpp::ok[m[K’?
[6.430s]   141 |     [01;31m[Kok[m[K = plan_and_execute_to_pose(lift, cstr, "lift");
[6.431s]       |     [01;31m[K^~[m[K
[6.431s]       |     [32m[Krclcpp::ok[m[K
[6.431s] In file included from [01m[K/opt/ros/humble/include/rclcpp/rclcpp/logging.hpp:25[m[K,
[6.431s]                  from [01m[K/opt/ros/humble/include/rclcpp/rclcpp/client.hpp:40[m[K,
[6.431s]                  from [01m[K/opt/ros/humble/include/rclcpp/rclcpp/callback_group.hpp:24[m[K,
[6.431s]                  from [01m[K/opt/ros/humble/include/rclcpp/rclcpp/any_executable.hpp:20[m[K,
[6.431s]                  from [01m[K/opt/ros/humble/include/rclcpp/rclcpp/memory_strategy.hpp:25[m[K,
[6.431s]                  from [01m[K/opt/ros/humble/include/rclcpp/rclcpp/memory_strategies.hpp:18[m[K,
[6.431s]                  from [01m[K/opt/ros/humble/include/rclcpp/rclcpp/executor_options.hpp:20[m[K,
[6.431s]                  from [01m[K/opt/ros/humble/include/rclcpp/rclcpp/executor.hpp:37[m[K,
[6.431s]                  from [01m[K/opt/ros/humble/include/rclcpp/rclcpp/executors/multi_threaded_executor.hpp:25[m[K,
[6.431s]                  from [01m[K/opt/ros/humble/include/rclcpp/rclcpp/executors.hpp:21[m[K,
[6.432s]                  from [01m[K/opt/ros/humble/include/rclcpp/rclcpp/rclcpp.hpp:155[m[K,
[6.432s]                  from [01m[K/home/mtrn/MTRN4231_Project/src/arm_controller/src/arm_controller_node.cpp:6[m[K:
[6.432s] [01m[K/opt/ros/humble/include/rclcpp/rclcpp/utilities.hpp:176:1:[m[K [01;36m[Knote: [m[K‘[01m[Krclcpp::ok[m[K’ declared here
[6.432s]   176 | [01;36m[Kok[m[K(rclcpp::Context::SharedPtr context = nullptr);
[6.432s]       | [01;36m[K^~[m[K
[6.432s] [01m[K/home/mtrn/MTRN4231_Project/src/arm_controller/src/arm_controller_node.cpp:146:12:[m[K [01;35m[Kwarning: [m[Kunused variable ‘[01m[Kok[m[K’ [[01;35m[K]8;;https://gcc.gnu.org/onlinedocs/gcc/Warning-Options.html#index-Wunused-variable-Wunused-variable]8;;[m[K]
[6.432s]   146 |       bool [01;35m[Kok[m[K = plan_and_execute_to_pose(approach, cstr, "approach");
[6.432s]       |            [01;35m[K^~[m[K
[10.231s] gmake[2]: *** [CMakeFiles/arm_controller_node.dir/build.make:76: CMakeFiles/arm_controller_node.dir/src/arm_controller_node.cpp.o] Error 1
[10.231s] gmake[1]: *** [CMakeFiles/Makefile2:139: CMakeFiles/arm_controller_node.dir/all] Error 2
[10.232s] gmake: *** [Makefile:146: all] Error 2
[10.239s] Invoked command in '/home/mtrn/MTRN4231_Project/build/arm_controller' returned '2': CMAKE_PREFIX_PATH=/home/mtrn/MTRN4231_Project/install/custom_interfaces:/home/mtrn/MTRN4231_Project/install/ur5e_moveit_config_custom:/home/mtrn/MTRN4231_Project/install/ur5e_custom_description:/home/mtrn/MTRN4231_Project/install/end_effector_description:/home/mtrn/MTRN4231_Project/install/arm_controller:/opt/ros/humble /home/mtrn/.local/bin/cmake --build /home/mtrn/MTRN4231_Project/build/arm_controller -- -j20 -l20
