[0.009s] Invoking command in '/home/dev/Desktop/MTRN4231_Project/build/arm_controller': AMENT_PREFIX_PATH=/home/dev/Desktop/MTRN4231_Project/install/custom_interfaces:${AMENT_PREFIX_PATH} CMAKE_PREFIX_PATH=/home/dev/Desktop/MTRN4231_Project/install/custom_interfaces:/opt/ros/humble LD_LIBRARY_PATH=/home/dev/Desktop/MTRN4231_Project/install/custom_interfaces/lib:${LD_LIBRARY_PATH} PYTHONPATH=/home/dev/Desktop/MTRN4231_Project/install/custom_interfaces/local/lib/python3.10/dist-packages:${PYTHONPATH} /usr/bin/cmake --build /home/dev/Desktop/MTRN4231_Project/build/arm_controller -- -j12 -l12
[0.074s] [ 50%] Built target arm_controller_node
[0.076s] [100%] Built target moveit_constrain_ur
[0.087s] Invoked command in '/home/dev/Desktop/MTRN4231_Project/build/arm_controller' returned '0': AMENT_PREFIX_PATH=/home/dev/Desktop/MTRN4231_Project/install/custom_interfaces:${AMENT_PREFIX_PATH} CMAKE_PREFIX_PATH=/home/dev/Desktop/MTRN4231_Project/install/custom_interfaces:/opt/ros/humble LD_LIBRARY_PATH=/home/dev/Desktop/MTRN4231_Project/install/custom_interfaces/lib:${LD_LIBRARY_PATH} PYTHONPATH=/home/dev/Desktop/MTRN4231_Project/install/custom_interfaces/local/lib/python3.10/dist-packages:${PYTHONPATH} /usr/bin/cmake --build /home/dev/Desktop/MTRN4231_Project/build/arm_controller -- -j12 -l12
[0.088s] Invoking command in '/home/dev/Desktop/MTRN4231_Project/build/arm_controller': AMENT_PREFIX_PATH=/home/dev/Desktop/MTRN4231_Project/install/custom_interfaces:${AMENT_PREFIX_PATH} CMAKE_PREFIX_PATH=/home/dev/Desktop/MTRN4231_Project/install/custom_interfaces:/opt/ros/humble LD_LIBRARY_PATH=/home/dev/Desktop/MTRN4231_Project/install/custom_interfaces/lib:${LD_LIBRARY_PATH} PYTHONPATH=/home/dev/Desktop/MTRN4231_Project/install/custom_interfaces/local/lib/python3.10/dist-packages:${PYTHONPATH} /usr/bin/cmake --install /home/dev/Desktop/MTRN4231_Project/build/arm_controller
[0.096s] -- Install configuration: ""
[0.096s] -- Up-to-date: /home/dev/Desktop/MTRN4231_Project/install/arm_controller/lib/arm_controller/arm_controller_node
[0.096s] -- Up-to-date: /home/dev/Desktop/MTRN4231_Project/install/arm_controller/share/arm_controller/launch
[0.096s] -- Up-to-date: /home/dev/Desktop/MTRN4231_Project/install/arm_controller/share/arm_controller/launch/arm_controller.launch.py
[0.096s] -- Up-to-date: /home/dev/Desktop/MTRN4231_Project/install/arm_controller/share/arm_controller/launch/view_combined.launch.py
[0.096s] -- Up-to-date: /home/dev/Desktop/MTRN4231_Project/install/arm_controller/share/arm_controller/urdf
[0.096s] -- Up-to-date: /home/dev/Desktop/MTRN4231_Project/install/arm_controller/share/arm_controller/urdf/ur5e_with_tool.urdf.xacro
[0.096s] -- Up-to-date: /home/dev/Desktop/MTRN4231_Project/install/arm_controller/share/ament_index/resource_index/package_run_dependencies/arm_controller
[0.096s] -- Up-to-date: /home/dev/Desktop/MTRN4231_Project/install/arm_controller/share/ament_index/resource_index/parent_prefix_path/arm_controller
[0.096s] -- Up-to-date: /home/dev/Desktop/MTRN4231_Project/install/arm_controller/share/arm_controller/environment/ament_prefix_path.sh
[0.097s] -- Up-to-date: /home/dev/Desktop/MTRN4231_Project/install/arm_controller/share/arm_controller/environment/ament_prefix_path.dsv
[0.097s] -- Up-to-date: /home/dev/Desktop/MTRN4231_Project/install/arm_controller/share/arm_controller/environment/path.sh
[0.097s] -- Up-to-date: /home/dev/Desktop/MTRN4231_Project/install/arm_controller/share/arm_controller/environment/path.dsv
[0.097s] -- Up-to-date: /home/dev/Desktop/MTRN4231_Project/install/arm_controller/share/arm_controller/local_setup.bash
[0.097s] -- Up-to-date: /home/dev/Desktop/MTRN4231_Project/install/arm_controller/share/arm_controller/local_setup.sh
[0.097s] -- Up-to-date: /home/dev/Desktop/MTRN4231_Project/install/arm_controller/share/arm_controller/local_setup.zsh
[0.097s] -- Up-to-date: /home/dev/Desktop/MTRN4231_Project/install/arm_controller/share/arm_controller/local_setup.dsv
[0.097s] -- Installing: /home/dev/Desktop/MTRN4231_Project/install/arm_controller/share/arm_controller/package.dsv
[0.097s] -- Up-to-date: /home/dev/Desktop/MTRN4231_Project/install/arm_controller/share/ament_index/resource_index/packages/arm_controller
[0.097s] -- Up-to-date: /home/dev/Desktop/MTRN4231_Project/install/arm_controller/share/arm_controller/cmake/arm_controllerConfig.cmake
[0.097s] -- Up-to-date: /home/dev/Desktop/MTRN4231_Project/install/arm_controller/share/arm_controller/cmake/arm_controllerConfig-version.cmake
[0.097s] -- Up-to-date: /home/dev/Desktop/MTRN4231_Project/install/arm_controller/share/arm_controller/package.xml
[0.098s] Invoked command in '/home/dev/Desktop/MTRN4231_Project/build/arm_controller' returned '0': AMENT_PREFIX_PATH=/home/dev/Desktop/MTRN4231_Project/install/custom_interfaces:${AMENT_PREFIX_PATH} CMAKE_PREFIX_PATH=/home/dev/Desktop/MTRN4231_Project/install/custom_interfaces:/opt/ros/humble LD_LIBRARY_PATH=/home/dev/Desktop/MTRN4231_Project/install/custom_interfaces/lib:${LD_LIBRARY_PATH} PYTHONPATH=/home/dev/Desktop/MTRN4231_Project/install/custom_interfaces/local/lib/python3.10/dist-packages:${PYTHONPATH} /usr/bin/cmake --install /home/dev/Desktop/MTRN4231_Project/build/arm_controller
