[0.161s] DEBUG:colcon:Command line arguments: ['/usr/bin/colcon', 'build']
[0.161s] DEBUG:colcon:Parsed command line arguments: Namespace(log_base=None, log_level=None, verb_name='build', build_base='build', install_base='install', merge_install=False, symlink_install=False, test_result_base=None, continue_on_error=False, executor='parallel', parallel_workers=12, event_handlers=None, ignore_user_meta=False, metas=['./colcon.meta'], base_paths=['.'], packages_ignore=None, packages_ignore_regex=None, paths=None, packages_up_to=None, packages_up_to_regex=None, packages_above=None, packages_above_and_dependencies=None, packages_above_depth=None, packages_select_by_dep=None, packages_skip_by_dep=None, packages_skip_up_to=None, packages_select_build_failed=False, packages_skip_build_finished=False, packages_select_test_failures=False, packages_skip_test_passed=False, packages_select=None, packages_skip=None, packages_select_regex=None, packages_skip_regex=None, packages_start=None, packages_end=None, allow_overriding=[], cmake_args=None, cmake_target=None, cmake_target_skip_unavailable=False, cmake_clean_cache=False, cmake_clean_first=False, cmake_force_configure=False, ament_cmake_args=None, catkin_cmake_args=None, catkin_skip_building_tests=False, mixin_files=None, mixin=None, verb_parser=<colcon_mixin.mixin.mixin_argument.MixinArgumentDecorator object at 0x7a87cfa53e80>, verb_extension=<colcon_core.verb.build.BuildVerb object at 0x7a87cfa537f0>, main=<bound method BuildVerb.main of <colcon_core.verb.build.BuildVerb object at 0x7a87cfa537f0>>, mixin_verb=('build',))
[0.198s] Level 1:colcon.colcon_core.package_discovery:discover_packages(colcon_meta) check parameters
[0.198s] Level 1:colcon.colcon_core.package_discovery:discover_packages(recursive) check parameters
[0.198s] Level 1:colcon.colcon_core.package_discovery:discover_packages(ignore) check parameters
[0.198s] Level 1:colcon.colcon_core.package_discovery:discover_packages(path) check parameters
[0.198s] Level 1:colcon.colcon_core.package_discovery:discover_packages(colcon_meta) discover
[0.198s] Level 1:colcon.colcon_core.package_discovery:discover_packages(recursive) discover
[0.198s] INFO:colcon.colcon_core.package_discovery:Crawling recursively for packages in '/home/mtrn/MTRN4231_project'
[0.198s] Level 1:colcon.colcon_core.package_identification:_identify(.) by extensions ['ignore', 'ignore_ament_install']
[0.199s] Level 1:colcon.colcon_core.package_identification:_identify(.) by extension 'ignore'
[0.199s] Level 1:colcon.colcon_core.package_identification:_identify(.) by extension 'ignore_ament_install'
[0.199s] Level 1:colcon.colcon_core.package_identification:_identify(.) by extensions ['colcon_pkg']
[0.199s] Level 1:colcon.colcon_core.package_identification:_identify(.) by extension 'colcon_pkg'
[0.199s] Level 1:colcon.colcon_core.package_identification:_identify(.) by extensions ['colcon_meta']
[0.199s] Level 1:colcon.colcon_core.package_identification:_identify(.) by extension 'colcon_meta'
[0.199s] Level 1:colcon.colcon_core.package_identification:_identify(.) by extensions ['ros']
[0.199s] Level 1:colcon.colcon_core.package_identification:_identify(.) by extension 'ros'
[0.213s] Level 1:colcon.colcon_core.package_identification:_identify(.) by extensions ['cmake', 'python']
[0.213s] Level 1:colcon.colcon_core.package_identification:_identify(.) by extension 'cmake'
[0.213s] Level 1:colcon.colcon_core.package_identification:_identify(.) by extension 'python'
[0.213s] Level 1:colcon.colcon_core.package_identification:_identify(.) by extensions ['python_setup_py']
[0.213s] Level 1:colcon.colcon_core.package_identification:_identify(.) by extension 'python_setup_py'
[0.213s] Level 1:colcon.colcon_core.package_identification:_identify(build) by extensions ['ignore', 'ignore_ament_install']
[0.213s] Level 1:colcon.colcon_core.package_identification:_identify(build) by extension 'ignore'
[0.213s] Level 1:colcon.colcon_core.package_identification:_identify(build) ignored
[0.213s] Level 1:colcon.colcon_core.package_identification:_identify(install) by extensions ['ignore', 'ignore_ament_install']
[0.213s] Level 1:colcon.colcon_core.package_identification:_identify(install) by extension 'ignore'
[0.213s] Level 1:colcon.colcon_core.package_identification:_identify(install) ignored
[0.213s] Level 1:colcon.colcon_core.package_identification:_identify(log) by extensions ['ignore', 'ignore_ament_install']
[0.214s] Level 1:colcon.colcon_core.package_identification:_identify(log) by extension 'ignore'
[0.214s] Level 1:colcon.colcon_core.package_identification:_identify(log) ignored
[0.214s] Level 1:colcon.colcon_core.package_identification:_identify(src) by extensions ['ignore', 'ignore_ament_install']
[0.214s] Level 1:colcon.colcon_core.package_identification:_identify(src) by extension 'ignore'
[0.214s] Level 1:colcon.colcon_core.package_identification:_identify(src) by extension 'ignore_ament_install'
[0.214s] Level 1:colcon.colcon_core.package_identification:_identify(src) by extensions ['colcon_pkg']
[0.214s] Level 1:colcon.colcon_core.package_identification:_identify(src) by extension 'colcon_pkg'
[0.214s] Level 1:colcon.colcon_core.package_identification:_identify(src) by extensions ['colcon_meta']
[0.214s] Level 1:colcon.colcon_core.package_identification:_identify(src) by extension 'colcon_meta'
[0.214s] Level 1:colcon.colcon_core.package_identification:_identify(src) by extensions ['ros']
[0.214s] Level 1:colcon.colcon_core.package_identification:_identify(src) by extension 'ros'
[0.214s] Level 1:colcon.colcon_core.package_identification:_identify(src) by extensions ['cmake', 'python']
[0.214s] Level 1:colcon.colcon_core.package_identification:_identify(src) by extension 'cmake'
[0.214s] Level 1:colcon.colcon_core.package_identification:_identify(src) by extension 'python'
[0.214s] Level 1:colcon.colcon_core.package_identification:_identify(src) by extensions ['python_setup_py']
[0.214s] Level 1:colcon.colcon_core.package_identification:_identify(src) by extension 'python_setup_py'
[0.214s] Level 1:colcon.colcon_core.package_identification:_identify(src/arm_controller) by extensions ['ignore', 'ignore_ament_install']
[0.214s] Level 1:colcon.colcon_core.package_identification:_identify(src/arm_controller) by extension 'ignore'
[0.214s] Level 1:colcon.colcon_core.package_identification:_identify(src/arm_controller) by extension 'ignore_ament_install'
[0.214s] Level 1:colcon.colcon_core.package_identification:_identify(src/arm_controller) by extensions ['colcon_pkg']
[0.214s] Level 1:colcon.colcon_core.package_identification:_identify(src/arm_controller) by extension 'colcon_pkg'
[0.214s] Level 1:colcon.colcon_core.package_identification:_identify(src/arm_controller) by extensions ['colcon_meta']
[0.214s] Level 1:colcon.colcon_core.package_identification:_identify(src/arm_controller) by extension 'colcon_meta'
[0.214s] Level 1:colcon.colcon_core.package_identification:_identify(src/arm_controller) by extensions ['ros']
[0.214s] Level 1:colcon.colcon_core.package_identification:_identify(src/arm_controller) by extension 'ros'
[0.217s] DEBUG:colcon.colcon_core.package_identification:Package 'src/arm_controller' with type 'ros.ament_cmake' and name 'arm_controller'
[0.217s] Level 1:colcon.colcon_core.package_identification:_identify(src/custom_interfaces) by extensions ['ignore', 'ignore_ament_install']
[0.218s] Level 1:colcon.colcon_core.package_identification:_identify(src/custom_interfaces) by extension 'ignore'
[0.218s] Level 1:colcon.colcon_core.package_identification:_identify(src/custom_interfaces) by extension 'ignore_ament_install'
[0.218s] Level 1:colcon.colcon_core.package_identification:_identify(src/custom_interfaces) by extensions ['colcon_pkg']
[0.218s] Level 1:colcon.colcon_core.package_identification:_identify(src/custom_interfaces) by extension 'colcon_pkg'
[0.218s] Level 1:colcon.colcon_core.package_identification:_identify(src/custom_interfaces) by extensions ['colcon_meta']
[0.218s] Level 1:colcon.colcon_core.package_identification:_identify(src/custom_interfaces) by extension 'colcon_meta'
[0.218s] Level 1:colcon.colcon_core.package_identification:_identify(src/custom_interfaces) by extensions ['ros']
[0.218s] Level 1:colcon.colcon_core.package_identification:_identify(src/custom_interfaces) by extension 'ros'
[0.218s] DEBUG:colcon.colcon_core.package_identification:Package 'src/custom_interfaces' with type 'ros.ament_cmake' and name 'custom_interfaces'
[0.219s] Level 1:colcon.colcon_core.package_identification:_identify(src/end_effector_description) by extensions ['ignore', 'ignore_ament_install']
[0.219s] Level 1:colcon.colcon_core.package_identification:_identify(src/end_effector_description) by extension 'ignore'
[0.219s] Level 1:colcon.colcon_core.package_identification:_identify(src/end_effector_description) by extension 'ignore_ament_install'
[0.219s] Level 1:colcon.colcon_core.package_identification:_identify(src/end_effector_description) by extensions ['colcon_pkg']
[0.219s] Level 1:colcon.colcon_core.package_identification:_identify(src/end_effector_description) by extension 'colcon_pkg'
[0.219s] Level 1:colcon.colcon_core.package_identification:_identify(src/end_effector_description) by extensions ['colcon_meta']
[0.219s] Level 1:colcon.colcon_core.package_identification:_identify(src/end_effector_description) by extension 'colcon_meta'
[0.219s] Level 1:colcon.colcon_core.package_identification:_identify(src/end_effector_description) by extensions ['ros']
[0.219s] Level 1:colcon.colcon_core.package_identification:_identify(src/end_effector_description) by extension 'ros'
[0.219s] DEBUG:colcon.colcon_core.package_identification:Package 'src/end_effector_description' with type 'ros.ament_cmake' and name 'end_effector_description'
[0.219s] Level 1:colcon.colcon_core.package_identification:_identify(src/move_to_marker) by extensions ['ignore', 'ignore_ament_install']
[0.220s] Level 1:colcon.colcon_core.package_identification:_identify(src/move_to_marker) by extension 'ignore'
[0.220s] Level 1:colcon.colcon_core.package_identification:_identify(src/move_to_marker) by extension 'ignore_ament_install'
[0.220s] Level 1:colcon.colcon_core.package_identification:_identify(src/move_to_marker) by extensions ['colcon_pkg']
[0.220s] Level 1:colcon.colcon_core.package_identification:_identify(src/move_to_marker) by extension 'colcon_pkg'
[0.220s] Level 1:colcon.colcon_core.package_identification:_identify(src/move_to_marker) by extensions ['colcon_meta']
[0.220s] Level 1:colcon.colcon_core.package_identification:_identify(src/move_to_marker) by extension 'colcon_meta'
[0.220s] Level 1:colcon.colcon_core.package_identification:_identify(src/move_to_marker) by extensions ['ros']
[0.220s] Level 1:colcon.colcon_core.package_identification:_identify(src/move_to_marker) by extension 'ros'
[0.220s] DEBUG:colcon.colcon_core.package_identification:Package 'src/move_to_marker' with type 'ros.ament_cmake' and name 'move_to_marker'
[0.221s] Level 1:colcon.colcon_core.package_identification:_identify(src/ur5e_custom_description) by extensions ['ignore', 'ignore_ament_install']
[0.221s] Level 1:colcon.colcon_core.package_identification:_identify(src/ur5e_custom_description) by extension 'ignore'
[0.221s] Level 1:colcon.colcon_core.package_identification:_identify(src/ur5e_custom_description) by extension 'ignore_ament_install'
[0.221s] Level 1:colcon.colcon_core.package_identification:_identify(src/ur5e_custom_description) by extensions ['colcon_pkg']
[0.221s] Level 1:colcon.colcon_core.package_identification:_identify(src/ur5e_custom_description) by extension 'colcon_pkg'
[0.221s] Level 1:colcon.colcon_core.package_identification:_identify(src/ur5e_custom_description) by extensions ['colcon_meta']
[0.221s] Level 1:colcon.colcon_core.package_identification:_identify(src/ur5e_custom_description) by extension 'colcon_meta'
[0.221s] Level 1:colcon.colcon_core.package_identification:_identify(src/ur5e_custom_description) by extensions ['ros']
[0.221s] Level 1:colcon.colcon_core.package_identification:_identify(src/ur5e_custom_description) by extension 'ros'
[0.221s] DEBUG:colcon.colcon_core.package_identification:Package 'src/ur5e_custom_description' with type 'ros.ament_cmake' and name 'ur5e_custom_description'
[0.222s] Level 1:colcon.colcon_core.package_discovery:discover_packages(recursive) using defaults
[0.222s] Level 1:colcon.colcon_core.package_discovery:discover_packages(ignore) discover
[0.222s] Level 1:colcon.colcon_core.package_discovery:discover_packages(ignore) using defaults
[0.222s] Level 1:colcon.colcon_core.package_discovery:discover_packages(path) discover
[0.222s] Level 1:colcon.colcon_core.package_discovery:discover_packages(path) using defaults
[0.243s] Level 1:colcon.colcon_core.package_discovery:discover_packages(prefix_path) check parameters
[0.243s] Level 1:colcon.colcon_core.package_discovery:discover_packages(prefix_path) discover
[0.246s] DEBUG:colcon.colcon_installed_package_information.package_discovery:Found 5 installed packages in /home/mtrn/MTRN4231_project/install
[0.247s] DEBUG:colcon.colcon_installed_package_information.package_discovery:Found 354 installed packages in /opt/ros/humble
[0.249s] Level 1:colcon.colcon_core.package_discovery:discover_packages(prefix_path) using defaults
[0.291s] Level 5:colcon.colcon_core.verb:set package 'custom_interfaces' build argument 'cmake_args' from command line to 'None'
[0.291s] Level 5:colcon.colcon_core.verb:set package 'custom_interfaces' build argument 'cmake_target' from command line to 'None'
[0.291s] Level 5:colcon.colcon_core.verb:set package 'custom_interfaces' build argument 'cmake_target_skip_unavailable' from command line to 'False'
[0.291s] Level 5:colcon.colcon_core.verb:set package 'custom_interfaces' build argument 'cmake_clean_cache' from command line to 'False'
[0.291s] Level 5:colcon.colcon_core.verb:set package 'custom_interfaces' build argument 'cmake_clean_first' from command line to 'False'
[0.291s] Level 5:colcon.colcon_core.verb:set package 'custom_interfaces' build argument 'cmake_force_configure' from command line to 'False'
[0.291s] Level 5:colcon.colcon_core.verb:set package 'custom_interfaces' build argument 'ament_cmake_args' from command line to 'None'
[0.291s] Level 5:colcon.colcon_core.verb:set package 'custom_interfaces' build argument 'catkin_cmake_args' from command line to 'None'
[0.291s] Level 5:colcon.colcon_core.verb:set package 'custom_interfaces' build argument 'catkin_skip_building_tests' from command line to 'False'
[0.291s] DEBUG:colcon.colcon_core.verb:Building package 'custom_interfaces' with the following arguments: {'ament_cmake_args': None, 'build_base': '/home/mtrn/MTRN4231_project/build/custom_interfaces', 'catkin_cmake_args': None, 'catkin_skip_building_tests': False, 'cmake_args': None, 'cmake_clean_cache': False, 'cmake_clean_first': False, 'cmake_force_configure': False, 'cmake_target': None, 'cmake_target_skip_unavailable': False, 'install_base': '/home/mtrn/MTRN4231_project/install/custom_interfaces', 'merge_install': False, 'path': '/home/mtrn/MTRN4231_project/src/custom_interfaces', 'symlink_install': False, 'test_result_base': None}
[0.291s] Level 5:colcon.colcon_core.verb:set package 'end_effector_description' build argument 'cmake_args' from command line to 'None'
[0.291s] Level 5:colcon.colcon_core.verb:set package 'end_effector_description' build argument 'cmake_target' from command line to 'None'
[0.291s] Level 5:colcon.colcon_core.verb:set package 'end_effector_description' build argument 'cmake_target_skip_unavailable' from command line to 'False'
[0.291s] Level 5:colcon.colcon_core.verb:set package 'end_effector_description' build argument 'cmake_clean_cache' from command line to 'False'
[0.291s] Level 5:colcon.colcon_core.verb:set package 'end_effector_description' build argument 'cmake_clean_first' from command line to 'False'
[0.291s] Level 5:colcon.colcon_core.verb:set package 'end_effector_description' build argument 'cmake_force_configure' from command line to 'False'
[0.291s] Level 5:colcon.colcon_core.verb:set package 'end_effector_description' build argument 'ament_cmake_args' from command line to 'None'
[0.292s] Level 5:colcon.colcon_core.verb:set package 'end_effector_description' build argument 'catkin_cmake_args' from command line to 'None'
[0.292s] Level 5:colcon.colcon_core.verb:set package 'end_effector_description' build argument 'catkin_skip_building_tests' from command line to 'False'
[0.292s] DEBUG:colcon.colcon_core.verb:Building package 'end_effector_description' with the following arguments: {'ament_cmake_args': None, 'build_base': '/home/mtrn/MTRN4231_project/build/end_effector_description', 'catkin_cmake_args': None, 'catkin_skip_building_tests': False, 'cmake_args': None, 'cmake_clean_cache': False, 'cmake_clean_first': False, 'cmake_force_configure': False, 'cmake_target': None, 'cmake_target_skip_unavailable': False, 'install_base': '/home/mtrn/MTRN4231_project/install/end_effector_description', 'merge_install': False, 'path': '/home/mtrn/MTRN4231_project/src/end_effector_description', 'symlink_install': False, 'test_result_base': None}
[0.292s] Level 5:colcon.colcon_core.verb:set package 'move_to_marker' build argument 'cmake_args' from command line to 'None'
[0.292s] Level 5:colcon.colcon_core.verb:set package 'move_to_marker' build argument 'cmake_target' from command line to 'None'
[0.292s] Level 5:colcon.colcon_core.verb:set package 'move_to_marker' build argument 'cmake_target_skip_unavailable' from command line to 'False'
[0.292s] Level 5:colcon.colcon_core.verb:set package 'move_to_marker' build argument 'cmake_clean_cache' from command line to 'False'
[0.292s] Level 5:colcon.colcon_core.verb:set package 'move_to_marker' build argument 'cmake_clean_first' from command line to 'False'
[0.292s] Level 5:colcon.colcon_core.verb:set package 'move_to_marker' build argument 'cmake_force_configure' from command line to 'False'
[0.292s] Level 5:colcon.colcon_core.verb:set package 'move_to_marker' build argument 'ament_cmake_args' from command line to 'None'
[0.292s] Level 5:colcon.colcon_core.verb:set package 'move_to_marker' build argument 'catkin_cmake_args' from command line to 'None'
[0.292s] Level 5:colcon.colcon_core.verb:set package 'move_to_marker' build argument 'catkin_skip_building_tests' from command line to 'False'
[0.292s] DEBUG:colcon.colcon_core.verb:Building package 'move_to_marker' with the following arguments: {'ament_cmake_args': None, 'build_base': '/home/mtrn/MTRN4231_project/build/move_to_marker', 'catkin_cmake_args': None, 'catkin_skip_building_tests': False, 'cmake_args': None, 'cmake_clean_cache': False, 'cmake_clean_first': False, 'cmake_force_configure': False, 'cmake_target': None, 'cmake_target_skip_unavailable': False, 'install_base': '/home/mtrn/MTRN4231_project/install/move_to_marker', 'merge_install': False, 'path': '/home/mtrn/MTRN4231_project/src/move_to_marker', 'symlink_install': False, 'test_result_base': None}
[0.292s] Level 5:colcon.colcon_core.verb:set package 'arm_controller' build argument 'cmake_args' from command line to 'None'
[0.292s] Level 5:colcon.colcon_core.verb:set package 'arm_controller' build argument 'cmake_target' from command line to 'None'
[0.292s] Level 5:colcon.colcon_core.verb:set package 'arm_controller' build argument 'cmake_target_skip_unavailable' from command line to 'False'
[0.292s] Level 5:colcon.colcon_core.verb:set package 'arm_controller' build argument 'cmake_clean_cache' from command line to 'False'
[0.292s] Level 5:colcon.colcon_core.verb:set package 'arm_controller' build argument 'cmake_clean_first' from command line to 'False'
[0.292s] Level 5:colcon.colcon_core.verb:set package 'arm_controller' build argument 'cmake_force_configure' from command line to 'False'
[0.292s] Level 5:colcon.colcon_core.verb:set package 'arm_controller' build argument 'ament_cmake_args' from command line to 'None'
[0.292s] Level 5:colcon.colcon_core.verb:set package 'arm_controller' build argument 'catkin_cmake_args' from command line to 'None'
[0.293s] Level 5:colcon.colcon_core.verb:set package 'arm_controller' build argument 'catkin_skip_building_tests' from command line to 'False'
[0.293s] DEBUG:colcon.colcon_core.verb:Building package 'arm_controller' with the following arguments: {'ament_cmake_args': None, 'build_base': '/home/mtrn/MTRN4231_project/build/arm_controller', 'catkin_cmake_args': None, 'catkin_skip_building_tests': False, 'cmake_args': None, 'cmake_clean_cache': False, 'cmake_clean_first': False, 'cmake_force_configure': False, 'cmake_target': None, 'cmake_target_skip_unavailable': False, 'install_base': '/home/mtrn/MTRN4231_project/install/arm_controller', 'merge_install': False, 'path': '/home/mtrn/MTRN4231_project/src/arm_controller', 'symlink_install': False, 'test_result_base': None}
[0.293s] Level 5:colcon.colcon_core.verb:set package 'ur5e_custom_description' build argument 'cmake_args' from command line to 'None'
[0.293s] Level 5:colcon.colcon_core.verb:set package 'ur5e_custom_description' build argument 'cmake_target' from command line to 'None'
[0.293s] Level 5:colcon.colcon_core.verb:set package 'ur5e_custom_description' build argument 'cmake_target_skip_unavailable' from command line to 'False'
[0.293s] Level 5:colcon.colcon_core.verb:set package 'ur5e_custom_description' build argument 'cmake_clean_cache' from command line to 'False'
[0.293s] Level 5:colcon.colcon_core.verb:set package 'ur5e_custom_description' build argument 'cmake_clean_first' from command line to 'False'
[0.293s] Level 5:colcon.colcon_core.verb:set package 'ur5e_custom_description' build argument 'cmake_force_configure' from command line to 'False'
[0.293s] Level 5:colcon.colcon_core.verb:set package 'ur5e_custom_description' build argument 'ament_cmake_args' from command line to 'None'
[0.293s] Level 5:colcon.colcon_core.verb:set package 'ur5e_custom_description' build argument 'catkin_cmake_args' from command line to 'None'
[0.293s] Level 5:colcon.colcon_core.verb:set package 'ur5e_custom_description' build argument 'catkin_skip_building_tests' from command line to 'False'
[0.293s] DEBUG:colcon.colcon_core.verb:Building package 'ur5e_custom_description' with the following arguments: {'ament_cmake_args': None, 'build_base': '/home/mtrn/MTRN4231_project/build/ur5e_custom_description', 'catkin_cmake_args': None, 'catkin_skip_building_tests': False, 'cmake_args': None, 'cmake_clean_cache': False, 'cmake_clean_first': False, 'cmake_force_configure': False, 'cmake_target': None, 'cmake_target_skip_unavailable': False, 'install_base': '/home/mtrn/MTRN4231_project/install/ur5e_custom_description', 'merge_install': False, 'path': '/home/mtrn/MTRN4231_project/src/ur5e_custom_description', 'symlink_install': False, 'test_result_base': None}
[0.293s] INFO:colcon.colcon_core.executor:Executing jobs using 'parallel' executor
[0.294s] DEBUG:colcon.colcon_parallel_executor.executor.parallel:run_until_complete
[0.294s] INFO:colcon.colcon_ros.task.ament_cmake.build:Building ROS package in '/home/mtrn/MTRN4231_project/src/custom_interfaces' with build type 'ament_cmake'
[0.295s] INFO:colcon.colcon_cmake.task.cmake.build:Building CMake package in '/home/mtrn/MTRN4231_project/src/custom_interfaces'
[0.297s] INFO:colcon.colcon_core.plugin_system:Skipping extension 'colcon_core.shell.bat': Not used on non-Windows systems
[0.298s] INFO:colcon.colcon_core.shell:Skip shell extension 'powershell' for command environment: Not usable outside of PowerShell
[0.298s] DEBUG:colcon.colcon_core.shell:Skip shell extension 'dsv' for command environment
[0.304s] INFO:colcon.colcon_ros.task.ament_cmake.build:Building ROS package in '/home/mtrn/MTRN4231_project/src/end_effector_description' with build type 'ament_cmake'
[0.304s] INFO:colcon.colcon_cmake.task.cmake.build:Building CMake package in '/home/mtrn/MTRN4231_project/src/end_effector_description'
[0.305s] INFO:colcon.colcon_core.shell:Skip shell extension 'powershell' for command environment: Not usable outside of PowerShell
[0.305s] DEBUG:colcon.colcon_core.shell:Skip shell extension 'dsv' for command environment
[0.310s] INFO:colcon.colcon_ros.task.ament_cmake.build:Building ROS package in '/home/mtrn/MTRN4231_project/src/move_to_marker' with build type 'ament_cmake'
[0.311s] INFO:colcon.colcon_cmake.task.cmake.build:Building CMake package in '/home/mtrn/MTRN4231_project/src/move_to_marker'
[0.311s] INFO:colcon.colcon_core.shell:Skip shell extension 'powershell' for command environment: Not usable outside of PowerShell
[0.311s] DEBUG:colcon.colcon_core.shell:Skip shell extension 'dsv' for command environment
[0.334s] DEBUG:colcon.colcon_core.event_handler.log_command:Invoking command in '/home/mtrn/MTRN4231_project/build/custom_interfaces': CMAKE_PREFIX_PATH=${CMAKE_PREFIX_PATH}:/opt/ros/humble /home/mtrn/.local/bin/cmake --build /home/mtrn/MTRN4231_project/build/custom_interfaces -- -j12 -l12
[0.342s] DEBUG:colcon.colcon_core.event_handler.log_command:Invoking command in '/home/mtrn/MTRN4231_project/build/end_effector_description': CMAKE_PREFIX_PATH=${CMAKE_PREFIX_PATH}:/opt/ros/humble /home/mtrn/.local/bin/cmake --build /home/mtrn/MTRN4231_project/build/end_effector_description -- -j12 -l12
[0.350s] DEBUG:colcon.colcon_core.event_handler.log_command:Invoking command in '/home/mtrn/MTRN4231_project/build/move_to_marker': CMAKE_PREFIX_PATH=${CMAKE_PREFIX_PATH}:/opt/ros/humble /home/mtrn/.local/bin/cmake --build /home/mtrn/MTRN4231_project/build/move_to_marker -- -j12 -l12
[0.413s] DEBUG:colcon.colcon_core.event_handler.log_command:Invoked command in '/home/mtrn/MTRN4231_project/build/end_effector_description' returned '0': CMAKE_PREFIX_PATH=${CMAKE_PREFIX_PATH}:/opt/ros/humble /home/mtrn/.local/bin/cmake --build /home/mtrn/MTRN4231_project/build/end_effector_description -- -j12 -l12
[0.464s] DEBUG:colcon.colcon_core.event_handler.log_command:Invoked command in '/home/mtrn/MTRN4231_project/build/move_to_marker' returned '0': CMAKE_PREFIX_PATH=${CMAKE_PREFIX_PATH}:/opt/ros/humble /home/mtrn/.local/bin/cmake --build /home/mtrn/MTRN4231_project/build/move_to_marker -- -j12 -l12
[0.538s] DEBUG:colcon.colcon_core.event_handler.log_command:Invoking command in '/home/mtrn/MTRN4231_project/build/end_effector_description': CMAKE_PREFIX_PATH=${CMAKE_PREFIX_PATH}:/opt/ros/humble /home/mtrn/.local/bin/cmake --install /home/mtrn/MTRN4231_project/build/end_effector_description
[0.544s] DEBUG:colcon.colcon_core.event_handler.log_command:Invoking command in '/home/mtrn/MTRN4231_project/build/move_to_marker': CMAKE_PREFIX_PATH=${CMAKE_PREFIX_PATH}:/opt/ros/humble /home/mtrn/.local/bin/cmake --install /home/mtrn/MTRN4231_project/build/move_to_marker
[0.581s] Level 1:colcon.colcon_core.environment:create_environment_scripts_only(end_effector_description)
[0.583s] DEBUG:colcon.colcon_core.event_handler.log_command:Invoked command in '/home/mtrn/MTRN4231_project/build/end_effector_description' returned '0': CMAKE_PREFIX_PATH=${CMAKE_PREFIX_PATH}:/opt/ros/humble /home/mtrn/.local/bin/cmake --install /home/mtrn/MTRN4231_project/build/end_effector_description
[0.586s] Level 1:colcon.colcon_core.environment:checking '/home/mtrn/MTRN4231_project/install/end_effector_description' for CMake module files
[0.586s] Level 1:colcon.colcon_core.environment:checking '/home/mtrn/MTRN4231_project/install/end_effector_description' for CMake config files
[0.587s] Level 1:colcon.colcon_core.shell:create_environment_hook('end_effector_description', 'cmake_prefix_path')
[0.587s] INFO:colcon.colcon_core.shell:Creating environment hook '/home/mtrn/MTRN4231_project/install/end_effector_description/share/end_effector_description/hook/cmake_prefix_path.ps1'
[0.588s] INFO:colcon.colcon_core.shell:Creating environment descriptor '/home/mtrn/MTRN4231_project/install/end_effector_description/share/end_effector_description/hook/cmake_prefix_path.dsv'
[0.589s] INFO:colcon.colcon_core.shell:Creating environment hook '/home/mtrn/MTRN4231_project/install/end_effector_description/share/end_effector_description/hook/cmake_prefix_path.sh'
[0.589s] Level 1:colcon.colcon_core.environment:checking '/home/mtrn/MTRN4231_project/install/end_effector_description/bin'
[0.590s] Level 1:colcon.colcon_core.environment:checking '/home/mtrn/MTRN4231_project/install/end_effector_description/lib/pkgconfig/end_effector_description.pc'
[0.590s] Level 1:colcon.colcon_core.environment:checking '/home/mtrn/MTRN4231_project/install/end_effector_description/lib/python3.10/site-packages'
[0.590s] Level 1:colcon.colcon_core.environment:checking '/home/mtrn/MTRN4231_project/install/end_effector_description/bin'
[0.591s] INFO:colcon.colcon_core.shell:Creating package script '/home/mtrn/MTRN4231_project/install/end_effector_description/share/end_effector_description/package.ps1'
[0.592s] INFO:colcon.colcon_core.shell:Creating package descriptor '/home/mtrn/MTRN4231_project/install/end_effector_description/share/end_effector_description/package.dsv'
[0.592s] INFO:colcon.colcon_core.shell:Creating package script '/home/mtrn/MTRN4231_project/install/end_effector_description/share/end_effector_description/package.sh'
[0.593s] INFO:colcon.colcon_core.shell:Creating package script '/home/mtrn/MTRN4231_project/install/end_effector_description/share/end_effector_description/package.bash'
[0.594s] INFO:colcon.colcon_core.shell:Creating package script '/home/mtrn/MTRN4231_project/install/end_effector_description/share/end_effector_description/package.zsh'
[0.595s] Level 1:colcon.colcon_core.environment:create_file_with_runtime_dependencies(/home/mtrn/MTRN4231_project/install/end_effector_description/share/colcon-core/packages/end_effector_description)
[0.601s] Level 1:colcon.colcon_core.environment:create_environment_scripts_only(move_to_marker)
[0.602s] Level 1:colcon.colcon_core.environment:checking '/home/mtrn/MTRN4231_project/install/move_to_marker' for CMake module files
[0.603s] Level 1:colcon.colcon_core.environment:checking '/home/mtrn/MTRN4231_project/install/move_to_marker' for CMake config files
[0.603s] Level 1:colcon.colcon_core.shell:create_environment_hook('move_to_marker', 'cmake_prefix_path')
[0.603s] INFO:colcon.colcon_core.shell:Creating environment hook '/home/mtrn/MTRN4231_project/install/move_to_marker/share/move_to_marker/hook/cmake_prefix_path.ps1'
[0.604s] INFO:colcon.colcon_core.shell:Creating environment descriptor '/home/mtrn/MTRN4231_project/install/move_to_marker/share/move_to_marker/hook/cmake_prefix_path.dsv'
[0.608s] DEBUG:colcon.colcon_core.event_handler.log_command:Invoked command in '/home/mtrn/MTRN4231_project/build/move_to_marker' returned '0': CMAKE_PREFIX_PATH=${CMAKE_PREFIX_PATH}:/opt/ros/humble /home/mtrn/.local/bin/cmake --install /home/mtrn/MTRN4231_project/build/move_to_marker
[0.609s] INFO:colcon.colcon_core.shell:Creating environment hook '/home/mtrn/MTRN4231_project/install/move_to_marker/share/move_to_marker/hook/cmake_prefix_path.sh'
[0.609s] Level 1:colcon.colcon_core.environment:checking '/home/mtrn/MTRN4231_project/install/move_to_marker/lib'
[0.610s] Level 1:colcon.colcon_core.environment:checking '/home/mtrn/MTRN4231_project/install/move_to_marker/bin'
[0.610s] Level 1:colcon.colcon_core.environment:checking '/home/mtrn/MTRN4231_project/install/move_to_marker/lib/pkgconfig/move_to_marker.pc'
[0.610s] Level 1:colcon.colcon_core.environment:checking '/home/mtrn/MTRN4231_project/install/move_to_marker/lib/python3.10/site-packages'
[0.610s] Level 1:colcon.colcon_core.environment:checking '/home/mtrn/MTRN4231_project/install/move_to_marker/bin'
[0.611s] INFO:colcon.colcon_core.shell:Creating package script '/home/mtrn/MTRN4231_project/install/move_to_marker/share/move_to_marker/package.ps1'
[0.612s] INFO:colcon.colcon_core.shell:Creating package descriptor '/home/mtrn/MTRN4231_project/install/move_to_marker/share/move_to_marker/package.dsv'
[0.613s] INFO:colcon.colcon_core.shell:Creating package script '/home/mtrn/MTRN4231_project/install/move_to_marker/share/move_to_marker/package.sh'
[0.613s] INFO:colcon.colcon_core.shell:Creating package script '/home/mtrn/MTRN4231_project/install/move_to_marker/share/move_to_marker/package.bash'
[0.614s] INFO:colcon.colcon_core.shell:Creating package script '/home/mtrn/MTRN4231_project/install/move_to_marker/share/move_to_marker/package.zsh'
[0.614s] Level 1:colcon.colcon_core.environment:create_file_with_runtime_dependencies(/home/mtrn/MTRN4231_project/install/move_to_marker/share/colcon-core/packages/move_to_marker)
[0.669s] Level 1:colcon.colcon_core.environment:create_environment_scripts_only(end_effector_description)
[0.670s] Level 1:colcon.colcon_core.environment:checking '/home/mtrn/MTRN4231_project/install/end_effector_description' for CMake module files
[0.671s] Level 1:colcon.colcon_core.environment:checking '/home/mtrn/MTRN4231_project/install/end_effector_description' for CMake config files
[0.672s] Level 1:colcon.colcon_core.shell:create_environment_hook('end_effector_description', 'cmake_prefix_path')
[0.672s] INFO:colcon.colcon_core.shell:Creating environment hook '/home/mtrn/MTRN4231_project/install/end_effector_description/share/end_effector_description/hook/cmake_prefix_path.ps1'
[0.673s] INFO:colcon.colcon_core.shell:Creating environment descriptor '/home/mtrn/MTRN4231_project/install/end_effector_description/share/end_effector_description/hook/cmake_prefix_path.dsv'
[0.674s] INFO:colcon.colcon_core.shell:Creating environment hook '/home/mtrn/MTRN4231_project/install/end_effector_description/share/end_effector_description/hook/cmake_prefix_path.sh'
[0.675s] Level 1:colcon.colcon_core.environment:checking '/home/mtrn/MTRN4231_project/install/end_effector_description/bin'
[0.675s] Level 1:colcon.colcon_core.environment:checking '/home/mtrn/MTRN4231_project/install/end_effector_description/lib/pkgconfig/end_effector_description.pc'
[0.676s] Level 1:colcon.colcon_core.environment:checking '/home/mtrn/MTRN4231_project/install/end_effector_description/lib/python3.10/site-packages'
[0.676s] Level 1:colcon.colcon_core.environment:checking '/home/mtrn/MTRN4231_project/install/end_effector_description/bin'
[0.677s] INFO:colcon.colcon_core.shell:Creating package script '/home/mtrn/MTRN4231_project/install/end_effector_description/share/end_effector_description/package.ps1'
[0.678s] INFO:colcon.colcon_core.shell:Creating package descriptor '/home/mtrn/MTRN4231_project/install/end_effector_description/share/end_effector_description/package.dsv'
[0.679s] INFO:colcon.colcon_core.shell:Creating package script '/home/mtrn/MTRN4231_project/install/end_effector_description/share/end_effector_description/package.sh'
[0.681s] INFO:colcon.colcon_core.shell:Creating package script '/home/mtrn/MTRN4231_project/install/end_effector_description/share/end_effector_description/package.bash'
[0.681s] INFO:colcon.colcon_core.shell:Creating package script '/home/mtrn/MTRN4231_project/install/end_effector_description/share/end_effector_description/package.zsh'
[0.682s] Level 1:colcon.colcon_core.environment:create_file_with_runtime_dependencies(/home/mtrn/MTRN4231_project/install/end_effector_description/share/colcon-core/packages/end_effector_description)
[0.684s] INFO:colcon.colcon_ros.task.ament_cmake.build:Building ROS package in '/home/mtrn/MTRN4231_project/src/ur5e_custom_description' with build type 'ament_cmake'
[0.684s] INFO:colcon.colcon_cmake.task.cmake.build:Building CMake package in '/home/mtrn/MTRN4231_project/src/ur5e_custom_description'
[0.685s] INFO:colcon.colcon_core.shell:Skip shell extension 'powershell' for command environment: Not usable outside of PowerShell
[0.685s] DEBUG:colcon.colcon_core.shell:Skip shell extension 'dsv' for command environment
[0.692s] Level 1:colcon.colcon_core.environment:create_environment_scripts_only(move_to_marker)
[0.692s] Level 1:colcon.colcon_core.environment:checking '/home/mtrn/MTRN4231_project/install/move_to_marker' for CMake module files
[0.693s] Level 1:colcon.colcon_core.environment:checking '/home/mtrn/MTRN4231_project/install/move_to_marker' for CMake config files
[0.693s] Level 1:colcon.colcon_core.shell:create_environment_hook('move_to_marker', 'cmake_prefix_path')
[0.693s] INFO:colcon.colcon_core.shell:Creating environment hook '/home/mtrn/MTRN4231_project/install/move_to_marker/share/move_to_marker/hook/cmake_prefix_path.ps1'
[0.694s] INFO:colcon.colcon_core.shell:Creating environment descriptor '/home/mtrn/MTRN4231_project/install/move_to_marker/share/move_to_marker/hook/cmake_prefix_path.dsv'
[0.695s] INFO:colcon.colcon_core.shell:Creating environment hook '/home/mtrn/MTRN4231_project/install/move_to_marker/share/move_to_marker/hook/cmake_prefix_path.sh'
[0.696s] Level 1:colcon.colcon_core.environment:checking '/home/mtrn/MTRN4231_project/install/move_to_marker/lib'
[0.696s] Level 1:colcon.colcon_core.environment:checking '/home/mtrn/MTRN4231_project/install/move_to_marker/bin'
[0.696s] Level 1:colcon.colcon_core.environment:checking '/home/mtrn/MTRN4231_project/install/move_to_marker/lib/pkgconfig/move_to_marker.pc'
[0.697s] Level 1:colcon.colcon_core.environment:checking '/home/mtrn/MTRN4231_project/install/move_to_marker/lib/python3.10/site-packages'
[0.697s] Level 1:colcon.colcon_core.environment:checking '/home/mtrn/MTRN4231_project/install/move_to_marker/bin'
[0.697s] INFO:colcon.colcon_core.shell:Creating package script '/home/mtrn/MTRN4231_project/install/move_to_marker/share/move_to_marker/package.ps1'
[0.699s] INFO:colcon.colcon_core.shell:Creating package descriptor '/home/mtrn/MTRN4231_project/install/move_to_marker/share/move_to_marker/package.dsv'
[0.700s] INFO:colcon.colcon_core.shell:Creating package script '/home/mtrn/MTRN4231_project/install/move_to_marker/share/move_to_marker/package.sh'
[0.700s] INFO:colcon.colcon_core.shell:Creating package script '/home/mtrn/MTRN4231_project/install/move_to_marker/share/move_to_marker/package.bash'
[0.701s] INFO:colcon.colcon_core.shell:Creating package script '/home/mtrn/MTRN4231_project/install/move_to_marker/share/move_to_marker/package.zsh'
[0.702s] Level 1:colcon.colcon_core.environment:create_file_with_runtime_dependencies(/home/mtrn/MTRN4231_project/install/move_to_marker/share/colcon-core/packages/move_to_marker)
[0.712s] DEBUG:colcon.colcon_core.event_handler.log_command:Invoking command in '/home/mtrn/MTRN4231_project/build/ur5e_custom_description': CMAKE_PREFIX_PATH=/home/mtrn/MTRN4231_project/install/end_effector_description:/home/mtrn/MTRN4231_project/install/ur5e_custom_description:/home/mtrn/MTRN4231_project/install/move_to_marker:/home/mtrn/MTRN4231_project/install/arm_controller:/home/mtrn/MTRN4231_project/install/custom_interfaces:/opt/ros/humble /home/mtrn/.local/bin/cmake --build /home/mtrn/MTRN4231_project/build/ur5e_custom_description -- -j12 -l12
[0.797s] DEBUG:colcon.colcon_core.event_handler.log_command:Invoked command in '/home/mtrn/MTRN4231_project/build/ur5e_custom_description' returned '0': CMAKE_PREFIX_PATH=/home/mtrn/MTRN4231_project/install/end_effector_description:/home/mtrn/MTRN4231_project/install/ur5e_custom_description:/home/mtrn/MTRN4231_project/install/move_to_marker:/home/mtrn/MTRN4231_project/install/arm_controller:/home/mtrn/MTRN4231_project/install/custom_interfaces:/opt/ros/humble /home/mtrn/.local/bin/cmake --build /home/mtrn/MTRN4231_project/build/ur5e_custom_description -- -j12 -l12
[0.866s] DEBUG:colcon.colcon_core.event_handler.log_command:Invoking command in '/home/mtrn/MTRN4231_project/build/ur5e_custom_description': CMAKE_PREFIX_PATH=/home/mtrn/MTRN4231_project/install/end_effector_description:/home/mtrn/MTRN4231_project/install/ur5e_custom_description:/home/mtrn/MTRN4231_project/install/move_to_marker:/home/mtrn/MTRN4231_project/install/arm_controller:/home/mtrn/MTRN4231_project/install/custom_interfaces:/opt/ros/humble /home/mtrn/.local/bin/cmake --install /home/mtrn/MTRN4231_project/build/ur5e_custom_description
[0.920s] Level 1:colcon.colcon_core.environment:create_environment_scripts_only(ur5e_custom_description)
[0.922s] Level 1:colcon.colcon_core.environment:checking '/home/mtrn/MTRN4231_project/install/ur5e_custom_description' for CMake module files
[0.921s] DEBUG:colcon.colcon_core.event_handler.log_command:Invoked command in '/home/mtrn/MTRN4231_project/build/ur5e_custom_description' returned '0': CMAKE_PREFIX_PATH=/home/mtrn/MTRN4231_project/install/end_effector_description:/home/mtrn/MTRN4231_project/install/ur5e_custom_description:/home/mtrn/MTRN4231_project/install/move_to_marker:/home/mtrn/MTRN4231_project/install/arm_controller:/home/mtrn/MTRN4231_project/install/custom_interfaces:/opt/ros/humble /home/mtrn/.local/bin/cmake --install /home/mtrn/MTRN4231_project/build/ur5e_custom_description
[0.925s] Level 1:colcon.colcon_core.environment:checking '/home/mtrn/MTRN4231_project/install/ur5e_custom_description' for CMake config files
[0.925s] Level 1:colcon.colcon_core.shell:create_environment_hook('ur5e_custom_description', 'cmake_prefix_path')
[0.926s] INFO:colcon.colcon_core.shell:Creating environment hook '/home/mtrn/MTRN4231_project/install/ur5e_custom_description/share/ur5e_custom_description/hook/cmake_prefix_path.ps1'
[0.927s] INFO:colcon.colcon_core.shell:Creating environment descriptor '/home/mtrn/MTRN4231_project/install/ur5e_custom_description/share/ur5e_custom_description/hook/cmake_prefix_path.dsv'
[0.928s] INFO:colcon.colcon_core.shell:Creating environment hook '/home/mtrn/MTRN4231_project/install/ur5e_custom_description/share/ur5e_custom_description/hook/cmake_prefix_path.sh'
[0.928s] Level 1:colcon.colcon_core.environment:checking '/home/mtrn/MTRN4231_project/install/ur5e_custom_description/bin'
[0.929s] Level 1:colcon.colcon_core.environment:checking '/home/mtrn/MTRN4231_project/install/ur5e_custom_description/lib/pkgconfig/ur5e_custom_description.pc'
[0.929s] Level 1:colcon.colcon_core.environment:checking '/home/mtrn/MTRN4231_project/install/ur5e_custom_description/lib/python3.10/site-packages'
[0.929s] Level 1:colcon.colcon_core.environment:checking '/home/mtrn/MTRN4231_project/install/ur5e_custom_description/bin'
[0.930s] INFO:colcon.colcon_core.shell:Creating package script '/home/mtrn/MTRN4231_project/install/ur5e_custom_description/share/ur5e_custom_description/package.ps1'
[0.931s] INFO:colcon.colcon_core.shell:Creating package descriptor '/home/mtrn/MTRN4231_project/install/ur5e_custom_description/share/ur5e_custom_description/package.dsv'
[0.931s] INFO:colcon.colcon_core.shell:Creating package script '/home/mtrn/MTRN4231_project/install/ur5e_custom_description/share/ur5e_custom_description/package.sh'
[0.932s] INFO:colcon.colcon_core.shell:Creating package script '/home/mtrn/MTRN4231_project/install/ur5e_custom_description/share/ur5e_custom_description/package.bash'
[0.932s] INFO:colcon.colcon_core.shell:Creating package script '/home/mtrn/MTRN4231_project/install/ur5e_custom_description/share/ur5e_custom_description/package.zsh'
[0.933s] Level 1:colcon.colcon_core.environment:create_file_with_runtime_dependencies(/home/mtrn/MTRN4231_project/install/ur5e_custom_description/share/colcon-core/packages/ur5e_custom_description)
[0.941s] DEBUG:colcon.colcon_core.event_handler.log_command:Invoked command in '/home/mtrn/MTRN4231_project/build/custom_interfaces' returned '0': CMAKE_PREFIX_PATH=${CMAKE_PREFIX_PATH}:/opt/ros/humble /home/mtrn/.local/bin/cmake --build /home/mtrn/MTRN4231_project/build/custom_interfaces -- -j12 -l12
[1.013s] Level 1:colcon.colcon_core.environment:create_environment_scripts_only(ur5e_custom_description)
[1.014s] Level 1:colcon.colcon_core.environment:checking '/home/mtrn/MTRN4231_project/install/ur5e_custom_description' for CMake module files
[1.015s] Level 1:colcon.colcon_core.environment:checking '/home/mtrn/MTRN4231_project/install/ur5e_custom_description' for CMake config files
[1.015s] Level 1:colcon.colcon_core.shell:create_environment_hook('ur5e_custom_description', 'cmake_prefix_path')
[1.016s] INFO:colcon.colcon_core.shell:Creating environment hook '/home/mtrn/MTRN4231_project/install/ur5e_custom_description/share/ur5e_custom_description/hook/cmake_prefix_path.ps1'
[1.016s] INFO:colcon.colcon_core.shell:Creating environment descriptor '/home/mtrn/MTRN4231_project/install/ur5e_custom_description/share/ur5e_custom_description/hook/cmake_prefix_path.dsv'
[1.017s] INFO:colcon.colcon_core.shell:Creating environment hook '/home/mtrn/MTRN4231_project/install/ur5e_custom_description/share/ur5e_custom_description/hook/cmake_prefix_path.sh'
[1.018s] Level 1:colcon.colcon_core.environment:checking '/home/mtrn/MTRN4231_project/install/ur5e_custom_description/bin'
[1.018s] Level 1:colcon.colcon_core.environment:checking '/home/mtrn/MTRN4231_project/install/ur5e_custom_description/lib/pkgconfig/ur5e_custom_description.pc'
[1.019s] Level 1:colcon.colcon_core.environment:checking '/home/mtrn/MTRN4231_project/install/ur5e_custom_description/lib/python3.10/site-packages'
[1.019s] Level 1:colcon.colcon_core.environment:checking '/home/mtrn/MTRN4231_project/install/ur5e_custom_description/bin'
[1.020s] INFO:colcon.colcon_core.shell:Creating package script '/home/mtrn/MTRN4231_project/install/ur5e_custom_description/share/ur5e_custom_description/package.ps1'
[1.022s] INFO:colcon.colcon_core.shell:Creating package descriptor '/home/mtrn/MTRN4231_project/install/ur5e_custom_description/share/ur5e_custom_description/package.dsv'
[1.023s] INFO:colcon.colcon_core.shell:Creating package script '/home/mtrn/MTRN4231_project/install/ur5e_custom_description/share/ur5e_custom_description/package.sh'
[1.024s] INFO:colcon.colcon_core.shell:Creating package script '/home/mtrn/MTRN4231_project/install/ur5e_custom_description/share/ur5e_custom_description/package.bash'
[1.025s] INFO:colcon.colcon_core.shell:Creating package script '/home/mtrn/MTRN4231_project/install/ur5e_custom_description/share/ur5e_custom_description/package.zsh'
[1.026s] Level 1:colcon.colcon_core.environment:create_file_with_runtime_dependencies(/home/mtrn/MTRN4231_project/install/ur5e_custom_description/share/colcon-core/packages/ur5e_custom_description)
[1.115s] DEBUG:colcon.colcon_core.event_handler.log_command:Invoking command in '/home/mtrn/MTRN4231_project/build/custom_interfaces': CMAKE_PREFIX_PATH=${CMAKE_PREFIX_PATH}:/opt/ros/humble /home/mtrn/.local/bin/cmake --install /home/mtrn/MTRN4231_project/build/custom_interfaces
[1.243s] Level 1:colcon.colcon_core.environment:create_environment_scripts_only(custom_interfaces)
[1.245s] Level 1:colcon.colcon_core.environment:checking '/home/mtrn/MTRN4231_project/install/custom_interfaces' for CMake module files
[1.246s] Level 1:colcon.colcon_core.environment:checking '/home/mtrn/MTRN4231_project/install/custom_interfaces' for CMake config files
[1.246s] Level 1:colcon.colcon_core.shell:create_environment_hook('custom_interfaces', 'cmake_prefix_path')
[1.247s] INFO:colcon.colcon_core.shell:Creating environment hook '/home/mtrn/MTRN4231_project/install/custom_interfaces/share/custom_interfaces/hook/cmake_prefix_path.ps1'
[1.244s] DEBUG:colcon.colcon_core.event_handler.log_command:Invoked command in '/home/mtrn/MTRN4231_project/build/custom_interfaces' returned '0': CMAKE_PREFIX_PATH=${CMAKE_PREFIX_PATH}:/opt/ros/humble /home/mtrn/.local/bin/cmake --install /home/mtrn/MTRN4231_project/build/custom_interfaces
[1.247s] INFO:colcon.colcon_core.shell:Creating environment descriptor '/home/mtrn/MTRN4231_project/install/custom_interfaces/share/custom_interfaces/hook/cmake_prefix_path.dsv'
[1.248s] INFO:colcon.colcon_core.shell:Creating environment hook '/home/mtrn/MTRN4231_project/install/custom_interfaces/share/custom_interfaces/hook/cmake_prefix_path.sh'
[1.249s] Level 1:colcon.colcon_core.environment:checking '/home/mtrn/MTRN4231_project/install/custom_interfaces/lib'
[1.249s] Level 1:colcon.colcon_core.shell:create_environment_hook('custom_interfaces', 'ld_library_path_lib')
[1.249s] INFO:colcon.colcon_core.shell:Creating environment hook '/home/mtrn/MTRN4231_project/install/custom_interfaces/share/custom_interfaces/hook/ld_library_path_lib.ps1'
[1.250s] INFO:colcon.colcon_core.shell:Creating environment descriptor '/home/mtrn/MTRN4231_project/install/custom_interfaces/share/custom_interfaces/hook/ld_library_path_lib.dsv'
[1.250s] INFO:colcon.colcon_core.shell:Creating environment hook '/home/mtrn/MTRN4231_project/install/custom_interfaces/share/custom_interfaces/hook/ld_library_path_lib.sh'
[1.251s] Level 1:colcon.colcon_core.environment:checking '/home/mtrn/MTRN4231_project/install/custom_interfaces/bin'
[1.251s] Level 1:colcon.colcon_core.environment:checking '/home/mtrn/MTRN4231_project/install/custom_interfaces/lib/pkgconfig/custom_interfaces.pc'
[1.251s] Level 1:colcon.colcon_core.environment:checking '/home/mtrn/MTRN4231_project/install/custom_interfaces/lib/python3.10/site-packages'
[1.252s] Level 1:colcon.colcon_core.environment:checking '/home/mtrn/MTRN4231_project/install/custom_interfaces/bin'
[1.252s] INFO:colcon.colcon_core.shell:Creating package script '/home/mtrn/MTRN4231_project/install/custom_interfaces/share/custom_interfaces/package.ps1'
[1.253s] INFO:colcon.colcon_core.shell:Creating package descriptor '/home/mtrn/MTRN4231_project/install/custom_interfaces/share/custom_interfaces/package.dsv'
[1.253s] INFO:colcon.colcon_core.shell:Creating package script '/home/mtrn/MTRN4231_project/install/custom_interfaces/share/custom_interfaces/package.sh'
[1.254s] INFO:colcon.colcon_core.shell:Creating package script '/home/mtrn/MTRN4231_project/install/custom_interfaces/share/custom_interfaces/package.bash'
[1.254s] INFO:colcon.colcon_core.shell:Creating package script '/home/mtrn/MTRN4231_project/install/custom_interfaces/share/custom_interfaces/package.zsh'
[1.254s] Level 1:colcon.colcon_core.environment:create_file_with_runtime_dependencies(/home/mtrn/MTRN4231_project/install/custom_interfaces/share/colcon-core/packages/custom_interfaces)
[1.441s] Level 1:colcon.colcon_core.environment:create_environment_scripts_only(custom_interfaces)
[1.441s] Level 1:colcon.colcon_core.environment:checking '/home/mtrn/MTRN4231_project/install/custom_interfaces' for CMake module files
[1.443s] Level 1:colcon.colcon_core.environment:checking '/home/mtrn/MTRN4231_project/install/custom_interfaces' for CMake config files
[1.444s] Level 1:colcon.colcon_core.shell:create_environment_hook('custom_interfaces', 'cmake_prefix_path')
[1.444s] INFO:colcon.colcon_core.shell:Creating environment hook '/home/mtrn/MTRN4231_project/install/custom_interfaces/share/custom_interfaces/hook/cmake_prefix_path.ps1'
[1.446s] INFO:colcon.colcon_core.shell:Creating environment descriptor '/home/mtrn/MTRN4231_project/install/custom_interfaces/share/custom_interfaces/hook/cmake_prefix_path.dsv'
[1.447s] INFO:colcon.colcon_core.shell:Creating environment hook '/home/mtrn/MTRN4231_project/install/custom_interfaces/share/custom_interfaces/hook/cmake_prefix_path.sh'
[1.448s] Level 1:colcon.colcon_core.environment:checking '/home/mtrn/MTRN4231_project/install/custom_interfaces/lib'
[1.448s] Level 1:colcon.colcon_core.shell:create_environment_hook('custom_interfaces', 'ld_library_path_lib')
[1.449s] INFO:colcon.colcon_core.shell:Creating environment hook '/home/mtrn/MTRN4231_project/install/custom_interfaces/share/custom_interfaces/hook/ld_library_path_lib.ps1'
[1.449s] INFO:colcon.colcon_core.shell:Creating environment descriptor '/home/mtrn/MTRN4231_project/install/custom_interfaces/share/custom_interfaces/hook/ld_library_path_lib.dsv'
[1.450s] INFO:colcon.colcon_core.shell:Creating environment hook '/home/mtrn/MTRN4231_project/install/custom_interfaces/share/custom_interfaces/hook/ld_library_path_lib.sh'
[1.450s] Level 1:colcon.colcon_core.environment:checking '/home/mtrn/MTRN4231_project/install/custom_interfaces/bin'
[1.450s] Level 1:colcon.colcon_core.environment:checking '/home/mtrn/MTRN4231_project/install/custom_interfaces/lib/pkgconfig/custom_interfaces.pc'
[1.451s] Level 1:colcon.colcon_core.environment:checking '/home/mtrn/MTRN4231_project/install/custom_interfaces/lib/python3.10/site-packages'
[1.451s] Level 1:colcon.colcon_core.environment:checking '/home/mtrn/MTRN4231_project/install/custom_interfaces/bin'
[1.452s] INFO:colcon.colcon_core.shell:Creating package script '/home/mtrn/MTRN4231_project/install/custom_interfaces/share/custom_interfaces/package.ps1'
[1.453s] INFO:colcon.colcon_core.shell:Creating package descriptor '/home/mtrn/MTRN4231_project/install/custom_interfaces/share/custom_interfaces/package.dsv'
[1.454s] INFO:colcon.colcon_core.shell:Creating package script '/home/mtrn/MTRN4231_project/install/custom_interfaces/share/custom_interfaces/package.sh'
[1.454s] INFO:colcon.colcon_core.shell:Creating package script '/home/mtrn/MTRN4231_project/install/custom_interfaces/share/custom_interfaces/package.bash'
[1.455s] INFO:colcon.colcon_core.shell:Creating package script '/home/mtrn/MTRN4231_project/install/custom_interfaces/share/custom_interfaces/package.zsh'
[1.455s] Level 1:colcon.colcon_core.environment:create_file_with_runtime_dependencies(/home/mtrn/MTRN4231_project/install/custom_interfaces/share/colcon-core/packages/custom_interfaces)
[1.455s] INFO:colcon.colcon_ros.task.ament_cmake.build:Building ROS package in '/home/mtrn/MTRN4231_project/src/arm_controller' with build type 'ament_cmake'
[1.456s] INFO:colcon.colcon_cmake.task.cmake.build:Building CMake package in '/home/mtrn/MTRN4231_project/src/arm_controller'
[1.456s] INFO:colcon.colcon_core.shell:Skip shell extension 'powershell' for command environment: Not usable outside of PowerShell
[1.456s] DEBUG:colcon.colcon_core.shell:Skip shell extension 'dsv' for command environment
[1.475s] DEBUG:colcon.colcon_core.event_handler.log_command:Invoking command in '/home/mtrn/MTRN4231_project/build/arm_controller': CMAKE_PREFIX_PATH=/home/mtrn/MTRN4231_project/install/custom_interfaces:/home/mtrn/MTRN4231_project/install/ur5e_custom_description:/home/mtrn/MTRN4231_project/install/move_to_marker:/home/mtrn/MTRN4231_project/install/end_effector_description:/home/mtrn/MTRN4231_project/install/arm_controller:/opt/ros/humble /home/mtrn/.local/bin/cmake --build /home/mtrn/MTRN4231_project/build/arm_controller -- -j12 -l12
[17.516s] DEBUG:colcon.colcon_core.event_handler.log_command:Invoked command in '/home/mtrn/MTRN4231_project/build/arm_controller' returned '0': CMAKE_PREFIX_PATH=/home/mtrn/MTRN4231_project/install/custom_interfaces:/home/mtrn/MTRN4231_project/install/ur5e_custom_description:/home/mtrn/MTRN4231_project/install/move_to_marker:/home/mtrn/MTRN4231_project/install/end_effector_description:/home/mtrn/MTRN4231_project/install/arm_controller:/opt/ros/humble /home/mtrn/.local/bin/cmake --build /home/mtrn/MTRN4231_project/build/arm_controller -- -j12 -l12
[17.617s] DEBUG:colcon.colcon_core.event_handler.log_command:Invoking command in '/home/mtrn/MTRN4231_project/build/arm_controller': CMAKE_PREFIX_PATH=/home/mtrn/MTRN4231_project/install/custom_interfaces:/home/mtrn/MTRN4231_project/install/ur5e_custom_description:/home/mtrn/MTRN4231_project/install/move_to_marker:/home/mtrn/MTRN4231_project/install/end_effector_description:/home/mtrn/MTRN4231_project/install/arm_controller:/opt/ros/humble /home/mtrn/.local/bin/cmake --install /home/mtrn/MTRN4231_project/build/arm_controller
[17.676s] Level 1:colcon.colcon_core.environment:create_environment_scripts_only(arm_controller)
[17.677s] Level 1:colcon.colcon_core.environment:checking '/home/mtrn/MTRN4231_project/install/arm_controller' for CMake module files
[17.678s] DEBUG:colcon.colcon_core.event_handler.log_command:Invoked command in '/home/mtrn/MTRN4231_project/build/arm_controller' returned '0': CMAKE_PREFIX_PATH=/home/mtrn/MTRN4231_project/install/custom_interfaces:/home/mtrn/MTRN4231_project/install/ur5e_custom_description:/home/mtrn/MTRN4231_project/install/move_to_marker:/home/mtrn/MTRN4231_project/install/end_effector_description:/home/mtrn/MTRN4231_project/install/arm_controller:/opt/ros/humble /home/mtrn/.local/bin/cmake --install /home/mtrn/MTRN4231_project/build/arm_controller
[17.679s] Level 1:colcon.colcon_core.environment:checking '/home/mtrn/MTRN4231_project/install/arm_controller' for CMake config files
[17.679s] Level 1:colcon.colcon_core.shell:create_environment_hook('arm_controller', 'cmake_prefix_path')
[17.680s] INFO:colcon.colcon_core.shell:Creating environment hook '/home/mtrn/MTRN4231_project/install/arm_controller/share/arm_controller/hook/cmake_prefix_path.ps1'
[17.680s] INFO:colcon.colcon_core.shell:Creating environment descriptor '/home/mtrn/MTRN4231_project/install/arm_controller/share/arm_controller/hook/cmake_prefix_path.dsv'
[17.681s] INFO:colcon.colcon_core.shell:Creating environment hook '/home/mtrn/MTRN4231_project/install/arm_controller/share/arm_controller/hook/cmake_prefix_path.sh'
[17.682s] Level 1:colcon.colcon_core.environment:checking '/home/mtrn/MTRN4231_project/install/arm_controller/lib'
[17.682s] Level 1:colcon.colcon_core.environment:checking '/home/mtrn/MTRN4231_project/install/arm_controller/bin'
[17.682s] Level 1:colcon.colcon_core.environment:checking '/home/mtrn/MTRN4231_project/install/arm_controller/lib/pkgconfig/arm_controller.pc'
[17.683s] Level 1:colcon.colcon_core.environment:checking '/home/mtrn/MTRN4231_project/install/arm_controller/lib/python3.10/site-packages'
[17.683s] Level 1:colcon.colcon_core.environment:checking '/home/mtrn/MTRN4231_project/install/arm_controller/bin'
[17.683s] INFO:colcon.colcon_core.shell:Creating package script '/home/mtrn/MTRN4231_project/install/arm_controller/share/arm_controller/package.ps1'
[17.684s] INFO:colcon.colcon_core.shell:Creating package descriptor '/home/mtrn/MTRN4231_project/install/arm_controller/share/arm_controller/package.dsv'
[17.684s] INFO:colcon.colcon_core.shell:Creating package script '/home/mtrn/MTRN4231_project/install/arm_controller/share/arm_controller/package.sh'
[17.685s] INFO:colcon.colcon_core.shell:Creating package script '/home/mtrn/MTRN4231_project/install/arm_controller/share/arm_controller/package.bash'
[17.685s] INFO:colcon.colcon_core.shell:Creating package script '/home/mtrn/MTRN4231_project/install/arm_controller/share/arm_controller/package.zsh'
[17.685s] Level 1:colcon.colcon_core.environment:create_file_with_runtime_dependencies(/home/mtrn/MTRN4231_project/install/arm_controller/share/colcon-core/packages/arm_controller)
[17.765s] Level 1:colcon.colcon_core.environment:create_environment_scripts_only(arm_controller)
[17.766s] Level 1:colcon.colcon_core.environment:checking '/home/mtrn/MTRN4231_project/install/arm_controller' for CMake module files
[17.767s] Level 1:colcon.colcon_core.environment:checking '/home/mtrn/MTRN4231_project/install/arm_controller' for CMake config files
[17.768s] Level 1:colcon.colcon_core.shell:create_environment_hook('arm_controller', 'cmake_prefix_path')
[17.768s] INFO:colcon.colcon_core.shell:Creating environment hook '/home/mtrn/MTRN4231_project/install/arm_controller/share/arm_controller/hook/cmake_prefix_path.ps1'
[17.769s] INFO:colcon.colcon_core.shell:Creating environment descriptor '/home/mtrn/MTRN4231_project/install/arm_controller/share/arm_controller/hook/cmake_prefix_path.dsv'
[17.769s] INFO:colcon.colcon_core.shell:Creating environment hook '/home/mtrn/MTRN4231_project/install/arm_controller/share/arm_controller/hook/cmake_prefix_path.sh'
[17.770s] Level 1:colcon.colcon_core.environment:checking '/home/mtrn/MTRN4231_project/install/arm_controller/lib'
[17.771s] Level 1:colcon.colcon_core.environment:checking '/home/mtrn/MTRN4231_project/install/arm_controller/bin'
[17.771s] Level 1:colcon.colcon_core.environment:checking '/home/mtrn/MTRN4231_project/install/arm_controller/lib/pkgconfig/arm_controller.pc'
[17.771s] Level 1:colcon.colcon_core.environment:checking '/home/mtrn/MTRN4231_project/install/arm_controller/lib/python3.10/site-packages'
[17.772s] Level 1:colcon.colcon_core.environment:checking '/home/mtrn/MTRN4231_project/install/arm_controller/bin'
[17.773s] INFO:colcon.colcon_core.shell:Creating package script '/home/mtrn/MTRN4231_project/install/arm_controller/share/arm_controller/package.ps1'
[17.773s] INFO:colcon.colcon_core.shell:Creating package descriptor '/home/mtrn/MTRN4231_project/install/arm_controller/share/arm_controller/package.dsv'
[17.774s] INFO:colcon.colcon_core.shell:Creating package script '/home/mtrn/MTRN4231_project/install/arm_controller/share/arm_controller/package.sh'
[17.775s] INFO:colcon.colcon_core.shell:Creating package script '/home/mtrn/MTRN4231_project/install/arm_controller/share/arm_controller/package.bash'
[17.776s] INFO:colcon.colcon_core.shell:Creating package script '/home/mtrn/MTRN4231_project/install/arm_controller/share/arm_controller/package.zsh'
[17.777s] Level 1:colcon.colcon_core.environment:create_file_with_runtime_dependencies(/home/mtrn/MTRN4231_project/install/arm_controller/share/colcon-core/packages/arm_controller)
[17.777s] DEBUG:colcon.colcon_parallel_executor.executor.parallel:closing loop
[17.777s] DEBUG:colcon.colcon_parallel_executor.executor.parallel:loop closed
[17.778s] DEBUG:colcon.colcon_parallel_executor.executor.parallel:run_until_complete finished with '0'
[17.778s] DEBUG:colcon.colcon_core.event_reactor:joining thread
[17.809s] INFO:colcon.colcon_core.plugin_system:Skipping extension 'colcon_notification.desktop_notification.terminal_notifier': Not used on non-Darwin systems
[17.809s] INFO:colcon.colcon_core.plugin_system:Skipping extension 'colcon_notification.desktop_notification.win32': Not used on non-Windows systems
[17.810s] INFO:colcon.colcon_notification.desktop_notification:Sending desktop notification using 'notify2'
[17.832s] DEBUG:colcon.colcon_core.event_reactor:joined thread
[17.833s] INFO:colcon.colcon_core.shell:Creating prefix script '/home/mtrn/MTRN4231_project/install/local_setup.ps1'
[17.835s] INFO:colcon.colcon_core.shell:Creating prefix util module '/home/mtrn/MTRN4231_project/install/_local_setup_util_ps1.py'
[17.837s] INFO:colcon.colcon_core.shell:Creating prefix chain script '/home/mtrn/MTRN4231_project/install/setup.ps1'
[17.839s] INFO:colcon.colcon_core.shell:Creating prefix script '/home/mtrn/MTRN4231_project/install/local_setup.sh'
[17.840s] INFO:colcon.colcon_core.shell:Creating prefix util module '/home/mtrn/MTRN4231_project/install/_local_setup_util_sh.py'
[17.841s] INFO:colcon.colcon_core.shell:Creating prefix chain script '/home/mtrn/MTRN4231_project/install/setup.sh'
[17.844s] INFO:colcon.colcon_core.shell:Creating prefix script '/home/mtrn/MTRN4231_project/install/local_setup.bash'
[17.845s] INFO:colcon.colcon_core.shell:Creating prefix chain script '/home/mtrn/MTRN4231_project/install/setup.bash'
[17.846s] INFO:colcon.colcon_core.shell:Creating prefix script '/home/mtrn/MTRN4231_project/install/local_setup.zsh'
[17.847s] INFO:colcon.colcon_core.shell:Creating prefix chain script '/home/mtrn/MTRN4231_project/install/setup.zsh'
