[0.008s] Invoking command in '/home/dev/Desktop/MTRN4231_Project/build/ur5e_custom_description': AMENT_PREFIX_PATH=/home/dev/Desktop/MTRN4231_Project/install/end_effector_description:${AMENT_PREFIX_PATH} CMAKE_PREFIX_PATH=/home/dev/Desktop/MTRN4231_Project/install/end_effector_description:/opt/ros/humble /usr/bin/cmake /home/dev/Desktop/MTRN4231_Project/src/ur5e_custom_description -DCMAKE_INSTALL_PREFIX=/home/dev/Desktop/MTRN4231_Project/install/ur5e_custom_description
[0.060s] -- The C compiler identification is GNU 11.4.0
[0.113s] -- The CXX compiler identification is GNU 11.4.0
[0.119s] -- Detecting C compiler ABI info
[0.186s] -- Detecting C compiler ABI info - done
[0.192s] -- Check for working C compiler: /usr/bin/cc - skipped
[0.192s] -- Detecting C compile features
[0.192s] -- Detecting C compile features - done
[0.195s] -- Detecting CXX compiler ABI info
[0.271s] -- Detecting CXX compiler ABI info - done
[0.281s] -- Check for working CXX compiler: /usr/bin/c++ - skipped
[0.281s] -- Detecting CXX compile features
[0.281s] -- Detecting CXX compile features - done
[0.284s] -- Found ament_cmake: 1.3.12 (/opt/ros/humble/share/ament_cmake/cmake)
[0.419s] -- Found Python3: /usr/bin/python3 (found version "3.10.12") found components: Interpreter 
[0.502s] -- Found rclcpp: 16.0.15 (/opt/ros/humble/share/rclcpp/cmake)
[0.539s] -- Found rosidl_generator_c: 3.1.7 (/opt/ros/humble/share/rosidl_generator_c/cmake)
[0.544s] -- Found rosidl_adapter: 3.1.7 (/opt/ros/humble/share/rosidl_adapter/cmake)
[0.551s] -- Found rosidl_generator_cpp: 3.1.7 (/opt/ros/humble/share/rosidl_generator_cpp/cmake)
[0.562s] -- Using all available rosidl_typesupport_c: rosidl_typesupport_fastrtps_c;rosidl_typesupport_introspection_c
[0.578s] -- Using all available rosidl_typesupport_cpp: rosidl_typesupport_fastrtps_cpp;rosidl_typesupport_introspection_cpp
[0.616s] -- Found rmw_implementation_cmake: 6.1.2 (/opt/ros/humble/share/rmw_implementation_cmake/cmake)
[0.619s] -- Found rmw_fastrtps_cpp: 6.2.9 (/opt/ros/humble/share/rmw_fastrtps_cpp/cmake)
[0.706s] -- Found OpenSSL: /usr/lib/x86_64-linux-gnu/libcrypto.so (found version "3.0.2")  
[0.731s] -- Found FastRTPS: /opt/ros/humble/include  
[0.773s] -- Using RMW implementation 'rmw_fastrtps_cpp' as default
[0.781s] -- Looking for pthread.h
[0.848s] -- Looking for pthread.h - found
[0.849s] -- Performing Test CMAKE_HAVE_LIBC_PTHREAD
[0.920s] -- Performing Test CMAKE_HAVE_LIBC_PTHREAD - Success
[0.920s] -- Found Threads: TRUE  
[0.963s] -- Found rclcpp_action: 16.0.15 (/opt/ros/humble/share/rclcpp_action/cmake)
[0.994s] -- Found tf2_ros: 0.25.16 (/opt/ros/humble/share/tf2_ros/cmake)
[1.062s] -- Found tf2_geometry_msgs: 0.25.16 (/opt/ros/humble/share/tf2_geometry_msgs/cmake)
[1.078s] -- Found eigen3_cmake_module: 0.1.1 (/opt/ros/humble/share/eigen3_cmake_module/cmake)
[1.079s] -- Found Eigen3: TRUE (found version "3.4.0") 
[1.079s] -- Ensuring Eigen3 include directory is part of orocos-kdl CMake target
[1.081s] -- Found moveit_ros_planning_interface: 2.5.9 (/opt/ros/humble/share/moveit_ros_planning_interface/cmake)
[1.102s] -- Found Boost: /usr/lib/x86_64-linux-gnu/cmake/Boost-1.74.0/BoostConfig.cmake (found version "1.74.0") found components: date_time filesystem program_options system thread 
[1.223s] -- Found Boost: /usr/lib/x86_64-linux-gnu/cmake/Boost-1.74.0/BoostConfig.cmake (found version "1.74.0") found components: chrono date_time filesystem iostreams program_options regex serialization system thread 
[1.255s] -- Found parameter_traits: 0.5.0 (/opt/ros/humble/share/parameter_traits/cmake)
[1.269s] -- Found rclcpp_lifecycle: 16.0.15 (/opt/ros/humble/share/rclcpp_lifecycle/cmake)
[1.291s] -- Found Boost: /usr/lib/x86_64-linux-gnu/cmake/Boost-1.74.0/BoostConfig.cmake (found version "1.74.0") found components: filesystem 
[1.375s] -- library: /usr/lib/x86_64-linux-gnu/libcurl.so
[1.448s] -- Found Boost: /usr/lib/x86_64-linux-gnu/cmake/Boost-1.74.0/BoostConfig.cmake (found version "1.74.0") found components: system filesystem date_time program_options thread chrono 
[1.477s] -- Found Boost: /usr/lib/x86_64-linux-gnu/cmake/Boost-1.74.0/BoostConfig.cmake (found version "1.74.0") found components: thread system filesystem regex date_time program_options 
[1.495s] -- Found Boost: /usr/lib/x86_64-linux-gnu/cmake/Boost-1.74.0/BoostConfig.cmake (found version "1.74.0") found components: system filesystem date_time program_options thread 
[1.519s] -- Found moveit_visual_tools: 4.1.2 (/opt/ros/humble/share/moveit_visual_tools/cmake)
[1.569s] -- Setting assimp_DIR to: '/opt/ros/humble/share/rviz_assimp_vendor/cmake/../../../opt/rviz_assimp_vendor/lib/cmake/assimp-4.1'
[1.576s] -- Setting OGRE_DIR to: '/opt/ros/humble/share/rviz_ogre_vendor/cmake/../../../opt/rviz_ogre_vendor/lib/OGRE/cmake'
[1.577s] -- Found OGRE
[1.577s] --   static     : OFF
[1.577s] --   components : HLMS;MeshLodGenerator;Overlay;Paging;Property;RTShaderSystem;Terrain;Volume
[1.577s] --   plugins    : Plugin_BSPSceneManager;Plugin_OctreeSceneManager;Plugin_PCZSceneManager;Plugin_ParticleFX;RenderSystem_GL;RenderSystem_GL3Plus;Codec_STBI
[1.577s] --   media      : /opt/ros/humble/opt/rviz_ogre_vendor/share/OGRE/Media
[1.578s] -- OGRE_LIBRARIES: OgreHLMS;OgreMeshLodGenerator;OgreOverlay;OgrePaging;OgreProperty;OgreRTShaderSystem;OgreTerrain;OgreVolume;OgreMain
[1.578s] -- OGRE_LIBRARY_DIRS: /opt/ros/humble/opt/rviz_ogre_vendor/lib
[1.578s] -- OGRE_PLUGINS: Plugin_BSPSceneManager;Plugin_OctreeSceneManager;Plugin_PCZSceneManager;Plugin_ParticleFX;RenderSystem_GL;RenderSystem_GL3Plus;Codec_STBI
[1.578s] -- OGRE_PLUGIN_DIR: /opt/ros/humble/opt/rviz_ogre_vendor/lib/OGRE
[1.578s] -- rviz_ogre_vendor::OgreOverlay for IMPORTED_LOCATION_RELEASE: /opt/ros/humble/opt/rviz_ogre_vendor/lib/libOgreOverlay.so
[1.578s] -- rviz_ogre_vendor::OgreOverlay for IMPORTED_LOCATION_DEBUG: /opt/ros/humble/opt/rviz_ogre_vendor/lib/libOgreOverlay.so
[1.578s] -- rviz_ogre_vendor::OgreMain for IMPORTED_LOCATION_RELEASE: /opt/ros/humble/opt/rviz_ogre_vendor/lib/libOgreMain.so
[1.578s] -- rviz_ogre_vendor::OgreMain for IMPORTED_LOCATION_DEBUG: /opt/ros/humble/opt/rviz_ogre_vendor/lib/libOgreMain.so
[1.600s] -- Found ZLIB: /usr/lib/x86_64-linux-gnu/libz.so (found version "1.2.11") 
[1.605s] -- Found OpenGL: /usr/lib/x86_64-linux-gnu/libOpenGL.so   
[1.719s] -- Found X11: /usr/include   
[1.720s] -- Looking for XOpenDisplay in /usr/lib/x86_64-linux-gnu/libX11.so;/usr/lib/x86_64-linux-gnu/libXext.so
[1.807s] -- Looking for XOpenDisplay in /usr/lib/x86_64-linux-gnu/libX11.so;/usr/lib/x86_64-linux-gnu/libXext.so - found
[1.807s] -- Looking for gethostbyname
[1.891s] -- Looking for gethostbyname - found
[1.891s] -- Looking for connect
[1.977s] -- Looking for connect - found
[1.977s] -- Looking for remove
[2.084s] -- Looking for remove - found
[2.085s] -- Looking for shmat
[2.198s] -- Looking for shmat - found
[2.198s] -- Looking for IceConnectionNumber in ICE
[2.302s] -- Looking for IceConnectionNumber in ICE - found
[2.596s] -- Configuring done
[2.613s] -- Generating done
[2.616s] -- Build files have been written to: /home/dev/Desktop/MTRN4231_Project/build/ur5e_custom_description
[2.645s] Invoked command in '/home/dev/Desktop/MTRN4231_Project/build/ur5e_custom_description' returned '0': AMENT_PREFIX_PATH=/home/dev/Desktop/MTRN4231_Project/install/end_effector_description:${AMENT_PREFIX_PATH} CMAKE_PREFIX_PATH=/home/dev/Desktop/MTRN4231_Project/install/end_effector_description:/opt/ros/humble /usr/bin/cmake /home/dev/Desktop/MTRN4231_Project/src/ur5e_custom_description -DCMAKE_INSTALL_PREFIX=/home/dev/Desktop/MTRN4231_Project/install/ur5e_custom_description
[2.647s] Invoking command in '/home/dev/Desktop/MTRN4231_Project/build/ur5e_custom_description': AMENT_PREFIX_PATH=/home/dev/Desktop/MTRN4231_Project/install/end_effector_description:${AMENT_PREFIX_PATH} CMAKE_PREFIX_PATH=/home/dev/Desktop/MTRN4231_Project/install/end_effector_description:/opt/ros/humble /usr/bin/cmake --build /home/dev/Desktop/MTRN4231_Project/build/ur5e_custom_description -- -j12 -l12
[2.715s] Invoked command in '/home/dev/Desktop/MTRN4231_Project/build/ur5e_custom_description' returned '0': AMENT_PREFIX_PATH=/home/dev/Desktop/MTRN4231_Project/install/end_effector_description:${AMENT_PREFIX_PATH} CMAKE_PREFIX_PATH=/home/dev/Desktop/MTRN4231_Project/install/end_effector_description:/opt/ros/humble /usr/bin/cmake --build /home/dev/Desktop/MTRN4231_Project/build/ur5e_custom_description -- -j12 -l12
[2.717s] Invoking command in '/home/dev/Desktop/MTRN4231_Project/build/ur5e_custom_description': AMENT_PREFIX_PATH=/home/dev/Desktop/MTRN4231_Project/install/end_effector_description:${AMENT_PREFIX_PATH} CMAKE_PREFIX_PATH=/home/dev/Desktop/MTRN4231_Project/install/end_effector_description:/opt/ros/humble /usr/bin/cmake --install /home/dev/Desktop/MTRN4231_Project/build/ur5e_custom_description
[2.727s] -- Install configuration: ""
[2.727s] -- Installing: /home/dev/Desktop/MTRN4231_Project/install/ur5e_custom_description/share/ur5e_custom_description/urdf
[2.727s] -- Installing: /home/dev/Desktop/MTRN4231_Project/install/ur5e_custom_description/share/ur5e_custom_description/urdf/ur5e_with_tool.urdf.xacro
[2.727s] -- Installing: /home/dev/Desktop/MTRN4231_Project/install/ur5e_custom_description/share/ur5e_custom_description/launch
[2.727s] -- Installing: /home/dev/Desktop/MTRN4231_Project/install/ur5e_custom_description/share/ur5e_custom_description/launch/display.launch.py
[2.728s] -- Installing: /home/dev/Desktop/MTRN4231_Project/install/ur5e_custom_description/share/ur5e_custom_description/rviz
[2.728s] -- Installing: /home/dev/Desktop/MTRN4231_Project/install/ur5e_custom_description/share/ur5e_custom_description/rviz/display.rviz
[2.728s] -- Installing: /home/dev/Desktop/MTRN4231_Project/install/ur5e_custom_description/share/ament_index/resource_index/package_run_dependencies/ur5e_custom_description
[2.728s] -- Installing: /home/dev/Desktop/MTRN4231_Project/install/ur5e_custom_description/share/ament_index/resource_index/parent_prefix_path/ur5e_custom_description
[2.728s] -- Installing: /home/dev/Desktop/MTRN4231_Project/install/ur5e_custom_description/share/ur5e_custom_description/environment/ament_prefix_path.sh
[2.728s] -- Installing: /home/dev/Desktop/MTRN4231_Project/install/ur5e_custom_description/share/ur5e_custom_description/environment/ament_prefix_path.dsv
[2.728s] -- Installing: /home/dev/Desktop/MTRN4231_Project/install/ur5e_custom_description/share/ur5e_custom_description/environment/path.sh
[2.729s] -- Installing: /home/dev/Desktop/MTRN4231_Project/install/ur5e_custom_description/share/ur5e_custom_description/environment/path.dsv
[2.729s] -- Installing: /home/dev/Desktop/MTRN4231_Project/install/ur5e_custom_description/share/ur5e_custom_description/local_setup.bash
[2.729s] -- Installing: /home/dev/Desktop/MTRN4231_Project/install/ur5e_custom_description/share/ur5e_custom_description/local_setup.sh
[2.729s] -- Installing: /home/dev/Desktop/MTRN4231_Project/install/ur5e_custom_description/share/ur5e_custom_description/local_setup.zsh
[2.729s] -- Installing: /home/dev/Desktop/MTRN4231_Project/install/ur5e_custom_description/share/ur5e_custom_description/local_setup.dsv
[2.730s] -- Installing: /home/dev/Desktop/MTRN4231_Project/install/ur5e_custom_description/share/ur5e_custom_description/package.dsv
[2.731s] -- Installing: /home/dev/Desktop/MTRN4231_Project/install/ur5e_custom_description/share/ament_index/resource_index/packages/ur5e_custom_description
[2.731s] -- Installing: /home/dev/Desktop/MTRN4231_Project/install/ur5e_custom_description/share/ur5e_custom_description/cmake/ur5e_custom_descriptionConfig.cmake
[2.731s] -- Installing: /home/dev/Desktop/MTRN4231_Project/install/ur5e_custom_description/share/ur5e_custom_description/cmake/ur5e_custom_descriptionConfig-version.cmake
[2.731s] -- Installing: /home/dev/Desktop/MTRN4231_Project/install/ur5e_custom_description/share/ur5e_custom_description/package.xml
[2.734s] Invoked command in '/home/dev/Desktop/MTRN4231_Project/build/ur5e_custom_description' returned '0': AMENT_PREFIX_PATH=/home/dev/Desktop/MTRN4231_Project/install/end_effector_description:${AMENT_PREFIX_PATH} CMAKE_PREFIX_PATH=/home/dev/Desktop/MTRN4231_Project/install/end_effector_description:/opt/ros/humble /usr/bin/cmake --install /home/dev/Desktop/MTRN4231_Project/build/ur5e_custom_description
