[0.031s] Invoking command in '/home/mtrn/MTRN4231_Project/build/custom_interfaces': CMAKE_PREFIX_PATH=${CMAKE_PREFIX_PATH}:/home/mtrn/MTRN4231_Project/install/ui:/home/mtrn/MTRN4231_Project/install/perception:/home/mtrn/MTRN4231_Project/install/gripper:/home/mtrn/MTRN4231_Project/install/chess_master:/home/mtrn/MTRN4231_Project/install/brain:/opt/ros/humble /home/mtrn/.local/bin/cmake /home/mtrn/MTRN4231_Project/src/custom_interfaces -DCMAKE_INSTALL_PREFIX=/home/mtrn/MTRN4231_Project/install/custom_interfaces
[0.139s] -- The C compiler identification is GNU 11.4.0
[0.245s] -- The CXX compiler identification is GNU 11.4.0
[0.261s] -- Detecting C compiler ABI info
[0.360s] -- Detecting C compiler ABI info - done
[0.377s] -- Check for working C compiler: /usr/bin/cc - skipped
[0.378s] -- Detecting C compile features
[0.378s] -- Detecting C compile features - done
[0.391s] -- Detecting CXX compiler ABI info
[0.515s] -- Detecting CXX compiler ABI info - done
[0.535s] -- Check for working CXX compiler: /usr/bin/c++ - skipped
[0.535s] -- Detecting CXX compile features
[0.536s] -- Detecting CXX compile features - done
[0.545s] -- Found ament_cmake: 1.3.10 (/opt/ros/humble/share/ament_cmake/cmake)
[0.745s] -- Found Python3: /usr/bin/python3 (found version "3.10.12") found components: Interpreter 
[0.899s] -- Found rosidl_default_generators: 1.2.0 (/opt/ros/humble/share/rosidl_default_generators/cmake)
[0.907s] -- Using all available rosidl_typesupport_c: rosidl_typesupport_fastrtps_c;rosidl_typesupport_introspection_c
[0.915s] -- Found rosidl_adapter: 3.1.5 (/opt/ros/humble/share/rosidl_adapter/cmake)
[1.005s] -- Using all available rosidl_typesupport_cpp: rosidl_typesupport_fastrtps_cpp;rosidl_typesupport_introspection_cpp
[1.088s] -- Found geometry_msgs: 4.2.4 (/opt/ros/humble/share/geometry_msgs/cmake)
[1.968s] -- Found ament_cmake_ros: 0.10.0 (/opt/ros/humble/share/ament_cmake_ros/cmake)
[2.743s] -- Using all available rosidl_typesupport_c: rosidl_typesupport_fastrtps_c;rosidl_typesupport_introspection_c
[3.757s] -- Using all available rosidl_typesupport_cpp: rosidl_typesupport_fastrtps_cpp;rosidl_typesupport_introspection_cpp
[3.761s] [33mCMake Warning (dev) at /opt/ros/humble/share/rosidl_generator_py/cmake/rosidl_generator_py_generate_interfaces.cmake:20 (find_package):
[3.761s]   Policy CMP0148 is not set: The FindPythonInterp and FindPythonLibs modules
[3.761s]   are removed.  Run "cmake --help-policy CMP0148" for policy details.  Use
[3.761s]   the cmake_policy command to set the policy and suppress this warning.
[3.761s] 
[3.761s] Call Stack (most recent call first):
[3.761s]   /opt/ros/humble/share/ament_cmake_core/cmake/core/ament_execute_extensions.cmake:48 (include)
[3.761s]   /opt/ros/humble/share/rosidl_cmake/cmake/rosidl_generate_interfaces.cmake:286 (ament_execute_extensions)
[3.761s]   CMakeLists.txt:9 (rosidl_generate_interfaces)
[3.761s] This warning is for project developers.  Use -Wno-dev to suppress it.
[3.761s] [0m
[3.785s] -- Found PythonInterp: /usr/bin/python3 (found suitable version "3.10.12", minimum required is "3.6") 
[3.794s] [33mCMake Warning (dev) at /opt/ros/humble/share/python_cmake_module/cmake/Modules/FindPythonExtra.cmake:52 (find_package):
[3.794s]   Policy CMP0148 is not set: The FindPythonInterp and FindPythonLibs modules
[3.794s]   are removed.  Run "cmake --help-policy CMP0148" for policy details.  Use
[3.794s]   the cmake_policy command to set the policy and suppress this warning.
[3.794s] 
[3.795s] Call Stack (most recent call first):
[3.795s]   /opt/ros/humble/share/rosidl_generator_py/cmake/rosidl_generator_py_generate_interfaces.cmake:23 (find_package)
[3.795s]   /opt/ros/humble/share/ament_cmake_core/cmake/core/ament_execute_extensions.cmake:48 (include)
[3.795s]   /opt/ros/humble/share/rosidl_cmake/cmake/rosidl_generate_interfaces.cmake:286 (ament_execute_extensions)
[3.795s]   CMakeLists.txt:9 (rosidl_generate_interfaces)
[3.795s] This warning is for project developers.  Use -Wno-dev to suppress it.
[3.795s] [0m
[3.797s] -- Found python_cmake_module: 0.10.0 (/opt/ros/humble/share/python_cmake_module/cmake)
[3.823s] [33mCMake Warning (dev) at /opt/ros/humble/share/python_cmake_module/cmake/Modules/FindPythonExtra.cmake:140 (find_package):
[3.824s]   Policy CMP0148 is not set: The FindPythonInterp and FindPythonLibs modules
[3.824s]   are removed.  Run "cmake --help-policy CMP0148" for policy details.  Use
[3.824s]   the cmake_policy command to set the policy and suppress this warning.
[3.824s] 
[3.824s] Call Stack (most recent call first):
[3.824s]   /opt/ros/humble/share/rosidl_generator_py/cmake/rosidl_generator_py_generate_interfaces.cmake:23 (find_package)
[3.824s]   /opt/ros/humble/share/ament_cmake_core/cmake/core/ament_execute_extensions.cmake:48 (include)
[3.824s]   /opt/ros/humble/share/rosidl_cmake/cmake/rosidl_generate_interfaces.cmake:286 (ament_execute_extensions)
[3.824s]   CMakeLists.txt:9 (rosidl_generate_interfaces)
[3.824s] This warning is for project developers.  Use -Wno-dev to suppress it.
[3.824s] [0m
[3.837s] -- Found PythonLibs: /usr/lib/x86_64-linux-gnu/libpython3.10.so (found suitable version "3.10.12", minimum required is "3.5") 
[3.837s] -- Using PYTHON_EXECUTABLE: /usr/bin/python3
[3.837s] -- Using PYTHON_INCLUDE_DIRS: /usr/include/python3.10
[3.837s] -- Using PYTHON_LIBRARIES: /usr/lib/x86_64-linux-gnu/libpython3.10.so
[3.870s] -- Found PythonExtra: .so  
[4.004s] -- Configuring done (3.9s)
[4.074s] -- Generating done (0.1s)
[4.076s] -- Build files have been written to: /home/mtrn/MTRN4231_Project/build/custom_interfaces
[4.121s] Invoked command in '/home/mtrn/MTRN4231_Project/build/custom_interfaces' returned '0': CMAKE_PREFIX_PATH=${CMAKE_PREFIX_PATH}:/home/mtrn/MTRN4231_Project/install/ui:/home/mtrn/MTRN4231_Project/install/perception:/home/mtrn/MTRN4231_Project/install/gripper:/home/mtrn/MTRN4231_Project/install/chess_master:/home/mtrn/MTRN4231_Project/install/brain:/opt/ros/humble /home/mtrn/.local/bin/cmake /home/mtrn/MTRN4231_Project/src/custom_interfaces -DCMAKE_INSTALL_PREFIX=/home/mtrn/MTRN4231_Project/install/custom_interfaces
[4.127s] Invoking command in '/home/mtrn/MTRN4231_Project/build/custom_interfaces': CMAKE_PREFIX_PATH=${CMAKE_PREFIX_PATH}:/home/mtrn/MTRN4231_Project/install/ui:/home/mtrn/MTRN4231_Project/install/perception:/home/mtrn/MTRN4231_Project/install/gripper:/home/mtrn/MTRN4231_Project/install/chess_master:/home/mtrn/MTRN4231_Project/install/brain:/opt/ros/humble /home/mtrn/.local/bin/cmake --build /home/mtrn/MTRN4231_Project/build/custom_interfaces -- -j20 -l20
[4.194s] [  2%] [34m[1mGenerating C code for ROS interfaces[0m
[4.204s] [  5%] [34m[1mGenerating C++ code for ROS interfaces[0m
[4.213s] [  5%] Built target ament_cmake_python_copy_custom_interfaces
[4.605s] running egg_info
[4.606s] creating custom_interfaces.egg-info
[4.606s] writing custom_interfaces.egg-info/PKG-INFO
[4.606s] writing dependency_links to custom_interfaces.egg-info/dependency_links.txt
[4.607s] writing top-level names to custom_interfaces.egg-info/top_level.txt
[4.607s] writing manifest file 'custom_interfaces.egg-info/SOURCES.txt'
[4.611s] reading manifest file 'custom_interfaces.egg-info/SOURCES.txt'
[4.611s] writing manifest file 'custom_interfaces.egg-info/SOURCES.txt'
[4.693s] [  5%] Built target ament_cmake_python_build_custom_interfaces_egg
[5.238s] [  5%] Built target custom_interfaces__cpp
[5.252s] [  7%] [34m[1mGenerating C++ type support for eProsima Fast-RTPS[0m
[5.253s] [ 12%] [34m[1mGenerating C++ type support dispatch for ROS interfaces[0m
[5.253s] [ 12%] [34m[1mGenerating C++ introspection for ROS interfaces[0m
[5.260s] [ 17%] [32mBuilding C object CMakeFiles/custom_interfaces__rosidl_generator_c.dir/rosidl_generator_c/custom_interfaces/action/detail/gripper_command__functions.c.o[0m
[5.260s] [ 17%] [32mBuilding C object CMakeFiles/custom_interfaces__rosidl_generator_c.dir/rosidl_generator_c/custom_interfaces/action/detail/move_tcp__functions.c.o[0m
[5.443s] [ 20%] [32m[1mLinking C shared library libcustom_interfaces__rosidl_generator_c.so[0m
[5.494s] [ 20%] Built target custom_interfaces__rosidl_generator_c
[5.502s] [ 28%] [34m[1mGenerating C type support for eProsima Fast-RTPS[0m
[5.502s] [ 28%] [34m[1mGenerating C introspection for ROS interfaces[0m
[5.502s] [ 28%] [34m[1mGenerating C type support dispatch for ROS interfaces[0m
[5.910s] [ 30%] [32mBuilding CXX object CMakeFiles/custom_interfaces__rosidl_typesupport_cpp.dir/rosidl_typesupport_cpp/custom_interfaces/action/move_tcp__type_support.cpp.o[0m
[5.910s] [ 33%] [32mBuilding CXX object CMakeFiles/custom_interfaces__rosidl_typesupport_cpp.dir/rosidl_typesupport_cpp/custom_interfaces/action/gripper_command__type_support.cpp.o[0m
[6.091s] [ 35%] [32mBuilding CXX object CMakeFiles/custom_interfaces__rosidl_typesupport_introspection_cpp.dir/rosidl_typesupport_introspection_cpp/custom_interfaces/action/detail/move_tcp__type_support.cpp.o[0m
[6.091s] [ 38%] [32mBuilding CXX object CMakeFiles/custom_interfaces__rosidl_typesupport_introspection_cpp.dir/rosidl_typesupport_introspection_cpp/custom_interfaces/action/detail/gripper_command__type_support.cpp.o[0m
[6.213s] [ 43%] [32mBuilding CXX object CMakeFiles/custom_interfaces__rosidl_typesupport_c.dir/rosidl_typesupport_c/custom_interfaces/action/gripper_command__type_support.cpp.o[0m
[6.213s] [ 43%] [32mBuilding CXX object CMakeFiles/custom_interfaces__rosidl_typesupport_c.dir/rosidl_typesupport_c/custom_interfaces/action/move_tcp__type_support.cpp.o[0m
[6.266s] [ 48%] [32mBuilding CXX object CMakeFiles/custom_interfaces__rosidl_typesupport_fastrtps_cpp.dir/rosidl_typesupport_fastrtps_cpp/custom_interfaces/action/detail/dds_fastrtps/gripper_command__type_support.cpp.o[0m
[6.266s] [ 48%] [32mBuilding CXX object CMakeFiles/custom_interfaces__rosidl_typesupport_fastrtps_cpp.dir/rosidl_typesupport_fastrtps_cpp/custom_interfaces/action/detail/dds_fastrtps/move_tcp__type_support.cpp.o[0m
[6.301s] [ 51%] [32m[1mLinking CXX shared library libcustom_interfaces__rosidl_typesupport_c.so[0m
[6.384s] [ 51%] Built target custom_interfaces__rosidl_typesupport_c
[6.489s] [ 53%] [32mBuilding CXX object CMakeFiles/custom_interfaces__rosidl_typesupport_fastrtps_c.dir/rosidl_typesupport_fastrtps_c/custom_interfaces/action/detail/move_tcp__type_support_c.cpp.o[0m
[6.490s] [ 56%] [32mBuilding CXX object CMakeFiles/custom_interfaces__rosidl_typesupport_fastrtps_c.dir/rosidl_typesupport_fastrtps_c/custom_interfaces/action/detail/gripper_command__type_support_c.cpp.o[0m
[6.494s] [ 58%] [32mBuilding C object CMakeFiles/custom_interfaces__rosidl_typesupport_introspection_c.dir/rosidl_typesupport_introspection_c/custom_interfaces/action/detail/move_tcp__type_support.c.o[0m
[6.495s] [ 61%] [32mBuilding C object CMakeFiles/custom_interfaces__rosidl_typesupport_introspection_c.dir/rosidl_typesupport_introspection_c/custom_interfaces/action/detail/gripper_command__type_support.c.o[0m
[6.585s] [ 64%] [32m[1mLinking C shared library libcustom_interfaces__rosidl_typesupport_introspection_c.so[0m
[6.626s] [ 64%] Built target custom_interfaces__rosidl_typesupport_introspection_c
[6.781s] [ 66%] [32m[1mLinking CXX shared library libcustom_interfaces__rosidl_typesupport_cpp.so[0m
[6.850s] [ 66%] Built target custom_interfaces__rosidl_typesupport_cpp
[7.178s] [ 69%] [32m[1mLinking CXX shared library libcustom_interfaces__rosidl_typesupport_fastrtps_c.so[0m
[7.241s] [ 71%] [32m[1mLinking CXX shared library libcustom_interfaces__rosidl_typesupport_fastrtps_cpp.so[0m
[7.254s] [ 74%] [32m[1mLinking CXX shared library libcustom_interfaces__rosidl_typesupport_introspection_cpp.so[0m
[7.389s] [ 74%] Built target custom_interfaces__rosidl_typesupport_fastrtps_c
[7.442s] [ 74%] Built target custom_interfaces__rosidl_typesupport_introspection_cpp
[7.442s] [ 74%] Built target custom_interfaces__rosidl_typesupport_fastrtps_cpp
[7.463s] [ 74%] Built target custom_interfaces
[7.480s] [ 76%] [34m[1mGenerating Python code for ROS interfaces[0m
[9.345s] [ 76%] Built target custom_interfaces__py
[9.356s] [ 79%] [32mBuilding C object CMakeFiles/custom_interfaces__rosidl_generator_py.dir/rosidl_generator_py/custom_interfaces/action/_move_tcp_s.c.o[0m
[9.358s] [ 82%] [32mBuilding C object CMakeFiles/custom_interfaces__rosidl_generator_py.dir/rosidl_generator_py/custom_interfaces/action/_gripper_command_s.c.o[0m
[9.567s] [ 84%] [32m[1mLinking C shared library rosidl_generator_py/custom_interfaces/libcustom_interfaces__rosidl_generator_py.so[0m
[9.619s] [ 84%] Built target custom_interfaces__rosidl_generator_py
[9.635s] [ 89%] [32mBuilding C object CMakeFiles/custom_interfaces__rosidl_typesupport_fastrtps_c__pyext.dir/rosidl_generator_py/custom_interfaces/_custom_interfaces_s.ep.rosidl_typesupport_fastrtps_c.c.o[0m
[9.636s] [ 89%] [32mBuilding C object CMakeFiles/custom_interfaces__rosidl_typesupport_c__pyext.dir/rosidl_generator_py/custom_interfaces/_custom_interfaces_s.ep.rosidl_typesupport_c.c.o[0m
[9.636s] [ 92%] [32mBuilding C object CMakeFiles/custom_interfaces__rosidl_typesupport_introspection_c__pyext.dir/rosidl_generator_py/custom_interfaces/_custom_interfaces_s.ep.rosidl_typesupport_introspection_c.c.o[0m
[9.823s] [ 94%] [32m[1mLinking C shared library rosidl_generator_py/custom_interfaces/custom_interfaces_s__rosidl_typesupport_c.cpython-310-x86_64-linux-gnu.so[0m
[9.833s] [ 97%] [32m[1mLinking C shared library rosidl_generator_py/custom_interfaces/custom_interfaces_s__rosidl_typesupport_introspection_c.cpython-310-x86_64-linux-gnu.so[0m
[9.834s] [100%] [32m[1mLinking C shared library rosidl_generator_py/custom_interfaces/custom_interfaces_s__rosidl_typesupport_fastrtps_c.cpython-310-x86_64-linux-gnu.so[0m
[9.884s] [100%] Built target custom_interfaces__rosidl_typesupport_c__pyext
[9.889s] [100%] Built target custom_interfaces__rosidl_typesupport_fastrtps_c__pyext
[9.890s] [100%] Built target custom_interfaces__rosidl_typesupport_introspection_c__pyext
[9.907s] Invoked command in '/home/mtrn/MTRN4231_Project/build/custom_interfaces' returned '0': CMAKE_PREFIX_PATH=${CMAKE_PREFIX_PATH}:/home/mtrn/MTRN4231_Project/install/ui:/home/mtrn/MTRN4231_Project/install/perception:/home/mtrn/MTRN4231_Project/install/gripper:/home/mtrn/MTRN4231_Project/install/chess_master:/home/mtrn/MTRN4231_Project/install/brain:/opt/ros/humble /home/mtrn/.local/bin/cmake --build /home/mtrn/MTRN4231_Project/build/custom_interfaces -- -j20 -l20
[10.082s] Invoking command in '/home/mtrn/MTRN4231_Project/build/custom_interfaces': CMAKE_PREFIX_PATH=${CMAKE_PREFIX_PATH}:/home/mtrn/MTRN4231_Project/install/ui:/home/mtrn/MTRN4231_Project/install/perception:/home/mtrn/MTRN4231_Project/install/gripper:/home/mtrn/MTRN4231_Project/install/chess_master:/home/mtrn/MTRN4231_Project/install/brain:/opt/ros/humble /home/mtrn/.local/bin/cmake --install /home/mtrn/MTRN4231_Project/build/custom_interfaces
[10.122s] -- Install configuration: ""
[10.122s] -- Installing: /home/mtrn/MTRN4231_Project/install/custom_interfaces/share/ament_index/resource_index/rosidl_interfaces/custom_interfaces
[10.122s] -- Installing: /home/mtrn/MTRN4231_Project/install/custom_interfaces/include/custom_interfaces/custom_interfaces
[10.122s] -- Installing: /home/mtrn/MTRN4231_Project/install/custom_interfaces/include/custom_interfaces/custom_interfaces/action
[10.122s] -- Installing: /home/mtrn/MTRN4231_Project/install/custom_interfaces/include/custom_interfaces/custom_interfaces/action/gripper_command.h
[10.122s] -- Installing: /home/mtrn/MTRN4231_Project/install/custom_interfaces/include/custom_interfaces/custom_interfaces/action/detail
[10.122s] -- Installing: /home/mtrn/MTRN4231_Project/install/custom_interfaces/include/custom_interfaces/custom_interfaces/action/detail/gripper_command__struct.h
[10.123s] -- Installing: /home/mtrn/MTRN4231_Project/install/custom_interfaces/include/custom_interfaces/custom_interfaces/action/detail/move_tcp__type_support.h
[10.123s] -- Installing: /home/mtrn/MTRN4231_Project/install/custom_interfaces/include/custom_interfaces/custom_interfaces/action/detail/gripper_command__type_support.h
[10.123s] -- Installing: /home/mtrn/MTRN4231_Project/install/custom_interfaces/include/custom_interfaces/custom_interfaces/action/detail/move_tcp__struct.h
[10.123s] -- Installing: /home/mtrn/MTRN4231_Project/install/custom_interfaces/include/custom_interfaces/custom_interfaces/action/detail/gripper_command__functions.c
[10.123s] -- Installing: /home/mtrn/MTRN4231_Project/install/custom_interfaces/include/custom_interfaces/custom_interfaces/action/detail/move_tcp__functions.h
[10.123s] -- Installing: /home/mtrn/MTRN4231_Project/install/custom_interfaces/include/custom_interfaces/custom_interfaces/action/detail/move_tcp__functions.c
[10.124s] -- Installing: /home/mtrn/MTRN4231_Project/install/custom_interfaces/include/custom_interfaces/custom_interfaces/action/detail/gripper_command__functions.h
[10.124s] -- Installing: /home/mtrn/MTRN4231_Project/install/custom_interfaces/include/custom_interfaces/custom_interfaces/action/move_tcp.h
[10.124s] -- Installing: /home/mtrn/MTRN4231_Project/install/custom_interfaces/include/custom_interfaces/custom_interfaces/msg
[10.124s] -- Installing: /home/mtrn/MTRN4231_Project/install/custom_interfaces/include/custom_interfaces/custom_interfaces/msg/rosidl_generator_c__visibility_control.h
[10.124s] -- Installing: /home/mtrn/MTRN4231_Project/install/custom_interfaces/share/custom_interfaces/environment/library_path.sh
[10.124s] -- Installing: /home/mtrn/MTRN4231_Project/install/custom_interfaces/share/custom_interfaces/environment/library_path.dsv
[10.124s] -- Installing: /home/mtrn/MTRN4231_Project/install/custom_interfaces/lib/libcustom_interfaces__rosidl_generator_c.so
[10.124s] -- Set runtime path of "/home/mtrn/MTRN4231_Project/install/custom_interfaces/lib/libcustom_interfaces__rosidl_generator_c.so" to ""
[10.124s] -- Up-to-date: /home/mtrn/MTRN4231_Project/install/custom_interfaces/include/custom_interfaces/custom_interfaces
[10.124s] -- Up-to-date: /home/mtrn/MTRN4231_Project/install/custom_interfaces/include/custom_interfaces/custom_interfaces/action
[10.124s] -- Up-to-date: /home/mtrn/MTRN4231_Project/install/custom_interfaces/include/custom_interfaces/custom_interfaces/action/detail
[10.125s] -- Installing: /home/mtrn/MTRN4231_Project/install/custom_interfaces/include/custom_interfaces/custom_interfaces/action/detail/gripper_command__rosidl_typesupport_fastrtps_c.h
[10.125s] -- Installing: /home/mtrn/MTRN4231_Project/install/custom_interfaces/include/custom_interfaces/custom_interfaces/action/detail/move_tcp__rosidl_typesupport_fastrtps_c.h
[10.125s] -- Up-to-date: /home/mtrn/MTRN4231_Project/install/custom_interfaces/include/custom_interfaces/custom_interfaces/msg
[10.125s] -- Installing: /home/mtrn/MTRN4231_Project/install/custom_interfaces/include/custom_interfaces/custom_interfaces/msg/rosidl_typesupport_fastrtps_c__visibility_control.h
[10.125s] -- Installing: /home/mtrn/MTRN4231_Project/install/custom_interfaces/lib/libcustom_interfaces__rosidl_typesupport_fastrtps_c.so
[10.125s] -- Set runtime path of "/home/mtrn/MTRN4231_Project/install/custom_interfaces/lib/libcustom_interfaces__rosidl_typesupport_fastrtps_c.so" to ""
[10.126s] -- Up-to-date: /home/mtrn/MTRN4231_Project/install/custom_interfaces/include/custom_interfaces/custom_interfaces
[10.126s] -- Up-to-date: /home/mtrn/MTRN4231_Project/install/custom_interfaces/include/custom_interfaces/custom_interfaces/action
[10.126s] -- Up-to-date: /home/mtrn/MTRN4231_Project/install/custom_interfaces/include/custom_interfaces/custom_interfaces/action/detail
[10.126s] -- Installing: /home/mtrn/MTRN4231_Project/install/custom_interfaces/include/custom_interfaces/custom_interfaces/action/detail/gripper_command__rosidl_typesupport_introspection_c.h
[10.126s] -- Installing: /home/mtrn/MTRN4231_Project/install/custom_interfaces/include/custom_interfaces/custom_interfaces/action/detail/gripper_command__type_support.c
[10.126s] -- Installing: /home/mtrn/MTRN4231_Project/install/custom_interfaces/include/custom_interfaces/custom_interfaces/action/detail/move_tcp__type_support.c
[10.126s] -- Installing: /home/mtrn/MTRN4231_Project/install/custom_interfaces/include/custom_interfaces/custom_interfaces/action/detail/move_tcp__rosidl_typesupport_introspection_c.h
[10.126s] -- Up-to-date: /home/mtrn/MTRN4231_Project/install/custom_interfaces/include/custom_interfaces/custom_interfaces/msg
[10.130s] -- Installing: /home/mtrn/MTRN4231_Project/install/custom_interfaces/include/custom_interfaces/custom_interfaces/msg/rosidl_typesupport_introspection_c__visibility_control.h
[10.130s] -- Installing: /home/mtrn/MTRN4231_Project/install/custom_interfaces/lib/libcustom_interfaces__rosidl_typesupport_introspection_c.so
[10.130s] -- Set runtime path of "/home/mtrn/MTRN4231_Project/install/custom_interfaces/lib/libcustom_interfaces__rosidl_typesupport_introspection_c.so" to ""
[10.130s] -- Installing: /home/mtrn/MTRN4231_Project/install/custom_interfaces/lib/libcustom_interfaces__rosidl_typesupport_c.so
[10.130s] -- Set runtime path of "/home/mtrn/MTRN4231_Project/install/custom_interfaces/lib/libcustom_interfaces__rosidl_typesupport_c.so" to ""
[10.130s] -- Up-to-date: /home/mtrn/MTRN4231_Project/install/custom_interfaces/include/custom_interfaces/custom_interfaces
[10.130s] -- Up-to-date: /home/mtrn/MTRN4231_Project/install/custom_interfaces/include/custom_interfaces/custom_interfaces/action
[10.130s] -- Installing: /home/mtrn/MTRN4231_Project/install/custom_interfaces/include/custom_interfaces/custom_interfaces/action/gripper_command.hpp
[10.130s] -- Up-to-date: /home/mtrn/MTRN4231_Project/install/custom_interfaces/include/custom_interfaces/custom_interfaces/action/detail
[10.130s] -- Installing: /home/mtrn/MTRN4231_Project/install/custom_interfaces/include/custom_interfaces/custom_interfaces/action/detail/move_tcp__builder.hpp
[10.131s] -- Installing: /home/mtrn/MTRN4231_Project/install/custom_interfaces/include/custom_interfaces/custom_interfaces/action/detail/move_tcp__struct.hpp
[10.131s] -- Installing: /home/mtrn/MTRN4231_Project/install/custom_interfaces/include/custom_interfaces/custom_interfaces/action/detail/gripper_command__traits.hpp
[10.131s] -- Installing: /home/mtrn/MTRN4231_Project/install/custom_interfaces/include/custom_interfaces/custom_interfaces/action/detail/gripper_command__builder.hpp
[10.131s] -- Installing: /home/mtrn/MTRN4231_Project/install/custom_interfaces/include/custom_interfaces/custom_interfaces/action/detail/gripper_command__struct.hpp
[10.131s] -- Installing: /home/mtrn/MTRN4231_Project/install/custom_interfaces/include/custom_interfaces/custom_interfaces/action/detail/move_tcp__traits.hpp
[10.131s] -- Installing: /home/mtrn/MTRN4231_Project/install/custom_interfaces/include/custom_interfaces/custom_interfaces/action/move_tcp.hpp
[10.131s] -- Up-to-date: /home/mtrn/MTRN4231_Project/install/custom_interfaces/include/custom_interfaces/custom_interfaces
[10.131s] -- Up-to-date: /home/mtrn/MTRN4231_Project/install/custom_interfaces/include/custom_interfaces/custom_interfaces/action
[10.131s] -- Up-to-date: /home/mtrn/MTRN4231_Project/install/custom_interfaces/include/custom_interfaces/custom_interfaces/action/detail
[10.131s] -- Installing: /home/mtrn/MTRN4231_Project/install/custom_interfaces/include/custom_interfaces/custom_interfaces/action/detail/move_tcp__rosidl_typesupport_fastrtps_cpp.hpp
[10.131s] -- Installing: /home/mtrn/MTRN4231_Project/install/custom_interfaces/include/custom_interfaces/custom_interfaces/action/detail/gripper_command__rosidl_typesupport_fastrtps_cpp.hpp
[10.131s] -- Installing: /home/mtrn/MTRN4231_Project/install/custom_interfaces/include/custom_interfaces/custom_interfaces/action/detail/dds_fastrtps
[10.131s] -- Up-to-date: /home/mtrn/MTRN4231_Project/install/custom_interfaces/include/custom_interfaces/custom_interfaces/msg
[10.131s] -- Installing: /home/mtrn/MTRN4231_Project/install/custom_interfaces/include/custom_interfaces/custom_interfaces/msg/rosidl_typesupport_fastrtps_cpp__visibility_control.h
[10.131s] -- Installing: /home/mtrn/MTRN4231_Project/install/custom_interfaces/lib/libcustom_interfaces__rosidl_typesupport_fastrtps_cpp.so
[10.131s] -- Set runtime path of "/home/mtrn/MTRN4231_Project/install/custom_interfaces/lib/libcustom_interfaces__rosidl_typesupport_fastrtps_cpp.so" to ""
[10.131s] -- Up-to-date: /home/mtrn/MTRN4231_Project/install/custom_interfaces/include/custom_interfaces/custom_interfaces
[10.131s] -- Up-to-date: /home/mtrn/MTRN4231_Project/install/custom_interfaces/include/custom_interfaces/custom_interfaces/action
[10.131s] -- Up-to-date: /home/mtrn/MTRN4231_Project/install/custom_interfaces/include/custom_interfaces/custom_interfaces/action/detail
[10.132s] -- Installing: /home/mtrn/MTRN4231_Project/install/custom_interfaces/include/custom_interfaces/custom_interfaces/action/detail/gripper_command__rosidl_typesupport_introspection_cpp.hpp
[10.132s] -- Installing: /home/mtrn/MTRN4231_Project/install/custom_interfaces/include/custom_interfaces/custom_interfaces/action/detail/move_tcp__type_support.cpp
[10.132s] -- Installing: /home/mtrn/MTRN4231_Project/install/custom_interfaces/include/custom_interfaces/custom_interfaces/action/detail/move_tcp__rosidl_typesupport_introspection_cpp.hpp
[10.132s] -- Installing: /home/mtrn/MTRN4231_Project/install/custom_interfaces/include/custom_interfaces/custom_interfaces/action/detail/gripper_command__type_support.cpp
[10.132s] -- Installing: /home/mtrn/MTRN4231_Project/install/custom_interfaces/lib/libcustom_interfaces__rosidl_typesupport_introspection_cpp.so
[10.132s] -- Set runtime path of "/home/mtrn/MTRN4231_Project/install/custom_interfaces/lib/libcustom_interfaces__rosidl_typesupport_introspection_cpp.so" to ""
[10.132s] -- Installing: /home/mtrn/MTRN4231_Project/install/custom_interfaces/lib/libcustom_interfaces__rosidl_typesupport_cpp.so
[10.132s] -- Set runtime path of "/home/mtrn/MTRN4231_Project/install/custom_interfaces/lib/libcustom_interfaces__rosidl_typesupport_cpp.so" to ""
[10.132s] -- Installing: /home/mtrn/MTRN4231_Project/install/custom_interfaces/share/custom_interfaces/environment/pythonpath.sh
[10.132s] -- Installing: /home/mtrn/MTRN4231_Project/install/custom_interfaces/share/custom_interfaces/environment/pythonpath.dsv
[10.132s] -- Installing: /home/mtrn/MTRN4231_Project/install/custom_interfaces/local/lib/python3.10/dist-packages/custom_interfaces-0.0.0-py3.10.egg-info
[10.132s] -- Installing: /home/mtrn/MTRN4231_Project/install/custom_interfaces/local/lib/python3.10/dist-packages/custom_interfaces-0.0.0-py3.10.egg-info/PKG-INFO
[10.134s] -- Installing: /home/mtrn/MTRN4231_Project/install/custom_interfaces/local/lib/python3.10/dist-packages/custom_interfaces-0.0.0-py3.10.egg-info/top_level.txt
[10.134s] -- Installing: /home/mtrn/MTRN4231_Project/install/custom_interfaces/local/lib/python3.10/dist-packages/custom_interfaces-0.0.0-py3.10.egg-info/dependency_links.txt
[10.134s] -- Installing: /home/mtrn/MTRN4231_Project/install/custom_interfaces/local/lib/python3.10/dist-packages/custom_interfaces-0.0.0-py3.10.egg-info/SOURCES.txt
[10.134s] -- Installing: /home/mtrn/MTRN4231_Project/install/custom_interfaces/local/lib/python3.10/dist-packages/custom_interfaces
[10.134s] -- Installing: /home/mtrn/MTRN4231_Project/install/custom_interfaces/local/lib/python3.10/dist-packages/custom_interfaces/custom_interfaces_s__rosidl_typesupport_introspection_c.cpython-310-x86_64-linux-gnu.so
[10.134s] -- Installing: /home/mtrn/MTRN4231_Project/install/custom_interfaces/local/lib/python3.10/dist-packages/custom_interfaces/_custom_interfaces_s.ep.rosidl_typesupport_fastrtps_c.c
[10.135s] -- Installing: /home/mtrn/MTRN4231_Project/install/custom_interfaces/local/lib/python3.10/dist-packages/custom_interfaces/libcustom_interfaces__rosidl_generator_py.so
[10.135s] -- Installing: /home/mtrn/MTRN4231_Project/install/custom_interfaces/local/lib/python3.10/dist-packages/custom_interfaces/__init__.py
[10.135s] -- Installing: /home/mtrn/MTRN4231_Project/install/custom_interfaces/local/lib/python3.10/dist-packages/custom_interfaces/action
[10.135s] -- Installing: /home/mtrn/MTRN4231_Project/install/custom_interfaces/local/lib/python3.10/dist-packages/custom_interfaces/action/_gripper_command.py
[10.135s] -- Installing: /home/mtrn/MTRN4231_Project/install/custom_interfaces/local/lib/python3.10/dist-packages/custom_interfaces/action/__init__.py
[10.136s] -- Installing: /home/mtrn/MTRN4231_Project/install/custom_interfaces/local/lib/python3.10/dist-packages/custom_interfaces/action/_move_tcp_s.c
[10.136s] -- Installing: /home/mtrn/MTRN4231_Project/install/custom_interfaces/local/lib/python3.10/dist-packages/custom_interfaces/action/_move_tcp.py
[10.136s] -- Installing: /home/mtrn/MTRN4231_Project/install/custom_interfaces/local/lib/python3.10/dist-packages/custom_interfaces/action/_gripper_command_s.c
[10.136s] -- Installing: /home/mtrn/MTRN4231_Project/install/custom_interfaces/local/lib/python3.10/dist-packages/custom_interfaces/custom_interfaces_s__rosidl_typesupport_c.cpython-310-x86_64-linux-gnu.so
[10.136s] -- Installing: /home/mtrn/MTRN4231_Project/install/custom_interfaces/local/lib/python3.10/dist-packages/custom_interfaces/custom_interfaces_s__rosidl_typesupport_fastrtps_c.cpython-310-x86_64-linux-gnu.so
[10.136s] -- Installing: /home/mtrn/MTRN4231_Project/install/custom_interfaces/local/lib/python3.10/dist-packages/custom_interfaces/_custom_interfaces_s.ep.rosidl_typesupport_c.c
[10.136s] -- Installing: /home/mtrn/MTRN4231_Project/install/custom_interfaces/local/lib/python3.10/dist-packages/custom_interfaces/_custom_interfaces_s.ep.rosidl_typesupport_introspection_c.c
[10.204s] Listing '/home/mtrn/MTRN4231_Project/install/custom_interfaces/local/lib/python3.10/dist-packages/custom_interfaces'...
[10.204s] Compiling '/home/mtrn/MTRN4231_Project/install/custom_interfaces/local/lib/python3.10/dist-packages/custom_interfaces/__init__.py'...
[10.204s] Listing '/home/mtrn/MTRN4231_Project/install/custom_interfaces/local/lib/python3.10/dist-packages/custom_interfaces/action'...
[10.204s] Compiling '/home/mtrn/MTRN4231_Project/install/custom_interfaces/local/lib/python3.10/dist-packages/custom_interfaces/action/__init__.py'...
[10.204s] Compiling '/home/mtrn/MTRN4231_Project/install/custom_interfaces/local/lib/python3.10/dist-packages/custom_interfaces/action/_gripper_command.py'...
[10.204s] Compiling '/home/mtrn/MTRN4231_Project/install/custom_interfaces/local/lib/python3.10/dist-packages/custom_interfaces/action/_move_tcp.py'...
[10.213s] -- Installing: /home/mtrn/MTRN4231_Project/install/custom_interfaces/local/lib/python3.10/dist-packages/custom_interfaces/custom_interfaces_s__rosidl_typesupport_fastrtps_c.cpython-310-x86_64-linux-gnu.so
[10.213s] -- Set runtime path of "/home/mtrn/MTRN4231_Project/install/custom_interfaces/local/lib/python3.10/dist-packages/custom_interfaces/custom_interfaces_s__rosidl_typesupport_fastrtps_c.cpython-310-x86_64-linux-gnu.so" to ""
[10.214s] -- Installing: /home/mtrn/MTRN4231_Project/install/custom_interfaces/local/lib/python3.10/dist-packages/custom_interfaces/custom_interfaces_s__rosidl_typesupport_introspection_c.cpython-310-x86_64-linux-gnu.so
[10.214s] -- Set runtime path of "/home/mtrn/MTRN4231_Project/install/custom_interfaces/local/lib/python3.10/dist-packages/custom_interfaces/custom_interfaces_s__rosidl_typesupport_introspection_c.cpython-310-x86_64-linux-gnu.so" to ""
[10.214s] -- Installing: /home/mtrn/MTRN4231_Project/install/custom_interfaces/local/lib/python3.10/dist-packages/custom_interfaces/custom_interfaces_s__rosidl_typesupport_c.cpython-310-x86_64-linux-gnu.so
[10.214s] -- Set runtime path of "/home/mtrn/MTRN4231_Project/install/custom_interfaces/local/lib/python3.10/dist-packages/custom_interfaces/custom_interfaces_s__rosidl_typesupport_c.cpython-310-x86_64-linux-gnu.so" to ""
[10.214s] -- Installing: /home/mtrn/MTRN4231_Project/install/custom_interfaces/lib/libcustom_interfaces__rosidl_generator_py.so
[10.215s] -- Set runtime path of "/home/mtrn/MTRN4231_Project/install/custom_interfaces/lib/libcustom_interfaces__rosidl_generator_py.so" to ""
[10.215s] -- Installing: /home/mtrn/MTRN4231_Project/install/custom_interfaces/share/custom_interfaces/action/MoveTCP.idl
[10.215s] -- Installing: /home/mtrn/MTRN4231_Project/install/custom_interfaces/share/custom_interfaces/action/GripperCommand.idl
[10.215s] -- Installing: /home/mtrn/MTRN4231_Project/install/custom_interfaces/share/custom_interfaces/action/MoveTCP.action
[10.215s] -- Installing: /home/mtrn/MTRN4231_Project/install/custom_interfaces/share/custom_interfaces/action/GripperCommand.action
[10.215s] -- Up-to-date: /home/mtrn/MTRN4231_Project/install/custom_interfaces/share/custom_interfaces/action
[10.215s] -- Up-to-date: /home/mtrn/MTRN4231_Project/install/custom_interfaces/share/custom_interfaces/action/GripperCommand.action
[10.215s] -- Up-to-date: /home/mtrn/MTRN4231_Project/install/custom_interfaces/share/custom_interfaces/action/MoveTCP.action
[10.215s] -- Installing: /home/mtrn/MTRN4231_Project/install/custom_interfaces/share/ament_index/resource_index/package_run_dependencies/custom_interfaces
[10.215s] -- Installing: /home/mtrn/MTRN4231_Project/install/custom_interfaces/share/ament_index/resource_index/parent_prefix_path/custom_interfaces
[10.215s] -- Installing: /home/mtrn/MTRN4231_Project/install/custom_interfaces/share/custom_interfaces/environment/ament_prefix_path.sh
[10.215s] -- Installing: /home/mtrn/MTRN4231_Project/install/custom_interfaces/share/custom_interfaces/environment/ament_prefix_path.dsv
[10.216s] -- Installing: /home/mtrn/MTRN4231_Project/install/custom_interfaces/share/custom_interfaces/environment/path.sh
[10.216s] -- Installing: /home/mtrn/MTRN4231_Project/install/custom_interfaces/share/custom_interfaces/environment/path.dsv
[10.216s] -- Installing: /home/mtrn/MTRN4231_Project/install/custom_interfaces/share/custom_interfaces/local_setup.bash
[10.216s] -- Installing: /home/mtrn/MTRN4231_Project/install/custom_interfaces/share/custom_interfaces/local_setup.sh
[10.216s] -- Installing: /home/mtrn/MTRN4231_Project/install/custom_interfaces/share/custom_interfaces/local_setup.zsh
[10.216s] -- Installing: /home/mtrn/MTRN4231_Project/install/custom_interfaces/share/custom_interfaces/local_setup.dsv
[10.216s] -- Installing: /home/mtrn/MTRN4231_Project/install/custom_interfaces/share/custom_interfaces/package.dsv
[10.216s] -- Installing: /home/mtrn/MTRN4231_Project/install/custom_interfaces/share/ament_index/resource_index/packages/custom_interfaces
[10.216s] -- Installing: /home/mtrn/MTRN4231_Project/install/custom_interfaces/share/custom_interfaces/cmake/export_custom_interfaces__rosidl_generator_cExport.cmake
[10.216s] -- Installing: /home/mtrn/MTRN4231_Project/install/custom_interfaces/share/custom_interfaces/cmake/export_custom_interfaces__rosidl_generator_cExport-noconfig.cmake
[10.217s] -- Installing: /home/mtrn/MTRN4231_Project/install/custom_interfaces/share/custom_interfaces/cmake/export_custom_interfaces__rosidl_typesupport_fastrtps_cExport.cmake
[10.217s] -- Installing: /home/mtrn/MTRN4231_Project/install/custom_interfaces/share/custom_interfaces/cmake/export_custom_interfaces__rosidl_typesupport_fastrtps_cExport-noconfig.cmake
[10.217s] -- Installing: /home/mtrn/MTRN4231_Project/install/custom_interfaces/share/custom_interfaces/cmake/custom_interfaces__rosidl_typesupport_introspection_cExport.cmake
[10.217s] -- Installing: /home/mtrn/MTRN4231_Project/install/custom_interfaces/share/custom_interfaces/cmake/custom_interfaces__rosidl_typesupport_introspection_cExport-noconfig.cmake
[10.217s] -- Installing: /home/mtrn/MTRN4231_Project/install/custom_interfaces/share/custom_interfaces/cmake/custom_interfaces__rosidl_typesupport_cExport.cmake
[10.217s] -- Installing: /home/mtrn/MTRN4231_Project/install/custom_interfaces/share/custom_interfaces/cmake/custom_interfaces__rosidl_typesupport_cExport-noconfig.cmake
[10.217s] -- Installing: /home/mtrn/MTRN4231_Project/install/custom_interfaces/share/custom_interfaces/cmake/export_custom_interfaces__rosidl_generator_cppExport.cmake
[10.217s] -- Installing: /home/mtrn/MTRN4231_Project/install/custom_interfaces/share/custom_interfaces/cmake/export_custom_interfaces__rosidl_typesupport_fastrtps_cppExport.cmake
[10.217s] -- Installing: /home/mtrn/MTRN4231_Project/install/custom_interfaces/share/custom_interfaces/cmake/export_custom_interfaces__rosidl_typesupport_fastrtps_cppExport-noconfig.cmake
[10.217s] -- Installing: /home/mtrn/MTRN4231_Project/install/custom_interfaces/share/custom_interfaces/cmake/custom_interfaces__rosidl_typesupport_introspection_cppExport.cmake
[10.218s] -- Installing: /home/mtrn/MTRN4231_Project/install/custom_interfaces/share/custom_interfaces/cmake/custom_interfaces__rosidl_typesupport_introspection_cppExport-noconfig.cmake
[10.218s] -- Installing: /home/mtrn/MTRN4231_Project/install/custom_interfaces/share/custom_interfaces/cmake/custom_interfaces__rosidl_typesupport_cppExport.cmake
[10.218s] -- Installing: /home/mtrn/MTRN4231_Project/install/custom_interfaces/share/custom_interfaces/cmake/custom_interfaces__rosidl_typesupport_cppExport-noconfig.cmake
[10.218s] -- Installing: /home/mtrn/MTRN4231_Project/install/custom_interfaces/share/custom_interfaces/cmake/export_custom_interfaces__rosidl_generator_pyExport.cmake
[10.218s] -- Installing: /home/mtrn/MTRN4231_Project/install/custom_interfaces/share/custom_interfaces/cmake/export_custom_interfaces__rosidl_generator_pyExport-noconfig.cmake
[10.218s] -- Installing: /home/mtrn/MTRN4231_Project/install/custom_interfaces/share/custom_interfaces/cmake/rosidl_cmake-extras.cmake
[10.218s] -- Installing: /home/mtrn/MTRN4231_Project/install/custom_interfaces/share/custom_interfaces/cmake/ament_cmake_export_dependencies-extras.cmake
[10.218s] -- Installing: /home/mtrn/MTRN4231_Project/install/custom_interfaces/share/custom_interfaces/cmake/ament_cmake_export_include_directories-extras.cmake
[10.218s] -- Installing: /home/mtrn/MTRN4231_Project/install/custom_interfaces/share/custom_interfaces/cmake/ament_cmake_export_libraries-extras.cmake
[10.218s] -- Installing: /home/mtrn/MTRN4231_Project/install/custom_interfaces/share/custom_interfaces/cmake/ament_cmake_export_targets-extras.cmake
[10.219s] -- Installing: /home/mtrn/MTRN4231_Project/install/custom_interfaces/share/custom_interfaces/cmake/rosidl_cmake_export_typesupport_targets-extras.cmake
[10.219s] -- Installing: /home/mtrn/MTRN4231_Project/install/custom_interfaces/share/custom_interfaces/cmake/rosidl_cmake_export_typesupport_libraries-extras.cmake
[10.219s] -- Installing: /home/mtrn/MTRN4231_Project/install/custom_interfaces/share/custom_interfaces/cmake/custom_interfacesConfig.cmake
[10.219s] -- Installing: /home/mtrn/MTRN4231_Project/install/custom_interfaces/share/custom_interfaces/cmake/custom_interfacesConfig-version.cmake
[10.219s] -- Installing: /home/mtrn/MTRN4231_Project/install/custom_interfaces/share/custom_interfaces/package.xml
[10.236s] Invoked command in '/home/mtrn/MTRN4231_Project/build/custom_interfaces' returned '0': CMAKE_PREFIX_PATH=${CMAKE_PREFIX_PATH}:/home/mtrn/MTRN4231_Project/install/ui:/home/mtrn/MTRN4231_Project/install/perception:/home/mtrn/MTRN4231_Project/install/gripper:/home/mtrn/MTRN4231_Project/install/chess_master:/home/mtrn/MTRN4231_Project/install/brain:/opt/ros/humble /home/mtrn/.local/bin/cmake --install /home/mtrn/MTRN4231_Project/build/custom_interfaces
