In file included from [01m[K/usr/include/c++/11/pstl/glue_algorithm_defs.h:13[m[K,
                 from [01m[K/usr/include/c++/11/algorithm:74[m[K,
                 from [01m[K/opt/ros/humble/include/sensor_msgs/sensor_msgs/msg/detail/joint_state__struct.hpp:8[m[K,
                 from [01m[K/opt/ros/humble/include/sensor_msgs/sensor_msgs/msg/joint_state.hpp:7[m[K,
                 from [01m[K/home/mtrn/MTRN4231_project/src/arm_controller/src/arm_controller_node.cpp:11[m[K:
/usr/include/c++/11/functional: In instantiation of ‘[01m[Kstruct std::_Bind_check_arity<rclcpp_action::GoalResponse (ArmController::*)(const std::array<unsigned char, 16>&, std::shared_ptr<const custom_interfaces::action::MoveTCP_Goal_<std::allocator<void> > >), ArmController*, const std::_Placeholder<1>&>[m[K’:
[01m[K/usr/include/c++/11/functional:768:12:[m[K   required from ‘[01m[Kstruct std::_Bind_helper<false, rclcpp_action::GoalResponse (ArmController::*)(const std::array<unsigned char, 16>&, std::shared_ptr<const custom_interfaces::action::MoveTCP_Goal_<std::allocator<void> > >), ArmController*, const std::_Placeholder<1>&>[m[K’
[01m[K/usr/include/c++/11/functional:789:5:[m[K   required by substitution of ‘[01m[Ktemplate<class _Func, class ... _BoundArgs> typename std::_Bind_helper<std::__is_socketlike<_Func>::value, _Func, _BoundArgs ...>::type std::bind(_Func&&, _BoundArgs&& ...) [with _Func = rclcpp_action::GoalResponse (ArmController::*)(const std::array<unsigned char, 16>&, std::shared_ptr<const custom_interfaces::action::MoveTCP_Goal_<std::allocator<void> > >); _BoundArgs = {ArmController*, const std::_Placeholder<1>&}][m[K’
[01m[K/home/mtrn/MTRN4231_project/src/arm_controller/src/arm_controller_node.cpp:162:16:[m[K   required from here
[01m[K/usr/include/c++/11/functional:756:21:[m[K [01;31m[Kerror: [m[Kstatic assertion failed: Wrong number of arguments for pointer-to-member
  755 |       static_assert(_Varargs::[01;31m[Kvalue[m[K
      |                               [01;31m[K~~~~~[m[K
  756 | [01;31m[K                    ? sizeof...(_BoundArgs) >= _Arity::value + 1[m[K
      |                     [01;31m[K^~~~~~~~~~~~~~~~~~~~~~~~~~~~~~~~~~~~~~~~~~~~[m[K
  757 | [01;31m[K                    : sizeof...(_BoundArgs) == _Arity::value + 1[m[K,
      |                     [01;31m[K~~~~~~~~~~~~~~~~~~~~~~~~~~~~~~~~~~~~~~~~~~~~[m[K
[01m[K/usr/include/c++/11/functional:756:21:[m[K [01;36m[Knote: [m[K‘[01m[K(false ? (2 >= (((long unsigned int)std::integral_constant<long unsigned int, 2>::value) + 1)) : (2 == (((long unsigned int)std::integral_constant<long unsigned int, 2>::value) + 1)))[m[K’ evaluates to false
[01m[K/home/mtrn/MTRN4231_project/src/arm_controller/src/arm_controller_node.cpp:[m[K In member function ‘[01m[Kvoid ArmController::late_init()[m[K’:
[01m[K/home/mtrn/MTRN4231_project/src/arm_controller/src/arm_controller_node.cpp:159:49:[m[K [01;31m[Kerror: [m[Kno matching function for call to ‘[01m[Kcreate_server<custom_interfaces::action::MoveTCP>(std::shared_ptr<rclcpp::Node>&, const char [15], std::_Bind_helper<false, rclcpp_action::GoalResponse (ArmController::*)(const std::array<unsigned char, 16>&, std::shared_ptr<const custom_interfaces::action::MoveTCP_Goal_<std::allocator<void> > >), ArmController*, const std::_Placeholder<1>&>::type, std::_Bind_helper<false, rclcpp_action::CancelResponse (ArmController::*)(std::shared_ptr<rclcpp_action::ServerGoalHandle<custom_interfaces::action::MoveTCP> >), ArmController*, const std::_Placeholder<1>&>::type, std::_Bind_helper<false, void (ArmController::*)(std::shared_ptr<rclcpp_action::ServerGoalHandle<custom_interfaces::action::MoveTCP> >), ArmController*, const std::_Placeholder<1>&>::type)[m[K’
  159 |     action_server_ = [01;31m[Krca::create_server<MoveTCP>([m[K
      |                      [01;31m[K~~~~~~~~~~~~~~~~~~~~~~~~~~~^[m[K
  160 | [01;31m[K      node,[m[K
      |       [01;31m[K~~~~~[m[K                                      
  161 | [01;31m[K      "arm/pick_place",[m[K
      |       [01;31m[K~~~~~~~~~~~~~~~~~[m[K                          
  162 | [01;31m[K      std::bind(&ArmController::handle_goal,     this, std::placeholders::_1),[m[K
      |       [01;31m[K~~~~~~~~~~~~~~~~~~~~~~~~~~~~~~~~~~~~~~~~~~~~~~~~~~~~~~~~~~~~~~~~~~~~~~~~[m[K
  163 | [01;31m[K      std::bind(&ArmController::handle_cancel,   this, std::placeholders::_1),[m[K
      |       [01;31m[K~~~~~~~~~~~~~~~~~~~~~~~~~~~~~~~~~~~~~~~~~~~~~~~~~~~~~~~~~~~~~~~~~~~~~~~~[m[K
  164 | [01;31m[K      std::bind(&ArmController::handle_accepted, this, std::placeholders::_1))[m[K;
      |       [01;31m[K~~~~~~~~~~~~~~~~~~~~~~~~~~~~~~~~~~~~~~~~~~~~~~~~~~~~~~~~~~~~~~~~~~~~~~~~[m[K
In file included from [01m[K/opt/ros/humble/include/rclcpp_action/rclcpp_action/rclcpp_action.hpp:39[m[K,
                 from [01m[K/home/mtrn/MTRN4231_project/src/arm_controller/src/arm_controller_node.cpp:15[m[K:
[01m[K/opt/ros/humble/include/rclcpp_action/rclcpp_action/create_server.hpp:58:1:[m[K [01;36m[Knote: [m[Kcandidate: ‘[01m[Ktypename rclcpp_action::Server<ActionT>::SharedPtr rclcpp_action::create_server(rclcpp::node_interfaces::NodeBaseInterface::SharedPtr, rclcpp::node_interfaces::NodeClockInterface::SharedPtr, rclcpp::node_interfaces::NodeLoggingInterface::SharedPtr, rclcpp::node_interfaces::NodeWaitablesInterface::SharedPtr, const string&, typename rclcpp_action::Server<ActionT>::GoalCallback, typename rclcpp_action::Server<ActionT>::CancelCallback, typename rclcpp_action::Server<ActionT>::AcceptedCallback, const rcl_action_server_options_t&, rclcpp::CallbackGroup::SharedPtr) [with ActionT = custom_interfaces::action::MoveTCP; typename rclcpp_action::Server<ActionT>::SharedPtr = std::shared_ptr<rclcpp_action::Server<custom_interfaces::action::MoveTCP> >; rclcpp::node_interfaces::NodeBaseInterface::SharedPtr = std::shared_ptr<rclcpp::node_interfaces::NodeBaseInterface>; rclcpp::node_interfaces::NodeClockInterface::SharedPtr = std::shared_ptr<rclcpp::node_interfaces::NodeClockInterface>; rclcpp::node_interfaces::NodeLoggingInterface::SharedPtr = std::shared_ptr<rclcpp::node_interfaces::NodeLoggingInterface>; rclcpp::node_interfaces::NodeWaitablesInterface::SharedPtr = std::shared_ptr<rclcpp::node_interfaces::NodeWaitablesInterface>; std::string = std::__cxx11::basic_string<char>; typename rclcpp_action::Server<ActionT>::GoalCallback = std::function<rclcpp_action::GoalResponse(const std::array<unsigned char, 16>&, std::shared_ptr<const custom_interfaces::action::MoveTCP_Goal_<std::allocator<void> > >)>; typename rclcpp_action::Server<ActionT>::CancelCallback = std::function<rclcpp_action::CancelResponse(std::shared_ptr<rclcpp_action::ServerGoalHandle<custom_interfaces::action::MoveTCP> >)>; typename rclcpp_action::Server<ActionT>::AcceptedCallback = std::function<void(std::shared_ptr<rclcpp_action::ServerGoalHandle<custom_interfaces::action::MoveTCP> >)>; rcl_action_server_options_t = rcl_action_server_options_s; rclcpp::CallbackGroup::SharedPtr = std::shared_ptr<rclcpp::CallbackGroup>][m[K’
   58 | [01;36m[Kcreate_server[m[K(
      | [01;36m[K^~~~~~~~~~~~~[m[K
[01m[K/opt/ros/humble/include/rclcpp_action/rclcpp_action/create_server.hpp:58:1:[m[K [01;36m[Knote: [m[K  candidate expects 10 arguments, 5 provided
[01m[K/opt/ros/humble/include/rclcpp_action/rclcpp_action/create_server.hpp:132:1:[m[K [01;36m[Knote: [m[Kcandidate: ‘[01m[Ktemplate<class ActionT, class NodeT> typename rclcpp_action::Server<ActionT>::SharedPtr rclcpp_action::create_server(NodeT, const string&, typename rclcpp_action::Server<ActionT>::GoalCallback, typename rclcpp_action::Server<ActionT>::CancelCallback, typename rclcpp_action::Server<ActionT>::AcceptedCallback, const rcl_action_server_options_t&, rclcpp::CallbackGroup::SharedPtr)[m[K’
  132 | [01;36m[Kcreate_server[m[K(
      | [01;36m[K^~~~~~~~~~~~~[m[K
[01m[K/opt/ros/humble/include/rclcpp_action/rclcpp_action/create_server.hpp:132:1:[m[K [01;36m[Knote: [m[K  template argument deduction/substitution failed:
[01m[K/home/mtrn/MTRN4231_project/src/arm_controller/src/arm_controller_node.cpp:162:16:[m[K [01;36m[Knote: [m[K  cannot convert ‘[01m[Kstd::bind(_Func&&, _BoundArgs&& ...) [with _Func = rclcpp_action::GoalResponse (ArmController::*)(const std::array<unsigned char, 16>&, std::shared_ptr<const custom_interfaces::action::MoveTCP_Goal_<std::allocator<void> > >); _BoundArgs = {ArmController*, const std::_Placeholder<1>&}; typename std::_Bind_helper<std::__is_socketlike<_Func>::value, _Func, _BoundArgs ...>::type = std::_Bind_helper<false, rclcpp_action::GoalResponse (ArmController::*)(const std::array<unsigned char, 16>&, std::shared_ptr<const custom_interfaces::action::MoveTCP_Goal_<std::allocator<void> > >), ArmController*, const std::_Placeholder<1>&>::type; std::__is_socketlike<_Func> = std::__is_socketlike<rclcpp_action::GoalResponse (ArmController::*)(const std::array<unsigned char, 16>&, std::shared_ptr<const custom_interfaces::action::MoveTCP_Goal_<std::allocator<void> > >), rclcpp_action::GoalResponse (ArmController::*)(const std::array<unsigned char, 16>&, std::shared_ptr<const custom_interfaces::action::MoveTCP_Goal_<std::allocator<void> > >)>; typename std::decay<_Tp>::type = rclcpp_action::GoalResponse (ArmController::*)(const std::array<unsigned char, 16>&, std::shared_ptr<const custom_interfaces::action::MoveTCP_Goal_<std::allocator<void> > >)](((ArmController*)this), std::placeholders::_1)[m[K’ (type ‘[01m[Kstd::_Bind_helper<false, rclcpp_action::GoalResponse (ArmController::*)(const std::array<unsigned char, 16>&, std::shared_ptr<const custom_interfaces::action::MoveTCP_Goal_<std::allocator<void> > >), ArmController*, const std::_Placeholder<1>&>::type[m[K’) to type ‘[01m[Krclcpp_action::Server<custom_interfaces::action::MoveTCP>::GoalCallback[m[K’ {aka ‘[01m[Kstd::function<rclcpp_action::GoalResponse(const std::array<unsigned char, 16>&, std::shared_ptr<const custom_interfaces::action::MoveTCP_Goal_<std::allocator<void> > >)>[m[K’}
  162 |       [01;36m[Kstd::bind(&ArmController::handle_goal,     this, std::placeholders::_1)[m[K,
      |       [01;36m[K~~~~~~~~~^~~~~~~~~~~~~~~~~~~~~~~~~~~~~~~~~~~~~~~~~~~~~~~~~~~~~~~~~~~~~~[m[K
gmake[2]: *** [CMakeFiles/arm_controller_node.dir/build.make:76: CMakeFiles/arm_controller_node.dir/src/arm_controller_node.cpp.o] Error 1
gmake[1]: *** [CMakeFiles/Makefile2:139: CMakeFiles/arm_controller_node.dir/all] Error 2
gmake: *** [Makefile:146: all] Error 2
