[0.025s] Invoking command in '/home/dev/Desktop/MTRN4231_Project/build/arm_controller': CMAKE_PREFIX_PATH=/home/dev/Desktop/MTRN4231_Project/install/custom_interfaces:/home/dev/Desktop/MTRN4231_Project/install/ur5e_moveit_config_custom:/home/dev/Desktop/MTRN4231_Project/install/ur5e_custom_description:/home/dev/Desktop/MTRN4231_Project/install/end_effector_description:/home/dev/Desktop/MTRN4231_Project/install/arm_controller:/opt/ros/humble /usr/bin/cmake --build /home/dev/Desktop/MTRN4231_Project/build/arm_controller -- -j12 -l12
[0.099s] [35m[1mConsolidate compiler generated dependencies of target arm_controller_node[0m
[0.129s] [ 50%] Built target moveit_constrain_ur
[0.147s] [ 75%] [32mBuilding CXX object CMakeFiles/arm_controller_node.dir/src/arm_controller_node.cpp.o[0m
[11.756s] [100%] [32m[1mLinking CXX executable arm_controller_node[0m
[12.503s] [100%] Built target arm_controller_node
[12.515s] Invoked command in '/home/dev/Desktop/MTRN4231_Project/build/arm_controller' returned '0': CMAKE_PREFIX_PATH=/home/dev/Desktop/MTRN4231_Project/install/custom_interfaces:/home/dev/Desktop/MTRN4231_Project/install/ur5e_moveit_config_custom:/home/dev/Desktop/MTRN4231_Project/install/ur5e_custom_description:/home/dev/Desktop/MTRN4231_Project/install/end_effector_description:/home/dev/Desktop/MTRN4231_Project/install/arm_controller:/opt/ros/humble /usr/bin/cmake --build /home/dev/Desktop/MTRN4231_Project/build/arm_controller -- -j12 -l12
[12.517s] Invoking command in '/home/dev/Desktop/MTRN4231_Project/build/arm_controller': CMAKE_PREFIX_PATH=/home/dev/Desktop/MTRN4231_Project/install/custom_interfaces:/home/dev/Desktop/MTRN4231_Project/install/ur5e_moveit_config_custom:/home/dev/Desktop/MTRN4231_Project/install/ur5e_custom_description:/home/dev/Desktop/MTRN4231_Project/install/end_effector_description:/home/dev/Desktop/MTRN4231_Project/install/arm_controller:/opt/ros/humble /usr/bin/cmake --install /home/dev/Desktop/MTRN4231_Project/build/arm_controller
[12.524s] -- Install configuration: ""
[12.525s] -- Installing: /home/dev/Desktop/MTRN4231_Project/install/arm_controller/lib/arm_controller/arm_controller_node
[12.527s] -- Set runtime path of "/home/dev/Desktop/MTRN4231_Project/install/arm_controller/lib/arm_controller/arm_controller_node" to ""
[12.527s] -- Up-to-date: /home/dev/Desktop/MTRN4231_Project/install/arm_controller/share/arm_controller/launch
[12.527s] -- Up-to-date: /home/dev/Desktop/MTRN4231_Project/install/arm_controller/share/arm_controller/launch/arm_controller.launch.py
[12.527s] -- Up-to-date: /home/dev/Desktop/MTRN4231_Project/install/arm_controller/share/arm_controller/launch/view_combined.launch.py
[12.527s] -- Up-to-date: /home/dev/Desktop/MTRN4231_Project/install/arm_controller/share/arm_controller/urdf
[12.527s] -- Up-to-date: /home/dev/Desktop/MTRN4231_Project/install/arm_controller/share/arm_controller/urdf/ur5e_with_tool.urdf.xacro
[12.527s] -- Up-to-date: /home/dev/Desktop/MTRN4231_Project/install/arm_controller/share/ament_index/resource_index/package_run_dependencies/arm_controller
[12.527s] -- Up-to-date: /home/dev/Desktop/MTRN4231_Project/install/arm_controller/share/ament_index/resource_index/parent_prefix_path/arm_controller
[12.527s] -- Up-to-date: /home/dev/Desktop/MTRN4231_Project/install/arm_controller/share/arm_controller/environment/ament_prefix_path.sh
[12.527s] -- Up-to-date: /home/dev/Desktop/MTRN4231_Project/install/arm_controller/share/arm_controller/environment/ament_prefix_path.dsv
[12.527s] -- Up-to-date: /home/dev/Desktop/MTRN4231_Project/install/arm_controller/share/arm_controller/environment/path.sh
[12.527s] -- Up-to-date: /home/dev/Desktop/MTRN4231_Project/install/arm_controller/share/arm_controller/environment/path.dsv
[12.528s] -- Up-to-date: /home/dev/Desktop/MTRN4231_Project/install/arm_controller/share/arm_controller/local_setup.bash
[12.528s] -- Up-to-date: /home/dev/Desktop/MTRN4231_Project/install/arm_controller/share/arm_controller/local_setup.sh
[12.528s] -- Up-to-date: /home/dev/Desktop/MTRN4231_Project/install/arm_controller/share/arm_controller/local_setup.zsh
[12.528s] -- Up-to-date: /home/dev/Desktop/MTRN4231_Project/install/arm_controller/share/arm_controller/local_setup.dsv
[12.528s] -- Installing: /home/dev/Desktop/MTRN4231_Project/install/arm_controller/share/arm_controller/package.dsv
[12.528s] -- Up-to-date: /home/dev/Desktop/MTRN4231_Project/install/arm_controller/share/ament_index/resource_index/packages/arm_controller
[12.528s] -- Up-to-date: /home/dev/Desktop/MTRN4231_Project/install/arm_controller/share/arm_controller/cmake/arm_controllerConfig.cmake
[12.528s] -- Up-to-date: /home/dev/Desktop/MTRN4231_Project/install/arm_controller/share/arm_controller/cmake/arm_controllerConfig-version.cmake
[12.528s] -- Up-to-date: /home/dev/Desktop/MTRN4231_Project/install/arm_controller/share/arm_controller/package.xml
[12.530s] Invoked command in '/home/dev/Desktop/MTRN4231_Project/build/arm_controller' returned '0': CMAKE_PREFIX_PATH=/home/dev/Desktop/MTRN4231_Project/install/custom_interfaces:/home/dev/Desktop/MTRN4231_Project/install/ur5e_moveit_config_custom:/home/dev/Desktop/MTRN4231_Project/install/ur5e_custom_description:/home/dev/Desktop/MTRN4231_Project/install/end_effector_description:/home/dev/Desktop/MTRN4231_Project/install/arm_controller:/opt/ros/humble /usr/bin/cmake --install /home/dev/Desktop/MTRN4231_Project/build/arm_controller
