[100%] Built target move_to_pose
-- Install configuration: ""
-- Up-to-date: /home/mtrn/MTRN4231_project/install/move_to_marker/lib/move_to_marker/move_to_pose
-- Up-to-date: /home/mtrn/MTRN4231_project/install/move_to_marker/share/move_to_marker/launch
-- Up-to-date: /home/mtrn/MTRN4231_project/install/move_to_marker/share/move_to_marker/launch/bringup_moveit_ur5e.launch.py
-- Up-to-date: /home/mtrn/MTRN4231_project/install/move_to_marker/share/ament_index/resource_index/package_run_dependencies/move_to_marker
-- Up-to-date: /home/mtrn/MTRN4231_project/install/move_to_marker/share/ament_index/resource_index/parent_prefix_path/move_to_marker
-- Up-to-date: /home/mtrn/MTRN4231_project/install/move_to_marker/share/move_to_marker/environment/ament_prefix_path.sh
-- Up-to-date: /home/mtrn/MTRN4231_project/install/move_to_marker/share/move_to_marker/environment/ament_prefix_path.dsv
-- Up-to-date: /home/mtrn/MTRN4231_project/install/move_to_marker/share/move_to_marker/environment/path.sh
-- Up-to-date: /home/mtrn/MTRN4231_project/install/move_to_marker/share/move_to_marker/environment/path.dsv
-- Up-to-date: /home/mtrn/MTRN4231_project/install/move_to_marker/share/move_to_marker/local_setup.bash
-- Up-to-date: /home/mtrn/MTRN4231_project/install/move_to_marker/share/move_to_marker/local_setup.sh
-- Up-to-date: /home/mtrn/MTRN4231_project/install/move_to_marker/share/move_to_marker/local_setup.zsh
-- Up-to-date: /home/mtrn/MTRN4231_project/install/move_to_marker/share/move_to_marker/local_setup.dsv
-- Installing: /home/mtrn/MTRN4231_project/install/move_to_marker/share/move_to_marker/package.dsv
-- Up-to-date: /home/mtrn/MTRN4231_project/install/move_to_marker/share/ament_index/resource_index/packages/move_to_marker
-- Up-to-date: /home/mtrn/MTRN4231_project/install/move_to_marker/share/move_to_marker/cmake/move_to_markerConfig.cmake
-- Up-to-date: /home/mtrn/MTRN4231_project/install/move_to_marker/share/move_to_marker/cmake/move_to_markerConfig-version.cmake
-- Up-to-date: /home/mtrn/MTRN4231_project/install/move_to_marker/share/move_to_marker/package.xml
