[01m[K/home/ryanl/4231/MTRN4231_Project/src/arm_controller/src/arm_controller_node.cpp:312:8:[m[K [01;31m[Kerror: [m[K‘[01m[Kvoid ArmController::prep_planning()[m[K’ cannot be overloaded with ‘[01m[Kvoid ArmController::prep_planning()[m[K’
  312 |   void [01;31m[Kprep_planning[m[K() {
      |        [01;31m[K^~~~~~~~~~~~~[m[K
[01m[K/home/ryanl/4231/MTRN4231_Project/src/arm_controller/src/arm_controller_node.cpp:195:8:[m[K [01;36m[Knote: [m[Kprevious declaration ‘[01m[Kvoid ArmController::prep_planning()[m[K’
  195 |   void [01;36m[Kprep_planning[m[K() {
      |        [01;36m[K^~~~~~~~~~~~~[m[K
[01m[K/home/ryanl/4231/MTRN4231_Project/src/arm_controller/src/arm_controller_node.cpp:[m[K In member function ‘[01m[Kbool ArmController::plan_with_fallbacks(const Pose&, const string&, const std::shared_ptr<rclcpp_action::ServerGoalHandle<custom_interfaces::action::MoveTCP> >&)[m[K’:
[01m[K/home/ryanl/4231/MTRN4231_Project/src/arm_controller/src/arm_controller_node.cpp:330:13:[m[K [01;31m[Kerror: [m[K‘[01m[KnormalizeQ[m[K’ was not declared in this scope
  330 |     start = [01;31m[KnormalizeQ[m[K(start);
      |             [01;31m[K^~~~~~~~~~[m[K
[01m[K/home/ryanl/4231/MTRN4231_Project/src/arm_controller/src/arm_controller_node.cpp:347:37:[m[K [01;31m[Kerror: [m[K‘[01m[Kcart_retries_[m[K’ was not declared in this scope; did you mean ‘[01m[Kretries_[m[K’?
  347 |     for (int i = 0; i < std::max(1, [01;31m[Kcart_retries_[m[K); ++i) {
      |                                     [01;31m[K^~~~~~~~~~~~~[m[K
      |                                     [32m[Kretries_[m[K
[01m[K/home/ryanl/4231/MTRN4231_Project/src/arm_controller/src/arm_controller_node.cpp:350:22:[m[K [01;31m[Kerror: [m[K‘[01m[Keef_step_[m[K’ was not declared in this scope
  350 |           waypoints, [01;31m[Keef_step_[m[K, jump_thresh_, traj,
      |                      [01;31m[K^~~~~~~~~[m[K
[01m[K/home/ryanl/4231/MTRN4231_Project/src/arm_controller/src/arm_controller_node.cpp:350:33:[m[K [01;31m[Kerror: [m[K‘[01m[Kjump_thresh_[m[K’ was not declared in this scope
  350 |           waypoints, eef_step_, [01;31m[Kjump_thresh_[m[K, traj,
      |                                 [01;31m[K^~~~~~~~~~~~[m[K
gmake[2]: *** [CMakeFiles/arm_controller_node.dir/build.make:76: CMakeFiles/arm_controller_node.dir/src/arm_controller_node.cpp.o] Error 1
gmake[1]: *** [CMakeFiles/Makefile2:139: CMakeFiles/arm_controller_node.dir/all] Error 2
gmake: *** [Makefile:146: all] Error 2
