[0.197s] Invoking command in '/home/ryanl/4231/MTRN4231_Project/build/arm_controller': CMAKE_PREFIX_PATH=/home/ryanl/4231/MTRN4231_Project/install/custom_interfaces:/home/ryanl/4231/MTRN4231_Project/install/ur5e_custom_description:/home/ryanl/4231/MTRN4231_Project/install/move_to_marker:/home/ryanl/4231/MTRN4231_Project/install/interfaces:/home/ryanl/4231/MTRN4231_Project/install/end_effector_description:/home/ryanl/4231/MTRN4231_Project/install/arm_controller:/home/ryanl/4231/MTRN4231_Project/install/ui:/home/ryanl/4231/MTRN4231_Project/install/chess_master:/home/ryanl/4231/MTRN4231_Project/install/brain:/opt/ros/humble LD_LIBRARY_PATH=/home/ryanl/4231/MTRN4231_Project/install/custom_interfaces/lib:/home/ryanl/4231/MTRN4231_Project/install/interfaces/lib:/opt/ros/humble/opt/rviz_ogre_vendor/lib:/opt/ros/humble/lib/x86_64-linux-gnu:/opt/ros/humble/lib /usr/bin/cmake --build /home/ryanl/4231/MTRN4231_Project/build/arm_controller -- -j16 -l16
[0.298s] [35m[1mConsolidate compiler generated dependencies of target arm_controller_node[0m
[0.346s] [ 50%] Built target moveit_constrain_ur
[0.379s] [ 75%] [32mBuilding CXX object CMakeFiles/arm_controller_node.dir/src/arm_controller_node.cpp.o[0m
[15.705s] [01m[K/home/ryanl/4231/MTRN4231_Project/src/arm_controller/src/arm_controller_node.cpp:312:8:[m[K [01;31m[Kerror: [m[K‘[01m[Kvoid ArmController::prep_planning()[m[K’ cannot be overloaded with ‘[01m[Kvoid ArmController::prep_planning()[m[K’
[15.705s]   312 |   void [01;31m[Kprep_planning[m[K() {
[15.705s]       |        [01;31m[K^~~~~~~~~~~~~[m[K
[15.705s] [01m[K/home/ryanl/4231/MTRN4231_Project/src/arm_controller/src/arm_controller_node.cpp:195:8:[m[K [01;36m[Knote: [m[Kprevious declaration ‘[01m[Kvoid ArmController::prep_planning()[m[K’
[15.705s]   195 |   void [01;36m[Kprep_planning[m[K() {
[15.705s]       |        [01;36m[K^~~~~~~~~~~~~[m[K
[15.943s] [01m[K/home/ryanl/4231/MTRN4231_Project/src/arm_controller/src/arm_controller_node.cpp:[m[K In member function ‘[01m[Kbool ArmController::plan_with_fallbacks(const Pose&, const string&, const std::shared_ptr<rclcpp_action::ServerGoalHandle<custom_interfaces::action::MoveTCP> >&)[m[K’:
[15.943s] [01m[K/home/ryanl/4231/MTRN4231_Project/src/arm_controller/src/arm_controller_node.cpp:330:13:[m[K [01;31m[Kerror: [m[K‘[01m[KnormalizeQ[m[K’ was not declared in this scope
[15.943s]   330 |     start = [01;31m[KnormalizeQ[m[K(start);
[15.944s]       |             [01;31m[K^~~~~~~~~~[m[K
[15.967s] [01m[K/home/ryanl/4231/MTRN4231_Project/src/arm_controller/src/arm_controller_node.cpp:347:37:[m[K [01;31m[Kerror: [m[K‘[01m[Kcart_retries_[m[K’ was not declared in this scope; did you mean ‘[01m[Kretries_[m[K’?
[15.967s]   347 |     for (int i = 0; i < std::max(1, [01;31m[Kcart_retries_[m[K); ++i) {
[15.967s]       |                                     [01;31m[K^~~~~~~~~~~~~[m[K
[15.968s]       |                                     [32m[Kretries_[m[K
[15.982s] [01m[K/home/ryanl/4231/MTRN4231_Project/src/arm_controller/src/arm_controller_node.cpp:350:22:[m[K [01;31m[Kerror: [m[K‘[01m[Keef_step_[m[K’ was not declared in this scope
[15.983s]   350 |           waypoints, [01;31m[Keef_step_[m[K, jump_thresh_, traj,
[15.983s]       |                      [01;31m[K^~~~~~~~~[m[K
[16.002s] [01m[K/home/ryanl/4231/MTRN4231_Project/src/arm_controller/src/arm_controller_node.cpp:350:33:[m[K [01;31m[Kerror: [m[K‘[01m[Kjump_thresh_[m[K’ was not declared in this scope
[16.002s]   350 |           waypoints, eef_step_, [01;31m[Kjump_thresh_[m[K, traj,
[16.002s]       |                                 [01;31m[K^~~~~~~~~~~~[m[K
[21.720s] gmake[2]: *** [CMakeFiles/arm_controller_node.dir/build.make:76: CMakeFiles/arm_controller_node.dir/src/arm_controller_node.cpp.o] Error 1
[21.721s] gmake[1]: *** [CMakeFiles/Makefile2:139: CMakeFiles/arm_controller_node.dir/all] Error 2
[21.722s] gmake: *** [Makefile:146: all] Error 2
[21.728s] Invoked command in '/home/ryanl/4231/MTRN4231_Project/build/arm_controller' returned '2': CMAKE_PREFIX_PATH=/home/ryanl/4231/MTRN4231_Project/install/custom_interfaces:/home/ryanl/4231/MTRN4231_Project/install/ur5e_custom_description:/home/ryanl/4231/MTRN4231_Project/install/move_to_marker:/home/ryanl/4231/MTRN4231_Project/install/interfaces:/home/ryanl/4231/MTRN4231_Project/install/end_effector_description:/home/ryanl/4231/MTRN4231_Project/install/arm_controller:/home/ryanl/4231/MTRN4231_Project/install/ui:/home/ryanl/4231/MTRN4231_Project/install/chess_master:/home/ryanl/4231/MTRN4231_Project/install/brain:/opt/ros/humble LD_LIBRARY_PATH=/home/ryanl/4231/MTRN4231_Project/install/custom_interfaces/lib:/home/ryanl/4231/MTRN4231_Project/install/interfaces/lib:/opt/ros/humble/opt/rviz_ogre_vendor/lib:/opt/ros/humble/lib/x86_64-linux-gnu:/opt/ros/humble/lib /usr/bin/cmake --build /home/ryanl/4231/MTRN4231_Project/build/arm_controller -- -j16 -l16
