[35m[1mConsolidate compiler generated dependencies of target arm_controller_node[0m
[ 50%] Built target moveit_constrain_ur
[ 75%] [32mBuilding CXX object CMakeFiles/arm_controller_node.dir/src/arm_controller_node.cpp.o[0m
[01m[K/home/dev/Desktop/MTRN4231_Project/src/arm_controller/src/arm_controller_node.cpp:[m[K In member function ‘[01m[Kvoid ArmController::execute(const std::shared_ptr<rclcpp_action::ServerGoalHandle<custom_interfaces::action::MoveTCP> >&)[m[K’:
[01m[K/home/dev/Desktop/MTRN4231_Project/src/arm_controller/src/arm_controller_node.cpp:250:62:[m[K [01;35m[Kwarning: [m[K‘[01m[Kusing MoveItErrorCode = class moveit::core::MoveItErrorCode[m[K’ is deprecated: Use moveit::core::MoveItErrorCode [[01;35m[K]8;;https://gcc.gnu.org/onlinedocs/gcc/Warning-Options.html#index-Wdeprecated-declarations-Wdeprecated-declarations]8;;[m[K]
  250 | eit::planning_interface::MoveItErrorCode::[01;35m[KSUCCESS[m[K ||
      |                                           [01;35m[K^~~~~~~[m[K

In file included from [01m[K/home/dev/Desktop/MTRN4231_Project/src/arm_controller/src/arm_controller_node.cpp:28[m[K:
[01m[K/opt/ros/humble/include/moveit/move_group_interface/move_group_interface.h:71:7:[m[K [01;36m[Knote: [m[Kdeclared here
   71 | using [01;36m[KMoveItErrorCode[m[K [[deprecated("Use moveit::core::MoveItErrorCode")]] = moveit::core::MoveItErrorCode;
      |       [01;36m[K^~~~~~~~~~~~~~~[m[K
[01m[K/home/dev/Desktop/MTRN4231_Project/src/arm_controller/src/arm_controller_node.cpp:257:62:[m[K [01;35m[Kwarning: [m[K‘[01m[Kusing MoveItErrorCode = class moveit::core::MoveItErrorCode[m[K’ is deprecated: Use moveit::core::MoveItErrorCode [[01;35m[K]8;;https://gcc.gnu.org/onlinedocs/gcc/Warning-Options.html#index-Wdeprecated-declarations-Wdeprecated-declarations]8;;[m[K]
  257 | eit::planning_interface::MoveItErrorCode::[01;35m[KSUCCESS[m[K) {
      |                                           [01;35m[K^~~~~~~[m[K

In file included from [01m[K/home/dev/Desktop/MTRN4231_Project/src/arm_controller/src/arm_controller_node.cpp:28[m[K:
[01m[K/opt/ros/humble/include/moveit/move_group_interface/move_group_interface.h:71:7:[m[K [01;36m[Knote: [m[Kdeclared here
   71 | using [01;36m[KMoveItErrorCode[m[K [[deprecated("Use moveit::core::MoveItErrorCode")]] = moveit::core::MoveItErrorCode;
      |       [01;36m[K^~~~~~~~~~~~~~~[m[K
[01m[K/home/dev/Desktop/MTRN4231_Project/src/arm_controller/src/arm_controller_node.cpp:261:12:[m[K [01;31m[Kerror: [m[Kconflicting declaration ‘[01m[Kauto ok[m[K’
  261 |       auto [01;31m[Kok[m[K = move_group_->plan(plan);
      |            [01;31m[K^~[m[K
[01m[K/home/dev/Desktop/MTRN4231_Project/src/arm_controller/src/arm_controller_node.cpp:249:12:[m[K [01;36m[Knote: [m[Kprevious declaration as ‘[01m[Kmoveit::core::MoveItErrorCode ok[m[K’
  249 |       auto [01;36m[Kok[m[K = move_group_->plan(plan);
      |            [01;36m[K^~[m[K
gmake[2]: *** [CMakeFiles/arm_controller_node.dir/build.make:76: CMakeFiles/arm_controller_node.dir/src/arm_controller_node.cpp.o] Error 1
gmake[1]: *** [CMakeFiles/Makefile2:139: CMakeFiles/arm_controller_node.dir/all] Error 2
gmake: *** [Makefile:146: all] Error 2
