[0.012s] Invoking command in '/home/mtrn/MTRN4231_Project/build/ur5e_moveit_config_custom': CMAKE_PREFIX_PATH=/opt/ros/humble /home/mtrn/.local/bin/cmake /home/mtrn/MTRN4231_Project/src/ur5e_moveit_config_custom -DCMAKE_INSTALL_PREFIX=/home/mtrn/MTRN4231_Project/install/ur5e_moveit_config_custom
[0.119s] -- The C compiler identification is GNU 11.4.0
[0.209s] -- The CXX compiler identification is GNU 11.4.0
[0.238s] -- Detecting C compiler ABI info
[0.343s] -- Detecting C compiler ABI info - done
[0.369s] -- Check for working C compiler: /usr/bin/cc - skipped
[0.370s] -- Detecting C compile features
[0.371s] -- Detecting C compile features - done
[0.388s] -- Detecting CXX compiler ABI info
[0.511s] -- Detecting CXX compiler ABI info - done
[0.543s] -- Check for working CXX compiler: /usr/bin/c++ - skipped
[0.543s] -- Detecting CXX compile features
[0.544s] -- Detecting CXX compile features - done
[0.548s] -- Found ament_cmake: 1.3.10 (/opt/ros/humble/share/ament_cmake/cmake)
[0.688s] -- Found Python3: /usr/bin/python3 (found version "3.10.12") found components: Interpreter 
[0.962s] -- Configuring done (0.9s)
[0.969s] -- Generating done (0.0s)
[0.971s] -- Build files have been written to: /home/mtrn/MTRN4231_Project/build/ur5e_moveit_config_custom
[0.982s] Invoked command in '/home/mtrn/MTRN4231_Project/build/ur5e_moveit_config_custom' returned '0': CMAKE_PREFIX_PATH=/opt/ros/humble /home/mtrn/.local/bin/cmake /home/mtrn/MTRN4231_Project/src/ur5e_moveit_config_custom -DCMAKE_INSTALL_PREFIX=/home/mtrn/MTRN4231_Project/install/ur5e_moveit_config_custom
[0.984s] Invoking command in '/home/mtrn/MTRN4231_Project/build/ur5e_moveit_config_custom': CMAKE_PREFIX_PATH=/opt/ros/humble /home/mtrn/.local/bin/cmake --build /home/mtrn/MTRN4231_Project/build/ur5e_moveit_config_custom -- -j20 -l20
[1.046s] Built target ament_cmake_python_copy_ur5e_moveit_config_custom
[1.290s] running egg_info
[1.290s] creating ur5e_moveit_config_custom.egg-info
[1.290s] writing ur5e_moveit_config_custom.egg-info/PKG-INFO
[1.290s] writing dependency_links to ur5e_moveit_config_custom.egg-info/dependency_links.txt
[1.291s] writing top-level names to ur5e_moveit_config_custom.egg-info/top_level.txt
[1.291s] writing manifest file 'ur5e_moveit_config_custom.egg-info/SOURCES.txt'
[1.292s] reading manifest file 'ur5e_moveit_config_custom.egg-info/SOURCES.txt'
[1.293s] writing manifest file 'ur5e_moveit_config_custom.egg-info/SOURCES.txt'
[1.318s] Built target ament_cmake_python_build_ur5e_moveit_config_custom_egg
[1.339s] Invoked command in '/home/mtrn/MTRN4231_Project/build/ur5e_moveit_config_custom' returned '0': CMAKE_PREFIX_PATH=/opt/ros/humble /home/mtrn/.local/bin/cmake --build /home/mtrn/MTRN4231_Project/build/ur5e_moveit_config_custom -- -j20 -l20
[1.402s] Invoking command in '/home/mtrn/MTRN4231_Project/build/ur5e_moveit_config_custom': CMAKE_PREFIX_PATH=/opt/ros/humble /home/mtrn/.local/bin/cmake --install /home/mtrn/MTRN4231_Project/build/ur5e_moveit_config_custom
[1.444s] -- Install configuration: ""
[1.444s] -- Installing: /home/mtrn/MTRN4231_Project/install/ur5e_moveit_config_custom/share/ur5e_moveit_config_custom/config
[1.444s] -- Installing: /home/mtrn/MTRN4231_Project/install/ur5e_moveit_config_custom/share/ur5e_moveit_config_custom/config/kinematics.yaml
[1.445s] -- Installing: /home/mtrn/MTRN4231_Project/install/ur5e_moveit_config_custom/share/ur5e_moveit_config_custom/config/controllers.yaml
[1.445s] -- Installing: /home/mtrn/MTRN4231_Project/install/ur5e_moveit_config_custom/share/ur5e_moveit_config_custom/config/ompl_planning.yaml
[1.445s] -- Installing: /home/mtrn/MTRN4231_Project/install/ur5e_moveit_config_custom/share/ur5e_moveit_config_custom/config/ur_servo.yaml
[1.445s] -- Installing: /home/mtrn/MTRN4231_Project/install/ur5e_moveit_config_custom/share/ur5e_moveit_config_custom/launch
[1.445s] -- Installing: /home/mtrn/MTRN4231_Project/install/ur5e_moveit_config_custom/share/ur5e_moveit_config_custom/launch/ur_moveit.launch.py
[1.445s] -- Installing: /home/mtrn/MTRN4231_Project/install/ur5e_moveit_config_custom/share/ur5e_moveit_config_custom/rviz
[1.446s] -- Installing: /home/mtrn/MTRN4231_Project/install/ur5e_moveit_config_custom/share/ur5e_moveit_config_custom/rviz/view_robot.rviz
[1.446s] -- Installing: /home/mtrn/MTRN4231_Project/install/ur5e_moveit_config_custom/share/ur5e_moveit_config_custom/environment/pythonpath.sh
[1.446s] -- Installing: /home/mtrn/MTRN4231_Project/install/ur5e_moveit_config_custom/share/ur5e_moveit_config_custom/environment/pythonpath.dsv
[1.446s] -- Installing: /home/mtrn/MTRN4231_Project/install/ur5e_moveit_config_custom/local/lib/python3.10/dist-packages/ur5e_moveit_config_custom-0.0.1-py3.10.egg-info
[1.446s] -- Installing: /home/mtrn/MTRN4231_Project/install/ur5e_moveit_config_custom/local/lib/python3.10/dist-packages/ur5e_moveit_config_custom-0.0.1-py3.10.egg-info/PKG-INFO
[1.447s] -- Installing: /home/mtrn/MTRN4231_Project/install/ur5e_moveit_config_custom/local/lib/python3.10/dist-packages/ur5e_moveit_config_custom-0.0.1-py3.10.egg-info/top_level.txt
[1.447s] -- Installing: /home/mtrn/MTRN4231_Project/install/ur5e_moveit_config_custom/local/lib/python3.10/dist-packages/ur5e_moveit_config_custom-0.0.1-py3.10.egg-info/dependency_links.txt
[1.447s] -- Installing: /home/mtrn/MTRN4231_Project/install/ur5e_moveit_config_custom/local/lib/python3.10/dist-packages/ur5e_moveit_config_custom-0.0.1-py3.10.egg-info/SOURCES.txt
[1.447s] -- Installing: /home/mtrn/MTRN4231_Project/install/ur5e_moveit_config_custom/local/lib/python3.10/dist-packages/ur5e_moveit_config_custom
[1.447s] -- Installing: /home/mtrn/MTRN4231_Project/install/ur5e_moveit_config_custom/local/lib/python3.10/dist-packages/ur5e_moveit_config_custom/__init__.py
[1.448s] -- Installing: /home/mtrn/MTRN4231_Project/install/ur5e_moveit_config_custom/local/lib/python3.10/dist-packages/ur5e_moveit_config_custom/launch_common.py
[1.492s] Listing '/home/mtrn/MTRN4231_Project/install/ur5e_moveit_config_custom/local/lib/python3.10/dist-packages/ur5e_moveit_config_custom'...
[1.492s] Compiling '/home/mtrn/MTRN4231_Project/install/ur5e_moveit_config_custom/local/lib/python3.10/dist-packages/ur5e_moveit_config_custom/__init__.py'...
[1.492s] Compiling '/home/mtrn/MTRN4231_Project/install/ur5e_moveit_config_custom/local/lib/python3.10/dist-packages/ur5e_moveit_config_custom/launch_common.py'...
[1.496s] -- Installing: /home/mtrn/MTRN4231_Project/install/ur5e_moveit_config_custom/local/lib/python3.10/dist-packages/launch_common.py
[1.520s] Compiling '/home/mtrn/MTRN4231_Project/install/ur5e_moveit_config_custom/local/lib/python3.10/dist-packages/launch_common.py'...
[1.527s] -- Installing: /home/mtrn/MTRN4231_Project/install/ur5e_moveit_config_custom/share/ament_index/resource_index/package_run_dependencies/ur5e_moveit_config_custom
[1.527s] -- Installing: /home/mtrn/MTRN4231_Project/install/ur5e_moveit_config_custom/share/ament_index/resource_index/parent_prefix_path/ur5e_moveit_config_custom
[1.527s] -- Installing: /home/mtrn/MTRN4231_Project/install/ur5e_moveit_config_custom/share/ur5e_moveit_config_custom/environment/ament_prefix_path.sh
[1.528s] -- Installing: /home/mtrn/MTRN4231_Project/install/ur5e_moveit_config_custom/share/ur5e_moveit_config_custom/environment/ament_prefix_path.dsv
[1.528s] -- Installing: /home/mtrn/MTRN4231_Project/install/ur5e_moveit_config_custom/share/ur5e_moveit_config_custom/environment/path.sh
[1.528s] -- Installing: /home/mtrn/MTRN4231_Project/install/ur5e_moveit_config_custom/share/ur5e_moveit_config_custom/environment/path.dsv
[1.528s] -- Installing: /home/mtrn/MTRN4231_Project/install/ur5e_moveit_config_custom/share/ur5e_moveit_config_custom/local_setup.bash
[1.528s] -- Installing: /home/mtrn/MTRN4231_Project/install/ur5e_moveit_config_custom/share/ur5e_moveit_config_custom/local_setup.sh
[1.529s] -- Installing: /home/mtrn/MTRN4231_Project/install/ur5e_moveit_config_custom/share/ur5e_moveit_config_custom/local_setup.zsh
[1.529s] -- Installing: /home/mtrn/MTRN4231_Project/install/ur5e_moveit_config_custom/share/ur5e_moveit_config_custom/local_setup.dsv
[1.529s] -- Installing: /home/mtrn/MTRN4231_Project/install/ur5e_moveit_config_custom/share/ur5e_moveit_config_custom/package.dsv
[1.529s] -- Installing: /home/mtrn/MTRN4231_Project/install/ur5e_moveit_config_custom/share/ament_index/resource_index/packages/ur5e_moveit_config_custom
[1.530s] -- Installing: /home/mtrn/MTRN4231_Project/install/ur5e_moveit_config_custom/share/ur5e_moveit_config_custom/cmake/ur5e_moveit_config_customConfig.cmake
[1.530s] -- Installing: /home/mtrn/MTRN4231_Project/install/ur5e_moveit_config_custom/share/ur5e_moveit_config_custom/cmake/ur5e_moveit_config_customConfig-version.cmake
[1.530s] -- Installing: /home/mtrn/MTRN4231_Project/install/ur5e_moveit_config_custom/share/ur5e_moveit_config_custom/package.xml
[1.541s] Invoked command in '/home/mtrn/MTRN4231_Project/build/ur5e_moveit_config_custom' returned '0': CMAKE_PREFIX_PATH=/opt/ros/humble /home/mtrn/.local/bin/cmake --install /home/mtrn/MTRN4231_Project/build/ur5e_moveit_config_custom
