[0.016s] Invoking command in '/home/mtrn/MTRN4231_Project/build/end_effector_description': CMAKE_PREFIX_PATH=${CMAKE_PREFIX_PATH}:/home/mtrn/MTRN4231_Project/install/ui:/home/mtrn/MTRN4231_Project/install/perception:/home/mtrn/MTRN4231_Project/install/gripper:/home/mtrn/MTRN4231_Project/install/chess_master:/home/mtrn/MTRN4231_Project/install/brain:/opt/ros/humble /home/mtrn/.local/bin/cmake /home/mtrn/MTRN4231_Project/src/end_effector_description -DCMAKE_INSTALL_PREFIX=/home/mtrn/MTRN4231_Project/install/end_effector_description
[0.147s] -- The C compiler identification is GNU 11.4.0
[0.253s] -- The CXX compiler identification is GNU 11.4.0
[0.270s] -- Detecting C compiler ABI info
[0.374s] -- Detecting C compiler ABI info - done
[0.390s] -- Check for working C compiler: /usr/bin/cc - skipped
[0.390s] -- Detecting C compile features
[0.391s] -- Detecting C compile features - done
[0.402s] -- Detecting CXX compiler ABI info
[0.523s] -- Detecting CXX compiler ABI info - done
[0.543s] -- Check for working CXX compiler: /usr/bin/c++ - skipped
[0.543s] -- Detecting CXX compile features
[0.544s] -- Detecting CXX compile features - done
[0.549s] -- Found ament_cmake: 1.3.10 (/opt/ros/humble/share/ament_cmake/cmake)
[0.759s] -- Found Python3: /usr/bin/python3 (found version "3.10.12") found components: Interpreter 
[0.995s] -- Configuring done (0.9s)
[1.006s] -- Generating done (0.0s)
[1.006s] -- Build files have been written to: /home/mtrn/MTRN4231_Project/build/end_effector_description
[1.019s] Invoked command in '/home/mtrn/MTRN4231_Project/build/end_effector_description' returned '0': CMAKE_PREFIX_PATH=${CMAKE_PREFIX_PATH}:/home/mtrn/MTRN4231_Project/install/ui:/home/mtrn/MTRN4231_Project/install/perception:/home/mtrn/MTRN4231_Project/install/gripper:/home/mtrn/MTRN4231_Project/install/chess_master:/home/mtrn/MTRN4231_Project/install/brain:/opt/ros/humble /home/mtrn/.local/bin/cmake /home/mtrn/MTRN4231_Project/src/end_effector_description -DCMAKE_INSTALL_PREFIX=/home/mtrn/MTRN4231_Project/install/end_effector_description
[1.022s] Invoking command in '/home/mtrn/MTRN4231_Project/build/end_effector_description': CMAKE_PREFIX_PATH=${CMAKE_PREFIX_PATH}:/home/mtrn/MTRN4231_Project/install/ui:/home/mtrn/MTRN4231_Project/install/perception:/home/mtrn/MTRN4231_Project/install/gripper:/home/mtrn/MTRN4231_Project/install/chess_master:/home/mtrn/MTRN4231_Project/install/brain:/opt/ros/humble /home/mtrn/.local/bin/cmake --build /home/mtrn/MTRN4231_Project/build/end_effector_description -- -j20 -l20
[1.102s] Invoked command in '/home/mtrn/MTRN4231_Project/build/end_effector_description' returned '0': CMAKE_PREFIX_PATH=${CMAKE_PREFIX_PATH}:/home/mtrn/MTRN4231_Project/install/ui:/home/mtrn/MTRN4231_Project/install/perception:/home/mtrn/MTRN4231_Project/install/gripper:/home/mtrn/MTRN4231_Project/install/chess_master:/home/mtrn/MTRN4231_Project/install/brain:/opt/ros/humble /home/mtrn/.local/bin/cmake --build /home/mtrn/MTRN4231_Project/build/end_effector_description -- -j20 -l20
[1.215s] Invoking command in '/home/mtrn/MTRN4231_Project/build/end_effector_description': CMAKE_PREFIX_PATH=${CMAKE_PREFIX_PATH}:/home/mtrn/MTRN4231_Project/install/ui:/home/mtrn/MTRN4231_Project/install/perception:/home/mtrn/MTRN4231_Project/install/gripper:/home/mtrn/MTRN4231_Project/install/chess_master:/home/mtrn/MTRN4231_Project/install/brain:/opt/ros/humble /home/mtrn/.local/bin/cmake --install /home/mtrn/MTRN4231_Project/build/end_effector_description
[1.251s] -- Install configuration: ""
[1.251s] -- Installing: /home/mtrn/MTRN4231_Project/install/end_effector_description/share/end_effector_description/launch
[1.251s] -- Installing: /home/mtrn/MTRN4231_Project/install/end_effector_description/share/end_effector_description/launch/display_ee.launch.py
[1.251s] -- Installing: /home/mtrn/MTRN4231_Project/install/end_effector_description/share/end_effector_description/launch/display.launch.py
[1.251s] -- Installing: /home/mtrn/MTRN4231_Project/install/end_effector_description/share/end_effector_description/rviz
[1.251s] -- Installing: /home/mtrn/MTRN4231_Project/install/end_effector_description/share/end_effector_description/rviz/ee.rviz
[1.251s] -- Installing: /home/mtrn/MTRN4231_Project/install/end_effector_description/share/end_effector_description/urdf
[1.252s] -- Installing: /home/mtrn/MTRN4231_Project/install/end_effector_description/share/end_effector_description/urdf/end_effector.urdf.xacro
[1.252s] -- Installing: /home/mtrn/MTRN4231_Project/install/end_effector_description/share/end_effector_description/urdf/end_effector_only.urdf.xacro
[1.252s] -- Installing: /home/mtrn/MTRN4231_Project/install/end_effector_description/share/end_effector_description/urdf/end_effector_withDriverSupport.xacro
[1.252s] -- Installing: /home/mtrn/MTRN4231_Project/install/end_effector_description/share/end_effector_description/meshes
[1.252s] -- Installing: /home/mtrn/MTRN4231_Project/install/end_effector_description/share/end_effector_description/meshes/claw_assembly.stl
[1.253s] -- Installing: /home/mtrn/MTRN4231_Project/install/end_effector_description/share/end_effector_description/etc
[1.253s] -- Installing: /home/mtrn/MTRN4231_Project/install/end_effector_description/share/end_effector_description/etc/robot_calibration.yaml
[1.253s] -- Installing: /home/mtrn/MTRN4231_Project/install/end_effector_description/share/end_effector_description/config
[1.253s] -- Installing: /home/mtrn/MTRN4231_Project/install/end_effector_description/share/end_effector_description/config/joint_limits.yaml
[1.253s] -- Installing: /home/mtrn/MTRN4231_Project/install/end_effector_description/share/end_effector_description/config/pilz_cartesian_limits.yaml
[1.254s] -- Installing: /home/mtrn/MTRN4231_Project/install/end_effector_description/share/end_effector_description/config/end_effector_withDriverSupport.urdf.xacro
[1.254s] -- Installing: /home/mtrn/MTRN4231_Project/install/end_effector_description/share/end_effector_description/config/moveit.rviz
[1.254s] -- Installing: /home/mtrn/MTRN4231_Project/install/end_effector_description/share/end_effector_description/config/end_effector_withDriverSupport.srdf
[1.254s] -- Installing: /home/mtrn/MTRN4231_Project/install/end_effector_description/share/end_effector_description/config/kinematics.yaml
[1.254s] -- Installing: /home/mtrn/MTRN4231_Project/install/end_effector_description/share/end_effector_description/config/moveit_controllers.yaml
[1.254s] -- Installing: /home/mtrn/MTRN4231_Project/install/end_effector_description/share/end_effector_description/config/end_effector_withDriverSupport.ros2_control.xacro
[1.254s] -- Installing: /home/mtrn/MTRN4231_Project/install/end_effector_description/share/end_effector_description/config/initial_positions.yaml
[1.254s] -- Installing: /home/mtrn/MTRN4231_Project/install/end_effector_description/share/ament_index/resource_index/package_run_dependencies/end_effector_description
[1.255s] -- Installing: /home/mtrn/MTRN4231_Project/install/end_effector_description/share/ament_index/resource_index/parent_prefix_path/end_effector_description
[1.255s] -- Installing: /home/mtrn/MTRN4231_Project/install/end_effector_description/share/end_effector_description/environment/ament_prefix_path.sh
[1.255s] -- Installing: /home/mtrn/MTRN4231_Project/install/end_effector_description/share/end_effector_description/environment/ament_prefix_path.dsv
[1.255s] -- Installing: /home/mtrn/MTRN4231_Project/install/end_effector_description/share/end_effector_description/environment/path.sh
[1.256s] -- Installing: /home/mtrn/MTRN4231_Project/install/end_effector_description/share/end_effector_description/environment/path.dsv
[1.256s] -- Installing: /home/mtrn/MTRN4231_Project/install/end_effector_description/share/end_effector_description/local_setup.bash
[1.256s] -- Installing: /home/mtrn/MTRN4231_Project/install/end_effector_description/share/end_effector_description/local_setup.sh
[1.256s] -- Installing: /home/mtrn/MTRN4231_Project/install/end_effector_description/share/end_effector_description/local_setup.zsh
[1.257s] -- Installing: /home/mtrn/MTRN4231_Project/install/end_effector_description/share/end_effector_description/local_setup.dsv
[1.260s] -- Installing: /home/mtrn/MTRN4231_Project/install/end_effector_description/share/end_effector_description/package.dsv
[1.260s] -- Installing: /home/mtrn/MTRN4231_Project/install/end_effector_description/share/ament_index/resource_index/packages/end_effector_description
[1.260s] -- Installing: /home/mtrn/MTRN4231_Project/install/end_effector_description/share/end_effector_description/cmake/end_effector_descriptionConfig.cmake
[1.260s] -- Installing: /home/mtrn/MTRN4231_Project/install/end_effector_description/share/end_effector_description/cmake/end_effector_descriptionConfig-version.cmake
[1.260s] -- Installing: /home/mtrn/MTRN4231_Project/install/end_effector_description/share/end_effector_description/package.xml
[1.270s] Invoked command in '/home/mtrn/MTRN4231_Project/build/end_effector_description' returned '0': CMAKE_PREFIX_PATH=${CMAKE_PREFIX_PATH}:/home/mtrn/MTRN4231_Project/install/ui:/home/mtrn/MTRN4231_Project/install/perception:/home/mtrn/MTRN4231_Project/install/gripper:/home/mtrn/MTRN4231_Project/install/chess_master:/home/mtrn/MTRN4231_Project/install/brain:/opt/ros/humble /home/mtrn/.local/bin/cmake --install /home/mtrn/MTRN4231_Project/build/end_effector_description
