[0.164s] Invoking command in '/home/mtrn/Downloads/MTRN4231_Project/build/custom_interfaces': CMAKE_PREFIX_PATH=${CMAKE_PREFIX_PATH}:/home/mtrn/4231/ws_moveit2/install/moveit_configs_utils:/home/mtrn/4231/ws_moveit2/install/launch_param_builder:/opt/ros/humble /usr/bin/cmake --build /home/mtrn/Downloads/MTRN4231_Project/build/custom_interfaces -- -j4 -l4
[0.554s] [ 10%] Built target custom_interfaces__rosidl_generator_c
[0.588s] [ 10%] Built target ament_cmake_python_copy_custom_interfaces
[0.596s] [ 12%] Built target custom_interfaces__cpp
[0.804s] [ 23%] Built target custom_interfaces__rosidl_typesupport_introspection_c
[0.849s] [ 33%] Built target custom_interfaces__rosidl_typesupport_fastrtps_c
[0.864s] [ 43%] Built target custom_interfaces__rosidl_typesupport_c
[1.133s] [ 53%] Built target custom_interfaces__rosidl_typesupport_cpp
[1.202s] [ 64%] Built target custom_interfaces__rosidl_typesupport_fastrtps_cpp
[1.222s] [ 74%] Built target custom_interfaces__rosidl_typesupport_introspection_cpp
[1.652s] [ 74%] Built target custom_interfaces
[1.931s] [ 76%] Built target custom_interfaces__py
[1.973s] running egg_info
[1.975s] writing custom_interfaces.egg-info/PKG-INFO
[1.977s] writing dependency_links to custom_interfaces.egg-info/dependency_links.txt
[1.980s] writing top-level names to custom_interfaces.egg-info/top_level.txt
[1.985s] reading manifest file 'custom_interfaces.egg-info/SOURCES.txt'
[1.987s] writing manifest file 'custom_interfaces.egg-info/SOURCES.txt'
[2.083s] [ 84%] Built target custom_interfaces__rosidl_generator_py
[2.212s] [ 84%] Built target ament_cmake_python_build_custom_interfaces_egg
[2.349s] [ 92%] Built target custom_interfaces__rosidl_typesupport_c__pyext
[2.349s] [ 94%] Built target custom_interfaces__rosidl_typesupport_introspection_c__pyext
[2.380s] [100%] Built target custom_interfaces__rosidl_typesupport_fastrtps_c__pyext
[2.453s] Invoked command in '/home/mtrn/Downloads/MTRN4231_Project/build/custom_interfaces' returned '0': CMAKE_PREFIX_PATH=${CMAKE_PREFIX_PATH}:/home/mtrn/4231/ws_moveit2/install/moveit_configs_utils:/home/mtrn/4231/ws_moveit2/install/launch_param_builder:/opt/ros/humble /usr/bin/cmake --build /home/mtrn/Downloads/MTRN4231_Project/build/custom_interfaces -- -j4 -l4
[3.067s] Invoking command in '/home/mtrn/Downloads/MTRN4231_Project/build/custom_interfaces': CMAKE_PREFIX_PATH=${CMAKE_PREFIX_PATH}:/home/mtrn/4231/ws_moveit2/install/moveit_configs_utils:/home/mtrn/4231/ws_moveit2/install/launch_param_builder:/opt/ros/humble /usr/bin/cmake --install /home/mtrn/Downloads/MTRN4231_Project/build/custom_interfaces
[3.112s] -- Install configuration: ""
[3.112s] -- Up-to-date: /home/mtrn/Downloads/MTRN4231_Project/install/custom_interfaces/share/ament_index/resource_index/rosidl_interfaces/custom_interfaces
[3.113s] -- Up-to-date: /home/mtrn/Downloads/MTRN4231_Project/install/custom_interfaces/include/custom_interfaces/custom_interfaces
[3.113s] -- Up-to-date: /home/mtrn/Downloads/MTRN4231_Project/install/custom_interfaces/include/custom_interfaces/custom_interfaces/action
[3.113s] -- Up-to-date: /home/mtrn/Downloads/MTRN4231_Project/install/custom_interfaces/include/custom_interfaces/custom_interfaces/action/move_tcp.h
[3.114s] -- Up-to-date: /home/mtrn/Downloads/MTRN4231_Project/install/custom_interfaces/include/custom_interfaces/custom_interfaces/action/gripper_command.h
[3.114s] -- Up-to-date: /home/mtrn/Downloads/MTRN4231_Project/install/custom_interfaces/include/custom_interfaces/custom_interfaces/action/detail
[3.115s] -- Up-to-date: /home/mtrn/Downloads/MTRN4231_Project/install/custom_interfaces/include/custom_interfaces/custom_interfaces/action/detail/move_tcp__struct.h
[3.115s] -- Up-to-date: /home/mtrn/Downloads/MTRN4231_Project/install/custom_interfaces/include/custom_interfaces/custom_interfaces/action/detail/gripper_command__struct.h
[3.115s] -- Up-to-date: /home/mtrn/Downloads/MTRN4231_Project/install/custom_interfaces/include/custom_interfaces/custom_interfaces/action/detail/gripper_command__functions.c
[3.116s] -- Up-to-date: /home/mtrn/Downloads/MTRN4231_Project/install/custom_interfaces/include/custom_interfaces/custom_interfaces/action/detail/move_tcp__functions.c
[3.116s] -- Up-to-date: /home/mtrn/Downloads/MTRN4231_Project/install/custom_interfaces/include/custom_interfaces/custom_interfaces/action/detail/gripper_command__type_support.h
[3.116s] -- Up-to-date: /home/mtrn/Downloads/MTRN4231_Project/install/custom_interfaces/include/custom_interfaces/custom_interfaces/action/detail/move_tcp__type_support.h
[3.116s] -- Up-to-date: /home/mtrn/Downloads/MTRN4231_Project/install/custom_interfaces/include/custom_interfaces/custom_interfaces/action/detail/move_tcp__functions.h
[3.116s] -- Up-to-date: /home/mtrn/Downloads/MTRN4231_Project/install/custom_interfaces/include/custom_interfaces/custom_interfaces/action/detail/gripper_command__functions.h
[3.116s] -- Up-to-date: /home/mtrn/Downloads/MTRN4231_Project/install/custom_interfaces/include/custom_interfaces/custom_interfaces/msg
[3.118s] -- Up-to-date: /home/mtrn/Downloads/MTRN4231_Project/install/custom_interfaces/include/custom_interfaces/custom_interfaces/msg/rosidl_generator_c__visibility_control.h
[3.118s] -- Up-to-date: /home/mtrn/Downloads/MTRN4231_Project/install/custom_interfaces/share/custom_interfaces/environment/library_path.sh
[3.118s] -- Up-to-date: /home/mtrn/Downloads/MTRN4231_Project/install/custom_interfaces/share/custom_interfaces/environment/library_path.dsv
[3.118s] -- Up-to-date: /home/mtrn/Downloads/MTRN4231_Project/install/custom_interfaces/lib/libcustom_interfaces__rosidl_generator_c.so
[3.119s] -- Up-to-date: /home/mtrn/Downloads/MTRN4231_Project/install/custom_interfaces/include/custom_interfaces/custom_interfaces
[3.119s] -- Up-to-date: /home/mtrn/Downloads/MTRN4231_Project/install/custom_interfaces/include/custom_interfaces/custom_interfaces/action
[3.119s] -- Up-to-date: /home/mtrn/Downloads/MTRN4231_Project/install/custom_interfaces/include/custom_interfaces/custom_interfaces/action/detail
[3.120s] -- Up-to-date: /home/mtrn/Downloads/MTRN4231_Project/install/custom_interfaces/include/custom_interfaces/custom_interfaces/action/detail/move_tcp__rosidl_typesupport_fastrtps_c.h
[3.120s] -- Up-to-date: /home/mtrn/Downloads/MTRN4231_Project/install/custom_interfaces/include/custom_interfaces/custom_interfaces/action/detail/gripper_command__rosidl_typesupport_fastrtps_c.h
[3.120s] -- Up-to-date: /home/mtrn/Downloads/MTRN4231_Project/install/custom_interfaces/include/custom_interfaces/custom_interfaces/msg
[3.120s] -- Up-to-date: /home/mtrn/Downloads/MTRN4231_Project/install/custom_interfaces/include/custom_interfaces/custom_interfaces/msg/rosidl_typesupport_fastrtps_c__visibility_control.h
[3.121s] -- Up-to-date: /home/mtrn/Downloads/MTRN4231_Project/install/custom_interfaces/lib/libcustom_interfaces__rosidl_typesupport_fastrtps_c.so
[3.122s] -- Up-to-date: /home/mtrn/Downloads/MTRN4231_Project/install/custom_interfaces/include/custom_interfaces/custom_interfaces
[3.122s] -- Up-to-date: /home/mtrn/Downloads/MTRN4231_Project/install/custom_interfaces/include/custom_interfaces/custom_interfaces/action
[3.122s] -- Up-to-date: /home/mtrn/Downloads/MTRN4231_Project/install/custom_interfaces/include/custom_interfaces/custom_interfaces/action/detail
[3.123s] -- Up-to-date: /home/mtrn/Downloads/MTRN4231_Project/install/custom_interfaces/include/custom_interfaces/custom_interfaces/action/detail/gripper_command__type_support.c
[3.123s] -- Up-to-date: /home/mtrn/Downloads/MTRN4231_Project/install/custom_interfaces/include/custom_interfaces/custom_interfaces/action/detail/gripper_command__rosidl_typesupport_introspection_c.h
[3.123s] -- Up-to-date: /home/mtrn/Downloads/MTRN4231_Project/install/custom_interfaces/include/custom_interfaces/custom_interfaces/action/detail/move_tcp__rosidl_typesupport_introspection_c.h
[3.123s] -- Up-to-date: /home/mtrn/Downloads/MTRN4231_Project/install/custom_interfaces/include/custom_interfaces/custom_interfaces/action/detail/move_tcp__type_support.c
[3.124s] -- Up-to-date: /home/mtrn/Downloads/MTRN4231_Project/install/custom_interfaces/include/custom_interfaces/custom_interfaces/msg
[3.124s] -- Up-to-date: /home/mtrn/Downloads/MTRN4231_Project/install/custom_interfaces/include/custom_interfaces/custom_interfaces/msg/rosidl_typesupport_introspection_c__visibility_control.h
[3.124s] -- Up-to-date: /home/mtrn/Downloads/MTRN4231_Project/install/custom_interfaces/lib/libcustom_interfaces__rosidl_typesupport_introspection_c.so
[3.125s] -- Up-to-date: /home/mtrn/Downloads/MTRN4231_Project/install/custom_interfaces/lib/libcustom_interfaces__rosidl_typesupport_c.so
[3.125s] -- Up-to-date: /home/mtrn/Downloads/MTRN4231_Project/install/custom_interfaces/include/custom_interfaces/custom_interfaces
[3.126s] -- Up-to-date: /home/mtrn/Downloads/MTRN4231_Project/install/custom_interfaces/include/custom_interfaces/custom_interfaces/action
[3.126s] -- Up-to-date: /home/mtrn/Downloads/MTRN4231_Project/install/custom_interfaces/include/custom_interfaces/custom_interfaces/action/move_tcp.hpp
[3.126s] -- Up-to-date: /home/mtrn/Downloads/MTRN4231_Project/install/custom_interfaces/include/custom_interfaces/custom_interfaces/action/gripper_command.hpp
[3.127s] -- Up-to-date: /home/mtrn/Downloads/MTRN4231_Project/install/custom_interfaces/include/custom_interfaces/custom_interfaces/action/detail
[3.127s] -- Up-to-date: /home/mtrn/Downloads/MTRN4231_Project/install/custom_interfaces/include/custom_interfaces/custom_interfaces/action/detail/move_tcp__traits.hpp
[3.127s] -- Up-to-date: /home/mtrn/Downloads/MTRN4231_Project/install/custom_interfaces/include/custom_interfaces/custom_interfaces/action/detail/gripper_command__traits.hpp
[3.138s] -- Up-to-date: /home/mtrn/Downloads/MTRN4231_Project/install/custom_interfaces/include/custom_interfaces/custom_interfaces/action/detail/move_tcp__struct.hpp
[3.138s] -- Up-to-date: /home/mtrn/Downloads/MTRN4231_Project/install/custom_interfaces/include/custom_interfaces/custom_interfaces/action/detail/move_tcp__builder.hpp
[3.138s] -- Up-to-date: /home/mtrn/Downloads/MTRN4231_Project/install/custom_interfaces/include/custom_interfaces/custom_interfaces/action/detail/gripper_command__struct.hpp
[3.138s] -- Up-to-date: /home/mtrn/Downloads/MTRN4231_Project/install/custom_interfaces/include/custom_interfaces/custom_interfaces/action/detail/gripper_command__builder.hpp
[3.139s] -- Up-to-date: /home/mtrn/Downloads/MTRN4231_Project/install/custom_interfaces/include/custom_interfaces/custom_interfaces
[3.142s] -- Up-to-date: /home/mtrn/Downloads/MTRN4231_Project/install/custom_interfaces/include/custom_interfaces/custom_interfaces/action
[3.143s] -- Up-to-date: /home/mtrn/Downloads/MTRN4231_Project/install/custom_interfaces/include/custom_interfaces/custom_interfaces/action/detail
[3.143s] -- Up-to-date: /home/mtrn/Downloads/MTRN4231_Project/install/custom_interfaces/include/custom_interfaces/custom_interfaces/action/detail/move_tcp__rosidl_typesupport_fastrtps_cpp.hpp
[3.144s] -- Up-to-date: /home/mtrn/Downloads/MTRN4231_Project/install/custom_interfaces/include/custom_interfaces/custom_interfaces/action/detail/gripper_command__rosidl_typesupport_fastrtps_cpp.hpp
[3.146s] -- Up-to-date: /home/mtrn/Downloads/MTRN4231_Project/install/custom_interfaces/include/custom_interfaces/custom_interfaces/action/detail/dds_fastrtps
[3.146s] -- Up-to-date: /home/mtrn/Downloads/MTRN4231_Project/install/custom_interfaces/include/custom_interfaces/custom_interfaces/msg
[3.147s] -- Up-to-date: /home/mtrn/Downloads/MTRN4231_Project/install/custom_interfaces/include/custom_interfaces/custom_interfaces/msg/rosidl_typesupport_fastrtps_cpp__visibility_control.h
[3.147s] -- Up-to-date: /home/mtrn/Downloads/MTRN4231_Project/install/custom_interfaces/lib/libcustom_interfaces__rosidl_typesupport_fastrtps_cpp.so
[3.147s] -- Up-to-date: /home/mtrn/Downloads/MTRN4231_Project/install/custom_interfaces/include/custom_interfaces/custom_interfaces
[3.147s] -- Up-to-date: /home/mtrn/Downloads/MTRN4231_Project/install/custom_interfaces/include/custom_interfaces/custom_interfaces/action
[3.148s] -- Up-to-date: /home/mtrn/Downloads/MTRN4231_Project/install/custom_interfaces/include/custom_interfaces/custom_interfaces/action/detail
[3.149s] -- Up-to-date: /home/mtrn/Downloads/MTRN4231_Project/install/custom_interfaces/include/custom_interfaces/custom_interfaces/action/detail/gripper_command__type_support.cpp
[3.149s] -- Up-to-date: /home/mtrn/Downloads/MTRN4231_Project/install/custom_interfaces/include/custom_interfaces/custom_interfaces/action/detail/gripper_command__rosidl_typesupport_introspection_cpp.hpp
[3.149s] -- Up-to-date: /home/mtrn/Downloads/MTRN4231_Project/install/custom_interfaces/include/custom_interfaces/custom_interfaces/action/detail/move_tcp__rosidl_typesupport_introspection_cpp.hpp
[3.151s] -- Up-to-date: /home/mtrn/Downloads/MTRN4231_Project/install/custom_interfaces/include/custom_interfaces/custom_interfaces/action/detail/move_tcp__type_support.cpp
[3.154s] -- Up-to-date: /home/mtrn/Downloads/MTRN4231_Project/install/custom_interfaces/lib/libcustom_interfaces__rosidl_typesupport_introspection_cpp.so
[3.154s] -- Up-to-date: /home/mtrn/Downloads/MTRN4231_Project/install/custom_interfaces/lib/libcustom_interfaces__rosidl_typesupport_cpp.so
[3.154s] -- Up-to-date: /home/mtrn/Downloads/MTRN4231_Project/install/custom_interfaces/share/custom_interfaces/environment/pythonpath.sh
[3.155s] -- Up-to-date: /home/mtrn/Downloads/MTRN4231_Project/install/custom_interfaces/share/custom_interfaces/environment/pythonpath.dsv
[3.155s] -- Up-to-date: /home/mtrn/Downloads/MTRN4231_Project/install/custom_interfaces/local/lib/python3.10/dist-packages/custom_interfaces-0.0.0-py3.10.egg-info
[3.155s] -- Installing: /home/mtrn/Downloads/MTRN4231_Project/install/custom_interfaces/local/lib/python3.10/dist-packages/custom_interfaces-0.0.0-py3.10.egg-info/top_level.txt
[3.155s] -- Installing: /home/mtrn/Downloads/MTRN4231_Project/install/custom_interfaces/local/lib/python3.10/dist-packages/custom_interfaces-0.0.0-py3.10.egg-info/SOURCES.txt
[3.155s] -- Installing: /home/mtrn/Downloads/MTRN4231_Project/install/custom_interfaces/local/lib/python3.10/dist-packages/custom_interfaces-0.0.0-py3.10.egg-info/PKG-INFO
[3.155s] -- Installing: /home/mtrn/Downloads/MTRN4231_Project/install/custom_interfaces/local/lib/python3.10/dist-packages/custom_interfaces-0.0.0-py3.10.egg-info/dependency_links.txt
[3.155s] -- Up-to-date: /home/mtrn/Downloads/MTRN4231_Project/install/custom_interfaces/local/lib/python3.10/dist-packages/custom_interfaces
[3.155s] -- Up-to-date: /home/mtrn/Downloads/MTRN4231_Project/install/custom_interfaces/local/lib/python3.10/dist-packages/custom_interfaces/action
[3.155s] -- Up-to-date: /home/mtrn/Downloads/MTRN4231_Project/install/custom_interfaces/local/lib/python3.10/dist-packages/custom_interfaces/action/_gripper_command.py
[3.155s] -- Up-to-date: /home/mtrn/Downloads/MTRN4231_Project/install/custom_interfaces/local/lib/python3.10/dist-packages/custom_interfaces/action/_move_tcp_s.c
[3.156s] -- Up-to-date: /home/mtrn/Downloads/MTRN4231_Project/install/custom_interfaces/local/lib/python3.10/dist-packages/custom_interfaces/action/_gripper_command_s.c
[3.156s] -- Up-to-date: /home/mtrn/Downloads/MTRN4231_Project/install/custom_interfaces/local/lib/python3.10/dist-packages/custom_interfaces/action/_move_tcp.py
[3.156s] -- Up-to-date: /home/mtrn/Downloads/MTRN4231_Project/install/custom_interfaces/local/lib/python3.10/dist-packages/custom_interfaces/action/__init__.py
[3.156s] -- Up-to-date: /home/mtrn/Downloads/MTRN4231_Project/install/custom_interfaces/local/lib/python3.10/dist-packages/custom_interfaces/custom_interfaces_s__rosidl_typesupport_c.cpython-310-x86_64-linux-gnu.so
[3.156s] -- Up-to-date: /home/mtrn/Downloads/MTRN4231_Project/install/custom_interfaces/local/lib/python3.10/dist-packages/custom_interfaces/_custom_interfaces_s.ep.rosidl_typesupport_fastrtps_c.c
[3.156s] -- Up-to-date: /home/mtrn/Downloads/MTRN4231_Project/install/custom_interfaces/local/lib/python3.10/dist-packages/custom_interfaces/libcustom_interfaces__rosidl_generator_py.so
[3.156s] -- Up-to-date: /home/mtrn/Downloads/MTRN4231_Project/install/custom_interfaces/local/lib/python3.10/dist-packages/custom_interfaces/custom_interfaces_s__rosidl_typesupport_introspection_c.cpython-310-x86_64-linux-gnu.so
[3.156s] -- Up-to-date: /home/mtrn/Downloads/MTRN4231_Project/install/custom_interfaces/local/lib/python3.10/dist-packages/custom_interfaces/_custom_interfaces_s.ep.rosidl_typesupport_c.c
[3.156s] -- Up-to-date: /home/mtrn/Downloads/MTRN4231_Project/install/custom_interfaces/local/lib/python3.10/dist-packages/custom_interfaces/_custom_interfaces_s.ep.rosidl_typesupport_introspection_c.c
[3.156s] -- Up-to-date: /home/mtrn/Downloads/MTRN4231_Project/install/custom_interfaces/local/lib/python3.10/dist-packages/custom_interfaces/custom_interfaces_s__rosidl_typesupport_fastrtps_c.cpython-310-x86_64-linux-gnu.so
[3.157s] -- Up-to-date: /home/mtrn/Downloads/MTRN4231_Project/install/custom_interfaces/local/lib/python3.10/dist-packages/custom_interfaces/__init__.py
[3.235s] Listing '/home/mtrn/Downloads/MTRN4231_Project/install/custom_interfaces/local/lib/python3.10/dist-packages/custom_interfaces'...
[3.236s] Listing '/home/mtrn/Downloads/MTRN4231_Project/install/custom_interfaces/local/lib/python3.10/dist-packages/custom_interfaces/action'...
[3.243s] -- Up-to-date: /home/mtrn/Downloads/MTRN4231_Project/install/custom_interfaces/local/lib/python3.10/dist-packages/custom_interfaces/custom_interfaces_s__rosidl_typesupport_fastrtps_c.cpython-310-x86_64-linux-gnu.so
[3.245s] -- Up-to-date: /home/mtrn/Downloads/MTRN4231_Project/install/custom_interfaces/local/lib/python3.10/dist-packages/custom_interfaces/custom_interfaces_s__rosidl_typesupport_introspection_c.cpython-310-x86_64-linux-gnu.so
[3.246s] -- Up-to-date: /home/mtrn/Downloads/MTRN4231_Project/install/custom_interfaces/local/lib/python3.10/dist-packages/custom_interfaces/custom_interfaces_s__rosidl_typesupport_c.cpython-310-x86_64-linux-gnu.so
[3.246s] -- Up-to-date: /home/mtrn/Downloads/MTRN4231_Project/install/custom_interfaces/lib/libcustom_interfaces__rosidl_generator_py.so
[3.252s] -- Up-to-date: /home/mtrn/Downloads/MTRN4231_Project/install/custom_interfaces/share/custom_interfaces/action/MoveTCP.idl
[3.256s] -- Up-to-date: /home/mtrn/Downloads/MTRN4231_Project/install/custom_interfaces/share/custom_interfaces/action/GripperCommand.idl
[3.266s] -- Up-to-date: /home/mtrn/Downloads/MTRN4231_Project/install/custom_interfaces/share/custom_interfaces/action/MoveTCP.action
[3.266s] -- Up-to-date: /home/mtrn/Downloads/MTRN4231_Project/install/custom_interfaces/share/custom_interfaces/action/GripperCommand.action
[3.266s] -- Up-to-date: /home/mtrn/Downloads/MTRN4231_Project/install/custom_interfaces/share/custom_interfaces/action
[3.266s] -- Up-to-date: /home/mtrn/Downloads/MTRN4231_Project/install/custom_interfaces/share/custom_interfaces/action/GripperCommand.action
[3.266s] -- Up-to-date: /home/mtrn/Downloads/MTRN4231_Project/install/custom_interfaces/share/custom_interfaces/action/MoveTCP.action
[3.266s] -- Up-to-date: /home/mtrn/Downloads/MTRN4231_Project/install/custom_interfaces/share/ament_index/resource_index/package_run_dependencies/custom_interfaces
[3.267s] -- Up-to-date: /home/mtrn/Downloads/MTRN4231_Project/install/custom_interfaces/share/ament_index/resource_index/parent_prefix_path/custom_interfaces
[3.267s] -- Up-to-date: /home/mtrn/Downloads/MTRN4231_Project/install/custom_interfaces/share/custom_interfaces/environment/ament_prefix_path.sh
[3.267s] -- Up-to-date: /home/mtrn/Downloads/MTRN4231_Project/install/custom_interfaces/share/custom_interfaces/environment/ament_prefix_path.dsv
[3.267s] -- Up-to-date: /home/mtrn/Downloads/MTRN4231_Project/install/custom_interfaces/share/custom_interfaces/environment/path.sh
[3.268s] -- Up-to-date: /home/mtrn/Downloads/MTRN4231_Project/install/custom_interfaces/share/custom_interfaces/environment/path.dsv
[3.268s] -- Up-to-date: /home/mtrn/Downloads/MTRN4231_Project/install/custom_interfaces/share/custom_interfaces/local_setup.bash
[3.268s] -- Up-to-date: /home/mtrn/Downloads/MTRN4231_Project/install/custom_interfaces/share/custom_interfaces/local_setup.sh
[3.269s] -- Up-to-date: /home/mtrn/Downloads/MTRN4231_Project/install/custom_interfaces/share/custom_interfaces/local_setup.zsh
[3.269s] -- Up-to-date: /home/mtrn/Downloads/MTRN4231_Project/install/custom_interfaces/share/custom_interfaces/local_setup.dsv
[3.269s] -- Installing: /home/mtrn/Downloads/MTRN4231_Project/install/custom_interfaces/share/custom_interfaces/package.dsv
[3.270s] -- Up-to-date: /home/mtrn/Downloads/MTRN4231_Project/install/custom_interfaces/share/ament_index/resource_index/packages/custom_interfaces
[3.271s] -- Up-to-date: /home/mtrn/Downloads/MTRN4231_Project/install/custom_interfaces/share/custom_interfaces/cmake/export_custom_interfaces__rosidl_generator_cExport.cmake
[3.271s] -- Up-to-date: /home/mtrn/Downloads/MTRN4231_Project/install/custom_interfaces/share/custom_interfaces/cmake/export_custom_interfaces__rosidl_generator_cExport-noconfig.cmake
[3.272s] -- Up-to-date: /home/mtrn/Downloads/MTRN4231_Project/install/custom_interfaces/share/custom_interfaces/cmake/export_custom_interfaces__rosidl_typesupport_fastrtps_cExport.cmake
[3.272s] -- Up-to-date: /home/mtrn/Downloads/MTRN4231_Project/install/custom_interfaces/share/custom_interfaces/cmake/export_custom_interfaces__rosidl_typesupport_fastrtps_cExport-noconfig.cmake
[3.273s] -- Up-to-date: /home/mtrn/Downloads/MTRN4231_Project/install/custom_interfaces/share/custom_interfaces/cmake/custom_interfaces__rosidl_typesupport_introspection_cExport.cmake
[3.273s] -- Up-to-date: /home/mtrn/Downloads/MTRN4231_Project/install/custom_interfaces/share/custom_interfaces/cmake/custom_interfaces__rosidl_typesupport_introspection_cExport-noconfig.cmake
[3.273s] -- Up-to-date: /home/mtrn/Downloads/MTRN4231_Project/install/custom_interfaces/share/custom_interfaces/cmake/custom_interfaces__rosidl_typesupport_cExport.cmake
[3.273s] -- Up-to-date: /home/mtrn/Downloads/MTRN4231_Project/install/custom_interfaces/share/custom_interfaces/cmake/custom_interfaces__rosidl_typesupport_cExport-noconfig.cmake
[3.274s] -- Up-to-date: /home/mtrn/Downloads/MTRN4231_Project/install/custom_interfaces/share/custom_interfaces/cmake/export_custom_interfaces__rosidl_generator_cppExport.cmake
[3.274s] -- Up-to-date: /home/mtrn/Downloads/MTRN4231_Project/install/custom_interfaces/share/custom_interfaces/cmake/export_custom_interfaces__rosidl_typesupport_fastrtps_cppExport.cmake
[3.275s] -- Up-to-date: /home/mtrn/Downloads/MTRN4231_Project/install/custom_interfaces/share/custom_interfaces/cmake/export_custom_interfaces__rosidl_typesupport_fastrtps_cppExport-noconfig.cmake
[3.275s] -- Up-to-date: /home/mtrn/Downloads/MTRN4231_Project/install/custom_interfaces/share/custom_interfaces/cmake/custom_interfaces__rosidl_typesupport_introspection_cppExport.cmake
[3.276s] -- Up-to-date: /home/mtrn/Downloads/MTRN4231_Project/install/custom_interfaces/share/custom_interfaces/cmake/custom_interfaces__rosidl_typesupport_introspection_cppExport-noconfig.cmake
[3.276s] -- Up-to-date: /home/mtrn/Downloads/MTRN4231_Project/install/custom_interfaces/share/custom_interfaces/cmake/custom_interfaces__rosidl_typesupport_cppExport.cmake
[3.276s] -- Up-to-date: /home/mtrn/Downloads/MTRN4231_Project/install/custom_interfaces/share/custom_interfaces/cmake/custom_interfaces__rosidl_typesupport_cppExport-noconfig.cmake
[3.277s] -- Up-to-date: /home/mtrn/Downloads/MTRN4231_Project/install/custom_interfaces/share/custom_interfaces/cmake/export_custom_interfaces__rosidl_generator_pyExport.cmake
[3.277s] -- Up-to-date: /home/mtrn/Downloads/MTRN4231_Project/install/custom_interfaces/share/custom_interfaces/cmake/export_custom_interfaces__rosidl_generator_pyExport-noconfig.cmake
[3.277s] -- Up-to-date: /home/mtrn/Downloads/MTRN4231_Project/install/custom_interfaces/share/custom_interfaces/cmake/rosidl_cmake-extras.cmake
[3.278s] -- Up-to-date: /home/mtrn/Downloads/MTRN4231_Project/install/custom_interfaces/share/custom_interfaces/cmake/ament_cmake_export_dependencies-extras.cmake
[3.278s] -- Up-to-date: /home/mtrn/Downloads/MTRN4231_Project/install/custom_interfaces/share/custom_interfaces/cmake/ament_cmake_export_include_directories-extras.cmake
[3.278s] -- Up-to-date: /home/mtrn/Downloads/MTRN4231_Project/install/custom_interfaces/share/custom_interfaces/cmake/ament_cmake_export_libraries-extras.cmake
[3.278s] -- Up-to-date: /home/mtrn/Downloads/MTRN4231_Project/install/custom_interfaces/share/custom_interfaces/cmake/ament_cmake_export_targets-extras.cmake
[3.279s] -- Up-to-date: /home/mtrn/Downloads/MTRN4231_Project/install/custom_interfaces/share/custom_interfaces/cmake/rosidl_cmake_export_typesupport_targets-extras.cmake
[3.279s] -- Up-to-date: /home/mtrn/Downloads/MTRN4231_Project/install/custom_interfaces/share/custom_interfaces/cmake/rosidl_cmake_export_typesupport_libraries-extras.cmake
[3.279s] -- Up-to-date: /home/mtrn/Downloads/MTRN4231_Project/install/custom_interfaces/share/custom_interfaces/cmake/custom_interfacesConfig.cmake
[3.280s] -- Up-to-date: /home/mtrn/Downloads/MTRN4231_Project/install/custom_interfaces/share/custom_interfaces/cmake/custom_interfacesConfig-version.cmake
[3.281s] -- Up-to-date: /home/mtrn/Downloads/MTRN4231_Project/install/custom_interfaces/share/custom_interfaces/package.xml
[3.284s] Invoked command in '/home/mtrn/Downloads/MTRN4231_Project/build/custom_interfaces' returned '0': CMAKE_PREFIX_PATH=${CMAKE_PREFIX_PATH}:/home/mtrn/4231/ws_moveit2/install/moveit_configs_utils:/home/mtrn/4231/ws_moveit2/install/launch_param_builder:/opt/ros/humble /usr/bin/cmake --install /home/mtrn/Downloads/MTRN4231_Project/build/custom_interfaces
