[1.579s] Invoking command in '/home/ryanl/4231/MTRN4231_Project/build/gripper': CMAKE_PREFIX_PATH=/home/ryanl/4231/MTRN4231_Project/install/custom_interfaces:/home/ryanl/4231/MTRN4231_Project/install/move_to_marker:/home/ryanl/4231/MTRN4231_Project/install/end_effector_description:/home/ryanl/4231/MTRN4231_Project/install/arm_controller PYTHONPATH=/home/ryanl/4231/MTRN4231_Project/build/gripper/prefix_override:/usr/lib/python3/dist-packages/colcon_core/task/python/colcon_distutils_commands:/home/ryanl/4231/MTRN4231_Project/install/gripper/lib/python3.10/site-packages:${PYTHONPATH} /usr/bin/python3 -W ignore:setup.py install is deprecated -W ignore:easy_install command is deprecated setup.py develop --uninstall --editable --build-directory /home/ryanl/4231/MTRN4231_Project/build/gripper/build
[2.153s] running develop
[2.493s] Removing /home/ryanl/4231/MTRN4231_Project/install/gripper/lib/python3.10/site-packages/gripper.egg-link (link to .)
[2.567s] Invoked command in '/home/ryanl/4231/MTRN4231_Project/build/gripper' returned '0': CMAKE_PREFIX_PATH=/home/ryanl/4231/MTRN4231_Project/install/custom_interfaces:/home/ryanl/4231/MTRN4231_Project/install/move_to_marker:/home/ryanl/4231/MTRN4231_Project/install/end_effector_description:/home/ryanl/4231/MTRN4231_Project/install/arm_controller PYTHONPATH=/home/ryanl/4231/MTRN4231_Project/build/gripper/prefix_override:/usr/lib/python3/dist-packages/colcon_core/task/python/colcon_distutils_commands:/home/ryanl/4231/MTRN4231_Project/install/gripper/lib/python3.10/site-packages:${PYTHONPATH} /usr/bin/python3 -W ignore:setup.py install is deprecated -W ignore:easy_install command is deprecated setup.py develop --uninstall --editable --build-directory /home/ryanl/4231/MTRN4231_Project/build/gripper/build
[2.571s] Invoking command in '/home/ryanl/4231/MTRN4231_Project/src/gripper': CMAKE_PREFIX_PATH=/home/ryanl/4231/MTRN4231_Project/install/custom_interfaces:/home/ryanl/4231/MTRN4231_Project/install/move_to_marker:/home/ryanl/4231/MTRN4231_Project/install/end_effector_description:/home/ryanl/4231/MTRN4231_Project/install/arm_controller PYTHONPATH=/home/ryanl/4231/MTRN4231_Project/build/gripper/prefix_override:/usr/lib/python3/dist-packages/colcon_core/task/python/colcon_distutils_commands:/home/ryanl/4231/MTRN4231_Project/install/gripper/lib/python3.10/site-packages:${PYTHONPATH} /usr/bin/python3 -W ignore:setup.py install is deprecated -W ignore:easy_install command is deprecated setup.py egg_info --egg-base ../../build/gripper build --build-base /home/ryanl/4231/MTRN4231_Project/build/gripper/build install --record /home/ryanl/4231/MTRN4231_Project/build/gripper/install.log --single-version-externally-managed install_data --force
[2.981s] running egg_info
[2.982s] writing ../../build/gripper/gripper.egg-info/PKG-INFO
[2.983s] writing dependency_links to ../../build/gripper/gripper.egg-info/dependency_links.txt
[2.983s] writing entry points to ../../build/gripper/gripper.egg-info/entry_points.txt
[2.984s] writing requirements to ../../build/gripper/gripper.egg-info/requires.txt
[2.984s] writing top-level names to ../../build/gripper/gripper.egg-info/top_level.txt
[2.987s] reading manifest file '../../build/gripper/gripper.egg-info/SOURCES.txt'
[2.988s] writing manifest file '../../build/gripper/gripper.egg-info/SOURCES.txt'
[2.989s] running build
[2.989s] running build_py
[2.989s] creating /home/ryanl/4231/MTRN4231_Project/build/gripper/build
[2.990s] creating /home/ryanl/4231/MTRN4231_Project/build/gripper/build/lib
[2.991s] creating /home/ryanl/4231/MTRN4231_Project/build/gripper/build/lib/gripper
[2.992s] copying gripper/gripper_bridge_node.py -> /home/ryanl/4231/MTRN4231_Project/build/gripper/build/lib/gripper
[2.992s] copying gripper/__init__.py -> /home/ryanl/4231/MTRN4231_Project/build/gripper/build/lib/gripper
[2.993s] running install
[2.994s] running install_lib
[2.995s] creating /home/ryanl/4231/MTRN4231_Project/install/gripper/lib/python3.10/site-packages/gripper
[2.996s] copying /home/ryanl/4231/MTRN4231_Project/build/gripper/build/lib/gripper/gripper_bridge_node.py -> /home/ryanl/4231/MTRN4231_Project/install/gripper/lib/python3.10/site-packages/gripper
[2.996s] copying /home/ryanl/4231/MTRN4231_Project/build/gripper/build/lib/gripper/__init__.py -> /home/ryanl/4231/MTRN4231_Project/install/gripper/lib/python3.10/site-packages/gripper
[2.998s] byte-compiling /home/ryanl/4231/MTRN4231_Project/install/gripper/lib/python3.10/site-packages/gripper/gripper_bridge_node.py to gripper_bridge_node.cpython-310.pyc
[3.002s] byte-compiling /home/ryanl/4231/MTRN4231_Project/install/gripper/lib/python3.10/site-packages/gripper/__init__.py to __init__.cpython-310.pyc
[3.002s] running install_data
[3.003s] copying resource/gripper -> /home/ryanl/4231/MTRN4231_Project/install/gripper/share/ament_index/resource_index/packages
[3.005s] copying package.xml -> /home/ryanl/4231/MTRN4231_Project/install/gripper/share/gripper
[3.005s] copying launch/gripper_bridge.launch.py -> /home/ryanl/4231/MTRN4231_Project/install/gripper/share/gripper/launch
[3.006s] running install_egg_info
[3.008s] Copying ../../build/gripper/gripper.egg-info to /home/ryanl/4231/MTRN4231_Project/install/gripper/lib/python3.10/site-packages/gripper-0.1.0-py3.10.egg-info
[3.012s] running install_scripts
[3.040s] Installing gripper_bridge_node script to /home/ryanl/4231/MTRN4231_Project/install/gripper/lib/gripper
[3.041s] writing list of installed files to '/home/ryanl/4231/MTRN4231_Project/build/gripper/install.log'
[3.089s] Invoked command in '/home/ryanl/4231/MTRN4231_Project/src/gripper' returned '0': CMAKE_PREFIX_PATH=/home/ryanl/4231/MTRN4231_Project/install/custom_interfaces:/home/ryanl/4231/MTRN4231_Project/install/move_to_marker:/home/ryanl/4231/MTRN4231_Project/install/end_effector_description:/home/ryanl/4231/MTRN4231_Project/install/arm_controller PYTHONPATH=/home/ryanl/4231/MTRN4231_Project/build/gripper/prefix_override:/usr/lib/python3/dist-packages/colcon_core/task/python/colcon_distutils_commands:/home/ryanl/4231/MTRN4231_Project/install/gripper/lib/python3.10/site-packages:${PYTHONPATH} /usr/bin/python3 -W ignore:setup.py install is deprecated -W ignore:easy_install command is deprecated setup.py egg_info --egg-base ../../build/gripper build --build-base /home/ryanl/4231/MTRN4231_Project/build/gripper/build install --record /home/ryanl/4231/MTRN4231_Project/build/gripper/install.log --single-version-externally-managed install_data --force
