[0.020s] Invoking command in '/home/dev/Desktop/MTRN4231_Project/build/custom_interfaces': CMAKE_PREFIX_PATH=${CMAKE_PREFIX_PATH}:/opt/ros/humble /usr/bin/cmake --build /home/dev/Desktop/MTRN4231_Project/build/custom_interfaces -- -j12 -l12
[0.073s] [  2%] Built target custom_interfaces__cpp
[0.073s] [ 12%] Built target custom_interfaces__rosidl_generator_c
[0.084s] [ 12%] Built target ament_cmake_python_copy_custom_interfaces
[0.103s] [ 28%] Built target custom_interfaces__rosidl_typesupport_cpp
[0.103s] [ 33%] Built target custom_interfaces__rosidl_typesupport_introspection_cpp
[0.105s] [ 43%] Built target custom_interfaces__rosidl_typesupport_fastrtps_cpp
[0.112s] [ 53%] Built target custom_interfaces__rosidl_typesupport_c
[0.112s] [ 64%] Built target custom_interfaces__rosidl_typesupport_introspection_c
[0.114s] [ 74%] Built target custom_interfaces__rosidl_typesupport_fastrtps_c
[0.141s] [ 74%] Built target custom_interfaces
[0.166s] [ 76%] Built target custom_interfaces__py
[0.191s] [ 84%] Built target custom_interfaces__rosidl_generator_py
[0.215s] [100%] Built target custom_interfaces__rosidl_typesupport_introspection_c__pyext
[0.215s] [100%] Built target custom_interfaces__rosidl_typesupport_c__pyext
[0.215s] [100%] Built target custom_interfaces__rosidl_typesupport_fastrtps_c__pyext
[0.329s] running egg_info
[0.329s] writing custom_interfaces.egg-info/PKG-INFO
[0.330s] writing dependency_links to custom_interfaces.egg-info/dependency_links.txt
[0.330s] writing top-level names to custom_interfaces.egg-info/top_level.txt
[0.331s] reading manifest file 'custom_interfaces.egg-info/SOURCES.txt'
[0.332s] writing manifest file 'custom_interfaces.egg-info/SOURCES.txt'
[0.364s] [100%] Built target ament_cmake_python_build_custom_interfaces_egg
[0.377s] Invoked command in '/home/dev/Desktop/MTRN4231_Project/build/custom_interfaces' returned '0': CMAKE_PREFIX_PATH=${CMAKE_PREFIX_PATH}:/opt/ros/humble /usr/bin/cmake --build /home/dev/Desktop/MTRN4231_Project/build/custom_interfaces -- -j12 -l12
[0.378s] Invoking command in '/home/dev/Desktop/MTRN4231_Project/build/custom_interfaces': CMAKE_PREFIX_PATH=${CMAKE_PREFIX_PATH}:/opt/ros/humble /usr/bin/cmake --install /home/dev/Desktop/MTRN4231_Project/build/custom_interfaces
[0.385s] -- Install configuration: ""
[0.386s] -- Up-to-date: /home/dev/Desktop/MTRN4231_Project/install/custom_interfaces/share/ament_index/resource_index/rosidl_interfaces/custom_interfaces
[0.386s] -- Up-to-date: /home/dev/Desktop/MTRN4231_Project/install/custom_interfaces/include/custom_interfaces/custom_interfaces
[0.386s] -- Up-to-date: /home/dev/Desktop/MTRN4231_Project/install/custom_interfaces/include/custom_interfaces/custom_interfaces/msg
[0.386s] -- Up-to-date: /home/dev/Desktop/MTRN4231_Project/install/custom_interfaces/include/custom_interfaces/custom_interfaces/msg/rosidl_generator_c__visibility_control.h
[0.386s] -- Up-to-date: /home/dev/Desktop/MTRN4231_Project/install/custom_interfaces/include/custom_interfaces/custom_interfaces/action
[0.386s] -- Up-to-date: /home/dev/Desktop/MTRN4231_Project/install/custom_interfaces/include/custom_interfaces/custom_interfaces/action/gripper_command.h
[0.386s] -- Up-to-date: /home/dev/Desktop/MTRN4231_Project/install/custom_interfaces/include/custom_interfaces/custom_interfaces/action/detail
[0.386s] -- Up-to-date: /home/dev/Desktop/MTRN4231_Project/install/custom_interfaces/include/custom_interfaces/custom_interfaces/action/detail/gripper_command__struct.h
[0.386s] -- Up-to-date: /home/dev/Desktop/MTRN4231_Project/install/custom_interfaces/include/custom_interfaces/custom_interfaces/action/detail/move_tcp__functions.c
[0.386s] -- Up-to-date: /home/dev/Desktop/MTRN4231_Project/install/custom_interfaces/include/custom_interfaces/custom_interfaces/action/detail/move_tcp__struct.h
[0.387s] -- Up-to-date: /home/dev/Desktop/MTRN4231_Project/install/custom_interfaces/include/custom_interfaces/custom_interfaces/action/detail/gripper_command__type_support.h
[0.387s] -- Up-to-date: /home/dev/Desktop/MTRN4231_Project/install/custom_interfaces/include/custom_interfaces/custom_interfaces/action/detail/move_tcp__functions.h
[0.387s] -- Up-to-date: /home/dev/Desktop/MTRN4231_Project/install/custom_interfaces/include/custom_interfaces/custom_interfaces/action/detail/move_tcp__type_support.h
[0.387s] -- Up-to-date: /home/dev/Desktop/MTRN4231_Project/install/custom_interfaces/include/custom_interfaces/custom_interfaces/action/detail/gripper_command__functions.h
[0.387s] -- Up-to-date: /home/dev/Desktop/MTRN4231_Project/install/custom_interfaces/include/custom_interfaces/custom_interfaces/action/detail/gripper_command__functions.c
[0.387s] -- Up-to-date: /home/dev/Desktop/MTRN4231_Project/install/custom_interfaces/include/custom_interfaces/custom_interfaces/action/move_tcp.h
[0.387s] -- Up-to-date: /home/dev/Desktop/MTRN4231_Project/install/custom_interfaces/share/custom_interfaces/environment/library_path.sh
[0.387s] -- Up-to-date: /home/dev/Desktop/MTRN4231_Project/install/custom_interfaces/share/custom_interfaces/environment/library_path.dsv
[0.387s] -- Up-to-date: /home/dev/Desktop/MTRN4231_Project/install/custom_interfaces/lib/libcustom_interfaces__rosidl_generator_c.so
[0.387s] -- Up-to-date: /home/dev/Desktop/MTRN4231_Project/install/custom_interfaces/include/custom_interfaces/custom_interfaces
[0.387s] -- Up-to-date: /home/dev/Desktop/MTRN4231_Project/install/custom_interfaces/include/custom_interfaces/custom_interfaces/msg
[0.387s] -- Up-to-date: /home/dev/Desktop/MTRN4231_Project/install/custom_interfaces/include/custom_interfaces/custom_interfaces/msg/rosidl_typesupport_fastrtps_c__visibility_control.h
[0.387s] -- Up-to-date: /home/dev/Desktop/MTRN4231_Project/install/custom_interfaces/include/custom_interfaces/custom_interfaces/action
[0.387s] -- Up-to-date: /home/dev/Desktop/MTRN4231_Project/install/custom_interfaces/include/custom_interfaces/custom_interfaces/action/detail
[0.387s] -- Up-to-date: /home/dev/Desktop/MTRN4231_Project/install/custom_interfaces/include/custom_interfaces/custom_interfaces/action/detail/gripper_command__rosidl_typesupport_fastrtps_c.h
[0.387s] -- Up-to-date: /home/dev/Desktop/MTRN4231_Project/install/custom_interfaces/include/custom_interfaces/custom_interfaces/action/detail/move_tcp__rosidl_typesupport_fastrtps_c.h
[0.387s] -- Up-to-date: /home/dev/Desktop/MTRN4231_Project/install/custom_interfaces/lib/libcustom_interfaces__rosidl_typesupport_fastrtps_c.so
[0.387s] -- Up-to-date: /home/dev/Desktop/MTRN4231_Project/install/custom_interfaces/include/custom_interfaces/custom_interfaces
[0.388s] -- Up-to-date: /home/dev/Desktop/MTRN4231_Project/install/custom_interfaces/include/custom_interfaces/custom_interfaces/msg
[0.388s] -- Up-to-date: /home/dev/Desktop/MTRN4231_Project/install/custom_interfaces/include/custom_interfaces/custom_interfaces/msg/rosidl_typesupport_introspection_c__visibility_control.h
[0.388s] -- Up-to-date: /home/dev/Desktop/MTRN4231_Project/install/custom_interfaces/include/custom_interfaces/custom_interfaces/action
[0.388s] -- Up-to-date: /home/dev/Desktop/MTRN4231_Project/install/custom_interfaces/include/custom_interfaces/custom_interfaces/action/detail
[0.388s] -- Up-to-date: /home/dev/Desktop/MTRN4231_Project/install/custom_interfaces/include/custom_interfaces/custom_interfaces/action/detail/gripper_command__rosidl_typesupport_introspection_c.h
[0.388s] -- Up-to-date: /home/dev/Desktop/MTRN4231_Project/install/custom_interfaces/include/custom_interfaces/custom_interfaces/action/detail/gripper_command__type_support.c
[0.388s] -- Up-to-date: /home/dev/Desktop/MTRN4231_Project/install/custom_interfaces/include/custom_interfaces/custom_interfaces/action/detail/move_tcp__type_support.c
[0.388s] -- Up-to-date: /home/dev/Desktop/MTRN4231_Project/install/custom_interfaces/include/custom_interfaces/custom_interfaces/action/detail/move_tcp__rosidl_typesupport_introspection_c.h
[0.388s] -- Up-to-date: /home/dev/Desktop/MTRN4231_Project/install/custom_interfaces/lib/libcustom_interfaces__rosidl_typesupport_introspection_c.so
[0.388s] -- Up-to-date: /home/dev/Desktop/MTRN4231_Project/install/custom_interfaces/lib/libcustom_interfaces__rosidl_typesupport_c.so
[0.388s] -- Up-to-date: /home/dev/Desktop/MTRN4231_Project/install/custom_interfaces/include/custom_interfaces/custom_interfaces
[0.388s] -- Up-to-date: /home/dev/Desktop/MTRN4231_Project/install/custom_interfaces/include/custom_interfaces/custom_interfaces/msg
[0.389s] -- Up-to-date: /home/dev/Desktop/MTRN4231_Project/install/custom_interfaces/include/custom_interfaces/custom_interfaces/msg/rosidl_generator_cpp__visibility_control.hpp
[0.389s] -- Up-to-date: /home/dev/Desktop/MTRN4231_Project/install/custom_interfaces/include/custom_interfaces/custom_interfaces/action
[0.389s] -- Up-to-date: /home/dev/Desktop/MTRN4231_Project/install/custom_interfaces/include/custom_interfaces/custom_interfaces/action/detail
[0.389s] -- Up-to-date: /home/dev/Desktop/MTRN4231_Project/install/custom_interfaces/include/custom_interfaces/custom_interfaces/action/detail/move_tcp__traits.hpp
[0.389s] -- Up-to-date: /home/dev/Desktop/MTRN4231_Project/install/custom_interfaces/include/custom_interfaces/custom_interfaces/action/detail/move_tcp__struct.hpp
[0.389s] -- Up-to-date: /home/dev/Desktop/MTRN4231_Project/install/custom_interfaces/include/custom_interfaces/custom_interfaces/action/detail/move_tcp__type_support.hpp
[0.389s] -- Up-to-date: /home/dev/Desktop/MTRN4231_Project/install/custom_interfaces/include/custom_interfaces/custom_interfaces/action/detail/move_tcp__builder.hpp
[0.389s] -- Up-to-date: /home/dev/Desktop/MTRN4231_Project/install/custom_interfaces/include/custom_interfaces/custom_interfaces/action/detail/gripper_command__builder.hpp
[0.389s] -- Up-to-date: /home/dev/Desktop/MTRN4231_Project/install/custom_interfaces/include/custom_interfaces/custom_interfaces/action/detail/gripper_command__type_support.hpp
[0.389s] -- Up-to-date: /home/dev/Desktop/MTRN4231_Project/install/custom_interfaces/include/custom_interfaces/custom_interfaces/action/detail/gripper_command__traits.hpp
[0.389s] -- Up-to-date: /home/dev/Desktop/MTRN4231_Project/install/custom_interfaces/include/custom_interfaces/custom_interfaces/action/detail/gripper_command__struct.hpp
[0.389s] -- Up-to-date: /home/dev/Desktop/MTRN4231_Project/install/custom_interfaces/include/custom_interfaces/custom_interfaces/action/gripper_command.hpp
[0.389s] -- Up-to-date: /home/dev/Desktop/MTRN4231_Project/install/custom_interfaces/include/custom_interfaces/custom_interfaces/action/move_tcp.hpp
[0.389s] -- Up-to-date: /home/dev/Desktop/MTRN4231_Project/install/custom_interfaces/include/custom_interfaces/custom_interfaces
[0.389s] -- Up-to-date: /home/dev/Desktop/MTRN4231_Project/install/custom_interfaces/include/custom_interfaces/custom_interfaces/msg
[0.390s] -- Up-to-date: /home/dev/Desktop/MTRN4231_Project/install/custom_interfaces/include/custom_interfaces/custom_interfaces/msg/rosidl_typesupport_fastrtps_cpp__visibility_control.h
[0.390s] -- Up-to-date: /home/dev/Desktop/MTRN4231_Project/install/custom_interfaces/include/custom_interfaces/custom_interfaces/action
[0.390s] -- Up-to-date: /home/dev/Desktop/MTRN4231_Project/install/custom_interfaces/include/custom_interfaces/custom_interfaces/action/detail
[0.390s] -- Up-to-date: /home/dev/Desktop/MTRN4231_Project/install/custom_interfaces/include/custom_interfaces/custom_interfaces/action/detail/gripper_command__rosidl_typesupport_fastrtps_cpp.hpp
[0.390s] -- Up-to-date: /home/dev/Desktop/MTRN4231_Project/install/custom_interfaces/include/custom_interfaces/custom_interfaces/action/detail/move_tcp__rosidl_typesupport_fastrtps_cpp.hpp
[0.390s] -- Up-to-date: /home/dev/Desktop/MTRN4231_Project/install/custom_interfaces/include/custom_interfaces/custom_interfaces/action/detail/dds_fastrtps
[0.390s] -- Up-to-date: /home/dev/Desktop/MTRN4231_Project/install/custom_interfaces/lib/libcustom_interfaces__rosidl_typesupport_fastrtps_cpp.so
[0.390s] -- Up-to-date: /home/dev/Desktop/MTRN4231_Project/install/custom_interfaces/include/custom_interfaces/custom_interfaces
[0.390s] -- Up-to-date: /home/dev/Desktop/MTRN4231_Project/install/custom_interfaces/include/custom_interfaces/custom_interfaces/action
[0.390s] -- Up-to-date: /home/dev/Desktop/MTRN4231_Project/install/custom_interfaces/include/custom_interfaces/custom_interfaces/action/detail
[0.390s] -- Up-to-date: /home/dev/Desktop/MTRN4231_Project/install/custom_interfaces/include/custom_interfaces/custom_interfaces/action/detail/gripper_command__rosidl_typesupport_introspection_cpp.hpp
[0.390s] -- Up-to-date: /home/dev/Desktop/MTRN4231_Project/install/custom_interfaces/include/custom_interfaces/custom_interfaces/action/detail/move_tcp__rosidl_typesupport_introspection_cpp.hpp
[0.390s] -- Up-to-date: /home/dev/Desktop/MTRN4231_Project/install/custom_interfaces/include/custom_interfaces/custom_interfaces/action/detail/gripper_command__type_support.cpp
[0.390s] -- Up-to-date: /home/dev/Desktop/MTRN4231_Project/install/custom_interfaces/include/custom_interfaces/custom_interfaces/action/detail/move_tcp__type_support.cpp
[0.390s] -- Up-to-date: /home/dev/Desktop/MTRN4231_Project/install/custom_interfaces/lib/libcustom_interfaces__rosidl_typesupport_introspection_cpp.so
[0.390s] -- Up-to-date: /home/dev/Desktop/MTRN4231_Project/install/custom_interfaces/lib/libcustom_interfaces__rosidl_typesupport_cpp.so
[0.391s] -- Up-to-date: /home/dev/Desktop/MTRN4231_Project/install/custom_interfaces/share/custom_interfaces/environment/pythonpath.sh
[0.391s] -- Up-to-date: /home/dev/Desktop/MTRN4231_Project/install/custom_interfaces/share/custom_interfaces/environment/pythonpath.dsv
[0.391s] -- Up-to-date: /home/dev/Desktop/MTRN4231_Project/install/custom_interfaces/local/lib/python3.10/dist-packages/custom_interfaces-0.0.0-py3.10.egg-info
[0.391s] -- Installing: /home/dev/Desktop/MTRN4231_Project/install/custom_interfaces/local/lib/python3.10/dist-packages/custom_interfaces-0.0.0-py3.10.egg-info/dependency_links.txt
[0.391s] -- Installing: /home/dev/Desktop/MTRN4231_Project/install/custom_interfaces/local/lib/python3.10/dist-packages/custom_interfaces-0.0.0-py3.10.egg-info/PKG-INFO
[0.391s] -- Installing: /home/dev/Desktop/MTRN4231_Project/install/custom_interfaces/local/lib/python3.10/dist-packages/custom_interfaces-0.0.0-py3.10.egg-info/SOURCES.txt
[0.391s] -- Installing: /home/dev/Desktop/MTRN4231_Project/install/custom_interfaces/local/lib/python3.10/dist-packages/custom_interfaces-0.0.0-py3.10.egg-info/top_level.txt
[0.391s] -- Up-to-date: /home/dev/Desktop/MTRN4231_Project/install/custom_interfaces/local/lib/python3.10/dist-packages/custom_interfaces
[0.392s] -- Up-to-date: /home/dev/Desktop/MTRN4231_Project/install/custom_interfaces/local/lib/python3.10/dist-packages/custom_interfaces/_custom_interfaces_s.ep.rosidl_typesupport_fastrtps_c.c
[0.392s] -- Up-to-date: /home/dev/Desktop/MTRN4231_Project/install/custom_interfaces/local/lib/python3.10/dist-packages/custom_interfaces/libcustom_interfaces__rosidl_generator_py.so
[0.392s] -- Up-to-date: /home/dev/Desktop/MTRN4231_Project/install/custom_interfaces/local/lib/python3.10/dist-packages/custom_interfaces/_custom_interfaces_s.ep.rosidl_typesupport_c.c
[0.392s] -- Up-to-date: /home/dev/Desktop/MTRN4231_Project/install/custom_interfaces/local/lib/python3.10/dist-packages/custom_interfaces/__init__.py
[0.392s] -- Up-to-date: /home/dev/Desktop/MTRN4231_Project/install/custom_interfaces/local/lib/python3.10/dist-packages/custom_interfaces/_custom_interfaces_s.ep.rosidl_typesupport_introspection_c.c
[0.392s] -- Up-to-date: /home/dev/Desktop/MTRN4231_Project/install/custom_interfaces/local/lib/python3.10/dist-packages/custom_interfaces/custom_interfaces_s__rosidl_typesupport_introspection_c.cpython-310-x86_64-linux-gnu.so
[0.392s] -- Up-to-date: /home/dev/Desktop/MTRN4231_Project/install/custom_interfaces/local/lib/python3.10/dist-packages/custom_interfaces/custom_interfaces_s__rosidl_typesupport_c.cpython-310-x86_64-linux-gnu.so
[0.392s] -- Up-to-date: /home/dev/Desktop/MTRN4231_Project/install/custom_interfaces/local/lib/python3.10/dist-packages/custom_interfaces/action
[0.392s] -- Up-to-date: /home/dev/Desktop/MTRN4231_Project/install/custom_interfaces/local/lib/python3.10/dist-packages/custom_interfaces/action/_move_tcp.py
[0.392s] -- Up-to-date: /home/dev/Desktop/MTRN4231_Project/install/custom_interfaces/local/lib/python3.10/dist-packages/custom_interfaces/action/__init__.py
[0.392s] -- Up-to-date: /home/dev/Desktop/MTRN4231_Project/install/custom_interfaces/local/lib/python3.10/dist-packages/custom_interfaces/action/_gripper_command_s.c
[0.393s] -- Up-to-date: /home/dev/Desktop/MTRN4231_Project/install/custom_interfaces/local/lib/python3.10/dist-packages/custom_interfaces/action/_gripper_command.py
[0.393s] -- Up-to-date: /home/dev/Desktop/MTRN4231_Project/install/custom_interfaces/local/lib/python3.10/dist-packages/custom_interfaces/action/_move_tcp_s.c
[0.393s] -- Up-to-date: /home/dev/Desktop/MTRN4231_Project/install/custom_interfaces/local/lib/python3.10/dist-packages/custom_interfaces/custom_interfaces_s__rosidl_typesupport_fastrtps_c.cpython-310-x86_64-linux-gnu.so
[0.423s] Listing '/home/dev/Desktop/MTRN4231_Project/install/custom_interfaces/local/lib/python3.10/dist-packages/custom_interfaces'...
[0.423s] Listing '/home/dev/Desktop/MTRN4231_Project/install/custom_interfaces/local/lib/python3.10/dist-packages/custom_interfaces/action'...
[0.427s] -- Up-to-date: /home/dev/Desktop/MTRN4231_Project/install/custom_interfaces/local/lib/python3.10/dist-packages/custom_interfaces/custom_interfaces_s__rosidl_typesupport_fastrtps_c.cpython-310-x86_64-linux-gnu.so
[0.427s] -- Up-to-date: /home/dev/Desktop/MTRN4231_Project/install/custom_interfaces/local/lib/python3.10/dist-packages/custom_interfaces/custom_interfaces_s__rosidl_typesupport_introspection_c.cpython-310-x86_64-linux-gnu.so
[0.428s] -- Up-to-date: /home/dev/Desktop/MTRN4231_Project/install/custom_interfaces/local/lib/python3.10/dist-packages/custom_interfaces/custom_interfaces_s__rosidl_typesupport_c.cpython-310-x86_64-linux-gnu.so
[0.428s] -- Up-to-date: /home/dev/Desktop/MTRN4231_Project/install/custom_interfaces/lib/libcustom_interfaces__rosidl_generator_py.so
[0.428s] -- Up-to-date: /home/dev/Desktop/MTRN4231_Project/install/custom_interfaces/share/custom_interfaces/action/MoveTCP.idl
[0.428s] -- Up-to-date: /home/dev/Desktop/MTRN4231_Project/install/custom_interfaces/share/custom_interfaces/action/GripperCommand.idl
[0.428s] -- Up-to-date: /home/dev/Desktop/MTRN4231_Project/install/custom_interfaces/share/custom_interfaces/action/MoveTCP.action
[0.428s] -- Up-to-date: /home/dev/Desktop/MTRN4231_Project/install/custom_interfaces/share/custom_interfaces/action/GripperCommand.action
[0.429s] -- Up-to-date: /home/dev/Desktop/MTRN4231_Project/install/custom_interfaces/share/custom_interfaces/action
[0.429s] -- Up-to-date: /home/dev/Desktop/MTRN4231_Project/install/custom_interfaces/share/custom_interfaces/action/MoveTCP.action
[0.429s] -- Up-to-date: /home/dev/Desktop/MTRN4231_Project/install/custom_interfaces/share/custom_interfaces/action/GripperCommand.action
[0.429s] -- Up-to-date: /home/dev/Desktop/MTRN4231_Project/install/custom_interfaces/share/ament_index/resource_index/package_run_dependencies/custom_interfaces
[0.429s] -- Up-to-date: /home/dev/Desktop/MTRN4231_Project/install/custom_interfaces/share/ament_index/resource_index/parent_prefix_path/custom_interfaces
[0.429s] -- Up-to-date: /home/dev/Desktop/MTRN4231_Project/install/custom_interfaces/share/custom_interfaces/environment/ament_prefix_path.sh
[0.429s] -- Up-to-date: /home/dev/Desktop/MTRN4231_Project/install/custom_interfaces/share/custom_interfaces/environment/ament_prefix_path.dsv
[0.429s] -- Up-to-date: /home/dev/Desktop/MTRN4231_Project/install/custom_interfaces/share/custom_interfaces/environment/path.sh
[0.429s] -- Up-to-date: /home/dev/Desktop/MTRN4231_Project/install/custom_interfaces/share/custom_interfaces/environment/path.dsv
[0.429s] -- Up-to-date: /home/dev/Desktop/MTRN4231_Project/install/custom_interfaces/share/custom_interfaces/local_setup.bash
[0.429s] -- Up-to-date: /home/dev/Desktop/MTRN4231_Project/install/custom_interfaces/share/custom_interfaces/local_setup.sh
[0.429s] -- Up-to-date: /home/dev/Desktop/MTRN4231_Project/install/custom_interfaces/share/custom_interfaces/local_setup.zsh
[0.429s] -- Up-to-date: /home/dev/Desktop/MTRN4231_Project/install/custom_interfaces/share/custom_interfaces/local_setup.dsv
[0.429s] -- Installing: /home/dev/Desktop/MTRN4231_Project/install/custom_interfaces/share/custom_interfaces/package.dsv
[0.429s] -- Up-to-date: /home/dev/Desktop/MTRN4231_Project/install/custom_interfaces/share/ament_index/resource_index/packages/custom_interfaces
[0.429s] -- Up-to-date: /home/dev/Desktop/MTRN4231_Project/install/custom_interfaces/share/custom_interfaces/cmake/export_custom_interfaces__rosidl_generator_cExport.cmake
[0.430s] -- Up-to-date: /home/dev/Desktop/MTRN4231_Project/install/custom_interfaces/share/custom_interfaces/cmake/export_custom_interfaces__rosidl_generator_cExport-noconfig.cmake
[0.430s] -- Up-to-date: /home/dev/Desktop/MTRN4231_Project/install/custom_interfaces/share/custom_interfaces/cmake/export_custom_interfaces__rosidl_typesupport_fastrtps_cExport.cmake
[0.430s] -- Up-to-date: /home/dev/Desktop/MTRN4231_Project/install/custom_interfaces/share/custom_interfaces/cmake/export_custom_interfaces__rosidl_typesupport_fastrtps_cExport-noconfig.cmake
[0.430s] -- Up-to-date: /home/dev/Desktop/MTRN4231_Project/install/custom_interfaces/share/custom_interfaces/cmake/custom_interfaces__rosidl_typesupport_introspection_cExport.cmake
[0.430s] -- Up-to-date: /home/dev/Desktop/MTRN4231_Project/install/custom_interfaces/share/custom_interfaces/cmake/custom_interfaces__rosidl_typesupport_introspection_cExport-noconfig.cmake
[0.430s] -- Up-to-date: /home/dev/Desktop/MTRN4231_Project/install/custom_interfaces/share/custom_interfaces/cmake/custom_interfaces__rosidl_typesupport_cExport.cmake
[0.430s] -- Up-to-date: /home/dev/Desktop/MTRN4231_Project/install/custom_interfaces/share/custom_interfaces/cmake/custom_interfaces__rosidl_typesupport_cExport-noconfig.cmake
[0.430s] -- Up-to-date: /home/dev/Desktop/MTRN4231_Project/install/custom_interfaces/share/custom_interfaces/cmake/export_custom_interfaces__rosidl_generator_cppExport.cmake
[0.430s] -- Up-to-date: /home/dev/Desktop/MTRN4231_Project/install/custom_interfaces/share/custom_interfaces/cmake/export_custom_interfaces__rosidl_typesupport_fastrtps_cppExport.cmake
[0.430s] -- Up-to-date: /home/dev/Desktop/MTRN4231_Project/install/custom_interfaces/share/custom_interfaces/cmake/export_custom_interfaces__rosidl_typesupport_fastrtps_cppExport-noconfig.cmake
[0.430s] -- Up-to-date: /home/dev/Desktop/MTRN4231_Project/install/custom_interfaces/share/custom_interfaces/cmake/custom_interfaces__rosidl_typesupport_introspection_cppExport.cmake
[0.430s] -- Up-to-date: /home/dev/Desktop/MTRN4231_Project/install/custom_interfaces/share/custom_interfaces/cmake/custom_interfaces__rosidl_typesupport_introspection_cppExport-noconfig.cmake
[0.430s] -- Up-to-date: /home/dev/Desktop/MTRN4231_Project/install/custom_interfaces/share/custom_interfaces/cmake/custom_interfaces__rosidl_typesupport_cppExport.cmake
[0.430s] -- Up-to-date: /home/dev/Desktop/MTRN4231_Project/install/custom_interfaces/share/custom_interfaces/cmake/custom_interfaces__rosidl_typesupport_cppExport-noconfig.cmake
[0.431s] -- Up-to-date: /home/dev/Desktop/MTRN4231_Project/install/custom_interfaces/share/custom_interfaces/cmake/export_custom_interfaces__rosidl_generator_pyExport.cmake
[0.431s] -- Up-to-date: /home/dev/Desktop/MTRN4231_Project/install/custom_interfaces/share/custom_interfaces/cmake/export_custom_interfaces__rosidl_generator_pyExport-noconfig.cmake
[0.431s] -- Up-to-date: /home/dev/Desktop/MTRN4231_Project/install/custom_interfaces/share/custom_interfaces/cmake/rosidl_cmake-extras.cmake
[0.431s] -- Up-to-date: /home/dev/Desktop/MTRN4231_Project/install/custom_interfaces/share/custom_interfaces/cmake/ament_cmake_export_dependencies-extras.cmake
[0.431s] -- Up-to-date: /home/dev/Desktop/MTRN4231_Project/install/custom_interfaces/share/custom_interfaces/cmake/ament_cmake_export_include_directories-extras.cmake
[0.431s] -- Up-to-date: /home/dev/Desktop/MTRN4231_Project/install/custom_interfaces/share/custom_interfaces/cmake/ament_cmake_export_libraries-extras.cmake
[0.431s] -- Up-to-date: /home/dev/Desktop/MTRN4231_Project/install/custom_interfaces/share/custom_interfaces/cmake/ament_cmake_export_targets-extras.cmake
[0.431s] -- Up-to-date: /home/dev/Desktop/MTRN4231_Project/install/custom_interfaces/share/custom_interfaces/cmake/rosidl_cmake_export_typesupport_targets-extras.cmake
[0.431s] -- Up-to-date: /home/dev/Desktop/MTRN4231_Project/install/custom_interfaces/share/custom_interfaces/cmake/rosidl_cmake_export_typesupport_libraries-extras.cmake
[0.431s] -- Up-to-date: /home/dev/Desktop/MTRN4231_Project/install/custom_interfaces/share/custom_interfaces/cmake/custom_interfacesConfig.cmake
[0.431s] -- Up-to-date: /home/dev/Desktop/MTRN4231_Project/install/custom_interfaces/share/custom_interfaces/cmake/custom_interfacesConfig-version.cmake
[0.431s] -- Up-to-date: /home/dev/Desktop/MTRN4231_Project/install/custom_interfaces/share/custom_interfaces/package.xml
[0.434s] Invoked command in '/home/dev/Desktop/MTRN4231_Project/build/custom_interfaces' returned '0': CMAKE_PREFIX_PATH=${CMAKE_PREFIX_PATH}:/opt/ros/humble /usr/bin/cmake --install /home/dev/Desktop/MTRN4231_Project/build/custom_interfaces
