[1.349s] Invoking command in '/home/ryanl/4231/MTRN4231_Project/build/gripper': CMAKE_PREFIX_PATH=/home/ryanl/4231/MTRN4231_Project/install/custom_interfaces:/home/ryanl/4231/MTRN4231_Project/install/interfaces:/home/ryanl/4231/MTRN4231_Project/install/move_to_marker:/home/ryanl/4231/MTRN4231_Project/install/end_effector_description:/home/ryanl/4231/MTRN4231_Project/install/arm_controller LD_LIBRARY_PATH=/home/ryanl/4231/MTRN4231_Project/install/custom_interfaces/lib:/home/ryanl/4231/MTRN4231_Project/install/interfaces/lib:/opt/ros/humble/opt/rviz_ogre_vendor/lib:/opt/ros/humble/lib/x86_64-linux-gnu:/opt/ros/humble/lib PYTHONPATH=/home/ryanl/4231/MTRN4231_Project/build/gripper/prefix_override:/usr/lib/python3/dist-packages/colcon_core/task/python/colcon_distutils_commands:/home/ryanl/4231/MTRN4231_Project/install/gripper/lib/python3.10/site-packages:${PYTHONPATH} /usr/bin/python3 -W ignore:setup.py install is deprecated -W ignore:easy_install command is deprecated setup.py develop --editable --build-directory /home/ryanl/4231/MTRN4231_Project/build/gripper/build --no-deps symlink_data --force
[1.811s] running develop
[2.078s] running egg_info
[2.078s] writing gripper.egg-info/PKG-INFO
[2.079s] writing dependency_links to gripper.egg-info/dependency_links.txt
[2.079s] writing entry points to gripper.egg-info/entry_points.txt
[2.079s] writing requirements to gripper.egg-info/requires.txt
[2.080s] writing top-level names to gripper.egg-info/top_level.txt
[2.082s] reading manifest file 'gripper.egg-info/SOURCES.txt'
[2.084s] writing manifest file 'gripper.egg-info/SOURCES.txt'
[2.085s] running build_ext
[2.086s] Creating /home/ryanl/4231/MTRN4231_Project/install/gripper/lib/python3.10/site-packages/gripper.egg-link (link to .)
[2.087s] Installing gripper_bridge_node script to /home/ryanl/4231/MTRN4231_Project/install/gripper/lib/gripper
[2.087s] 
[2.088s] Installed /home/ryanl/4231/MTRN4231_Project/build/gripper
[2.088s] running symlink_data
[2.088s] symbolically linking /home/ryanl/4231/MTRN4231_Project/build/gripper/resource/gripper -> /home/ryanl/4231/MTRN4231_Project/install/gripper/share/ament_index/resource_index/packages
[2.089s] symbolically linking /home/ryanl/4231/MTRN4231_Project/build/gripper/package.xml -> /home/ryanl/4231/MTRN4231_Project/install/gripper/share/gripper
[2.089s] symbolically linking /home/ryanl/4231/MTRN4231_Project/build/gripper/launch/gripper_bridge.launch.py -> /home/ryanl/4231/MTRN4231_Project/install/gripper/share/gripper/launch
[2.135s] Invoked command in '/home/ryanl/4231/MTRN4231_Project/build/gripper' returned '0': CMAKE_PREFIX_PATH=/home/ryanl/4231/MTRN4231_Project/install/custom_interfaces:/home/ryanl/4231/MTRN4231_Project/install/interfaces:/home/ryanl/4231/MTRN4231_Project/install/move_to_marker:/home/ryanl/4231/MTRN4231_Project/install/end_effector_description:/home/ryanl/4231/MTRN4231_Project/install/arm_controller LD_LIBRARY_PATH=/home/ryanl/4231/MTRN4231_Project/install/custom_interfaces/lib:/home/ryanl/4231/MTRN4231_Project/install/interfaces/lib:/opt/ros/humble/opt/rviz_ogre_vendor/lib:/opt/ros/humble/lib/x86_64-linux-gnu:/opt/ros/humble/lib PYTHONPATH=/home/ryanl/4231/MTRN4231_Project/build/gripper/prefix_override:/usr/lib/python3/dist-packages/colcon_core/task/python/colcon_distutils_commands:/home/ryanl/4231/MTRN4231_Project/install/gripper/lib/python3.10/site-packages:${PYTHONPATH} /usr/bin/python3 -W ignore:setup.py install is deprecated -W ignore:easy_install command is deprecated setup.py develop --editable --build-directory /home/ryanl/4231/MTRN4231_Project/build/gripper/build --no-deps symlink_data --force
