[0.017s] Invoking command in '/home/mtrn/MTRN4231_Project/build/ur5e_custom_description': AMENT_PREFIX_PATH=/home/mtrn/MTRN4231_Project/install/end_effector_description:${AMENT_PREFIX_PATH} CMAKE_PREFIX_PATH=/home/mtrn/MTRN4231_Project/install/end_effector_description:/opt/ros/humble /home/mtrn/.local/bin/cmake --build /home/mtrn/MTRN4231_Project/build/ur5e_custom_description -- -j20 -l20
[0.101s] Invoked command in '/home/mtrn/MTRN4231_Project/build/ur5e_custom_description' returned '0': AMENT_PREFIX_PATH=/home/mtrn/MTRN4231_Project/install/end_effector_description:${AMENT_PREFIX_PATH} CMAKE_PREFIX_PATH=/home/mtrn/MTRN4231_Project/install/end_effector_description:/opt/ros/humble /home/mtrn/.local/bin/cmake --build /home/mtrn/MTRN4231_Project/build/ur5e_custom_description -- -j20 -l20
[0.179s] Invoking command in '/home/mtrn/MTRN4231_Project/build/ur5e_custom_description': AMENT_PREFIX_PATH=/home/mtrn/MTRN4231_Project/install/end_effector_description:${AMENT_PREFIX_PATH} CMAKE_PREFIX_PATH=/home/mtrn/MTRN4231_Project/install/end_effector_description:/opt/ros/humble /home/mtrn/.local/bin/cmake --install /home/mtrn/MTRN4231_Project/build/ur5e_custom_description
[0.217s] -- Install configuration: ""
[0.217s] -- Up-to-date: /home/mtrn/MTRN4231_Project/install/ur5e_custom_description/share/ur5e_custom_description/urdf
[0.217s] -- Up-to-date: /home/mtrn/MTRN4231_Project/install/ur5e_custom_description/share/ur5e_custom_description/urdf/ur5e_with_tool.urdf.xacro
[0.218s] -- Up-to-date: /home/mtrn/MTRN4231_Project/install/ur5e_custom_description/share/ur5e_custom_description/launch
[0.218s] -- Up-to-date: /home/mtrn/MTRN4231_Project/install/ur5e_custom_description/share/ur5e_custom_description/launch/display.launch.py
[0.218s] -- Up-to-date: /home/mtrn/MTRN4231_Project/install/ur5e_custom_description/share/ur5e_custom_description/rviz
[0.218s] -- Up-to-date: /home/mtrn/MTRN4231_Project/install/ur5e_custom_description/share/ur5e_custom_description/rviz/display.rviz
[0.218s] -- Up-to-date: /home/mtrn/MTRN4231_Project/install/ur5e_custom_description/share/ament_index/resource_index/package_run_dependencies/ur5e_custom_description
[0.218s] -- Up-to-date: /home/mtrn/MTRN4231_Project/install/ur5e_custom_description/share/ament_index/resource_index/parent_prefix_path/ur5e_custom_description
[0.219s] -- Up-to-date: /home/mtrn/MTRN4231_Project/install/ur5e_custom_description/share/ur5e_custom_description/environment/ament_prefix_path.sh
[0.219s] -- Up-to-date: /home/mtrn/MTRN4231_Project/install/ur5e_custom_description/share/ur5e_custom_description/environment/ament_prefix_path.dsv
[0.219s] -- Up-to-date: /home/mtrn/MTRN4231_Project/install/ur5e_custom_description/share/ur5e_custom_description/environment/path.sh
[0.219s] -- Up-to-date: /home/mtrn/MTRN4231_Project/install/ur5e_custom_description/share/ur5e_custom_description/environment/path.dsv
[0.219s] -- Up-to-date: /home/mtrn/MTRN4231_Project/install/ur5e_custom_description/share/ur5e_custom_description/local_setup.bash
[0.219s] -- Up-to-date: /home/mtrn/MTRN4231_Project/install/ur5e_custom_description/share/ur5e_custom_description/local_setup.sh
[0.219s] -- Up-to-date: /home/mtrn/MTRN4231_Project/install/ur5e_custom_description/share/ur5e_custom_description/local_setup.zsh
[0.219s] -- Up-to-date: /home/mtrn/MTRN4231_Project/install/ur5e_custom_description/share/ur5e_custom_description/local_setup.dsv
[0.219s] -- Up-to-date: /home/mtrn/MTRN4231_Project/install/ur5e_custom_description/share/ur5e_custom_description/package.dsv
[0.220s] -- Up-to-date: /home/mtrn/MTRN4231_Project/install/ur5e_custom_description/share/ament_index/resource_index/packages/ur5e_custom_description
[0.220s] -- Up-to-date: /home/mtrn/MTRN4231_Project/install/ur5e_custom_description/share/ur5e_custom_description/cmake/ur5e_custom_descriptionConfig.cmake
[0.220s] -- Up-to-date: /home/mtrn/MTRN4231_Project/install/ur5e_custom_description/share/ur5e_custom_description/cmake/ur5e_custom_descriptionConfig-version.cmake
[0.220s] -- Up-to-date: /home/mtrn/MTRN4231_Project/install/ur5e_custom_description/share/ur5e_custom_description/package.xml
[0.227s] Invoked command in '/home/mtrn/MTRN4231_Project/build/ur5e_custom_description' returned '0': AMENT_PREFIX_PATH=/home/mtrn/MTRN4231_Project/install/end_effector_description:${AMENT_PREFIX_PATH} CMAKE_PREFIX_PATH=/home/mtrn/MTRN4231_Project/install/end_effector_description:/opt/ros/humble /home/mtrn/.local/bin/cmake --install /home/mtrn/MTRN4231_Project/build/ur5e_custom_description
