[0.016s] Invoking command in '/home/dev/Desktop/MTRN4231_Project/build/custom_interfaces': CMAKE_PREFIX_PATH=/opt/ros/humble /usr/bin/cmake /home/dev/Desktop/MTRN4231_Project/src/custom_interfaces -DCMAKE_INSTALL_PREFIX=/home/dev/Desktop/MTRN4231_Project/install/custom_interfaces
[0.070s] -- The C compiler identification is GNU 11.4.0
[0.124s] -- The CXX compiler identification is GNU 11.4.0
[0.131s] -- Detecting C compiler ABI info
[0.194s] -- Detecting C compiler ABI info - done
[0.199s] -- Check for working C compiler: /usr/bin/cc - skipped
[0.199s] -- Detecting C compile features
[0.200s] -- Detecting C compile features - done
[0.202s] -- Detecting CXX compiler ABI info
[0.277s] -- Detecting CXX compiler ABI info - done
[0.283s] -- Check for working CXX compiler: /usr/bin/c++ - skipped
[0.283s] -- Detecting CXX compile features
[0.283s] -- Detecting CXX compile features - done
[0.286s] -- Found ament_cmake: 1.3.12 (/opt/ros/humble/share/ament_cmake/cmake)
[0.425s] -- Found Python3: /usr/bin/python3 (found version "3.10.12") found components: Interpreter 
[0.509s] -- Found rosidl_default_generators: 1.2.0 (/opt/ros/humble/share/rosidl_default_generators/cmake)
[0.514s] -- Using all available rosidl_typesupport_c: rosidl_typesupport_fastrtps_c;rosidl_typesupport_introspection_c
[0.520s] -- Found rosidl_adapter: 3.1.7 (/opt/ros/humble/share/rosidl_adapter/cmake)
[0.555s] -- Using all available rosidl_typesupport_cpp: rosidl_typesupport_fastrtps_cpp;rosidl_typesupport_introspection_cpp
[0.583s] -- Found geometry_msgs: 4.9.0 (/opt/ros/humble/share/geometry_msgs/cmake)
[0.914s] -- Found ament_cmake_ros: 0.10.0 (/opt/ros/humble/share/ament_cmake_ros/cmake)
[1.142s] -- Using all available rosidl_typesupport_c: rosidl_typesupport_fastrtps_c;rosidl_typesupport_introspection_c
[1.434s] -- Using all available rosidl_typesupport_cpp: rosidl_typesupport_fastrtps_cpp;rosidl_typesupport_introspection_cpp
[1.453s] -- Found PythonInterp: /usr/bin/python3 (found suitable version "3.10.12", minimum required is "3.6") 
[1.455s] -- Found python_cmake_module: 0.10.0 (/opt/ros/humble/share/python_cmake_module/cmake)
[1.476s] -- Found PythonLibs: /usr/lib/x86_64-linux-gnu/libpython3.10.so (found suitable version "3.10.12", minimum required is "3.5") 
[1.476s] -- Using PYTHON_EXECUTABLE: /usr/bin/python3
[1.476s] -- Using PYTHON_INCLUDE_DIRS: /usr/include/python3.10
[1.476s] -- Using PYTHON_LIBRARIES: /usr/lib/x86_64-linux-gnu/libpython3.10.so
[1.494s] -- Found PythonExtra: .so  
[1.558s] -- Configuring done
[1.592s] -- Generating done
[1.603s] -- Build files have been written to: /home/dev/Desktop/MTRN4231_Project/build/custom_interfaces
[1.616s] Invoked command in '/home/dev/Desktop/MTRN4231_Project/build/custom_interfaces' returned '0': CMAKE_PREFIX_PATH=/opt/ros/humble /usr/bin/cmake /home/dev/Desktop/MTRN4231_Project/src/custom_interfaces -DCMAKE_INSTALL_PREFIX=/home/dev/Desktop/MTRN4231_Project/install/custom_interfaces
[1.617s] Invoking command in '/home/dev/Desktop/MTRN4231_Project/build/custom_interfaces': CMAKE_PREFIX_PATH=/opt/ros/humble /usr/bin/cmake --build /home/dev/Desktop/MTRN4231_Project/build/custom_interfaces -- -j12 -l12
[1.658s] [  2%] [34m[1mGenerating C code for ROS interfaces[0m
[1.668s] [  5%] [34m[1mGenerating C++ code for ROS interfaces[0m
[1.677s] [  5%] Built target ament_cmake_python_copy_custom_interfaces
[1.894s] running egg_info
[1.894s] creating custom_interfaces.egg-info
[1.894s] writing custom_interfaces.egg-info/PKG-INFO
[1.894s] writing dependency_links to custom_interfaces.egg-info/dependency_links.txt
[1.894s] writing top-level names to custom_interfaces.egg-info/top_level.txt
[1.895s] writing manifest file 'custom_interfaces.egg-info/SOURCES.txt'
[1.896s] reading manifest file 'custom_interfaces.egg-info/SOURCES.txt'
[1.897s] writing manifest file 'custom_interfaces.egg-info/SOURCES.txt'
[1.933s] [  5%] Built target ament_cmake_python_build_custom_interfaces_egg
[2.245s] [ 10%] [32mBuilding C object CMakeFiles/custom_interfaces__rosidl_generator_c.dir/rosidl_generator_c/custom_interfaces/action/detail/gripper_command__functions.c.o[0m
[2.246s] [ 10%] [32mBuilding C object CMakeFiles/custom_interfaces__rosidl_generator_c.dir/rosidl_generator_c/custom_interfaces/action/detail/move_tcp__functions.c.o[0m
[2.246s] [ 10%] Built target custom_interfaces__cpp
[2.257s] [ 17%] [34m[1mGenerating C++ type support dispatch for ROS interfaces[0m
[2.257s] [ 17%] [34m[1mGenerating C++ type support for eProsima Fast-RTPS[0m
[2.257s] [ 17%] [34m[1mGenerating C++ introspection for ROS interfaces[0m
[2.363s] [ 20%] [32m[1mLinking C shared library libcustom_interfaces__rosidl_generator_c.so[0m
[2.403s] [ 20%] Built target custom_interfaces__rosidl_generator_c
[2.418s] [ 25%] [34m[1mGenerating C introspection for ROS interfaces[0m
[2.420s] [ 25%] [34m[1mGenerating C type support for eProsima Fast-RTPS[0m
[2.420s] [ 28%] [34m[1mGenerating C type support dispatch for ROS interfaces[0m
[2.686s] [ 30%] [32mBuilding CXX object CMakeFiles/custom_interfaces__rosidl_typesupport_cpp.dir/rosidl_typesupport_cpp/custom_interfaces/action/move_tcp__type_support.cpp.o[0m
[2.688s] [ 33%] [32mBuilding CXX object CMakeFiles/custom_interfaces__rosidl_typesupport_cpp.dir/rosidl_typesupport_cpp/custom_interfaces/action/gripper_command__type_support.cpp.o[0m
[2.798s] [ 38%] [32mBuilding CXX object CMakeFiles/custom_interfaces__rosidl_typesupport_introspection_cpp.dir/rosidl_typesupport_introspection_cpp/custom_interfaces/action/detail/gripper_command__type_support.cpp.o[0m
[2.798s] [ 38%] [32mBuilding CXX object CMakeFiles/custom_interfaces__rosidl_typesupport_introspection_cpp.dir/rosidl_typesupport_introspection_cpp/custom_interfaces/action/detail/move_tcp__type_support.cpp.o[0m
[2.971s] [ 41%] [32mBuilding CXX object CMakeFiles/custom_interfaces__rosidl_typesupport_c.dir/rosidl_typesupport_c/custom_interfaces/action/gripper_command__type_support.cpp.o[0m
[2.972s] [ 43%] [32mBuilding CXX object CMakeFiles/custom_interfaces__rosidl_typesupport_c.dir/rosidl_typesupport_c/custom_interfaces/action/move_tcp__type_support.cpp.o[0m
[3.060s] [ 46%] [32m[1mLinking CXX shared library libcustom_interfaces__rosidl_typesupport_c.so[0m
[3.071s] [ 48%] [32mBuilding C object CMakeFiles/custom_interfaces__rosidl_typesupport_introspection_c.dir/rosidl_typesupport_introspection_c/custom_interfaces/action/detail/move_tcp__type_support.c.o[0m
[3.075s] [ 51%] [32mBuilding C object CMakeFiles/custom_interfaces__rosidl_typesupport_introspection_c.dir/rosidl_typesupport_introspection_c/custom_interfaces/action/detail/gripper_command__type_support.c.o[0m
[3.131s] [ 53%] [32mBuilding CXX object CMakeFiles/custom_interfaces__rosidl_typesupport_fastrtps_cpp.dir/rosidl_typesupport_fastrtps_cpp/custom_interfaces/action/detail/dds_fastrtps/move_tcp__type_support.cpp.o[0m
[3.131s] [ 56%] [32mBuilding CXX object CMakeFiles/custom_interfaces__rosidl_typesupport_fastrtps_cpp.dir/rosidl_typesupport_fastrtps_cpp/custom_interfaces/action/detail/dds_fastrtps/gripper_command__type_support.cpp.o[0m
[3.148s] [ 58%] [32mBuilding CXX object CMakeFiles/custom_interfaces__rosidl_typesupport_fastrtps_c.dir/rosidl_typesupport_fastrtps_c/custom_interfaces/action/detail/move_tcp__type_support_c.cpp.o[0m
[3.151s] [ 61%] [32mBuilding CXX object CMakeFiles/custom_interfaces__rosidl_typesupport_fastrtps_c.dir/rosidl_typesupport_fastrtps_c/custom_interfaces/action/detail/gripper_command__type_support_c.cpp.o[0m
[3.152s] [ 61%] Built target custom_interfaces__rosidl_typesupport_c
[3.173s] [ 64%] [32m[1mLinking C shared library libcustom_interfaces__rosidl_typesupport_introspection_c.so[0m
[3.228s] [ 64%] Built target custom_interfaces__rosidl_typesupport_introspection_c
[3.324s] [ 66%] [32m[1mLinking CXX shared library libcustom_interfaces__rosidl_typesupport_cpp.so[0m
[3.382s] [ 66%] Built target custom_interfaces__rosidl_typesupport_cpp
[3.626s] [ 69%] [32m[1mLinking CXX shared library libcustom_interfaces__rosidl_typesupport_fastrtps_c.so[0m
[3.636s] [ 71%] [32m[1mLinking CXX shared library libcustom_interfaces__rosidl_typesupport_introspection_cpp.so[0m
[3.723s] [ 71%] Built target custom_interfaces__rosidl_typesupport_fastrtps_c
[3.730s] [ 71%] Built target custom_interfaces__rosidl_typesupport_introspection_cpp
[3.755s] [ 74%] [32m[1mLinking CXX shared library libcustom_interfaces__rosidl_typesupport_fastrtps_cpp.so[0m
[3.830s] [ 74%] Built target custom_interfaces__rosidl_typesupport_fastrtps_cpp
[3.852s] [ 74%] Built target custom_interfaces
[3.873s] [ 76%] [34m[1mGenerating Python code for ROS interfaces[0m
[4.869s] [ 76%] Built target custom_interfaces__py
[4.890s] [ 82%] [32mBuilding C object CMakeFiles/custom_interfaces__rosidl_generator_py.dir/rosidl_generator_py/custom_interfaces/action/_gripper_command_s.c.o[0m
[4.890s] [ 82%] [32mBuilding C object CMakeFiles/custom_interfaces__rosidl_generator_py.dir/rosidl_generator_py/custom_interfaces/action/_move_tcp_s.c.o[0m
[5.011s] [ 84%] [32m[1mLinking C shared library rosidl_generator_py/custom_interfaces/libcustom_interfaces__rosidl_generator_py.so[0m
[5.055s] [ 84%] Built target custom_interfaces__rosidl_generator_py
[5.076s] [ 92%] [32mBuilding C object CMakeFiles/custom_interfaces__rosidl_typesupport_c__pyext.dir/rosidl_generator_py/custom_interfaces/_custom_interfaces_s.ep.rosidl_typesupport_c.c.o[0m
[5.076s] [ 92%] [32mBuilding C object CMakeFiles/custom_interfaces__rosidl_typesupport_fastrtps_c__pyext.dir/rosidl_generator_py/custom_interfaces/_custom_interfaces_s.ep.rosidl_typesupport_fastrtps_c.c.o[0m
[5.076s] [ 92%] [32mBuilding C object CMakeFiles/custom_interfaces__rosidl_typesupport_introspection_c__pyext.dir/rosidl_generator_py/custom_interfaces/_custom_interfaces_s.ep.rosidl_typesupport_introspection_c.c.o[0m
[5.201s] [100%] [32m[1mLinking C shared library rosidl_generator_py/custom_interfaces/custom_interfaces_s__rosidl_typesupport_fastrtps_c.cpython-310-x86_64-linux-gnu.so[0m
[5.201s] [100%] [32m[1mLinking C shared library rosidl_generator_py/custom_interfaces/custom_interfaces_s__rosidl_typesupport_c.cpython-310-x86_64-linux-gnu.so[0m
[5.201s] [100%] [32m[1mLinking C shared library rosidl_generator_py/custom_interfaces/custom_interfaces_s__rosidl_typesupport_introspection_c.cpython-310-x86_64-linux-gnu.so[0m
[5.247s] [100%] Built target custom_interfaces__rosidl_typesupport_c__pyext
[5.247s] [100%] Built target custom_interfaces__rosidl_typesupport_introspection_c__pyext
[5.247s] [100%] Built target custom_interfaces__rosidl_typesupport_fastrtps_c__pyext
[5.259s] Invoked command in '/home/dev/Desktop/MTRN4231_Project/build/custom_interfaces' returned '0': CMAKE_PREFIX_PATH=/opt/ros/humble /usr/bin/cmake --build /home/dev/Desktop/MTRN4231_Project/build/custom_interfaces -- -j12 -l12
[5.261s] Invoking command in '/home/dev/Desktop/MTRN4231_Project/build/custom_interfaces': CMAKE_PREFIX_PATH=/opt/ros/humble /usr/bin/cmake --install /home/dev/Desktop/MTRN4231_Project/build/custom_interfaces
[5.269s] -- Install configuration: ""
[5.269s] -- Installing: /home/dev/Desktop/MTRN4231_Project/install/custom_interfaces/share/ament_index/resource_index/rosidl_interfaces/custom_interfaces
[5.269s] -- Installing: /home/dev/Desktop/MTRN4231_Project/install/custom_interfaces/include/custom_interfaces/custom_interfaces
[5.269s] -- Installing: /home/dev/Desktop/MTRN4231_Project/install/custom_interfaces/include/custom_interfaces/custom_interfaces/msg
[5.270s] -- Installing: /home/dev/Desktop/MTRN4231_Project/install/custom_interfaces/include/custom_interfaces/custom_interfaces/msg/rosidl_generator_c__visibility_control.h
[5.270s] -- Installing: /home/dev/Desktop/MTRN4231_Project/install/custom_interfaces/include/custom_interfaces/custom_interfaces/action
[5.270s] -- Installing: /home/dev/Desktop/MTRN4231_Project/install/custom_interfaces/include/custom_interfaces/custom_interfaces/action/gripper_command.h
[5.270s] -- Installing: /home/dev/Desktop/MTRN4231_Project/install/custom_interfaces/include/custom_interfaces/custom_interfaces/action/detail
[5.270s] -- Installing: /home/dev/Desktop/MTRN4231_Project/install/custom_interfaces/include/custom_interfaces/custom_interfaces/action/detail/gripper_command__struct.h
[5.270s] -- Installing: /home/dev/Desktop/MTRN4231_Project/install/custom_interfaces/include/custom_interfaces/custom_interfaces/action/detail/move_tcp__functions.c
[5.270s] -- Installing: /home/dev/Desktop/MTRN4231_Project/install/custom_interfaces/include/custom_interfaces/custom_interfaces/action/detail/move_tcp__struct.h
[5.271s] -- Installing: /home/dev/Desktop/MTRN4231_Project/install/custom_interfaces/include/custom_interfaces/custom_interfaces/action/detail/gripper_command__type_support.h
[5.271s] -- Installing: /home/dev/Desktop/MTRN4231_Project/install/custom_interfaces/include/custom_interfaces/custom_interfaces/action/detail/move_tcp__functions.h
[5.271s] -- Installing: /home/dev/Desktop/MTRN4231_Project/install/custom_interfaces/include/custom_interfaces/custom_interfaces/action/detail/move_tcp__type_support.h
[5.271s] -- Installing: /home/dev/Desktop/MTRN4231_Project/install/custom_interfaces/include/custom_interfaces/custom_interfaces/action/detail/gripper_command__functions.h
[5.271s] -- Installing: /home/dev/Desktop/MTRN4231_Project/install/custom_interfaces/include/custom_interfaces/custom_interfaces/action/detail/gripper_command__functions.c
[5.271s] -- Installing: /home/dev/Desktop/MTRN4231_Project/install/custom_interfaces/include/custom_interfaces/custom_interfaces/action/move_tcp.h
[5.272s] -- Installing: /home/dev/Desktop/MTRN4231_Project/install/custom_interfaces/share/custom_interfaces/environment/library_path.sh
[5.272s] -- Installing: /home/dev/Desktop/MTRN4231_Project/install/custom_interfaces/share/custom_interfaces/environment/library_path.dsv
[5.272s] -- Installing: /home/dev/Desktop/MTRN4231_Project/install/custom_interfaces/lib/libcustom_interfaces__rosidl_generator_c.so
[5.273s] -- Set runtime path of "/home/dev/Desktop/MTRN4231_Project/install/custom_interfaces/lib/libcustom_interfaces__rosidl_generator_c.so" to ""
[5.273s] -- Up-to-date: /home/dev/Desktop/MTRN4231_Project/install/custom_interfaces/include/custom_interfaces/custom_interfaces
[5.273s] -- Up-to-date: /home/dev/Desktop/MTRN4231_Project/install/custom_interfaces/include/custom_interfaces/custom_interfaces/msg
[5.273s] -- Installing: /home/dev/Desktop/MTRN4231_Project/install/custom_interfaces/include/custom_interfaces/custom_interfaces/msg/rosidl_typesupport_fastrtps_c__visibility_control.h
[5.273s] -- Up-to-date: /home/dev/Desktop/MTRN4231_Project/install/custom_interfaces/include/custom_interfaces/custom_interfaces/action
[5.273s] -- Up-to-date: /home/dev/Desktop/MTRN4231_Project/install/custom_interfaces/include/custom_interfaces/custom_interfaces/action/detail
[5.273s] -- Installing: /home/dev/Desktop/MTRN4231_Project/install/custom_interfaces/include/custom_interfaces/custom_interfaces/action/detail/gripper_command__rosidl_typesupport_fastrtps_c.h
[5.273s] -- Installing: /home/dev/Desktop/MTRN4231_Project/install/custom_interfaces/include/custom_interfaces/custom_interfaces/action/detail/move_tcp__rosidl_typesupport_fastrtps_c.h
[5.273s] -- Installing: /home/dev/Desktop/MTRN4231_Project/install/custom_interfaces/lib/libcustom_interfaces__rosidl_typesupport_fastrtps_c.so
[5.274s] -- Set runtime path of "/home/dev/Desktop/MTRN4231_Project/install/custom_interfaces/lib/libcustom_interfaces__rosidl_typesupport_fastrtps_c.so" to ""
[5.274s] -- Up-to-date: /home/dev/Desktop/MTRN4231_Project/install/custom_interfaces/include/custom_interfaces/custom_interfaces
[5.274s] -- Up-to-date: /home/dev/Desktop/MTRN4231_Project/install/custom_interfaces/include/custom_interfaces/custom_interfaces/msg
[5.274s] -- Installing: /home/dev/Desktop/MTRN4231_Project/install/custom_interfaces/include/custom_interfaces/custom_interfaces/msg/rosidl_typesupport_introspection_c__visibility_control.h
[5.274s] -- Up-to-date: /home/dev/Desktop/MTRN4231_Project/install/custom_interfaces/include/custom_interfaces/custom_interfaces/action
[5.274s] -- Up-to-date: /home/dev/Desktop/MTRN4231_Project/install/custom_interfaces/include/custom_interfaces/custom_interfaces/action/detail
[5.274s] -- Installing: /home/dev/Desktop/MTRN4231_Project/install/custom_interfaces/include/custom_interfaces/custom_interfaces/action/detail/gripper_command__rosidl_typesupport_introspection_c.h
[5.274s] -- Installing: /home/dev/Desktop/MTRN4231_Project/install/custom_interfaces/include/custom_interfaces/custom_interfaces/action/detail/gripper_command__type_support.c
[5.274s] -- Installing: /home/dev/Desktop/MTRN4231_Project/install/custom_interfaces/include/custom_interfaces/custom_interfaces/action/detail/move_tcp__type_support.c
[5.275s] -- Installing: /home/dev/Desktop/MTRN4231_Project/install/custom_interfaces/include/custom_interfaces/custom_interfaces/action/detail/move_tcp__rosidl_typesupport_introspection_c.h
[5.275s] -- Installing: /home/dev/Desktop/MTRN4231_Project/install/custom_interfaces/lib/libcustom_interfaces__rosidl_typesupport_introspection_c.so
[5.275s] -- Set runtime path of "/home/dev/Desktop/MTRN4231_Project/install/custom_interfaces/lib/libcustom_interfaces__rosidl_typesupport_introspection_c.so" to ""
[5.275s] -- Installing: /home/dev/Desktop/MTRN4231_Project/install/custom_interfaces/lib/libcustom_interfaces__rosidl_typesupport_c.so
[5.276s] -- Set runtime path of "/home/dev/Desktop/MTRN4231_Project/install/custom_interfaces/lib/libcustom_interfaces__rosidl_typesupport_c.so" to ""
[5.276s] -- Up-to-date: /home/dev/Desktop/MTRN4231_Project/install/custom_interfaces/include/custom_interfaces/custom_interfaces
[5.276s] -- Up-to-date: /home/dev/Desktop/MTRN4231_Project/install/custom_interfaces/include/custom_interfaces/custom_interfaces/msg
[5.276s] -- Installing: /home/dev/Desktop/MTRN4231_Project/install/custom_interfaces/include/custom_interfaces/custom_interfaces/msg/rosidl_generator_cpp__visibility_control.hpp
[5.276s] -- Up-to-date: /home/dev/Desktop/MTRN4231_Project/install/custom_interfaces/include/custom_interfaces/custom_interfaces/action
[5.276s] -- Up-to-date: /home/dev/Desktop/MTRN4231_Project/install/custom_interfaces/include/custom_interfaces/custom_interfaces/action/detail
[5.276s] -- Installing: /home/dev/Desktop/MTRN4231_Project/install/custom_interfaces/include/custom_interfaces/custom_interfaces/action/detail/move_tcp__traits.hpp
[5.276s] -- Installing: /home/dev/Desktop/MTRN4231_Project/install/custom_interfaces/include/custom_interfaces/custom_interfaces/action/detail/move_tcp__struct.hpp
[5.277s] -- Installing: /home/dev/Desktop/MTRN4231_Project/install/custom_interfaces/include/custom_interfaces/custom_interfaces/action/detail/move_tcp__type_support.hpp
[5.277s] -- Installing: /home/dev/Desktop/MTRN4231_Project/install/custom_interfaces/include/custom_interfaces/custom_interfaces/action/detail/move_tcp__builder.hpp
[5.277s] -- Installing: /home/dev/Desktop/MTRN4231_Project/install/custom_interfaces/include/custom_interfaces/custom_interfaces/action/detail/gripper_command__builder.hpp
[5.277s] -- Installing: /home/dev/Desktop/MTRN4231_Project/install/custom_interfaces/include/custom_interfaces/custom_interfaces/action/detail/gripper_command__type_support.hpp
[5.277s] -- Installing: /home/dev/Desktop/MTRN4231_Project/install/custom_interfaces/include/custom_interfaces/custom_interfaces/action/detail/gripper_command__traits.hpp
[5.277s] -- Installing: /home/dev/Desktop/MTRN4231_Project/install/custom_interfaces/include/custom_interfaces/custom_interfaces/action/detail/gripper_command__struct.hpp
[5.278s] -- Installing: /home/dev/Desktop/MTRN4231_Project/install/custom_interfaces/include/custom_interfaces/custom_interfaces/action/gripper_command.hpp
[5.278s] -- Installing: /home/dev/Desktop/MTRN4231_Project/install/custom_interfaces/include/custom_interfaces/custom_interfaces/action/move_tcp.hpp
[5.278s] -- Up-to-date: /home/dev/Desktop/MTRN4231_Project/install/custom_interfaces/include/custom_interfaces/custom_interfaces
[5.278s] -- Up-to-date: /home/dev/Desktop/MTRN4231_Project/install/custom_interfaces/include/custom_interfaces/custom_interfaces/msg
[5.278s] -- Installing: /home/dev/Desktop/MTRN4231_Project/install/custom_interfaces/include/custom_interfaces/custom_interfaces/msg/rosidl_typesupport_fastrtps_cpp__visibility_control.h
[5.278s] -- Up-to-date: /home/dev/Desktop/MTRN4231_Project/install/custom_interfaces/include/custom_interfaces/custom_interfaces/action
[5.278s] -- Up-to-date: /home/dev/Desktop/MTRN4231_Project/install/custom_interfaces/include/custom_interfaces/custom_interfaces/action/detail
[5.278s] -- Installing: /home/dev/Desktop/MTRN4231_Project/install/custom_interfaces/include/custom_interfaces/custom_interfaces/action/detail/gripper_command__rosidl_typesupport_fastrtps_cpp.hpp
[5.278s] -- Installing: /home/dev/Desktop/MTRN4231_Project/install/custom_interfaces/include/custom_interfaces/custom_interfaces/action/detail/move_tcp__rosidl_typesupport_fastrtps_cpp.hpp
[5.279s] -- Installing: /home/dev/Desktop/MTRN4231_Project/install/custom_interfaces/include/custom_interfaces/custom_interfaces/action/detail/dds_fastrtps
[5.279s] -- Installing: /home/dev/Desktop/MTRN4231_Project/install/custom_interfaces/lib/libcustom_interfaces__rosidl_typesupport_fastrtps_cpp.so
[5.279s] -- Set runtime path of "/home/dev/Desktop/MTRN4231_Project/install/custom_interfaces/lib/libcustom_interfaces__rosidl_typesupport_fastrtps_cpp.so" to ""
[5.279s] -- Up-to-date: /home/dev/Desktop/MTRN4231_Project/install/custom_interfaces/include/custom_interfaces/custom_interfaces
[5.279s] -- Up-to-date: /home/dev/Desktop/MTRN4231_Project/install/custom_interfaces/include/custom_interfaces/custom_interfaces/action
[5.280s] -- Up-to-date: /home/dev/Desktop/MTRN4231_Project/install/custom_interfaces/include/custom_interfaces/custom_interfaces/action/detail
[5.280s] -- Installing: /home/dev/Desktop/MTRN4231_Project/install/custom_interfaces/include/custom_interfaces/custom_interfaces/action/detail/gripper_command__rosidl_typesupport_introspection_cpp.hpp
[5.280s] -- Installing: /home/dev/Desktop/MTRN4231_Project/install/custom_interfaces/include/custom_interfaces/custom_interfaces/action/detail/move_tcp__rosidl_typesupport_introspection_cpp.hpp
[5.280s] -- Installing: /home/dev/Desktop/MTRN4231_Project/install/custom_interfaces/include/custom_interfaces/custom_interfaces/action/detail/gripper_command__type_support.cpp
[5.280s] -- Installing: /home/dev/Desktop/MTRN4231_Project/install/custom_interfaces/include/custom_interfaces/custom_interfaces/action/detail/move_tcp__type_support.cpp
[5.280s] -- Installing: /home/dev/Desktop/MTRN4231_Project/install/custom_interfaces/lib/libcustom_interfaces__rosidl_typesupport_introspection_cpp.so
[5.281s] -- Set runtime path of "/home/dev/Desktop/MTRN4231_Project/install/custom_interfaces/lib/libcustom_interfaces__rosidl_typesupport_introspection_cpp.so" to ""
[5.281s] -- Installing: /home/dev/Desktop/MTRN4231_Project/install/custom_interfaces/lib/libcustom_interfaces__rosidl_typesupport_cpp.so
[5.281s] -- Set runtime path of "/home/dev/Desktop/MTRN4231_Project/install/custom_interfaces/lib/libcustom_interfaces__rosidl_typesupport_cpp.so" to ""
[5.281s] -- Installing: /home/dev/Desktop/MTRN4231_Project/install/custom_interfaces/share/custom_interfaces/environment/pythonpath.sh
[5.281s] -- Installing: /home/dev/Desktop/MTRN4231_Project/install/custom_interfaces/share/custom_interfaces/environment/pythonpath.dsv
[5.282s] -- Installing: /home/dev/Desktop/MTRN4231_Project/install/custom_interfaces/local/lib/python3.10/dist-packages/custom_interfaces-0.0.0-py3.10.egg-info
[5.282s] -- Installing: /home/dev/Desktop/MTRN4231_Project/install/custom_interfaces/local/lib/python3.10/dist-packages/custom_interfaces-0.0.0-py3.10.egg-info/dependency_links.txt
[5.282s] -- Installing: /home/dev/Desktop/MTRN4231_Project/install/custom_interfaces/local/lib/python3.10/dist-packages/custom_interfaces-0.0.0-py3.10.egg-info/PKG-INFO
[5.282s] -- Installing: /home/dev/Desktop/MTRN4231_Project/install/custom_interfaces/local/lib/python3.10/dist-packages/custom_interfaces-0.0.0-py3.10.egg-info/SOURCES.txt
[5.282s] -- Installing: /home/dev/Desktop/MTRN4231_Project/install/custom_interfaces/local/lib/python3.10/dist-packages/custom_interfaces-0.0.0-py3.10.egg-info/top_level.txt
[5.282s] -- Installing: /home/dev/Desktop/MTRN4231_Project/install/custom_interfaces/local/lib/python3.10/dist-packages/custom_interfaces
[5.282s] -- Installing: /home/dev/Desktop/MTRN4231_Project/install/custom_interfaces/local/lib/python3.10/dist-packages/custom_interfaces/_custom_interfaces_s.ep.rosidl_typesupport_fastrtps_c.c
[5.283s] -- Installing: /home/dev/Desktop/MTRN4231_Project/install/custom_interfaces/local/lib/python3.10/dist-packages/custom_interfaces/libcustom_interfaces__rosidl_generator_py.so
[5.283s] -- Installing: /home/dev/Desktop/MTRN4231_Project/install/custom_interfaces/local/lib/python3.10/dist-packages/custom_interfaces/_custom_interfaces_s.ep.rosidl_typesupport_c.c
[5.283s] -- Installing: /home/dev/Desktop/MTRN4231_Project/install/custom_interfaces/local/lib/python3.10/dist-packages/custom_interfaces/__init__.py
[5.283s] -- Installing: /home/dev/Desktop/MTRN4231_Project/install/custom_interfaces/local/lib/python3.10/dist-packages/custom_interfaces/_custom_interfaces_s.ep.rosidl_typesupport_introspection_c.c
[5.284s] -- Installing: /home/dev/Desktop/MTRN4231_Project/install/custom_interfaces/local/lib/python3.10/dist-packages/custom_interfaces/custom_interfaces_s__rosidl_typesupport_introspection_c.cpython-310-x86_64-linux-gnu.so
[5.284s] -- Installing: /home/dev/Desktop/MTRN4231_Project/install/custom_interfaces/local/lib/python3.10/dist-packages/custom_interfaces/custom_interfaces_s__rosidl_typesupport_c.cpython-310-x86_64-linux-gnu.so
[5.284s] -- Installing: /home/dev/Desktop/MTRN4231_Project/install/custom_interfaces/local/lib/python3.10/dist-packages/custom_interfaces/action
[5.284s] -- Installing: /home/dev/Desktop/MTRN4231_Project/install/custom_interfaces/local/lib/python3.10/dist-packages/custom_interfaces/action/_move_tcp.py
[5.284s] -- Installing: /home/dev/Desktop/MTRN4231_Project/install/custom_interfaces/local/lib/python3.10/dist-packages/custom_interfaces/action/__init__.py
[5.284s] -- Installing: /home/dev/Desktop/MTRN4231_Project/install/custom_interfaces/local/lib/python3.10/dist-packages/custom_interfaces/action/_gripper_command_s.c
[5.285s] -- Installing: /home/dev/Desktop/MTRN4231_Project/install/custom_interfaces/local/lib/python3.10/dist-packages/custom_interfaces/action/_gripper_command.py
[5.285s] -- Installing: /home/dev/Desktop/MTRN4231_Project/install/custom_interfaces/local/lib/python3.10/dist-packages/custom_interfaces/action/_move_tcp_s.c
[5.285s] -- Installing: /home/dev/Desktop/MTRN4231_Project/install/custom_interfaces/local/lib/python3.10/dist-packages/custom_interfaces/custom_interfaces_s__rosidl_typesupport_fastrtps_c.cpython-310-x86_64-linux-gnu.so
[5.325s] Listing '/home/dev/Desktop/MTRN4231_Project/install/custom_interfaces/local/lib/python3.10/dist-packages/custom_interfaces'...
[5.325s] Compiling '/home/dev/Desktop/MTRN4231_Project/install/custom_interfaces/local/lib/python3.10/dist-packages/custom_interfaces/__init__.py'...
[5.325s] Listing '/home/dev/Desktop/MTRN4231_Project/install/custom_interfaces/local/lib/python3.10/dist-packages/custom_interfaces/action'...
[5.325s] Compiling '/home/dev/Desktop/MTRN4231_Project/install/custom_interfaces/local/lib/python3.10/dist-packages/custom_interfaces/action/__init__.py'...
[5.325s] Compiling '/home/dev/Desktop/MTRN4231_Project/install/custom_interfaces/local/lib/python3.10/dist-packages/custom_interfaces/action/_gripper_command.py'...
[5.326s] Compiling '/home/dev/Desktop/MTRN4231_Project/install/custom_interfaces/local/lib/python3.10/dist-packages/custom_interfaces/action/_move_tcp.py'...
[5.330s] -- Installing: /home/dev/Desktop/MTRN4231_Project/install/custom_interfaces/local/lib/python3.10/dist-packages/custom_interfaces/custom_interfaces_s__rosidl_typesupport_fastrtps_c.cpython-310-x86_64-linux-gnu.so
[5.330s] -- Set runtime path of "/home/dev/Desktop/MTRN4231_Project/install/custom_interfaces/local/lib/python3.10/dist-packages/custom_interfaces/custom_interfaces_s__rosidl_typesupport_fastrtps_c.cpython-310-x86_64-linux-gnu.so" to ""
[5.330s] -- Installing: /home/dev/Desktop/MTRN4231_Project/install/custom_interfaces/local/lib/python3.10/dist-packages/custom_interfaces/custom_interfaces_s__rosidl_typesupport_introspection_c.cpython-310-x86_64-linux-gnu.so
[5.331s] -- Set runtime path of "/home/dev/Desktop/MTRN4231_Project/install/custom_interfaces/local/lib/python3.10/dist-packages/custom_interfaces/custom_interfaces_s__rosidl_typesupport_introspection_c.cpython-310-x86_64-linux-gnu.so" to ""
[5.331s] -- Installing: /home/dev/Desktop/MTRN4231_Project/install/custom_interfaces/local/lib/python3.10/dist-packages/custom_interfaces/custom_interfaces_s__rosidl_typesupport_c.cpython-310-x86_64-linux-gnu.so
[5.331s] -- Set runtime path of "/home/dev/Desktop/MTRN4231_Project/install/custom_interfaces/local/lib/python3.10/dist-packages/custom_interfaces/custom_interfaces_s__rosidl_typesupport_c.cpython-310-x86_64-linux-gnu.so" to ""
[5.332s] -- Installing: /home/dev/Desktop/MTRN4231_Project/install/custom_interfaces/lib/libcustom_interfaces__rosidl_generator_py.so
[5.332s] -- Set runtime path of "/home/dev/Desktop/MTRN4231_Project/install/custom_interfaces/lib/libcustom_interfaces__rosidl_generator_py.so" to ""
[5.332s] -- Installing: /home/dev/Desktop/MTRN4231_Project/install/custom_interfaces/share/custom_interfaces/action/MoveTCP.idl
[5.332s] -- Installing: /home/dev/Desktop/MTRN4231_Project/install/custom_interfaces/share/custom_interfaces/action/GripperCommand.idl
[5.332s] -- Installing: /home/dev/Desktop/MTRN4231_Project/install/custom_interfaces/share/custom_interfaces/action/MoveTCP.action
[5.333s] -- Installing: /home/dev/Desktop/MTRN4231_Project/install/custom_interfaces/share/custom_interfaces/action/GripperCommand.action
[5.333s] -- Up-to-date: /home/dev/Desktop/MTRN4231_Project/install/custom_interfaces/share/custom_interfaces/action
[5.333s] -- Up-to-date: /home/dev/Desktop/MTRN4231_Project/install/custom_interfaces/share/custom_interfaces/action/MoveTCP.action
[5.333s] -- Up-to-date: /home/dev/Desktop/MTRN4231_Project/install/custom_interfaces/share/custom_interfaces/action/GripperCommand.action
[5.333s] -- Installing: /home/dev/Desktop/MTRN4231_Project/install/custom_interfaces/share/ament_index/resource_index/package_run_dependencies/custom_interfaces
[5.333s] -- Installing: /home/dev/Desktop/MTRN4231_Project/install/custom_interfaces/share/ament_index/resource_index/parent_prefix_path/custom_interfaces
[5.333s] -- Installing: /home/dev/Desktop/MTRN4231_Project/install/custom_interfaces/share/custom_interfaces/environment/ament_prefix_path.sh
[5.333s] -- Installing: /home/dev/Desktop/MTRN4231_Project/install/custom_interfaces/share/custom_interfaces/environment/ament_prefix_path.dsv
[5.334s] -- Installing: /home/dev/Desktop/MTRN4231_Project/install/custom_interfaces/share/custom_interfaces/environment/path.sh
[5.334s] -- Installing: /home/dev/Desktop/MTRN4231_Project/install/custom_interfaces/share/custom_interfaces/environment/path.dsv
[5.334s] -- Installing: /home/dev/Desktop/MTRN4231_Project/install/custom_interfaces/share/custom_interfaces/local_setup.bash
[5.334s] -- Installing: /home/dev/Desktop/MTRN4231_Project/install/custom_interfaces/share/custom_interfaces/local_setup.sh
[5.334s] -- Installing: /home/dev/Desktop/MTRN4231_Project/install/custom_interfaces/share/custom_interfaces/local_setup.zsh
[5.334s] -- Installing: /home/dev/Desktop/MTRN4231_Project/install/custom_interfaces/share/custom_interfaces/local_setup.dsv
[5.335s] -- Installing: /home/dev/Desktop/MTRN4231_Project/install/custom_interfaces/share/custom_interfaces/package.dsv
[5.335s] -- Installing: /home/dev/Desktop/MTRN4231_Project/install/custom_interfaces/share/ament_index/resource_index/packages/custom_interfaces
[5.335s] -- Installing: /home/dev/Desktop/MTRN4231_Project/install/custom_interfaces/share/custom_interfaces/cmake/export_custom_interfaces__rosidl_generator_cExport.cmake
[5.335s] -- Installing: /home/dev/Desktop/MTRN4231_Project/install/custom_interfaces/share/custom_interfaces/cmake/export_custom_interfaces__rosidl_generator_cExport-noconfig.cmake
[5.335s] -- Installing: /home/dev/Desktop/MTRN4231_Project/install/custom_interfaces/share/custom_interfaces/cmake/export_custom_interfaces__rosidl_typesupport_fastrtps_cExport.cmake
[5.336s] -- Installing: /home/dev/Desktop/MTRN4231_Project/install/custom_interfaces/share/custom_interfaces/cmake/export_custom_interfaces__rosidl_typesupport_fastrtps_cExport-noconfig.cmake
[5.336s] -- Installing: /home/dev/Desktop/MTRN4231_Project/install/custom_interfaces/share/custom_interfaces/cmake/custom_interfaces__rosidl_typesupport_introspection_cExport.cmake
[5.336s] -- Installing: /home/dev/Desktop/MTRN4231_Project/install/custom_interfaces/share/custom_interfaces/cmake/custom_interfaces__rosidl_typesupport_introspection_cExport-noconfig.cmake
[5.336s] -- Installing: /home/dev/Desktop/MTRN4231_Project/install/custom_interfaces/share/custom_interfaces/cmake/custom_interfaces__rosidl_typesupport_cExport.cmake
[5.337s] -- Installing: /home/dev/Desktop/MTRN4231_Project/install/custom_interfaces/share/custom_interfaces/cmake/custom_interfaces__rosidl_typesupport_cExport-noconfig.cmake
[5.337s] -- Installing: /home/dev/Desktop/MTRN4231_Project/install/custom_interfaces/share/custom_interfaces/cmake/export_custom_interfaces__rosidl_generator_cppExport.cmake
[5.337s] -- Installing: /home/dev/Desktop/MTRN4231_Project/install/custom_interfaces/share/custom_interfaces/cmake/export_custom_interfaces__rosidl_typesupport_fastrtps_cppExport.cmake
[5.337s] -- Installing: /home/dev/Desktop/MTRN4231_Project/install/custom_interfaces/share/custom_interfaces/cmake/export_custom_interfaces__rosidl_typesupport_fastrtps_cppExport-noconfig.cmake
[5.337s] -- Installing: /home/dev/Desktop/MTRN4231_Project/install/custom_interfaces/share/custom_interfaces/cmake/custom_interfaces__rosidl_typesupport_introspection_cppExport.cmake
[5.337s] -- Installing: /home/dev/Desktop/MTRN4231_Project/install/custom_interfaces/share/custom_interfaces/cmake/custom_interfaces__rosidl_typesupport_introspection_cppExport-noconfig.cmake
[5.338s] -- Installing: /home/dev/Desktop/MTRN4231_Project/install/custom_interfaces/share/custom_interfaces/cmake/custom_interfaces__rosidl_typesupport_cppExport.cmake
[5.338s] -- Installing: /home/dev/Desktop/MTRN4231_Project/install/custom_interfaces/share/custom_interfaces/cmake/custom_interfaces__rosidl_typesupport_cppExport-noconfig.cmake
[5.338s] -- Installing: /home/dev/Desktop/MTRN4231_Project/install/custom_interfaces/share/custom_interfaces/cmake/export_custom_interfaces__rosidl_generator_pyExport.cmake
[5.338s] -- Installing: /home/dev/Desktop/MTRN4231_Project/install/custom_interfaces/share/custom_interfaces/cmake/export_custom_interfaces__rosidl_generator_pyExport-noconfig.cmake
[5.338s] -- Installing: /home/dev/Desktop/MTRN4231_Project/install/custom_interfaces/share/custom_interfaces/cmake/rosidl_cmake-extras.cmake
[5.339s] -- Installing: /home/dev/Desktop/MTRN4231_Project/install/custom_interfaces/share/custom_interfaces/cmake/ament_cmake_export_dependencies-extras.cmake
[5.339s] -- Installing: /home/dev/Desktop/MTRN4231_Project/install/custom_interfaces/share/custom_interfaces/cmake/ament_cmake_export_include_directories-extras.cmake
[5.339s] -- Installing: /home/dev/Desktop/MTRN4231_Project/install/custom_interfaces/share/custom_interfaces/cmake/ament_cmake_export_libraries-extras.cmake
[5.339s] -- Installing: /home/dev/Desktop/MTRN4231_Project/install/custom_interfaces/share/custom_interfaces/cmake/ament_cmake_export_targets-extras.cmake
[5.339s] -- Installing: /home/dev/Desktop/MTRN4231_Project/install/custom_interfaces/share/custom_interfaces/cmake/rosidl_cmake_export_typesupport_targets-extras.cmake
[5.339s] -- Installing: /home/dev/Desktop/MTRN4231_Project/install/custom_interfaces/share/custom_interfaces/cmake/rosidl_cmake_export_typesupport_libraries-extras.cmake
[5.340s] -- Installing: /home/dev/Desktop/MTRN4231_Project/install/custom_interfaces/share/custom_interfaces/cmake/custom_interfacesConfig.cmake
[5.340s] -- Installing: /home/dev/Desktop/MTRN4231_Project/install/custom_interfaces/share/custom_interfaces/cmake/custom_interfacesConfig-version.cmake
[5.340s] -- Installing: /home/dev/Desktop/MTRN4231_Project/install/custom_interfaces/share/custom_interfaces/package.xml
[5.343s] Invoked command in '/home/dev/Desktop/MTRN4231_Project/build/custom_interfaces' returned '0': CMAKE_PREFIX_PATH=/opt/ros/humble /usr/bin/cmake --install /home/dev/Desktop/MTRN4231_Project/build/custom_interfaces
