[0.190s] Invoking command in '/home/mtrn/Downloads/MTRN4231_Project/build/custom_interfaces': CMAKE_PREFIX_PATH=${CMAKE_PREFIX_PATH}:/home/mtrn/4231/ws_moveit2/install/moveit_configs_utils:/home/mtrn/4231/ws_moveit2/install/launch_param_builder:/opt/ros/humble /usr/bin/cmake --build /home/mtrn/Downloads/MTRN4231_Project/build/custom_interfaces -- -j4 -l4
[0.681s] [  2%] Built target custom_interfaces__cpp
[0.685s] [ 12%] Built target custom_interfaces__rosidl_generator_c
[0.791s] [ 12%] Built target ament_cmake_python_copy_custom_interfaces
[0.905s] [ 23%] Built target custom_interfaces__rosidl_typesupport_cpp
[0.928s] [ 33%] Built target custom_interfaces__rosidl_typesupport_fastrtps_cpp
[1.074s] [ 43%] Built target custom_interfaces__rosidl_typesupport_introspection_cpp
[1.097s] [ 64%] Built target custom_interfaces__rosidl_typesupport_introspection_c
[1.097s] [ 53%] Built target custom_interfaces__rosidl_typesupport_fastrtps_c
[1.188s] [ 74%] Built target custom_interfaces__rosidl_typesupport_c
[1.267s] [ 74%] Built target custom_interfaces
[1.358s] [ 76%] Built target custom_interfaces__py
[1.530s] [ 84%] Built target custom_interfaces__rosidl_generator_py
[1.683s] [ 89%] Built target custom_interfaces__rosidl_typesupport_fastrtps_c__pyext
[1.878s] [ 94%] Built target custom_interfaces__rosidl_typesupport_c__pyext
[1.911s] [100%] Built target custom_interfaces__rosidl_typesupport_introspection_c__pyext
[2.095s] running egg_info
[2.099s] writing custom_interfaces.egg-info/PKG-INFO
[2.099s] writing dependency_links to custom_interfaces.egg-info/dependency_links.txt
[2.099s] writing top-level names to custom_interfaces.egg-info/top_level.txt
[2.104s] reading manifest file 'custom_interfaces.egg-info/SOURCES.txt'
[2.105s] writing manifest file 'custom_interfaces.egg-info/SOURCES.txt'
[2.257s] [100%] Built target ament_cmake_python_build_custom_interfaces_egg
[2.319s] Invoked command in '/home/mtrn/Downloads/MTRN4231_Project/build/custom_interfaces' returned '0': CMAKE_PREFIX_PATH=${CMAKE_PREFIX_PATH}:/home/mtrn/4231/ws_moveit2/install/moveit_configs_utils:/home/mtrn/4231/ws_moveit2/install/launch_param_builder:/opt/ros/humble /usr/bin/cmake --build /home/mtrn/Downloads/MTRN4231_Project/build/custom_interfaces -- -j4 -l4
[3.056s] Invoking command in '/home/mtrn/Downloads/MTRN4231_Project/build/custom_interfaces': CMAKE_PREFIX_PATH=${CMAKE_PREFIX_PATH}:/home/mtrn/4231/ws_moveit2/install/moveit_configs_utils:/home/mtrn/4231/ws_moveit2/install/launch_param_builder:/opt/ros/humble /usr/bin/cmake --install /home/mtrn/Downloads/MTRN4231_Project/build/custom_interfaces
[3.089s] -- Install configuration: ""
[3.102s] -- Up-to-date: /home/mtrn/Downloads/MTRN4231_Project/install/custom_interfaces/share/ament_index/resource_index/rosidl_interfaces/custom_interfaces
[3.102s] -- Up-to-date: /home/mtrn/Downloads/MTRN4231_Project/install/custom_interfaces/include/custom_interfaces/custom_interfaces
[3.102s] -- Up-to-date: /home/mtrn/Downloads/MTRN4231_Project/install/custom_interfaces/include/custom_interfaces/custom_interfaces/action
[3.102s] -- Up-to-date: /home/mtrn/Downloads/MTRN4231_Project/install/custom_interfaces/include/custom_interfaces/custom_interfaces/action/move_tcp.h
[3.102s] -- Up-to-date: /home/mtrn/Downloads/MTRN4231_Project/install/custom_interfaces/include/custom_interfaces/custom_interfaces/action/gripper_command.h
[3.103s] -- Up-to-date: /home/mtrn/Downloads/MTRN4231_Project/install/custom_interfaces/include/custom_interfaces/custom_interfaces/action/detail
[3.103s] -- Up-to-date: /home/mtrn/Downloads/MTRN4231_Project/install/custom_interfaces/include/custom_interfaces/custom_interfaces/action/detail/move_tcp__struct.h
[3.103s] -- Up-to-date: /home/mtrn/Downloads/MTRN4231_Project/install/custom_interfaces/include/custom_interfaces/custom_interfaces/action/detail/gripper_command__struct.h
[3.103s] -- Up-to-date: /home/mtrn/Downloads/MTRN4231_Project/install/custom_interfaces/include/custom_interfaces/custom_interfaces/action/detail/gripper_command__functions.c
[3.103s] -- Up-to-date: /home/mtrn/Downloads/MTRN4231_Project/install/custom_interfaces/include/custom_interfaces/custom_interfaces/action/detail/move_tcp__functions.c
[3.103s] -- Up-to-date: /home/mtrn/Downloads/MTRN4231_Project/install/custom_interfaces/include/custom_interfaces/custom_interfaces/action/detail/gripper_command__type_support.h
[3.103s] -- Up-to-date: /home/mtrn/Downloads/MTRN4231_Project/install/custom_interfaces/include/custom_interfaces/custom_interfaces/action/detail/move_tcp__type_support.h
[3.103s] -- Up-to-date: /home/mtrn/Downloads/MTRN4231_Project/install/custom_interfaces/include/custom_interfaces/custom_interfaces/action/detail/move_tcp__functions.h
[3.103s] -- Up-to-date: /home/mtrn/Downloads/MTRN4231_Project/install/custom_interfaces/include/custom_interfaces/custom_interfaces/action/detail/gripper_command__functions.h
[3.103s] -- Up-to-date: /home/mtrn/Downloads/MTRN4231_Project/install/custom_interfaces/include/custom_interfaces/custom_interfaces/msg
[3.103s] -- Up-to-date: /home/mtrn/Downloads/MTRN4231_Project/install/custom_interfaces/include/custom_interfaces/custom_interfaces/msg/rosidl_generator_c__visibility_control.h
[3.104s] -- Up-to-date: /home/mtrn/Downloads/MTRN4231_Project/install/custom_interfaces/share/custom_interfaces/environment/library_path.sh
[3.104s] -- Up-to-date: /home/mtrn/Downloads/MTRN4231_Project/install/custom_interfaces/share/custom_interfaces/environment/library_path.dsv
[3.104s] -- Up-to-date: /home/mtrn/Downloads/MTRN4231_Project/install/custom_interfaces/lib/libcustom_interfaces__rosidl_generator_c.so
[3.104s] -- Up-to-date: /home/mtrn/Downloads/MTRN4231_Project/install/custom_interfaces/include/custom_interfaces/custom_interfaces
[3.104s] -- Up-to-date: /home/mtrn/Downloads/MTRN4231_Project/install/custom_interfaces/include/custom_interfaces/custom_interfaces/action
[3.104s] -- Up-to-date: /home/mtrn/Downloads/MTRN4231_Project/install/custom_interfaces/include/custom_interfaces/custom_interfaces/action/detail
[3.104s] -- Up-to-date: /home/mtrn/Downloads/MTRN4231_Project/install/custom_interfaces/include/custom_interfaces/custom_interfaces/action/detail/move_tcp__rosidl_typesupport_fastrtps_c.h
[3.104s] -- Up-to-date: /home/mtrn/Downloads/MTRN4231_Project/install/custom_interfaces/include/custom_interfaces/custom_interfaces/action/detail/gripper_command__rosidl_typesupport_fastrtps_c.h
[3.104s] -- Up-to-date: /home/mtrn/Downloads/MTRN4231_Project/install/custom_interfaces/include/custom_interfaces/custom_interfaces/msg
[3.104s] -- Up-to-date: /home/mtrn/Downloads/MTRN4231_Project/install/custom_interfaces/include/custom_interfaces/custom_interfaces/msg/rosidl_typesupport_fastrtps_c__visibility_control.h
[3.104s] -- Up-to-date: /home/mtrn/Downloads/MTRN4231_Project/install/custom_interfaces/lib/libcustom_interfaces__rosidl_typesupport_fastrtps_c.so
[3.104s] -- Up-to-date: /home/mtrn/Downloads/MTRN4231_Project/install/custom_interfaces/include/custom_interfaces/custom_interfaces
[3.104s] -- Up-to-date: /home/mtrn/Downloads/MTRN4231_Project/install/custom_interfaces/include/custom_interfaces/custom_interfaces/action
[3.104s] -- Up-to-date: /home/mtrn/Downloads/MTRN4231_Project/install/custom_interfaces/include/custom_interfaces/custom_interfaces/action/detail
[3.104s] -- Up-to-date: /home/mtrn/Downloads/MTRN4231_Project/install/custom_interfaces/include/custom_interfaces/custom_interfaces/action/detail/gripper_command__type_support.c
[3.105s] -- Up-to-date: /home/mtrn/Downloads/MTRN4231_Project/install/custom_interfaces/include/custom_interfaces/custom_interfaces/action/detail/gripper_command__rosidl_typesupport_introspection_c.h
[3.105s] -- Up-to-date: /home/mtrn/Downloads/MTRN4231_Project/install/custom_interfaces/include/custom_interfaces/custom_interfaces/action/detail/move_tcp__rosidl_typesupport_introspection_c.h
[3.105s] -- Up-to-date: /home/mtrn/Downloads/MTRN4231_Project/install/custom_interfaces/include/custom_interfaces/custom_interfaces/action/detail/move_tcp__type_support.c
[3.105s] -- Up-to-date: /home/mtrn/Downloads/MTRN4231_Project/install/custom_interfaces/include/custom_interfaces/custom_interfaces/msg
[3.105s] -- Up-to-date: /home/mtrn/Downloads/MTRN4231_Project/install/custom_interfaces/include/custom_interfaces/custom_interfaces/msg/rosidl_typesupport_introspection_c__visibility_control.h
[3.105s] -- Up-to-date: /home/mtrn/Downloads/MTRN4231_Project/install/custom_interfaces/lib/libcustom_interfaces__rosidl_typesupport_introspection_c.so
[3.105s] -- Up-to-date: /home/mtrn/Downloads/MTRN4231_Project/install/custom_interfaces/lib/libcustom_interfaces__rosidl_typesupport_c.so
[3.105s] -- Up-to-date: /home/mtrn/Downloads/MTRN4231_Project/install/custom_interfaces/include/custom_interfaces/custom_interfaces
[3.105s] -- Up-to-date: /home/mtrn/Downloads/MTRN4231_Project/install/custom_interfaces/include/custom_interfaces/custom_interfaces/action
[3.105s] -- Up-to-date: /home/mtrn/Downloads/MTRN4231_Project/install/custom_interfaces/include/custom_interfaces/custom_interfaces/action/move_tcp.hpp
[3.105s] -- Up-to-date: /home/mtrn/Downloads/MTRN4231_Project/install/custom_interfaces/include/custom_interfaces/custom_interfaces/action/gripper_command.hpp
[3.105s] -- Up-to-date: /home/mtrn/Downloads/MTRN4231_Project/install/custom_interfaces/include/custom_interfaces/custom_interfaces/action/detail
[3.105s] -- Up-to-date: /home/mtrn/Downloads/MTRN4231_Project/install/custom_interfaces/include/custom_interfaces/custom_interfaces/action/detail/move_tcp__traits.hpp
[3.106s] -- Up-to-date: /home/mtrn/Downloads/MTRN4231_Project/install/custom_interfaces/include/custom_interfaces/custom_interfaces/action/detail/gripper_command__traits.hpp
[3.106s] -- Up-to-date: /home/mtrn/Downloads/MTRN4231_Project/install/custom_interfaces/include/custom_interfaces/custom_interfaces/action/detail/move_tcp__struct.hpp
[3.106s] -- Up-to-date: /home/mtrn/Downloads/MTRN4231_Project/install/custom_interfaces/include/custom_interfaces/custom_interfaces/action/detail/move_tcp__builder.hpp
[3.106s] -- Up-to-date: /home/mtrn/Downloads/MTRN4231_Project/install/custom_interfaces/include/custom_interfaces/custom_interfaces/action/detail/gripper_command__struct.hpp
[3.106s] -- Up-to-date: /home/mtrn/Downloads/MTRN4231_Project/install/custom_interfaces/include/custom_interfaces/custom_interfaces/action/detail/gripper_command__builder.hpp
[3.106s] -- Up-to-date: /home/mtrn/Downloads/MTRN4231_Project/install/custom_interfaces/include/custom_interfaces/custom_interfaces
[3.106s] -- Up-to-date: /home/mtrn/Downloads/MTRN4231_Project/install/custom_interfaces/include/custom_interfaces/custom_interfaces/action
[3.106s] -- Up-to-date: /home/mtrn/Downloads/MTRN4231_Project/install/custom_interfaces/include/custom_interfaces/custom_interfaces/action/detail
[3.106s] -- Up-to-date: /home/mtrn/Downloads/MTRN4231_Project/install/custom_interfaces/include/custom_interfaces/custom_interfaces/action/detail/move_tcp__rosidl_typesupport_fastrtps_cpp.hpp
[3.106s] -- Up-to-date: /home/mtrn/Downloads/MTRN4231_Project/install/custom_interfaces/include/custom_interfaces/custom_interfaces/action/detail/gripper_command__rosidl_typesupport_fastrtps_cpp.hpp
[3.106s] -- Up-to-date: /home/mtrn/Downloads/MTRN4231_Project/install/custom_interfaces/include/custom_interfaces/custom_interfaces/action/detail/dds_fastrtps
[3.106s] -- Up-to-date: /home/mtrn/Downloads/MTRN4231_Project/install/custom_interfaces/include/custom_interfaces/custom_interfaces/msg
[3.106s] -- Up-to-date: /home/mtrn/Downloads/MTRN4231_Project/install/custom_interfaces/include/custom_interfaces/custom_interfaces/msg/rosidl_typesupport_fastrtps_cpp__visibility_control.h
[3.106s] -- Up-to-date: /home/mtrn/Downloads/MTRN4231_Project/install/custom_interfaces/lib/libcustom_interfaces__rosidl_typesupport_fastrtps_cpp.so
[3.106s] -- Up-to-date: /home/mtrn/Downloads/MTRN4231_Project/install/custom_interfaces/include/custom_interfaces/custom_interfaces
[3.107s] -- Up-to-date: /home/mtrn/Downloads/MTRN4231_Project/install/custom_interfaces/include/custom_interfaces/custom_interfaces/action
[3.107s] -- Up-to-date: /home/mtrn/Downloads/MTRN4231_Project/install/custom_interfaces/include/custom_interfaces/custom_interfaces/action/detail
[3.107s] -- Up-to-date: /home/mtrn/Downloads/MTRN4231_Project/install/custom_interfaces/include/custom_interfaces/custom_interfaces/action/detail/gripper_command__type_support.cpp
[3.107s] -- Up-to-date: /home/mtrn/Downloads/MTRN4231_Project/install/custom_interfaces/include/custom_interfaces/custom_interfaces/action/detail/gripper_command__rosidl_typesupport_introspection_cpp.hpp
[3.107s] -- Up-to-date: /home/mtrn/Downloads/MTRN4231_Project/install/custom_interfaces/include/custom_interfaces/custom_interfaces/action/detail/move_tcp__rosidl_typesupport_introspection_cpp.hpp
[3.107s] -- Up-to-date: /home/mtrn/Downloads/MTRN4231_Project/install/custom_interfaces/include/custom_interfaces/custom_interfaces/action/detail/move_tcp__type_support.cpp
[3.107s] -- Up-to-date: /home/mtrn/Downloads/MTRN4231_Project/install/custom_interfaces/lib/libcustom_interfaces__rosidl_typesupport_introspection_cpp.so
[3.107s] -- Up-to-date: /home/mtrn/Downloads/MTRN4231_Project/install/custom_interfaces/lib/libcustom_interfaces__rosidl_typesupport_cpp.so
[3.107s] -- Up-to-date: /home/mtrn/Downloads/MTRN4231_Project/install/custom_interfaces/share/custom_interfaces/environment/pythonpath.sh
[3.107s] -- Up-to-date: /home/mtrn/Downloads/MTRN4231_Project/install/custom_interfaces/share/custom_interfaces/environment/pythonpath.dsv
[3.107s] -- Up-to-date: /home/mtrn/Downloads/MTRN4231_Project/install/custom_interfaces/local/lib/python3.10/dist-packages/custom_interfaces-0.0.0-py3.10.egg-info
[3.107s] -- Installing: /home/mtrn/Downloads/MTRN4231_Project/install/custom_interfaces/local/lib/python3.10/dist-packages/custom_interfaces-0.0.0-py3.10.egg-info/top_level.txt
[3.107s] -- Installing: /home/mtrn/Downloads/MTRN4231_Project/install/custom_interfaces/local/lib/python3.10/dist-packages/custom_interfaces-0.0.0-py3.10.egg-info/SOURCES.txt
[3.108s] -- Installing: /home/mtrn/Downloads/MTRN4231_Project/install/custom_interfaces/local/lib/python3.10/dist-packages/custom_interfaces-0.0.0-py3.10.egg-info/PKG-INFO
[3.108s] -- Installing: /home/mtrn/Downloads/MTRN4231_Project/install/custom_interfaces/local/lib/python3.10/dist-packages/custom_interfaces-0.0.0-py3.10.egg-info/dependency_links.txt
[3.108s] -- Up-to-date: /home/mtrn/Downloads/MTRN4231_Project/install/custom_interfaces/local/lib/python3.10/dist-packages/custom_interfaces
[3.108s] -- Up-to-date: /home/mtrn/Downloads/MTRN4231_Project/install/custom_interfaces/local/lib/python3.10/dist-packages/custom_interfaces/action
[3.108s] -- Up-to-date: /home/mtrn/Downloads/MTRN4231_Project/install/custom_interfaces/local/lib/python3.10/dist-packages/custom_interfaces/action/_gripper_command.py
[3.108s] -- Up-to-date: /home/mtrn/Downloads/MTRN4231_Project/install/custom_interfaces/local/lib/python3.10/dist-packages/custom_interfaces/action/_move_tcp_s.c
[3.108s] -- Up-to-date: /home/mtrn/Downloads/MTRN4231_Project/install/custom_interfaces/local/lib/python3.10/dist-packages/custom_interfaces/action/_gripper_command_s.c
[3.108s] -- Up-to-date: /home/mtrn/Downloads/MTRN4231_Project/install/custom_interfaces/local/lib/python3.10/dist-packages/custom_interfaces/action/_move_tcp.py
[3.108s] -- Up-to-date: /home/mtrn/Downloads/MTRN4231_Project/install/custom_interfaces/local/lib/python3.10/dist-packages/custom_interfaces/action/__init__.py
[3.108s] -- Up-to-date: /home/mtrn/Downloads/MTRN4231_Project/install/custom_interfaces/local/lib/python3.10/dist-packages/custom_interfaces/custom_interfaces_s__rosidl_typesupport_c.cpython-310-x86_64-linux-gnu.so
[3.108s] -- Up-to-date: /home/mtrn/Downloads/MTRN4231_Project/install/custom_interfaces/local/lib/python3.10/dist-packages/custom_interfaces/_custom_interfaces_s.ep.rosidl_typesupport_fastrtps_c.c
[3.108s] -- Up-to-date: /home/mtrn/Downloads/MTRN4231_Project/install/custom_interfaces/local/lib/python3.10/dist-packages/custom_interfaces/libcustom_interfaces__rosidl_generator_py.so
[3.109s] -- Up-to-date: /home/mtrn/Downloads/MTRN4231_Project/install/custom_interfaces/local/lib/python3.10/dist-packages/custom_interfaces/custom_interfaces_s__rosidl_typesupport_introspection_c.cpython-310-x86_64-linux-gnu.so
[3.109s] -- Up-to-date: /home/mtrn/Downloads/MTRN4231_Project/install/custom_interfaces/local/lib/python3.10/dist-packages/custom_interfaces/_custom_interfaces_s.ep.rosidl_typesupport_c.c
[3.109s] -- Up-to-date: /home/mtrn/Downloads/MTRN4231_Project/install/custom_interfaces/local/lib/python3.10/dist-packages/custom_interfaces/_custom_interfaces_s.ep.rosidl_typesupport_introspection_c.c
[3.109s] -- Up-to-date: /home/mtrn/Downloads/MTRN4231_Project/install/custom_interfaces/local/lib/python3.10/dist-packages/custom_interfaces/custom_interfaces_s__rosidl_typesupport_fastrtps_c.cpython-310-x86_64-linux-gnu.so
[3.109s] -- Up-to-date: /home/mtrn/Downloads/MTRN4231_Project/install/custom_interfaces/local/lib/python3.10/dist-packages/custom_interfaces/__init__.py
[3.178s] Listing '/home/mtrn/Downloads/MTRN4231_Project/install/custom_interfaces/local/lib/python3.10/dist-packages/custom_interfaces'...
[3.179s] Listing '/home/mtrn/Downloads/MTRN4231_Project/install/custom_interfaces/local/lib/python3.10/dist-packages/custom_interfaces/action'...
[3.187s] -- Up-to-date: /home/mtrn/Downloads/MTRN4231_Project/install/custom_interfaces/local/lib/python3.10/dist-packages/custom_interfaces/custom_interfaces_s__rosidl_typesupport_fastrtps_c.cpython-310-x86_64-linux-gnu.so
[3.190s] -- Up-to-date: /home/mtrn/Downloads/MTRN4231_Project/install/custom_interfaces/local/lib/python3.10/dist-packages/custom_interfaces/custom_interfaces_s__rosidl_typesupport_introspection_c.cpython-310-x86_64-linux-gnu.so
[3.195s] -- Up-to-date: /home/mtrn/Downloads/MTRN4231_Project/install/custom_interfaces/local/lib/python3.10/dist-packages/custom_interfaces/custom_interfaces_s__rosidl_typesupport_c.cpython-310-x86_64-linux-gnu.so
[3.197s] -- Up-to-date: /home/mtrn/Downloads/MTRN4231_Project/install/custom_interfaces/lib/libcustom_interfaces__rosidl_generator_py.so
[3.197s] -- Up-to-date: /home/mtrn/Downloads/MTRN4231_Project/install/custom_interfaces/share/custom_interfaces/action/MoveTCP.idl
[3.197s] -- Up-to-date: /home/mtrn/Downloads/MTRN4231_Project/install/custom_interfaces/share/custom_interfaces/action/GripperCommand.idl
[3.197s] -- Up-to-date: /home/mtrn/Downloads/MTRN4231_Project/install/custom_interfaces/share/custom_interfaces/action/MoveTCP.action
[3.197s] -- Up-to-date: /home/mtrn/Downloads/MTRN4231_Project/install/custom_interfaces/share/custom_interfaces/action/GripperCommand.action
[3.198s] -- Up-to-date: /home/mtrn/Downloads/MTRN4231_Project/install/custom_interfaces/share/custom_interfaces/action
[3.198s] -- Up-to-date: /home/mtrn/Downloads/MTRN4231_Project/install/custom_interfaces/share/custom_interfaces/action/GripperCommand.action
[3.198s] -- Up-to-date: /home/mtrn/Downloads/MTRN4231_Project/install/custom_interfaces/share/custom_interfaces/action/MoveTCP.action
[3.198s] -- Up-to-date: /home/mtrn/Downloads/MTRN4231_Project/install/custom_interfaces/share/ament_index/resource_index/package_run_dependencies/custom_interfaces
[3.198s] -- Up-to-date: /home/mtrn/Downloads/MTRN4231_Project/install/custom_interfaces/share/ament_index/resource_index/parent_prefix_path/custom_interfaces
[3.199s] -- Up-to-date: /home/mtrn/Downloads/MTRN4231_Project/install/custom_interfaces/share/custom_interfaces/environment/ament_prefix_path.sh
[3.199s] -- Up-to-date: /home/mtrn/Downloads/MTRN4231_Project/install/custom_interfaces/share/custom_interfaces/environment/ament_prefix_path.dsv
[3.199s] -- Up-to-date: /home/mtrn/Downloads/MTRN4231_Project/install/custom_interfaces/share/custom_interfaces/environment/path.sh
[3.199s] -- Up-to-date: /home/mtrn/Downloads/MTRN4231_Project/install/custom_interfaces/share/custom_interfaces/environment/path.dsv
[3.199s] -- Up-to-date: /home/mtrn/Downloads/MTRN4231_Project/install/custom_interfaces/share/custom_interfaces/local_setup.bash
[3.199s] -- Up-to-date: /home/mtrn/Downloads/MTRN4231_Project/install/custom_interfaces/share/custom_interfaces/local_setup.sh
[3.199s] -- Up-to-date: /home/mtrn/Downloads/MTRN4231_Project/install/custom_interfaces/share/custom_interfaces/local_setup.zsh
[3.200s] -- Up-to-date: /home/mtrn/Downloads/MTRN4231_Project/install/custom_interfaces/share/custom_interfaces/local_setup.dsv
[3.200s] -- Installing: /home/mtrn/Downloads/MTRN4231_Project/install/custom_interfaces/share/custom_interfaces/package.dsv
[3.200s] -- Up-to-date: /home/mtrn/Downloads/MTRN4231_Project/install/custom_interfaces/share/ament_index/resource_index/packages/custom_interfaces
[3.200s] -- Up-to-date: /home/mtrn/Downloads/MTRN4231_Project/install/custom_interfaces/share/custom_interfaces/cmake/export_custom_interfaces__rosidl_generator_cExport.cmake
[3.200s] -- Up-to-date: /home/mtrn/Downloads/MTRN4231_Project/install/custom_interfaces/share/custom_interfaces/cmake/export_custom_interfaces__rosidl_generator_cExport-noconfig.cmake
[3.200s] -- Up-to-date: /home/mtrn/Downloads/MTRN4231_Project/install/custom_interfaces/share/custom_interfaces/cmake/export_custom_interfaces__rosidl_typesupport_fastrtps_cExport.cmake
[3.201s] -- Up-to-date: /home/mtrn/Downloads/MTRN4231_Project/install/custom_interfaces/share/custom_interfaces/cmake/export_custom_interfaces__rosidl_typesupport_fastrtps_cExport-noconfig.cmake
[3.201s] -- Up-to-date: /home/mtrn/Downloads/MTRN4231_Project/install/custom_interfaces/share/custom_interfaces/cmake/custom_interfaces__rosidl_typesupport_introspection_cExport.cmake
[3.201s] -- Up-to-date: /home/mtrn/Downloads/MTRN4231_Project/install/custom_interfaces/share/custom_interfaces/cmake/custom_interfaces__rosidl_typesupport_introspection_cExport-noconfig.cmake
[3.201s] -- Up-to-date: /home/mtrn/Downloads/MTRN4231_Project/install/custom_interfaces/share/custom_interfaces/cmake/custom_interfaces__rosidl_typesupport_cExport.cmake
[3.201s] -- Up-to-date: /home/mtrn/Downloads/MTRN4231_Project/install/custom_interfaces/share/custom_interfaces/cmake/custom_interfaces__rosidl_typesupport_cExport-noconfig.cmake
[3.201s] -- Up-to-date: /home/mtrn/Downloads/MTRN4231_Project/install/custom_interfaces/share/custom_interfaces/cmake/export_custom_interfaces__rosidl_generator_cppExport.cmake
[3.202s] -- Up-to-date: /home/mtrn/Downloads/MTRN4231_Project/install/custom_interfaces/share/custom_interfaces/cmake/export_custom_interfaces__rosidl_typesupport_fastrtps_cppExport.cmake
[3.202s] -- Up-to-date: /home/mtrn/Downloads/MTRN4231_Project/install/custom_interfaces/share/custom_interfaces/cmake/export_custom_interfaces__rosidl_typesupport_fastrtps_cppExport-noconfig.cmake
[3.202s] -- Up-to-date: /home/mtrn/Downloads/MTRN4231_Project/install/custom_interfaces/share/custom_interfaces/cmake/custom_interfaces__rosidl_typesupport_introspection_cppExport.cmake
[3.202s] -- Up-to-date: /home/mtrn/Downloads/MTRN4231_Project/install/custom_interfaces/share/custom_interfaces/cmake/custom_interfaces__rosidl_typesupport_introspection_cppExport-noconfig.cmake
[3.202s] -- Up-to-date: /home/mtrn/Downloads/MTRN4231_Project/install/custom_interfaces/share/custom_interfaces/cmake/custom_interfaces__rosidl_typesupport_cppExport.cmake
[3.202s] -- Up-to-date: /home/mtrn/Downloads/MTRN4231_Project/install/custom_interfaces/share/custom_interfaces/cmake/custom_interfaces__rosidl_typesupport_cppExport-noconfig.cmake
[3.203s] -- Up-to-date: /home/mtrn/Downloads/MTRN4231_Project/install/custom_interfaces/share/custom_interfaces/cmake/export_custom_interfaces__rosidl_generator_pyExport.cmake
[3.203s] -- Up-to-date: /home/mtrn/Downloads/MTRN4231_Project/install/custom_interfaces/share/custom_interfaces/cmake/export_custom_interfaces__rosidl_generator_pyExport-noconfig.cmake
[3.203s] -- Up-to-date: /home/mtrn/Downloads/MTRN4231_Project/install/custom_interfaces/share/custom_interfaces/cmake/rosidl_cmake-extras.cmake
[3.203s] -- Up-to-date: /home/mtrn/Downloads/MTRN4231_Project/install/custom_interfaces/share/custom_interfaces/cmake/ament_cmake_export_dependencies-extras.cmake
[3.203s] -- Up-to-date: /home/mtrn/Downloads/MTRN4231_Project/install/custom_interfaces/share/custom_interfaces/cmake/ament_cmake_export_include_directories-extras.cmake
[3.203s] -- Up-to-date: /home/mtrn/Downloads/MTRN4231_Project/install/custom_interfaces/share/custom_interfaces/cmake/ament_cmake_export_libraries-extras.cmake
[3.203s] -- Up-to-date: /home/mtrn/Downloads/MTRN4231_Project/install/custom_interfaces/share/custom_interfaces/cmake/ament_cmake_export_targets-extras.cmake
[3.203s] -- Up-to-date: /home/mtrn/Downloads/MTRN4231_Project/install/custom_interfaces/share/custom_interfaces/cmake/rosidl_cmake_export_typesupport_targets-extras.cmake
[3.204s] -- Up-to-date: /home/mtrn/Downloads/MTRN4231_Project/install/custom_interfaces/share/custom_interfaces/cmake/rosidl_cmake_export_typesupport_libraries-extras.cmake
[3.204s] -- Up-to-date: /home/mtrn/Downloads/MTRN4231_Project/install/custom_interfaces/share/custom_interfaces/cmake/custom_interfacesConfig.cmake
[3.204s] -- Up-to-date: /home/mtrn/Downloads/MTRN4231_Project/install/custom_interfaces/share/custom_interfaces/cmake/custom_interfacesConfig-version.cmake
[3.204s] -- Up-to-date: /home/mtrn/Downloads/MTRN4231_Project/install/custom_interfaces/share/custom_interfaces/package.xml
[3.235s] Invoked command in '/home/mtrn/Downloads/MTRN4231_Project/build/custom_interfaces' returned '0': CMAKE_PREFIX_PATH=${CMAKE_PREFIX_PATH}:/home/mtrn/4231/ws_moveit2/install/moveit_configs_utils:/home/mtrn/4231/ws_moveit2/install/launch_param_builder:/opt/ros/humble /usr/bin/cmake --install /home/mtrn/Downloads/MTRN4231_Project/build/custom_interfaces
