[0.123s] DEBUG:colcon:Command line arguments: ['/usr/bin/colcon', 'build']
[0.123s] DEBUG:colcon:Parsed command line arguments: Namespace(log_base=None, log_level=None, verb_name='build', build_base='build', install_base='install', merge_install=False, symlink_install=False, test_result_base=None, continue_on_error=False, executor='parallel', parallel_workers=12, event_handlers=None, ignore_user_meta=False, metas=['./colcon.meta'], base_paths=['.'], packages_ignore=None, packages_ignore_regex=None, paths=None, packages_up_to=None, packages_up_to_regex=None, packages_above=None, packages_above_and_dependencies=None, packages_above_depth=None, packages_select_by_dep=None, packages_skip_by_dep=None, packages_skip_up_to=None, packages_select_build_failed=False, packages_skip_build_finished=False, packages_select_test_failures=False, packages_skip_test_passed=False, packages_select=None, packages_skip=None, packages_select_regex=None, packages_skip_regex=None, packages_start=None, packages_end=None, allow_overriding=[], cmake_args=None, cmake_target=None, cmake_target_skip_unavailable=False, cmake_clean_cache=False, cmake_clean_first=False, cmake_force_configure=False, ament_cmake_args=None, catkin_cmake_args=None, catkin_skip_building_tests=False, mixin_files=None, mixin=None, verb_parser=<colcon_mixin.mixin.mixin_argument.MixinArgumentDecorator object at 0x78decab5be80>, verb_extension=<colcon_core.verb.build.BuildVerb object at 0x78decab5b7f0>, main=<bound method BuildVerb.main of <colcon_core.verb.build.BuildVerb object at 0x78decab5b7f0>>, mixin_verb=('build',))
[0.167s] Level 1:colcon.colcon_core.package_discovery:discover_packages(colcon_meta) check parameters
[0.167s] Level 1:colcon.colcon_core.package_discovery:discover_packages(recursive) check parameters
[0.167s] Level 1:colcon.colcon_core.package_discovery:discover_packages(ignore) check parameters
[0.167s] Level 1:colcon.colcon_core.package_discovery:discover_packages(path) check parameters
[0.167s] Level 1:colcon.colcon_core.package_discovery:discover_packages(colcon_meta) discover
[0.167s] Level 1:colcon.colcon_core.package_discovery:discover_packages(recursive) discover
[0.167s] INFO:colcon.colcon_core.package_discovery:Crawling recursively for packages in '/home/mtrn/MTRN4231_project'
[0.167s] Level 1:colcon.colcon_core.package_identification:_identify(.) by extensions ['ignore', 'ignore_ament_install']
[0.168s] Level 1:colcon.colcon_core.package_identification:_identify(.) by extension 'ignore'
[0.168s] Level 1:colcon.colcon_core.package_identification:_identify(.) by extension 'ignore_ament_install'
[0.168s] Level 1:colcon.colcon_core.package_identification:_identify(.) by extensions ['colcon_pkg']
[0.168s] Level 1:colcon.colcon_core.package_identification:_identify(.) by extension 'colcon_pkg'
[0.168s] Level 1:colcon.colcon_core.package_identification:_identify(.) by extensions ['colcon_meta']
[0.168s] Level 1:colcon.colcon_core.package_identification:_identify(.) by extension 'colcon_meta'
[0.168s] Level 1:colcon.colcon_core.package_identification:_identify(.) by extensions ['ros']
[0.168s] Level 1:colcon.colcon_core.package_identification:_identify(.) by extension 'ros'
[0.182s] Level 1:colcon.colcon_core.package_identification:_identify(.) by extensions ['cmake', 'python']
[0.182s] Level 1:colcon.colcon_core.package_identification:_identify(.) by extension 'cmake'
[0.182s] Level 1:colcon.colcon_core.package_identification:_identify(.) by extension 'python'
[0.182s] Level 1:colcon.colcon_core.package_identification:_identify(.) by extensions ['python_setup_py']
[0.182s] Level 1:colcon.colcon_core.package_identification:_identify(.) by extension 'python_setup_py'
[0.182s] Level 1:colcon.colcon_core.package_identification:_identify(build) by extensions ['ignore', 'ignore_ament_install']
[0.182s] Level 1:colcon.colcon_core.package_identification:_identify(build) by extension 'ignore'
[0.182s] Level 1:colcon.colcon_core.package_identification:_identify(build) ignored
[0.182s] Level 1:colcon.colcon_core.package_identification:_identify(install) by extensions ['ignore', 'ignore_ament_install']
[0.182s] Level 1:colcon.colcon_core.package_identification:_identify(install) by extension 'ignore'
[0.182s] Level 1:colcon.colcon_core.package_identification:_identify(install) ignored
[0.182s] Level 1:colcon.colcon_core.package_identification:_identify(log) by extensions ['ignore', 'ignore_ament_install']
[0.182s] Level 1:colcon.colcon_core.package_identification:_identify(log) by extension 'ignore'
[0.182s] Level 1:colcon.colcon_core.package_identification:_identify(log) ignored
[0.183s] Level 1:colcon.colcon_core.package_identification:_identify(src) by extensions ['ignore', 'ignore_ament_install']
[0.183s] Level 1:colcon.colcon_core.package_identification:_identify(src) by extension 'ignore'
[0.183s] Level 1:colcon.colcon_core.package_identification:_identify(src) by extension 'ignore_ament_install'
[0.183s] Level 1:colcon.colcon_core.package_identification:_identify(src) by extensions ['colcon_pkg']
[0.183s] Level 1:colcon.colcon_core.package_identification:_identify(src) by extension 'colcon_pkg'
[0.183s] Level 1:colcon.colcon_core.package_identification:_identify(src) by extensions ['colcon_meta']
[0.183s] Level 1:colcon.colcon_core.package_identification:_identify(src) by extension 'colcon_meta'
[0.183s] Level 1:colcon.colcon_core.package_identification:_identify(src) by extensions ['ros']
[0.183s] Level 1:colcon.colcon_core.package_identification:_identify(src) by extension 'ros'
[0.183s] Level 1:colcon.colcon_core.package_identification:_identify(src) by extensions ['cmake', 'python']
[0.183s] Level 1:colcon.colcon_core.package_identification:_identify(src) by extension 'cmake'
[0.183s] Level 1:colcon.colcon_core.package_identification:_identify(src) by extension 'python'
[0.183s] Level 1:colcon.colcon_core.package_identification:_identify(src) by extensions ['python_setup_py']
[0.183s] Level 1:colcon.colcon_core.package_identification:_identify(src) by extension 'python_setup_py'
[0.183s] Level 1:colcon.colcon_core.package_identification:_identify(src/arm_controller) by extensions ['ignore', 'ignore_ament_install']
[0.183s] Level 1:colcon.colcon_core.package_identification:_identify(src/arm_controller) by extension 'ignore'
[0.183s] Level 1:colcon.colcon_core.package_identification:_identify(src/arm_controller) by extension 'ignore_ament_install'
[0.183s] Level 1:colcon.colcon_core.package_identification:_identify(src/arm_controller) by extensions ['colcon_pkg']
[0.183s] Level 1:colcon.colcon_core.package_identification:_identify(src/arm_controller) by extension 'colcon_pkg'
[0.183s] Level 1:colcon.colcon_core.package_identification:_identify(src/arm_controller) by extensions ['colcon_meta']
[0.183s] Level 1:colcon.colcon_core.package_identification:_identify(src/arm_controller) by extension 'colcon_meta'
[0.183s] Level 1:colcon.colcon_core.package_identification:_identify(src/arm_controller) by extensions ['ros']
[0.183s] Level 1:colcon.colcon_core.package_identification:_identify(src/arm_controller) by extension 'ros'
[0.187s] DEBUG:colcon.colcon_core.package_identification:Package 'src/arm_controller' with type 'ros.ament_cmake' and name 'arm_controller'
[0.187s] Level 1:colcon.colcon_core.package_identification:_identify(src/custom_interfaces) by extensions ['ignore', 'ignore_ament_install']
[0.187s] Level 1:colcon.colcon_core.package_identification:_identify(src/custom_interfaces) by extension 'ignore'
[0.187s] Level 1:colcon.colcon_core.package_identification:_identify(src/custom_interfaces) by extension 'ignore_ament_install'
[0.187s] Level 1:colcon.colcon_core.package_identification:_identify(src/custom_interfaces) by extensions ['colcon_pkg']
[0.187s] Level 1:colcon.colcon_core.package_identification:_identify(src/custom_interfaces) by extension 'colcon_pkg'
[0.187s] Level 1:colcon.colcon_core.package_identification:_identify(src/custom_interfaces) by extensions ['colcon_meta']
[0.187s] Level 1:colcon.colcon_core.package_identification:_identify(src/custom_interfaces) by extension 'colcon_meta'
[0.187s] Level 1:colcon.colcon_core.package_identification:_identify(src/custom_interfaces) by extensions ['ros']
[0.187s] Level 1:colcon.colcon_core.package_identification:_identify(src/custom_interfaces) by extension 'ros'
[0.188s] DEBUG:colcon.colcon_core.package_identification:Package 'src/custom_interfaces' with type 'ros.ament_cmake' and name 'custom_interfaces'
[0.188s] Level 1:colcon.colcon_core.package_identification:_identify(src/end_effector_description) by extensions ['ignore', 'ignore_ament_install']
[0.188s] Level 1:colcon.colcon_core.package_identification:_identify(src/end_effector_description) by extension 'ignore'
[0.188s] Level 1:colcon.colcon_core.package_identification:_identify(src/end_effector_description) by extension 'ignore_ament_install'
[0.188s] Level 1:colcon.colcon_core.package_identification:_identify(src/end_effector_description) by extensions ['colcon_pkg']
[0.188s] Level 1:colcon.colcon_core.package_identification:_identify(src/end_effector_description) by extension 'colcon_pkg'
[0.189s] Level 1:colcon.colcon_core.package_identification:_identify(src/end_effector_description) by extensions ['colcon_meta']
[0.189s] Level 1:colcon.colcon_core.package_identification:_identify(src/end_effector_description) by extension 'colcon_meta'
[0.189s] Level 1:colcon.colcon_core.package_identification:_identify(src/end_effector_description) by extensions ['ros']
[0.189s] Level 1:colcon.colcon_core.package_identification:_identify(src/end_effector_description) by extension 'ros'
[0.189s] DEBUG:colcon.colcon_core.package_identification:Package 'src/end_effector_description' with type 'ros.ament_cmake' and name 'end_effector_description'
[0.189s] Level 1:colcon.colcon_core.package_identification:_identify(src/move_to_marker) by extensions ['ignore', 'ignore_ament_install']
[0.189s] Level 1:colcon.colcon_core.package_identification:_identify(src/move_to_marker) by extension 'ignore'
[0.189s] Level 1:colcon.colcon_core.package_identification:_identify(src/move_to_marker) by extension 'ignore_ament_install'
[0.190s] Level 1:colcon.colcon_core.package_identification:_identify(src/move_to_marker) by extensions ['colcon_pkg']
[0.190s] Level 1:colcon.colcon_core.package_identification:_identify(src/move_to_marker) by extension 'colcon_pkg'
[0.190s] Level 1:colcon.colcon_core.package_identification:_identify(src/move_to_marker) by extensions ['colcon_meta']
[0.190s] Level 1:colcon.colcon_core.package_identification:_identify(src/move_to_marker) by extension 'colcon_meta'
[0.190s] Level 1:colcon.colcon_core.package_identification:_identify(src/move_to_marker) by extensions ['ros']
[0.190s] Level 1:colcon.colcon_core.package_identification:_identify(src/move_to_marker) by extension 'ros'
[0.190s] DEBUG:colcon.colcon_core.package_identification:Package 'src/move_to_marker' with type 'ros.ament_cmake' and name 'move_to_marker'
[0.191s] Level 1:colcon.colcon_core.package_identification:_identify(src/ur5e_custom_description) by extensions ['ignore', 'ignore_ament_install']
[0.191s] Level 1:colcon.colcon_core.package_identification:_identify(src/ur5e_custom_description) by extension 'ignore'
[0.191s] Level 1:colcon.colcon_core.package_identification:_identify(src/ur5e_custom_description) by extension 'ignore_ament_install'
[0.191s] Level 1:colcon.colcon_core.package_identification:_identify(src/ur5e_custom_description) by extensions ['colcon_pkg']
[0.191s] Level 1:colcon.colcon_core.package_identification:_identify(src/ur5e_custom_description) by extension 'colcon_pkg'
[0.191s] Level 1:colcon.colcon_core.package_identification:_identify(src/ur5e_custom_description) by extensions ['colcon_meta']
[0.191s] Level 1:colcon.colcon_core.package_identification:_identify(src/ur5e_custom_description) by extension 'colcon_meta'
[0.191s] Level 1:colcon.colcon_core.package_identification:_identify(src/ur5e_custom_description) by extensions ['ros']
[0.191s] Level 1:colcon.colcon_core.package_identification:_identify(src/ur5e_custom_description) by extension 'ros'
[0.191s] DEBUG:colcon.colcon_core.package_identification:Package 'src/ur5e_custom_description' with type 'ros.ament_cmake' and name 'ur5e_custom_description'
[0.191s] Level 1:colcon.colcon_core.package_discovery:discover_packages(recursive) using defaults
[0.192s] Level 1:colcon.colcon_core.package_discovery:discover_packages(ignore) discover
[0.192s] Level 1:colcon.colcon_core.package_discovery:discover_packages(ignore) using defaults
[0.192s] Level 1:colcon.colcon_core.package_discovery:discover_packages(path) discover
[0.192s] Level 1:colcon.colcon_core.package_discovery:discover_packages(path) using defaults
[0.214s] Level 1:colcon.colcon_core.package_discovery:discover_packages(prefix_path) check parameters
[0.214s] Level 1:colcon.colcon_core.package_discovery:discover_packages(prefix_path) discover
[0.217s] DEBUG:colcon.colcon_installed_package_information.package_discovery:Found 4 installed packages in /home/mtrn/MTRN4231_project/install
[0.220s] DEBUG:colcon.colcon_installed_package_information.package_discovery:Found 354 installed packages in /opt/ros/humble
[0.222s] Level 1:colcon.colcon_core.package_discovery:discover_packages(prefix_path) using defaults
[0.274s] Level 5:colcon.colcon_core.verb:set package 'custom_interfaces' build argument 'cmake_args' from command line to 'None'
[0.274s] Level 5:colcon.colcon_core.verb:set package 'custom_interfaces' build argument 'cmake_target' from command line to 'None'
[0.274s] Level 5:colcon.colcon_core.verb:set package 'custom_interfaces' build argument 'cmake_target_skip_unavailable' from command line to 'False'
[0.274s] Level 5:colcon.colcon_core.verb:set package 'custom_interfaces' build argument 'cmake_clean_cache' from command line to 'False'
[0.274s] Level 5:colcon.colcon_core.verb:set package 'custom_interfaces' build argument 'cmake_clean_first' from command line to 'False'
[0.274s] Level 5:colcon.colcon_core.verb:set package 'custom_interfaces' build argument 'cmake_force_configure' from command line to 'False'
[0.274s] Level 5:colcon.colcon_core.verb:set package 'custom_interfaces' build argument 'ament_cmake_args' from command line to 'None'
[0.274s] Level 5:colcon.colcon_core.verb:set package 'custom_interfaces' build argument 'catkin_cmake_args' from command line to 'None'
[0.274s] Level 5:colcon.colcon_core.verb:set package 'custom_interfaces' build argument 'catkin_skip_building_tests' from command line to 'False'
[0.274s] DEBUG:colcon.colcon_core.verb:Building package 'custom_interfaces' with the following arguments: {'ament_cmake_args': None, 'build_base': '/home/mtrn/MTRN4231_project/build/custom_interfaces', 'catkin_cmake_args': None, 'catkin_skip_building_tests': False, 'cmake_args': None, 'cmake_clean_cache': False, 'cmake_clean_first': False, 'cmake_force_configure': False, 'cmake_target': None, 'cmake_target_skip_unavailable': False, 'install_base': '/home/mtrn/MTRN4231_project/install/custom_interfaces', 'merge_install': False, 'path': '/home/mtrn/MTRN4231_project/src/custom_interfaces', 'symlink_install': False, 'test_result_base': None}
[0.274s] Level 5:colcon.colcon_core.verb:set package 'end_effector_description' build argument 'cmake_args' from command line to 'None'
[0.274s] Level 5:colcon.colcon_core.verb:set package 'end_effector_description' build argument 'cmake_target' from command line to 'None'
[0.274s] Level 5:colcon.colcon_core.verb:set package 'end_effector_description' build argument 'cmake_target_skip_unavailable' from command line to 'False'
[0.274s] Level 5:colcon.colcon_core.verb:set package 'end_effector_description' build argument 'cmake_clean_cache' from command line to 'False'
[0.274s] Level 5:colcon.colcon_core.verb:set package 'end_effector_description' build argument 'cmake_clean_first' from command line to 'False'
[0.274s] Level 5:colcon.colcon_core.verb:set package 'end_effector_description' build argument 'cmake_force_configure' from command line to 'False'
[0.274s] Level 5:colcon.colcon_core.verb:set package 'end_effector_description' build argument 'ament_cmake_args' from command line to 'None'
[0.274s] Level 5:colcon.colcon_core.verb:set package 'end_effector_description' build argument 'catkin_cmake_args' from command line to 'None'
[0.274s] Level 5:colcon.colcon_core.verb:set package 'end_effector_description' build argument 'catkin_skip_building_tests' from command line to 'False'
[0.274s] DEBUG:colcon.colcon_core.verb:Building package 'end_effector_description' with the following arguments: {'ament_cmake_args': None, 'build_base': '/home/mtrn/MTRN4231_project/build/end_effector_description', 'catkin_cmake_args': None, 'catkin_skip_building_tests': False, 'cmake_args': None, 'cmake_clean_cache': False, 'cmake_clean_first': False, 'cmake_force_configure': False, 'cmake_target': None, 'cmake_target_skip_unavailable': False, 'install_base': '/home/mtrn/MTRN4231_project/install/end_effector_description', 'merge_install': False, 'path': '/home/mtrn/MTRN4231_project/src/end_effector_description', 'symlink_install': False, 'test_result_base': None}
[0.275s] Level 5:colcon.colcon_core.verb:set package 'move_to_marker' build argument 'cmake_args' from command line to 'None'
[0.275s] Level 5:colcon.colcon_core.verb:set package 'move_to_marker' build argument 'cmake_target' from command line to 'None'
[0.275s] Level 5:colcon.colcon_core.verb:set package 'move_to_marker' build argument 'cmake_target_skip_unavailable' from command line to 'False'
[0.275s] Level 5:colcon.colcon_core.verb:set package 'move_to_marker' build argument 'cmake_clean_cache' from command line to 'False'
[0.275s] Level 5:colcon.colcon_core.verb:set package 'move_to_marker' build argument 'cmake_clean_first' from command line to 'False'
[0.275s] Level 5:colcon.colcon_core.verb:set package 'move_to_marker' build argument 'cmake_force_configure' from command line to 'False'
[0.275s] Level 5:colcon.colcon_core.verb:set package 'move_to_marker' build argument 'ament_cmake_args' from command line to 'None'
[0.275s] Level 5:colcon.colcon_core.verb:set package 'move_to_marker' build argument 'catkin_cmake_args' from command line to 'None'
[0.275s] Level 5:colcon.colcon_core.verb:set package 'move_to_marker' build argument 'catkin_skip_building_tests' from command line to 'False'
[0.275s] DEBUG:colcon.colcon_core.verb:Building package 'move_to_marker' with the following arguments: {'ament_cmake_args': None, 'build_base': '/home/mtrn/MTRN4231_project/build/move_to_marker', 'catkin_cmake_args': None, 'catkin_skip_building_tests': False, 'cmake_args': None, 'cmake_clean_cache': False, 'cmake_clean_first': False, 'cmake_force_configure': False, 'cmake_target': None, 'cmake_target_skip_unavailable': False, 'install_base': '/home/mtrn/MTRN4231_project/install/move_to_marker', 'merge_install': False, 'path': '/home/mtrn/MTRN4231_project/src/move_to_marker', 'symlink_install': False, 'test_result_base': None}
[0.276s] Level 5:colcon.colcon_core.verb:set package 'arm_controller' build argument 'cmake_args' from command line to 'None'
[0.276s] Level 5:colcon.colcon_core.verb:set package 'arm_controller' build argument 'cmake_target' from command line to 'None'
[0.276s] Level 5:colcon.colcon_core.verb:set package 'arm_controller' build argument 'cmake_target_skip_unavailable' from command line to 'False'
[0.276s] Level 5:colcon.colcon_core.verb:set package 'arm_controller' build argument 'cmake_clean_cache' from command line to 'False'
[0.276s] Level 5:colcon.colcon_core.verb:set package 'arm_controller' build argument 'cmake_clean_first' from command line to 'False'
[0.276s] Level 5:colcon.colcon_core.verb:set package 'arm_controller' build argument 'cmake_force_configure' from command line to 'False'
[0.276s] Level 5:colcon.colcon_core.verb:set package 'arm_controller' build argument 'ament_cmake_args' from command line to 'None'
[0.276s] Level 5:colcon.colcon_core.verb:set package 'arm_controller' build argument 'catkin_cmake_args' from command line to 'None'
[0.276s] Level 5:colcon.colcon_core.verb:set package 'arm_controller' build argument 'catkin_skip_building_tests' from command line to 'False'
[0.276s] DEBUG:colcon.colcon_core.verb:Building package 'arm_controller' with the following arguments: {'ament_cmake_args': None, 'build_base': '/home/mtrn/MTRN4231_project/build/arm_controller', 'catkin_cmake_args': None, 'catkin_skip_building_tests': False, 'cmake_args': None, 'cmake_clean_cache': False, 'cmake_clean_first': False, 'cmake_force_configure': False, 'cmake_target': None, 'cmake_target_skip_unavailable': False, 'install_base': '/home/mtrn/MTRN4231_project/install/arm_controller', 'merge_install': False, 'path': '/home/mtrn/MTRN4231_project/src/arm_controller', 'symlink_install': False, 'test_result_base': None}
[0.276s] Level 5:colcon.colcon_core.verb:set package 'ur5e_custom_description' build argument 'cmake_args' from command line to 'None'
[0.277s] Level 5:colcon.colcon_core.verb:set package 'ur5e_custom_description' build argument 'cmake_target' from command line to 'None'
[0.277s] Level 5:colcon.colcon_core.verb:set package 'ur5e_custom_description' build argument 'cmake_target_skip_unavailable' from command line to 'False'
[0.277s] Level 5:colcon.colcon_core.verb:set package 'ur5e_custom_description' build argument 'cmake_clean_cache' from command line to 'False'
[0.277s] Level 5:colcon.colcon_core.verb:set package 'ur5e_custom_description' build argument 'cmake_clean_first' from command line to 'False'
[0.277s] Level 5:colcon.colcon_core.verb:set package 'ur5e_custom_description' build argument 'cmake_force_configure' from command line to 'False'
[0.277s] Level 5:colcon.colcon_core.verb:set package 'ur5e_custom_description' build argument 'ament_cmake_args' from command line to 'None'
[0.277s] Level 5:colcon.colcon_core.verb:set package 'ur5e_custom_description' build argument 'catkin_cmake_args' from command line to 'None'
[0.277s] Level 5:colcon.colcon_core.verb:set package 'ur5e_custom_description' build argument 'catkin_skip_building_tests' from command line to 'False'
[0.277s] DEBUG:colcon.colcon_core.verb:Building package 'ur5e_custom_description' with the following arguments: {'ament_cmake_args': None, 'build_base': '/home/mtrn/MTRN4231_project/build/ur5e_custom_description', 'catkin_cmake_args': None, 'catkin_skip_building_tests': False, 'cmake_args': None, 'cmake_clean_cache': False, 'cmake_clean_first': False, 'cmake_force_configure': False, 'cmake_target': None, 'cmake_target_skip_unavailable': False, 'install_base': '/home/mtrn/MTRN4231_project/install/ur5e_custom_description', 'merge_install': False, 'path': '/home/mtrn/MTRN4231_project/src/ur5e_custom_description', 'symlink_install': False, 'test_result_base': None}
[0.277s] INFO:colcon.colcon_core.executor:Executing jobs using 'parallel' executor
[0.278s] DEBUG:colcon.colcon_parallel_executor.executor.parallel:run_until_complete
[0.279s] INFO:colcon.colcon_ros.task.ament_cmake.build:Building ROS package in '/home/mtrn/MTRN4231_project/src/custom_interfaces' with build type 'ament_cmake'
[0.279s] INFO:colcon.colcon_cmake.task.cmake.build:Building CMake package in '/home/mtrn/MTRN4231_project/src/custom_interfaces'
[0.282s] INFO:colcon.colcon_core.plugin_system:Skipping extension 'colcon_core.shell.bat': Not used on non-Windows systems
[0.282s] INFO:colcon.colcon_core.shell:Skip shell extension 'powershell' for command environment: Not usable outside of PowerShell
[0.282s] DEBUG:colcon.colcon_core.shell:Skip shell extension 'dsv' for command environment
[0.287s] INFO:colcon.colcon_ros.task.ament_cmake.build:Building ROS package in '/home/mtrn/MTRN4231_project/src/end_effector_description' with build type 'ament_cmake'
[0.287s] INFO:colcon.colcon_cmake.task.cmake.build:Building CMake package in '/home/mtrn/MTRN4231_project/src/end_effector_description'
[0.287s] INFO:colcon.colcon_core.shell:Skip shell extension 'powershell' for command environment: Not usable outside of PowerShell
[0.288s] DEBUG:colcon.colcon_core.shell:Skip shell extension 'dsv' for command environment
[0.293s] INFO:colcon.colcon_ros.task.ament_cmake.build:Building ROS package in '/home/mtrn/MTRN4231_project/src/move_to_marker' with build type 'ament_cmake'
[0.293s] INFO:colcon.colcon_cmake.task.cmake.build:Building CMake package in '/home/mtrn/MTRN4231_project/src/move_to_marker'
[0.294s] INFO:colcon.colcon_core.shell:Skip shell extension 'powershell' for command environment: Not usable outside of PowerShell
[0.294s] DEBUG:colcon.colcon_core.shell:Skip shell extension 'dsv' for command environment
[0.323s] DEBUG:colcon.colcon_core.event_handler.log_command:Invoking command in '/home/mtrn/MTRN4231_project/build/custom_interfaces': CMAKE_PREFIX_PATH=${CMAKE_PREFIX_PATH}:/opt/ros/humble /home/mtrn/.local/bin/cmake --build /home/mtrn/MTRN4231_project/build/custom_interfaces -- -j12 -l12
[0.335s] DEBUG:colcon.colcon_core.event_handler.log_command:Invoking command in '/home/mtrn/MTRN4231_project/build/end_effector_description': CMAKE_PREFIX_PATH=${CMAKE_PREFIX_PATH}:/opt/ros/humble /home/mtrn/.local/bin/cmake --build /home/mtrn/MTRN4231_project/build/end_effector_description -- -j12 -l12
[0.340s] DEBUG:colcon.colcon_core.event_handler.log_command:Invoking command in '/home/mtrn/MTRN4231_project/build/move_to_marker': CMAKE_PREFIX_PATH=${CMAKE_PREFIX_PATH}:/opt/ros/humble /home/mtrn/.local/bin/cmake --build /home/mtrn/MTRN4231_project/build/move_to_marker -- -j12 -l12
[0.402s] DEBUG:colcon.colcon_core.event_handler.log_command:Invoked command in '/home/mtrn/MTRN4231_project/build/end_effector_description' returned '0': CMAKE_PREFIX_PATH=${CMAKE_PREFIX_PATH}:/opt/ros/humble /home/mtrn/.local/bin/cmake --build /home/mtrn/MTRN4231_project/build/end_effector_description -- -j12 -l12
[0.449s] DEBUG:colcon.colcon_core.event_handler.log_command:Invoked command in '/home/mtrn/MTRN4231_project/build/move_to_marker' returned '0': CMAKE_PREFIX_PATH=${CMAKE_PREFIX_PATH}:/opt/ros/humble /home/mtrn/.local/bin/cmake --build /home/mtrn/MTRN4231_project/build/move_to_marker -- -j12 -l12
[0.525s] DEBUG:colcon.colcon_core.event_handler.log_command:Invoking command in '/home/mtrn/MTRN4231_project/build/end_effector_description': CMAKE_PREFIX_PATH=${CMAKE_PREFIX_PATH}:/opt/ros/humble /home/mtrn/.local/bin/cmake --install /home/mtrn/MTRN4231_project/build/end_effector_description
[0.530s] DEBUG:colcon.colcon_core.event_handler.log_command:Invoking command in '/home/mtrn/MTRN4231_project/build/move_to_marker': CMAKE_PREFIX_PATH=${CMAKE_PREFIX_PATH}:/opt/ros/humble /home/mtrn/.local/bin/cmake --install /home/mtrn/MTRN4231_project/build/move_to_marker
[0.571s] Level 1:colcon.colcon_core.environment:create_environment_scripts_only(end_effector_description)
[0.572s] DEBUG:colcon.colcon_core.event_handler.log_command:Invoked command in '/home/mtrn/MTRN4231_project/build/end_effector_description' returned '0': CMAKE_PREFIX_PATH=${CMAKE_PREFIX_PATH}:/opt/ros/humble /home/mtrn/.local/bin/cmake --install /home/mtrn/MTRN4231_project/build/end_effector_description
[0.577s] Level 1:colcon.colcon_core.environment:checking '/home/mtrn/MTRN4231_project/install/end_effector_description' for CMake module files
[0.578s] Level 1:colcon.colcon_core.environment:checking '/home/mtrn/MTRN4231_project/install/end_effector_description' for CMake config files
[0.579s] Level 1:colcon.colcon_core.shell:create_environment_hook('end_effector_description', 'cmake_prefix_path')
[0.579s] INFO:colcon.colcon_core.shell:Creating environment hook '/home/mtrn/MTRN4231_project/install/end_effector_description/share/end_effector_description/hook/cmake_prefix_path.ps1'
[0.580s] INFO:colcon.colcon_core.shell:Creating environment descriptor '/home/mtrn/MTRN4231_project/install/end_effector_description/share/end_effector_description/hook/cmake_prefix_path.dsv'
[0.581s] INFO:colcon.colcon_core.shell:Creating environment hook '/home/mtrn/MTRN4231_project/install/end_effector_description/share/end_effector_description/hook/cmake_prefix_path.sh'
[0.583s] Level 1:colcon.colcon_core.environment:checking '/home/mtrn/MTRN4231_project/install/end_effector_description/bin'
[0.583s] Level 1:colcon.colcon_core.environment:checking '/home/mtrn/MTRN4231_project/install/end_effector_description/lib/pkgconfig/end_effector_description.pc'
[0.583s] Level 1:colcon.colcon_core.environment:checking '/home/mtrn/MTRN4231_project/install/end_effector_description/lib/python3.10/site-packages'
[0.584s] Level 1:colcon.colcon_core.environment:checking '/home/mtrn/MTRN4231_project/install/end_effector_description/bin'
[0.584s] INFO:colcon.colcon_core.shell:Creating package script '/home/mtrn/MTRN4231_project/install/end_effector_description/share/end_effector_description/package.ps1'
[0.586s] INFO:colcon.colcon_core.shell:Creating package descriptor '/home/mtrn/MTRN4231_project/install/end_effector_description/share/end_effector_description/package.dsv'
[0.586s] INFO:colcon.colcon_core.shell:Creating package script '/home/mtrn/MTRN4231_project/install/end_effector_description/share/end_effector_description/package.sh'
[0.587s] INFO:colcon.colcon_core.shell:Creating package script '/home/mtrn/MTRN4231_project/install/end_effector_description/share/end_effector_description/package.bash'
[0.588s] INFO:colcon.colcon_core.shell:Creating package script '/home/mtrn/MTRN4231_project/install/end_effector_description/share/end_effector_description/package.zsh'
[0.589s] Level 1:colcon.colcon_core.environment:create_file_with_runtime_dependencies(/home/mtrn/MTRN4231_project/install/end_effector_description/share/colcon-core/packages/end_effector_description)
[0.597s] Level 1:colcon.colcon_core.environment:create_environment_scripts_only(move_to_marker)
[0.597s] Level 1:colcon.colcon_core.environment:checking '/home/mtrn/MTRN4231_project/install/move_to_marker' for CMake module files
[0.598s] Level 1:colcon.colcon_core.environment:checking '/home/mtrn/MTRN4231_project/install/move_to_marker' for CMake config files
[0.598s] Level 1:colcon.colcon_core.shell:create_environment_hook('move_to_marker', 'cmake_prefix_path')
[0.598s] INFO:colcon.colcon_core.shell:Creating environment hook '/home/mtrn/MTRN4231_project/install/move_to_marker/share/move_to_marker/hook/cmake_prefix_path.ps1'
[0.599s] INFO:colcon.colcon_core.shell:Creating environment descriptor '/home/mtrn/MTRN4231_project/install/move_to_marker/share/move_to_marker/hook/cmake_prefix_path.dsv'
[0.599s] INFO:colcon.colcon_core.shell:Creating environment hook '/home/mtrn/MTRN4231_project/install/move_to_marker/share/move_to_marker/hook/cmake_prefix_path.sh'
[0.600s] DEBUG:colcon.colcon_core.event_handler.log_command:Invoked command in '/home/mtrn/MTRN4231_project/build/move_to_marker' returned '0': CMAKE_PREFIX_PATH=${CMAKE_PREFIX_PATH}:/opt/ros/humble /home/mtrn/.local/bin/cmake --install /home/mtrn/MTRN4231_project/build/move_to_marker
[0.601s] Level 1:colcon.colcon_core.environment:checking '/home/mtrn/MTRN4231_project/install/move_to_marker/lib'
[0.601s] Level 1:colcon.colcon_core.environment:checking '/home/mtrn/MTRN4231_project/install/move_to_marker/bin'
[0.601s] Level 1:colcon.colcon_core.environment:checking '/home/mtrn/MTRN4231_project/install/move_to_marker/lib/pkgconfig/move_to_marker.pc'
[0.602s] Level 1:colcon.colcon_core.environment:checking '/home/mtrn/MTRN4231_project/install/move_to_marker/lib/python3.10/site-packages'
[0.602s] Level 1:colcon.colcon_core.environment:checking '/home/mtrn/MTRN4231_project/install/move_to_marker/bin'
[0.603s] INFO:colcon.colcon_core.shell:Creating package script '/home/mtrn/MTRN4231_project/install/move_to_marker/share/move_to_marker/package.ps1'
[0.603s] INFO:colcon.colcon_core.shell:Creating package descriptor '/home/mtrn/MTRN4231_project/install/move_to_marker/share/move_to_marker/package.dsv'
[0.604s] INFO:colcon.colcon_core.shell:Creating package script '/home/mtrn/MTRN4231_project/install/move_to_marker/share/move_to_marker/package.sh'
[0.604s] INFO:colcon.colcon_core.shell:Creating package script '/home/mtrn/MTRN4231_project/install/move_to_marker/share/move_to_marker/package.bash'
[0.605s] INFO:colcon.colcon_core.shell:Creating package script '/home/mtrn/MTRN4231_project/install/move_to_marker/share/move_to_marker/package.zsh'
[0.605s] Level 1:colcon.colcon_core.environment:create_file_with_runtime_dependencies(/home/mtrn/MTRN4231_project/install/move_to_marker/share/colcon-core/packages/move_to_marker)
[0.658s] Level 1:colcon.colcon_core.environment:create_environment_scripts_only(end_effector_description)
[0.659s] Level 1:colcon.colcon_core.environment:checking '/home/mtrn/MTRN4231_project/install/end_effector_description' for CMake module files
[0.660s] Level 1:colcon.colcon_core.environment:checking '/home/mtrn/MTRN4231_project/install/end_effector_description' for CMake config files
[0.660s] Level 1:colcon.colcon_core.shell:create_environment_hook('end_effector_description', 'cmake_prefix_path')
[0.661s] INFO:colcon.colcon_core.shell:Creating environment hook '/home/mtrn/MTRN4231_project/install/end_effector_description/share/end_effector_description/hook/cmake_prefix_path.ps1'
[0.661s] INFO:colcon.colcon_core.shell:Creating environment descriptor '/home/mtrn/MTRN4231_project/install/end_effector_description/share/end_effector_description/hook/cmake_prefix_path.dsv'
[0.662s] INFO:colcon.colcon_core.shell:Creating environment hook '/home/mtrn/MTRN4231_project/install/end_effector_description/share/end_effector_description/hook/cmake_prefix_path.sh'
[0.663s] Level 1:colcon.colcon_core.environment:checking '/home/mtrn/MTRN4231_project/install/end_effector_description/bin'
[0.663s] Level 1:colcon.colcon_core.environment:checking '/home/mtrn/MTRN4231_project/install/end_effector_description/lib/pkgconfig/end_effector_description.pc'
[0.663s] Level 1:colcon.colcon_core.environment:checking '/home/mtrn/MTRN4231_project/install/end_effector_description/lib/python3.10/site-packages'
[0.664s] Level 1:colcon.colcon_core.environment:checking '/home/mtrn/MTRN4231_project/install/end_effector_description/bin'
[0.665s] INFO:colcon.colcon_core.shell:Creating package script '/home/mtrn/MTRN4231_project/install/end_effector_description/share/end_effector_description/package.ps1'
[0.665s] INFO:colcon.colcon_core.shell:Creating package descriptor '/home/mtrn/MTRN4231_project/install/end_effector_description/share/end_effector_description/package.dsv'
[0.666s] INFO:colcon.colcon_core.shell:Creating package script '/home/mtrn/MTRN4231_project/install/end_effector_description/share/end_effector_description/package.sh'
[0.667s] INFO:colcon.colcon_core.shell:Creating package script '/home/mtrn/MTRN4231_project/install/end_effector_description/share/end_effector_description/package.bash'
[0.667s] INFO:colcon.colcon_core.shell:Creating package script '/home/mtrn/MTRN4231_project/install/end_effector_description/share/end_effector_description/package.zsh'
[0.668s] Level 1:colcon.colcon_core.environment:create_file_with_runtime_dependencies(/home/mtrn/MTRN4231_project/install/end_effector_description/share/colcon-core/packages/end_effector_description)
[0.668s] INFO:colcon.colcon_ros.task.ament_cmake.build:Building ROS package in '/home/mtrn/MTRN4231_project/src/ur5e_custom_description' with build type 'ament_cmake'
[0.669s] INFO:colcon.colcon_cmake.task.cmake.build:Building CMake package in '/home/mtrn/MTRN4231_project/src/ur5e_custom_description'
[0.669s] INFO:colcon.colcon_core.shell:Skip shell extension 'powershell' for command environment: Not usable outside of PowerShell
[0.669s] DEBUG:colcon.colcon_core.shell:Skip shell extension 'dsv' for command environment
[0.691s] Level 1:colcon.colcon_core.environment:create_environment_scripts_only(move_to_marker)
[0.692s] Level 1:colcon.colcon_core.environment:checking '/home/mtrn/MTRN4231_project/install/move_to_marker' for CMake module files
[0.694s] DEBUG:colcon.colcon_core.event_handler.log_command:Invoking command in '/home/mtrn/MTRN4231_project/build/ur5e_custom_description': CMAKE_PREFIX_PATH=${CMAKE_PREFIX_PATH}:/opt/ros/humble /home/mtrn/.local/bin/cmake --build /home/mtrn/MTRN4231_project/build/ur5e_custom_description -- -j12 -l12
[0.694s] Level 1:colcon.colcon_core.environment:checking '/home/mtrn/MTRN4231_project/install/move_to_marker' for CMake config files
[0.695s] Level 1:colcon.colcon_core.shell:create_environment_hook('move_to_marker', 'cmake_prefix_path')
[0.695s] INFO:colcon.colcon_core.shell:Creating environment hook '/home/mtrn/MTRN4231_project/install/move_to_marker/share/move_to_marker/hook/cmake_prefix_path.ps1'
[0.696s] INFO:colcon.colcon_core.shell:Creating environment descriptor '/home/mtrn/MTRN4231_project/install/move_to_marker/share/move_to_marker/hook/cmake_prefix_path.dsv'
[0.697s] INFO:colcon.colcon_core.shell:Creating environment hook '/home/mtrn/MTRN4231_project/install/move_to_marker/share/move_to_marker/hook/cmake_prefix_path.sh'
[0.697s] Level 1:colcon.colcon_core.environment:checking '/home/mtrn/MTRN4231_project/install/move_to_marker/lib'
[0.698s] Level 1:colcon.colcon_core.environment:checking '/home/mtrn/MTRN4231_project/install/move_to_marker/bin'
[0.698s] Level 1:colcon.colcon_core.environment:checking '/home/mtrn/MTRN4231_project/install/move_to_marker/lib/pkgconfig/move_to_marker.pc'
[0.698s] Level 1:colcon.colcon_core.environment:checking '/home/mtrn/MTRN4231_project/install/move_to_marker/lib/python3.10/site-packages'
[0.699s] Level 1:colcon.colcon_core.environment:checking '/home/mtrn/MTRN4231_project/install/move_to_marker/bin'
[0.699s] INFO:colcon.colcon_core.shell:Creating package script '/home/mtrn/MTRN4231_project/install/move_to_marker/share/move_to_marker/package.ps1'
[0.700s] INFO:colcon.colcon_core.shell:Creating package descriptor '/home/mtrn/MTRN4231_project/install/move_to_marker/share/move_to_marker/package.dsv'
[0.701s] INFO:colcon.colcon_core.shell:Creating package script '/home/mtrn/MTRN4231_project/install/move_to_marker/share/move_to_marker/package.sh'
[0.701s] INFO:colcon.colcon_core.shell:Creating package script '/home/mtrn/MTRN4231_project/install/move_to_marker/share/move_to_marker/package.bash'
[0.702s] INFO:colcon.colcon_core.shell:Creating package script '/home/mtrn/MTRN4231_project/install/move_to_marker/share/move_to_marker/package.zsh'
[0.703s] Level 1:colcon.colcon_core.environment:create_file_with_runtime_dependencies(/home/mtrn/MTRN4231_project/install/move_to_marker/share/colcon-core/packages/move_to_marker)
[0.878s] DEBUG:colcon.colcon_core.event_handler.log_command:Invoked command in '/home/mtrn/MTRN4231_project/build/custom_interfaces' returned '0': CMAKE_PREFIX_PATH=${CMAKE_PREFIX_PATH}:/opt/ros/humble /home/mtrn/.local/bin/cmake --build /home/mtrn/MTRN4231_project/build/custom_interfaces -- -j12 -l12
[1.043s] DEBUG:colcon.colcon_core.event_handler.log_command:Invoking command in '/home/mtrn/MTRN4231_project/build/custom_interfaces': CMAKE_PREFIX_PATH=${CMAKE_PREFIX_PATH}:/opt/ros/humble /home/mtrn/.local/bin/cmake --install /home/mtrn/MTRN4231_project/build/custom_interfaces
[1.184s] Level 1:colcon.colcon_core.environment:create_environment_scripts_only(custom_interfaces)
[1.184s] DEBUG:colcon.colcon_core.event_handler.log_command:Invoked command in '/home/mtrn/MTRN4231_project/build/custom_interfaces' returned '0': CMAKE_PREFIX_PATH=${CMAKE_PREFIX_PATH}:/opt/ros/humble /home/mtrn/.local/bin/cmake --install /home/mtrn/MTRN4231_project/build/custom_interfaces
[1.185s] Level 1:colcon.colcon_core.environment:checking '/home/mtrn/MTRN4231_project/install/custom_interfaces' for CMake module files
[1.186s] Level 1:colcon.colcon_core.environment:checking '/home/mtrn/MTRN4231_project/install/custom_interfaces' for CMake config files
[1.186s] Level 1:colcon.colcon_core.shell:create_environment_hook('custom_interfaces', 'cmake_prefix_path')
[1.187s] INFO:colcon.colcon_core.shell:Creating environment hook '/home/mtrn/MTRN4231_project/install/custom_interfaces/share/custom_interfaces/hook/cmake_prefix_path.ps1'
[1.187s] INFO:colcon.colcon_core.shell:Creating environment descriptor '/home/mtrn/MTRN4231_project/install/custom_interfaces/share/custom_interfaces/hook/cmake_prefix_path.dsv'
[1.188s] INFO:colcon.colcon_core.shell:Creating environment hook '/home/mtrn/MTRN4231_project/install/custom_interfaces/share/custom_interfaces/hook/cmake_prefix_path.sh'
[1.189s] Level 1:colcon.colcon_core.environment:checking '/home/mtrn/MTRN4231_project/install/custom_interfaces/lib'
[1.189s] Level 1:colcon.colcon_core.shell:create_environment_hook('custom_interfaces', 'ld_library_path_lib')
[1.189s] INFO:colcon.colcon_core.shell:Creating environment hook '/home/mtrn/MTRN4231_project/install/custom_interfaces/share/custom_interfaces/hook/ld_library_path_lib.ps1'
[1.190s] INFO:colcon.colcon_core.shell:Creating environment descriptor '/home/mtrn/MTRN4231_project/install/custom_interfaces/share/custom_interfaces/hook/ld_library_path_lib.dsv'
[1.190s] INFO:colcon.colcon_core.shell:Creating environment hook '/home/mtrn/MTRN4231_project/install/custom_interfaces/share/custom_interfaces/hook/ld_library_path_lib.sh'
[1.191s] Level 1:colcon.colcon_core.environment:checking '/home/mtrn/MTRN4231_project/install/custom_interfaces/bin'
[1.191s] Level 1:colcon.colcon_core.environment:checking '/home/mtrn/MTRN4231_project/install/custom_interfaces/lib/pkgconfig/custom_interfaces.pc'
[1.191s] Level 1:colcon.colcon_core.environment:checking '/home/mtrn/MTRN4231_project/install/custom_interfaces/lib/python3.10/site-packages'
[1.192s] Level 1:colcon.colcon_core.environment:checking '/home/mtrn/MTRN4231_project/install/custom_interfaces/bin'
[1.192s] INFO:colcon.colcon_core.shell:Creating package script '/home/mtrn/MTRN4231_project/install/custom_interfaces/share/custom_interfaces/package.ps1'
[1.193s] INFO:colcon.colcon_core.shell:Creating package descriptor '/home/mtrn/MTRN4231_project/install/custom_interfaces/share/custom_interfaces/package.dsv'
[1.194s] INFO:colcon.colcon_core.shell:Creating package script '/home/mtrn/MTRN4231_project/install/custom_interfaces/share/custom_interfaces/package.sh'
[1.195s] INFO:colcon.colcon_core.shell:Creating package script '/home/mtrn/MTRN4231_project/install/custom_interfaces/share/custom_interfaces/package.bash'
[1.195s] INFO:colcon.colcon_core.shell:Creating package script '/home/mtrn/MTRN4231_project/install/custom_interfaces/share/custom_interfaces/package.zsh'
[1.196s] Level 1:colcon.colcon_core.environment:create_file_with_runtime_dependencies(/home/mtrn/MTRN4231_project/install/custom_interfaces/share/colcon-core/packages/custom_interfaces)
[1.342s] Level 1:colcon.colcon_core.environment:create_environment_scripts_only(custom_interfaces)
[1.343s] Level 1:colcon.colcon_core.environment:checking '/home/mtrn/MTRN4231_project/install/custom_interfaces' for CMake module files
[1.344s] Level 1:colcon.colcon_core.environment:checking '/home/mtrn/MTRN4231_project/install/custom_interfaces' for CMake config files
[1.345s] Level 1:colcon.colcon_core.shell:create_environment_hook('custom_interfaces', 'cmake_prefix_path')
[1.345s] INFO:colcon.colcon_core.shell:Creating environment hook '/home/mtrn/MTRN4231_project/install/custom_interfaces/share/custom_interfaces/hook/cmake_prefix_path.ps1'
[1.346s] INFO:colcon.colcon_core.shell:Creating environment descriptor '/home/mtrn/MTRN4231_project/install/custom_interfaces/share/custom_interfaces/hook/cmake_prefix_path.dsv'
[1.346s] INFO:colcon.colcon_core.shell:Creating environment hook '/home/mtrn/MTRN4231_project/install/custom_interfaces/share/custom_interfaces/hook/cmake_prefix_path.sh'
[1.347s] Level 1:colcon.colcon_core.environment:checking '/home/mtrn/MTRN4231_project/install/custom_interfaces/lib'
[1.347s] Level 1:colcon.colcon_core.shell:create_environment_hook('custom_interfaces', 'ld_library_path_lib')
[1.348s] INFO:colcon.colcon_core.shell:Creating environment hook '/home/mtrn/MTRN4231_project/install/custom_interfaces/share/custom_interfaces/hook/ld_library_path_lib.ps1'
[1.348s] INFO:colcon.colcon_core.shell:Creating environment descriptor '/home/mtrn/MTRN4231_project/install/custom_interfaces/share/custom_interfaces/hook/ld_library_path_lib.dsv'
[1.349s] INFO:colcon.colcon_core.shell:Creating environment hook '/home/mtrn/MTRN4231_project/install/custom_interfaces/share/custom_interfaces/hook/ld_library_path_lib.sh'
[1.349s] Level 1:colcon.colcon_core.environment:checking '/home/mtrn/MTRN4231_project/install/custom_interfaces/bin'
[1.349s] Level 1:colcon.colcon_core.environment:checking '/home/mtrn/MTRN4231_project/install/custom_interfaces/lib/pkgconfig/custom_interfaces.pc'
[1.350s] Level 1:colcon.colcon_core.environment:checking '/home/mtrn/MTRN4231_project/install/custom_interfaces/lib/python3.10/site-packages'
[1.350s] Level 1:colcon.colcon_core.environment:checking '/home/mtrn/MTRN4231_project/install/custom_interfaces/bin'
[1.350s] INFO:colcon.colcon_core.shell:Creating package script '/home/mtrn/MTRN4231_project/install/custom_interfaces/share/custom_interfaces/package.ps1'
[1.351s] INFO:colcon.colcon_core.shell:Creating package descriptor '/home/mtrn/MTRN4231_project/install/custom_interfaces/share/custom_interfaces/package.dsv'
[1.352s] INFO:colcon.colcon_core.shell:Creating package script '/home/mtrn/MTRN4231_project/install/custom_interfaces/share/custom_interfaces/package.sh'
[1.352s] INFO:colcon.colcon_core.shell:Creating package script '/home/mtrn/MTRN4231_project/install/custom_interfaces/share/custom_interfaces/package.bash'
[1.353s] INFO:colcon.colcon_core.shell:Creating package script '/home/mtrn/MTRN4231_project/install/custom_interfaces/share/custom_interfaces/package.zsh'
[1.353s] Level 1:colcon.colcon_core.environment:create_file_with_runtime_dependencies(/home/mtrn/MTRN4231_project/install/custom_interfaces/share/colcon-core/packages/custom_interfaces)
[1.353s] INFO:colcon.colcon_ros.task.ament_cmake.build:Building ROS package in '/home/mtrn/MTRN4231_project/src/arm_controller' with build type 'ament_cmake'
[1.354s] INFO:colcon.colcon_cmake.task.cmake.build:Building CMake package in '/home/mtrn/MTRN4231_project/src/arm_controller'
[1.354s] INFO:colcon.colcon_core.shell:Skip shell extension 'powershell' for command environment: Not usable outside of PowerShell
[1.354s] DEBUG:colcon.colcon_core.shell:Skip shell extension 'dsv' for command environment
[1.372s] DEBUG:colcon.colcon_core.event_handler.log_command:Invoking command in '/home/mtrn/MTRN4231_project/build/arm_controller': CMAKE_PREFIX_PATH=/home/mtrn/MTRN4231_project/install/custom_interfaces:/home/mtrn/MTRN4231_project/install/end_effector_description:/home/mtrn/MTRN4231_project/install/arm_controller:/opt/ros/humble /home/mtrn/.local/bin/cmake --build /home/mtrn/MTRN4231_project/build/arm_controller -- -j12 -l12
[1.490s] DEBUG:colcon.colcon_core.event_handler.log_command:Invoked command in '/home/mtrn/MTRN4231_project/build/arm_controller' returned '0': CMAKE_PREFIX_PATH=/home/mtrn/MTRN4231_project/install/custom_interfaces:/home/mtrn/MTRN4231_project/install/end_effector_description:/home/mtrn/MTRN4231_project/install/arm_controller:/opt/ros/humble /home/mtrn/.local/bin/cmake --build /home/mtrn/MTRN4231_project/build/arm_controller -- -j12 -l12
[1.575s] DEBUG:colcon.colcon_core.event_handler.log_command:Invoking command in '/home/mtrn/MTRN4231_project/build/arm_controller': CMAKE_PREFIX_PATH=/home/mtrn/MTRN4231_project/install/custom_interfaces:/home/mtrn/MTRN4231_project/install/end_effector_description:/home/mtrn/MTRN4231_project/install/arm_controller:/opt/ros/humble /home/mtrn/.local/bin/cmake --install /home/mtrn/MTRN4231_project/build/arm_controller
[1.639s] Level 1:colcon.colcon_core.environment:create_environment_scripts_only(arm_controller)
[1.640s] Level 1:colcon.colcon_core.environment:checking '/home/mtrn/MTRN4231_project/install/arm_controller' for CMake module files
[1.641s] DEBUG:colcon.colcon_core.event_handler.log_command:Invoked command in '/home/mtrn/MTRN4231_project/build/arm_controller' returned '0': CMAKE_PREFIX_PATH=/home/mtrn/MTRN4231_project/install/custom_interfaces:/home/mtrn/MTRN4231_project/install/end_effector_description:/home/mtrn/MTRN4231_project/install/arm_controller:/opt/ros/humble /home/mtrn/.local/bin/cmake --install /home/mtrn/MTRN4231_project/build/arm_controller
[1.641s] Level 1:colcon.colcon_core.environment:checking '/home/mtrn/MTRN4231_project/install/arm_controller' for CMake config files
[1.641s] Level 1:colcon.colcon_core.shell:create_environment_hook('arm_controller', 'cmake_prefix_path')
[1.642s] INFO:colcon.colcon_core.shell:Creating environment hook '/home/mtrn/MTRN4231_project/install/arm_controller/share/arm_controller/hook/cmake_prefix_path.ps1'
[1.643s] INFO:colcon.colcon_core.shell:Creating environment descriptor '/home/mtrn/MTRN4231_project/install/arm_controller/share/arm_controller/hook/cmake_prefix_path.dsv'
[1.643s] INFO:colcon.colcon_core.shell:Creating environment hook '/home/mtrn/MTRN4231_project/install/arm_controller/share/arm_controller/hook/cmake_prefix_path.sh'
[1.644s] Level 1:colcon.colcon_core.environment:checking '/home/mtrn/MTRN4231_project/install/arm_controller/lib'
[1.644s] Level 1:colcon.colcon_core.environment:checking '/home/mtrn/MTRN4231_project/install/arm_controller/bin'
[1.644s] Level 1:colcon.colcon_core.environment:checking '/home/mtrn/MTRN4231_project/install/arm_controller/lib/pkgconfig/arm_controller.pc'
[1.645s] Level 1:colcon.colcon_core.environment:checking '/home/mtrn/MTRN4231_project/install/arm_controller/lib/python3.10/site-packages'
[1.645s] Level 1:colcon.colcon_core.environment:checking '/home/mtrn/MTRN4231_project/install/arm_controller/bin'
[1.646s] INFO:colcon.colcon_core.shell:Creating package script '/home/mtrn/MTRN4231_project/install/arm_controller/share/arm_controller/package.ps1'
[1.646s] INFO:colcon.colcon_core.shell:Creating package descriptor '/home/mtrn/MTRN4231_project/install/arm_controller/share/arm_controller/package.dsv'
[1.647s] INFO:colcon.colcon_core.shell:Creating package script '/home/mtrn/MTRN4231_project/install/arm_controller/share/arm_controller/package.sh'
[1.647s] INFO:colcon.colcon_core.shell:Creating package script '/home/mtrn/MTRN4231_project/install/arm_controller/share/arm_controller/package.bash'
[1.648s] INFO:colcon.colcon_core.shell:Creating package script '/home/mtrn/MTRN4231_project/install/arm_controller/share/arm_controller/package.zsh'
[1.648s] Level 1:colcon.colcon_core.environment:create_file_with_runtime_dependencies(/home/mtrn/MTRN4231_project/install/arm_controller/share/colcon-core/packages/arm_controller)
[1.740s] Level 1:colcon.colcon_core.environment:create_environment_scripts_only(arm_controller)
[1.740s] Level 1:colcon.colcon_core.environment:checking '/home/mtrn/MTRN4231_project/install/arm_controller' for CMake module files
[1.741s] Level 1:colcon.colcon_core.environment:checking '/home/mtrn/MTRN4231_project/install/arm_controller' for CMake config files
[1.741s] Level 1:colcon.colcon_core.shell:create_environment_hook('arm_controller', 'cmake_prefix_path')
[1.741s] INFO:colcon.colcon_core.shell:Creating environment hook '/home/mtrn/MTRN4231_project/install/arm_controller/share/arm_controller/hook/cmake_prefix_path.ps1'
[1.742s] INFO:colcon.colcon_core.shell:Creating environment descriptor '/home/mtrn/MTRN4231_project/install/arm_controller/share/arm_controller/hook/cmake_prefix_path.dsv'
[1.742s] INFO:colcon.colcon_core.shell:Creating environment hook '/home/mtrn/MTRN4231_project/install/arm_controller/share/arm_controller/hook/cmake_prefix_path.sh'
[1.743s] Level 1:colcon.colcon_core.environment:checking '/home/mtrn/MTRN4231_project/install/arm_controller/lib'
[1.743s] Level 1:colcon.colcon_core.environment:checking '/home/mtrn/MTRN4231_project/install/arm_controller/bin'
[1.743s] Level 1:colcon.colcon_core.environment:checking '/home/mtrn/MTRN4231_project/install/arm_controller/lib/pkgconfig/arm_controller.pc'
[1.743s] Level 1:colcon.colcon_core.environment:checking '/home/mtrn/MTRN4231_project/install/arm_controller/lib/python3.10/site-packages'
[1.743s] Level 1:colcon.colcon_core.environment:checking '/home/mtrn/MTRN4231_project/install/arm_controller/bin'
[1.743s] INFO:colcon.colcon_core.shell:Creating package script '/home/mtrn/MTRN4231_project/install/arm_controller/share/arm_controller/package.ps1'
[1.744s] INFO:colcon.colcon_core.shell:Creating package descriptor '/home/mtrn/MTRN4231_project/install/arm_controller/share/arm_controller/package.dsv'
[1.745s] INFO:colcon.colcon_core.shell:Creating package script '/home/mtrn/MTRN4231_project/install/arm_controller/share/arm_controller/package.sh'
[1.745s] INFO:colcon.colcon_core.shell:Creating package script '/home/mtrn/MTRN4231_project/install/arm_controller/share/arm_controller/package.bash'
[1.746s] INFO:colcon.colcon_core.shell:Creating package script '/home/mtrn/MTRN4231_project/install/arm_controller/share/arm_controller/package.zsh'
[1.746s] Level 1:colcon.colcon_core.environment:create_file_with_runtime_dependencies(/home/mtrn/MTRN4231_project/install/arm_controller/share/colcon-core/packages/arm_controller)
[2.993s] DEBUG:colcon.colcon_core.event_handler.log_command:Invoked command in '/home/mtrn/MTRN4231_project/build/ur5e_custom_description' returned '0': CMAKE_PREFIX_PATH=${CMAKE_PREFIX_PATH}:/opt/ros/humble /home/mtrn/.local/bin/cmake --build /home/mtrn/MTRN4231_project/build/ur5e_custom_description -- -j12 -l12
[3.064s] DEBUG:colcon.colcon_core.event_handler.log_command:Invoking command in '/home/mtrn/MTRN4231_project/build/ur5e_custom_description': CMAKE_PREFIX_PATH=${CMAKE_PREFIX_PATH}:/opt/ros/humble /home/mtrn/.local/bin/cmake --install /home/mtrn/MTRN4231_project/build/ur5e_custom_description
[3.121s] Level 1:colcon.colcon_core.environment:create_environment_scripts_only(ur5e_custom_description)
[3.122s] Level 1:colcon.colcon_core.environment:checking '/home/mtrn/MTRN4231_project/install/ur5e_custom_description' for CMake module files
[3.123s] DEBUG:colcon.colcon_core.event_handler.log_command:Invoked command in '/home/mtrn/MTRN4231_project/build/ur5e_custom_description' returned '0': CMAKE_PREFIX_PATH=${CMAKE_PREFIX_PATH}:/opt/ros/humble /home/mtrn/.local/bin/cmake --install /home/mtrn/MTRN4231_project/build/ur5e_custom_description
[3.124s] Level 1:colcon.colcon_core.environment:checking '/home/mtrn/MTRN4231_project/install/ur5e_custom_description' for CMake config files
[3.124s] Level 1:colcon.colcon_core.shell:create_environment_hook('ur5e_custom_description', 'cmake_prefix_path')
[3.125s] INFO:colcon.colcon_core.shell:Creating environment hook '/home/mtrn/MTRN4231_project/install/ur5e_custom_description/share/ur5e_custom_description/hook/cmake_prefix_path.ps1'
[3.125s] INFO:colcon.colcon_core.shell:Creating environment descriptor '/home/mtrn/MTRN4231_project/install/ur5e_custom_description/share/ur5e_custom_description/hook/cmake_prefix_path.dsv'
[3.126s] INFO:colcon.colcon_core.shell:Creating environment hook '/home/mtrn/MTRN4231_project/install/ur5e_custom_description/share/ur5e_custom_description/hook/cmake_prefix_path.sh'
[3.127s] Level 1:colcon.colcon_core.environment:checking '/home/mtrn/MTRN4231_project/install/ur5e_custom_description/bin'
[3.127s] Level 1:colcon.colcon_core.environment:checking '/home/mtrn/MTRN4231_project/install/ur5e_custom_description/lib/pkgconfig/ur5e_custom_description.pc'
[3.127s] Level 1:colcon.colcon_core.environment:checking '/home/mtrn/MTRN4231_project/install/ur5e_custom_description/lib/python3.10/site-packages'
[3.127s] Level 1:colcon.colcon_core.environment:checking '/home/mtrn/MTRN4231_project/install/ur5e_custom_description/bin'
[3.128s] INFO:colcon.colcon_core.shell:Creating package script '/home/mtrn/MTRN4231_project/install/ur5e_custom_description/share/ur5e_custom_description/package.ps1'
[3.129s] INFO:colcon.colcon_core.shell:Creating package descriptor '/home/mtrn/MTRN4231_project/install/ur5e_custom_description/share/ur5e_custom_description/package.dsv'
[3.129s] INFO:colcon.colcon_core.shell:Creating package script '/home/mtrn/MTRN4231_project/install/ur5e_custom_description/share/ur5e_custom_description/package.sh'
[3.130s] INFO:colcon.colcon_core.shell:Creating package script '/home/mtrn/MTRN4231_project/install/ur5e_custom_description/share/ur5e_custom_description/package.bash'
[3.131s] INFO:colcon.colcon_core.shell:Creating package script '/home/mtrn/MTRN4231_project/install/ur5e_custom_description/share/ur5e_custom_description/package.zsh'
[3.131s] Level 1:colcon.colcon_core.environment:create_file_with_runtime_dependencies(/home/mtrn/MTRN4231_project/install/ur5e_custom_description/share/colcon-core/packages/ur5e_custom_description)
[3.214s] Level 1:colcon.colcon_core.environment:create_environment_scripts_only(ur5e_custom_description)
[3.215s] Level 1:colcon.colcon_core.environment:checking '/home/mtrn/MTRN4231_project/install/ur5e_custom_description' for CMake module files
[3.216s] Level 1:colcon.colcon_core.environment:checking '/home/mtrn/MTRN4231_project/install/ur5e_custom_description' for CMake config files
[3.217s] Level 1:colcon.colcon_core.shell:create_environment_hook('ur5e_custom_description', 'cmake_prefix_path')
[3.218s] INFO:colcon.colcon_core.shell:Creating environment hook '/home/mtrn/MTRN4231_project/install/ur5e_custom_description/share/ur5e_custom_description/hook/cmake_prefix_path.ps1'
[3.220s] INFO:colcon.colcon_core.shell:Creating environment descriptor '/home/mtrn/MTRN4231_project/install/ur5e_custom_description/share/ur5e_custom_description/hook/cmake_prefix_path.dsv'
[3.221s] INFO:colcon.colcon_core.shell:Creating environment hook '/home/mtrn/MTRN4231_project/install/ur5e_custom_description/share/ur5e_custom_description/hook/cmake_prefix_path.sh'
[3.222s] Level 1:colcon.colcon_core.environment:checking '/home/mtrn/MTRN4231_project/install/ur5e_custom_description/bin'
[3.222s] Level 1:colcon.colcon_core.environment:checking '/home/mtrn/MTRN4231_project/install/ur5e_custom_description/lib/pkgconfig/ur5e_custom_description.pc'
[3.223s] Level 1:colcon.colcon_core.environment:checking '/home/mtrn/MTRN4231_project/install/ur5e_custom_description/lib/python3.10/site-packages'
[3.224s] Level 1:colcon.colcon_core.environment:checking '/home/mtrn/MTRN4231_project/install/ur5e_custom_description/bin'
[3.224s] INFO:colcon.colcon_core.shell:Creating package script '/home/mtrn/MTRN4231_project/install/ur5e_custom_description/share/ur5e_custom_description/package.ps1'
[3.225s] INFO:colcon.colcon_core.shell:Creating package descriptor '/home/mtrn/MTRN4231_project/install/ur5e_custom_description/share/ur5e_custom_description/package.dsv'
[3.226s] INFO:colcon.colcon_core.shell:Creating package script '/home/mtrn/MTRN4231_project/install/ur5e_custom_description/share/ur5e_custom_description/package.sh'
[3.227s] INFO:colcon.colcon_core.shell:Creating package script '/home/mtrn/MTRN4231_project/install/ur5e_custom_description/share/ur5e_custom_description/package.bash'
[3.228s] INFO:colcon.colcon_core.shell:Creating package script '/home/mtrn/MTRN4231_project/install/ur5e_custom_description/share/ur5e_custom_description/package.zsh'
[3.228s] Level 1:colcon.colcon_core.environment:create_file_with_runtime_dependencies(/home/mtrn/MTRN4231_project/install/ur5e_custom_description/share/colcon-core/packages/ur5e_custom_description)
[3.229s] DEBUG:colcon.colcon_parallel_executor.executor.parallel:closing loop
[3.230s] DEBUG:colcon.colcon_parallel_executor.executor.parallel:loop closed
[3.230s] DEBUG:colcon.colcon_parallel_executor.executor.parallel:run_until_complete finished with '0'
[3.231s] DEBUG:colcon.colcon_core.event_reactor:joining thread
[3.261s] INFO:colcon.colcon_core.plugin_system:Skipping extension 'colcon_notification.desktop_notification.terminal_notifier': Not used on non-Darwin systems
[3.261s] INFO:colcon.colcon_core.plugin_system:Skipping extension 'colcon_notification.desktop_notification.win32': Not used on non-Windows systems
[3.261s] INFO:colcon.colcon_notification.desktop_notification:Sending desktop notification using 'notify2'
[3.277s] DEBUG:colcon.colcon_core.event_reactor:joined thread
[3.278s] INFO:colcon.colcon_core.shell:Creating prefix script '/home/mtrn/MTRN4231_project/install/local_setup.ps1'
[3.280s] INFO:colcon.colcon_core.shell:Creating prefix util module '/home/mtrn/MTRN4231_project/install/_local_setup_util_ps1.py'
[3.283s] INFO:colcon.colcon_core.shell:Creating prefix chain script '/home/mtrn/MTRN4231_project/install/setup.ps1'
[3.285s] INFO:colcon.colcon_core.shell:Creating prefix script '/home/mtrn/MTRN4231_project/install/local_setup.sh'
[3.285s] INFO:colcon.colcon_core.shell:Creating prefix util module '/home/mtrn/MTRN4231_project/install/_local_setup_util_sh.py'
[3.286s] INFO:colcon.colcon_core.shell:Creating prefix chain script '/home/mtrn/MTRN4231_project/install/setup.sh'
[3.288s] INFO:colcon.colcon_core.shell:Creating prefix script '/home/mtrn/MTRN4231_project/install/local_setup.bash'
[3.288s] INFO:colcon.colcon_core.shell:Creating prefix chain script '/home/mtrn/MTRN4231_project/install/setup.bash'
[3.290s] INFO:colcon.colcon_core.shell:Creating prefix script '/home/mtrn/MTRN4231_project/install/local_setup.zsh'
[3.290s] INFO:colcon.colcon_core.shell:Creating prefix chain script '/home/mtrn/MTRN4231_project/install/setup.zsh'
