[0.150s] DEBUG:colcon:Command line arguments: ['/usr/bin/colcon', 'build']
[0.150s] DEBUG:colcon:Parsed command line arguments: Namespace(log_base=None, log_level=None, verb_name='build', build_base='build', install_base='install', merge_install=False, symlink_install=False, test_result_base=None, continue_on_error=False, executor='parallel', parallel_workers=20, event_handlers=None, ignore_user_meta=False, metas=['./colcon.meta'], base_paths=['.'], packages_ignore=None, packages_ignore_regex=None, paths=None, packages_up_to=None, packages_up_to_regex=None, packages_above=None, packages_above_and_dependencies=None, packages_above_depth=None, packages_select_by_dep=None, packages_skip_by_dep=None, packages_skip_up_to=None, packages_select_build_failed=False, packages_skip_build_finished=False, packages_select_test_failures=False, packages_skip_test_passed=False, packages_select=None, packages_skip=None, packages_select_regex=None, packages_skip_regex=None, packages_start=None, packages_end=None, allow_overriding=[], cmake_args=None, cmake_target=None, cmake_target_skip_unavailable=False, cmake_clean_cache=False, cmake_clean_first=False, cmake_force_configure=False, ament_cmake_args=None, catkin_cmake_args=None, catkin_skip_building_tests=False, mixin_files=None, mixin=None, verb_parser=<colcon_mixin.mixin.mixin_argument.MixinArgumentDecorator object at 0x72d96e13b400>, verb_extension=<colcon_core.verb.build.BuildVerb object at 0x72d96e298160>, main=<bound method BuildVerb.main of <colcon_core.verb.build.BuildVerb object at 0x72d96e298160>>, mixin_verb=('build',))
[0.368s] Level 1:colcon.colcon_core.package_discovery:discover_packages(colcon_meta) check parameters
[0.368s] Level 1:colcon.colcon_core.package_discovery:discover_packages(recursive) check parameters
[0.368s] Level 1:colcon.colcon_core.package_discovery:discover_packages(ignore) check parameters
[0.368s] Level 1:colcon.colcon_core.package_discovery:discover_packages(path) check parameters
[0.368s] Level 1:colcon.colcon_core.package_discovery:discover_packages(colcon_meta) discover
[0.368s] Level 1:colcon.colcon_core.package_discovery:discover_packages(recursive) discover
[0.368s] INFO:colcon.colcon_core.package_discovery:Crawling recursively for packages in '/home/mtrn/MTRN4231_Project'
[0.368s] Level 1:colcon.colcon_core.package_identification:_identify(.) by extensions ['ignore', 'ignore_ament_install']
[0.369s] Level 1:colcon.colcon_core.package_identification:_identify(.) by extension 'ignore'
[0.369s] Level 1:colcon.colcon_core.package_identification:_identify(.) by extension 'ignore_ament_install'
[0.369s] Level 1:colcon.colcon_core.package_identification:_identify(.) by extensions ['colcon_pkg']
[0.369s] Level 1:colcon.colcon_core.package_identification:_identify(.) by extension 'colcon_pkg'
[0.369s] Level 1:colcon.colcon_core.package_identification:_identify(.) by extensions ['colcon_meta']
[0.369s] Level 1:colcon.colcon_core.package_identification:_identify(.) by extension 'colcon_meta'
[0.369s] Level 1:colcon.colcon_core.package_identification:_identify(.) by extensions ['ros']
[0.369s] Level 1:colcon.colcon_core.package_identification:_identify(.) by extension 'ros'
[0.419s] Level 1:colcon.colcon_core.package_identification:_identify(.) by extensions ['cmake', 'python']
[0.419s] Level 1:colcon.colcon_core.package_identification:_identify(.) by extension 'cmake'
[0.419s] Level 1:colcon.colcon_core.package_identification:_identify(.) by extension 'python'
[0.419s] Level 1:colcon.colcon_core.package_identification:_identify(.) by extensions ['python_setup_py']
[0.419s] Level 1:colcon.colcon_core.package_identification:_identify(.) by extension 'python_setup_py'
[0.419s] Level 1:colcon.colcon_core.package_identification:_identify(build) by extensions ['ignore', 'ignore_ament_install']
[0.419s] Level 1:colcon.colcon_core.package_identification:_identify(build) by extension 'ignore'
[0.419s] Level 1:colcon.colcon_core.package_identification:_identify(build) ignored
[0.419s] Level 1:colcon.colcon_core.package_identification:_identify(install) by extensions ['ignore', 'ignore_ament_install']
[0.420s] Level 1:colcon.colcon_core.package_identification:_identify(install) by extension 'ignore'
[0.420s] Level 1:colcon.colcon_core.package_identification:_identify(install) ignored
[0.420s] Level 1:colcon.colcon_core.package_identification:_identify(log) by extensions ['ignore', 'ignore_ament_install']
[0.420s] Level 1:colcon.colcon_core.package_identification:_identify(log) by extension 'ignore'
[0.420s] Level 1:colcon.colcon_core.package_identification:_identify(log) ignored
[0.420s] Level 1:colcon.colcon_core.package_identification:_identify(src) by extensions ['ignore', 'ignore_ament_install']
[0.420s] Level 1:colcon.colcon_core.package_identification:_identify(src) by extension 'ignore'
[0.420s] Level 1:colcon.colcon_core.package_identification:_identify(src) by extension 'ignore_ament_install'
[0.420s] Level 1:colcon.colcon_core.package_identification:_identify(src) by extensions ['colcon_pkg']
[0.420s] Level 1:colcon.colcon_core.package_identification:_identify(src) by extension 'colcon_pkg'
[0.420s] Level 1:colcon.colcon_core.package_identification:_identify(src) by extensions ['colcon_meta']
[0.420s] Level 1:colcon.colcon_core.package_identification:_identify(src) by extension 'colcon_meta'
[0.420s] Level 1:colcon.colcon_core.package_identification:_identify(src) by extensions ['ros']
[0.420s] Level 1:colcon.colcon_core.package_identification:_identify(src) by extension 'ros'
[0.420s] Level 1:colcon.colcon_core.package_identification:_identify(src) by extensions ['cmake', 'python']
[0.420s] Level 1:colcon.colcon_core.package_identification:_identify(src) by extension 'cmake'
[0.420s] Level 1:colcon.colcon_core.package_identification:_identify(src) by extension 'python'
[0.420s] Level 1:colcon.colcon_core.package_identification:_identify(src) by extensions ['python_setup_py']
[0.420s] Level 1:colcon.colcon_core.package_identification:_identify(src) by extension 'python_setup_py'
[0.420s] Level 1:colcon.colcon_core.package_identification:_identify(src/arm_controller) by extensions ['ignore', 'ignore_ament_install']
[0.420s] Level 1:colcon.colcon_core.package_identification:_identify(src/arm_controller) by extension 'ignore'
[0.420s] Level 1:colcon.colcon_core.package_identification:_identify(src/arm_controller) by extension 'ignore_ament_install'
[0.421s] Level 1:colcon.colcon_core.package_identification:_identify(src/arm_controller) by extensions ['colcon_pkg']
[0.421s] Level 1:colcon.colcon_core.package_identification:_identify(src/arm_controller) by extension 'colcon_pkg'
[0.421s] Level 1:colcon.colcon_core.package_identification:_identify(src/arm_controller) by extensions ['colcon_meta']
[0.421s] Level 1:colcon.colcon_core.package_identification:_identify(src/arm_controller) by extension 'colcon_meta'
[0.421s] Level 1:colcon.colcon_core.package_identification:_identify(src/arm_controller) by extensions ['ros']
[0.421s] Level 1:colcon.colcon_core.package_identification:_identify(src/arm_controller) by extension 'ros'
[0.424s] DEBUG:colcon.colcon_core.package_identification:Package 'src/arm_controller' with type 'ros.ament_cmake' and name 'arm_controller'
[0.425s] Level 1:colcon.colcon_core.package_identification:_identify(src/custom_interfaces) by extensions ['ignore', 'ignore_ament_install']
[0.425s] Level 1:colcon.colcon_core.package_identification:_identify(src/custom_interfaces) by extension 'ignore'
[0.425s] Level 1:colcon.colcon_core.package_identification:_identify(src/custom_interfaces) by extension 'ignore_ament_install'
[0.425s] Level 1:colcon.colcon_core.package_identification:_identify(src/custom_interfaces) by extensions ['colcon_pkg']
[0.425s] Level 1:colcon.colcon_core.package_identification:_identify(src/custom_interfaces) by extension 'colcon_pkg'
[0.425s] Level 1:colcon.colcon_core.package_identification:_identify(src/custom_interfaces) by extensions ['colcon_meta']
[0.425s] Level 1:colcon.colcon_core.package_identification:_identify(src/custom_interfaces) by extension 'colcon_meta'
[0.425s] Level 1:colcon.colcon_core.package_identification:_identify(src/custom_interfaces) by extensions ['ros']
[0.425s] Level 1:colcon.colcon_core.package_identification:_identify(src/custom_interfaces) by extension 'ros'
[0.426s] DEBUG:colcon.colcon_core.package_identification:Package 'src/custom_interfaces' with type 'ros.ament_cmake' and name 'custom_interfaces'
[0.426s] Level 1:colcon.colcon_core.package_identification:_identify(src/end_effector_description) by extensions ['ignore', 'ignore_ament_install']
[0.426s] Level 1:colcon.colcon_core.package_identification:_identify(src/end_effector_description) by extension 'ignore'
[0.426s] Level 1:colcon.colcon_core.package_identification:_identify(src/end_effector_description) by extension 'ignore_ament_install'
[0.426s] Level 1:colcon.colcon_core.package_identification:_identify(src/end_effector_description) by extensions ['colcon_pkg']
[0.426s] Level 1:colcon.colcon_core.package_identification:_identify(src/end_effector_description) by extension 'colcon_pkg'
[0.426s] Level 1:colcon.colcon_core.package_identification:_identify(src/end_effector_description) by extensions ['colcon_meta']
[0.426s] Level 1:colcon.colcon_core.package_identification:_identify(src/end_effector_description) by extension 'colcon_meta'
[0.426s] Level 1:colcon.colcon_core.package_identification:_identify(src/end_effector_description) by extensions ['ros']
[0.426s] Level 1:colcon.colcon_core.package_identification:_identify(src/end_effector_description) by extension 'ros'
[0.426s] DEBUG:colcon.colcon_core.package_identification:Package 'src/end_effector_description' with type 'ros.ament_cmake' and name 'end_effector_description'
[0.427s] Level 1:colcon.colcon_core.package_identification:_identify(src/ur5e_custom_description) by extensions ['ignore', 'ignore_ament_install']
[0.427s] Level 1:colcon.colcon_core.package_identification:_identify(src/ur5e_custom_description) by extension 'ignore'
[0.427s] Level 1:colcon.colcon_core.package_identification:_identify(src/ur5e_custom_description) by extension 'ignore_ament_install'
[0.427s] Level 1:colcon.colcon_core.package_identification:_identify(src/ur5e_custom_description) by extensions ['colcon_pkg']
[0.427s] Level 1:colcon.colcon_core.package_identification:_identify(src/ur5e_custom_description) by extension 'colcon_pkg'
[0.427s] Level 1:colcon.colcon_core.package_identification:_identify(src/ur5e_custom_description) by extensions ['colcon_meta']
[0.427s] Level 1:colcon.colcon_core.package_identification:_identify(src/ur5e_custom_description) by extension 'colcon_meta'
[0.427s] Level 1:colcon.colcon_core.package_identification:_identify(src/ur5e_custom_description) by extensions ['ros']
[0.427s] Level 1:colcon.colcon_core.package_identification:_identify(src/ur5e_custom_description) by extension 'ros'
[0.427s] DEBUG:colcon.colcon_core.package_identification:Package 'src/ur5e_custom_description' with type 'ros.ament_cmake' and name 'ur5e_custom_description'
[0.427s] Level 1:colcon.colcon_core.package_identification:_identify(src/ur5e_moveit_config_custom) by extensions ['ignore', 'ignore_ament_install']
[0.427s] Level 1:colcon.colcon_core.package_identification:_identify(src/ur5e_moveit_config_custom) by extension 'ignore'
[0.427s] Level 1:colcon.colcon_core.package_identification:_identify(src/ur5e_moveit_config_custom) by extension 'ignore_ament_install'
[0.428s] Level 1:colcon.colcon_core.package_identification:_identify(src/ur5e_moveit_config_custom) by extensions ['colcon_pkg']
[0.428s] Level 1:colcon.colcon_core.package_identification:_identify(src/ur5e_moveit_config_custom) by extension 'colcon_pkg'
[0.428s] Level 1:colcon.colcon_core.package_identification:_identify(src/ur5e_moveit_config_custom) by extensions ['colcon_meta']
[0.428s] Level 1:colcon.colcon_core.package_identification:_identify(src/ur5e_moveit_config_custom) by extension 'colcon_meta'
[0.428s] Level 1:colcon.colcon_core.package_identification:_identify(src/ur5e_moveit_config_custom) by extensions ['ros']
[0.428s] Level 1:colcon.colcon_core.package_identification:_identify(src/ur5e_moveit_config_custom) by extension 'ros'
[0.428s] DEBUG:colcon.colcon_core.package_identification:Package 'src/ur5e_moveit_config_custom' with type 'ros.ament_cmake' and name 'ur5e_moveit_config_custom'
[0.428s] Level 1:colcon.colcon_core.package_discovery:discover_packages(recursive) using defaults
[0.428s] Level 1:colcon.colcon_core.package_discovery:discover_packages(ignore) discover
[0.428s] Level 1:colcon.colcon_core.package_discovery:discover_packages(ignore) using defaults
[0.428s] Level 1:colcon.colcon_core.package_discovery:discover_packages(path) discover
[0.428s] Level 1:colcon.colcon_core.package_discovery:discover_packages(path) using defaults
[0.450s] Level 1:colcon.colcon_core.package_discovery:discover_packages(prefix_path) check parameters
[0.451s] Level 1:colcon.colcon_core.package_discovery:discover_packages(prefix_path) discover
[0.453s] DEBUG:colcon.colcon_installed_package_information.package_discovery:Found 5 installed packages in /home/mtrn/MTRN4231_Project/install
[0.456s] DEBUG:colcon.colcon_installed_package_information.package_discovery:Found 351 installed packages in /opt/ros/humble
[0.460s] Level 1:colcon.colcon_core.package_discovery:discover_packages(prefix_path) using defaults
[0.513s] Level 5:colcon.colcon_core.verb:set package 'custom_interfaces' build argument 'cmake_args' from command line to 'None'
[0.513s] Level 5:colcon.colcon_core.verb:set package 'custom_interfaces' build argument 'cmake_target' from command line to 'None'
[0.513s] Level 5:colcon.colcon_core.verb:set package 'custom_interfaces' build argument 'cmake_target_skip_unavailable' from command line to 'False'
[0.513s] Level 5:colcon.colcon_core.verb:set package 'custom_interfaces' build argument 'cmake_clean_cache' from command line to 'False'
[0.513s] Level 5:colcon.colcon_core.verb:set package 'custom_interfaces' build argument 'cmake_clean_first' from command line to 'False'
[0.513s] Level 5:colcon.colcon_core.verb:set package 'custom_interfaces' build argument 'cmake_force_configure' from command line to 'False'
[0.513s] Level 5:colcon.colcon_core.verb:set package 'custom_interfaces' build argument 'ament_cmake_args' from command line to 'None'
[0.513s] Level 5:colcon.colcon_core.verb:set package 'custom_interfaces' build argument 'catkin_cmake_args' from command line to 'None'
[0.513s] Level 5:colcon.colcon_core.verb:set package 'custom_interfaces' build argument 'catkin_skip_building_tests' from command line to 'False'
[0.513s] DEBUG:colcon.colcon_core.verb:Building package 'custom_interfaces' with the following arguments: {'ament_cmake_args': None, 'build_base': '/home/mtrn/MTRN4231_Project/build/custom_interfaces', 'catkin_cmake_args': None, 'catkin_skip_building_tests': False, 'cmake_args': None, 'cmake_clean_cache': False, 'cmake_clean_first': False, 'cmake_force_configure': False, 'cmake_target': None, 'cmake_target_skip_unavailable': False, 'install_base': '/home/mtrn/MTRN4231_Project/install/custom_interfaces', 'merge_install': False, 'path': '/home/mtrn/MTRN4231_Project/src/custom_interfaces', 'symlink_install': False, 'test_result_base': None}
[0.513s] Level 5:colcon.colcon_core.verb:set package 'end_effector_description' build argument 'cmake_args' from command line to 'None'
[0.513s] Level 5:colcon.colcon_core.verb:set package 'end_effector_description' build argument 'cmake_target' from command line to 'None'
[0.513s] Level 5:colcon.colcon_core.verb:set package 'end_effector_description' build argument 'cmake_target_skip_unavailable' from command line to 'False'
[0.513s] Level 5:colcon.colcon_core.verb:set package 'end_effector_description' build argument 'cmake_clean_cache' from command line to 'False'
[0.513s] Level 5:colcon.colcon_core.verb:set package 'end_effector_description' build argument 'cmake_clean_first' from command line to 'False'
[0.513s] Level 5:colcon.colcon_core.verb:set package 'end_effector_description' build argument 'cmake_force_configure' from command line to 'False'
[0.513s] Level 5:colcon.colcon_core.verb:set package 'end_effector_description' build argument 'ament_cmake_args' from command line to 'None'
[0.513s] Level 5:colcon.colcon_core.verb:set package 'end_effector_description' build argument 'catkin_cmake_args' from command line to 'None'
[0.513s] Level 5:colcon.colcon_core.verb:set package 'end_effector_description' build argument 'catkin_skip_building_tests' from command line to 'False'
[0.513s] DEBUG:colcon.colcon_core.verb:Building package 'end_effector_description' with the following arguments: {'ament_cmake_args': None, 'build_base': '/home/mtrn/MTRN4231_Project/build/end_effector_description', 'catkin_cmake_args': None, 'catkin_skip_building_tests': False, 'cmake_args': None, 'cmake_clean_cache': False, 'cmake_clean_first': False, 'cmake_force_configure': False, 'cmake_target': None, 'cmake_target_skip_unavailable': False, 'install_base': '/home/mtrn/MTRN4231_Project/install/end_effector_description', 'merge_install': False, 'path': '/home/mtrn/MTRN4231_Project/src/end_effector_description', 'symlink_install': False, 'test_result_base': None}
[0.514s] Level 5:colcon.colcon_core.verb:set package 'ur5e_moveit_config_custom' build argument 'cmake_args' from command line to 'None'
[0.514s] Level 5:colcon.colcon_core.verb:set package 'ur5e_moveit_config_custom' build argument 'cmake_target' from command line to 'None'
[0.514s] Level 5:colcon.colcon_core.verb:set package 'ur5e_moveit_config_custom' build argument 'cmake_target_skip_unavailable' from command line to 'False'
[0.514s] Level 5:colcon.colcon_core.verb:set package 'ur5e_moveit_config_custom' build argument 'cmake_clean_cache' from command line to 'False'
[0.514s] Level 5:colcon.colcon_core.verb:set package 'ur5e_moveit_config_custom' build argument 'cmake_clean_first' from command line to 'False'
[0.514s] Level 5:colcon.colcon_core.verb:set package 'ur5e_moveit_config_custom' build argument 'cmake_force_configure' from command line to 'False'
[0.514s] Level 5:colcon.colcon_core.verb:set package 'ur5e_moveit_config_custom' build argument 'ament_cmake_args' from command line to 'None'
[0.514s] Level 5:colcon.colcon_core.verb:set package 'ur5e_moveit_config_custom' build argument 'catkin_cmake_args' from command line to 'None'
[0.514s] Level 5:colcon.colcon_core.verb:set package 'ur5e_moveit_config_custom' build argument 'catkin_skip_building_tests' from command line to 'False'
[0.514s] DEBUG:colcon.colcon_core.verb:Building package 'ur5e_moveit_config_custom' with the following arguments: {'ament_cmake_args': None, 'build_base': '/home/mtrn/MTRN4231_Project/build/ur5e_moveit_config_custom', 'catkin_cmake_args': None, 'catkin_skip_building_tests': False, 'cmake_args': None, 'cmake_clean_cache': False, 'cmake_clean_first': False, 'cmake_force_configure': False, 'cmake_target': None, 'cmake_target_skip_unavailable': False, 'install_base': '/home/mtrn/MTRN4231_Project/install/ur5e_moveit_config_custom', 'merge_install': False, 'path': '/home/mtrn/MTRN4231_Project/src/ur5e_moveit_config_custom', 'symlink_install': False, 'test_result_base': None}
[0.514s] Level 5:colcon.colcon_core.verb:set package 'arm_controller' build argument 'cmake_args' from command line to 'None'
[0.514s] Level 5:colcon.colcon_core.verb:set package 'arm_controller' build argument 'cmake_target' from command line to 'None'
[0.514s] Level 5:colcon.colcon_core.verb:set package 'arm_controller' build argument 'cmake_target_skip_unavailable' from command line to 'False'
[0.514s] Level 5:colcon.colcon_core.verb:set package 'arm_controller' build argument 'cmake_clean_cache' from command line to 'False'
[0.514s] Level 5:colcon.colcon_core.verb:set package 'arm_controller' build argument 'cmake_clean_first' from command line to 'False'
[0.514s] Level 5:colcon.colcon_core.verb:set package 'arm_controller' build argument 'cmake_force_configure' from command line to 'False'
[0.514s] Level 5:colcon.colcon_core.verb:set package 'arm_controller' build argument 'ament_cmake_args' from command line to 'None'
[0.514s] Level 5:colcon.colcon_core.verb:set package 'arm_controller' build argument 'catkin_cmake_args' from command line to 'None'
[0.514s] Level 5:colcon.colcon_core.verb:set package 'arm_controller' build argument 'catkin_skip_building_tests' from command line to 'False'
[0.514s] DEBUG:colcon.colcon_core.verb:Building package 'arm_controller' with the following arguments: {'ament_cmake_args': None, 'build_base': '/home/mtrn/MTRN4231_Project/build/arm_controller', 'catkin_cmake_args': None, 'catkin_skip_building_tests': False, 'cmake_args': None, 'cmake_clean_cache': False, 'cmake_clean_first': False, 'cmake_force_configure': False, 'cmake_target': None, 'cmake_target_skip_unavailable': False, 'install_base': '/home/mtrn/MTRN4231_Project/install/arm_controller', 'merge_install': False, 'path': '/home/mtrn/MTRN4231_Project/src/arm_controller', 'symlink_install': False, 'test_result_base': None}
[0.515s] Level 5:colcon.colcon_core.verb:set package 'ur5e_custom_description' build argument 'cmake_args' from command line to 'None'
[0.515s] Level 5:colcon.colcon_core.verb:set package 'ur5e_custom_description' build argument 'cmake_target' from command line to 'None'
[0.515s] Level 5:colcon.colcon_core.verb:set package 'ur5e_custom_description' build argument 'cmake_target_skip_unavailable' from command line to 'False'
[0.515s] Level 5:colcon.colcon_core.verb:set package 'ur5e_custom_description' build argument 'cmake_clean_cache' from command line to 'False'
[0.515s] Level 5:colcon.colcon_core.verb:set package 'ur5e_custom_description' build argument 'cmake_clean_first' from command line to 'False'
[0.515s] Level 5:colcon.colcon_core.verb:set package 'ur5e_custom_description' build argument 'cmake_force_configure' from command line to 'False'
[0.515s] Level 5:colcon.colcon_core.verb:set package 'ur5e_custom_description' build argument 'ament_cmake_args' from command line to 'None'
[0.515s] Level 5:colcon.colcon_core.verb:set package 'ur5e_custom_description' build argument 'catkin_cmake_args' from command line to 'None'
[0.515s] Level 5:colcon.colcon_core.verb:set package 'ur5e_custom_description' build argument 'catkin_skip_building_tests' from command line to 'False'
[0.515s] DEBUG:colcon.colcon_core.verb:Building package 'ur5e_custom_description' with the following arguments: {'ament_cmake_args': None, 'build_base': '/home/mtrn/MTRN4231_Project/build/ur5e_custom_description', 'catkin_cmake_args': None, 'catkin_skip_building_tests': False, 'cmake_args': None, 'cmake_clean_cache': False, 'cmake_clean_first': False, 'cmake_force_configure': False, 'cmake_target': None, 'cmake_target_skip_unavailable': False, 'install_base': '/home/mtrn/MTRN4231_Project/install/ur5e_custom_description', 'merge_install': False, 'path': '/home/mtrn/MTRN4231_Project/src/ur5e_custom_description', 'symlink_install': False, 'test_result_base': None}
[0.515s] INFO:colcon.colcon_core.executor:Executing jobs using 'parallel' executor
[0.516s] DEBUG:colcon.colcon_parallel_executor.executor.parallel:run_until_complete
[0.517s] INFO:colcon.colcon_ros.task.ament_cmake.build:Building ROS package in '/home/mtrn/MTRN4231_Project/src/custom_interfaces' with build type 'ament_cmake'
[0.517s] INFO:colcon.colcon_cmake.task.cmake.build:Building CMake package in '/home/mtrn/MTRN4231_Project/src/custom_interfaces'
[0.520s] INFO:colcon.colcon_core.plugin_system:Skipping extension 'colcon_core.shell.bat': Not used on non-Windows systems
[0.521s] INFO:colcon.colcon_core.shell:Skip shell extension 'powershell' for command environment: Not usable outside of PowerShell
[0.521s] DEBUG:colcon.colcon_core.shell:Skip shell extension 'dsv' for command environment
[0.527s] INFO:colcon.colcon_ros.task.ament_cmake.build:Building ROS package in '/home/mtrn/MTRN4231_Project/src/end_effector_description' with build type 'ament_cmake'
[0.528s] INFO:colcon.colcon_cmake.task.cmake.build:Building CMake package in '/home/mtrn/MTRN4231_Project/src/end_effector_description'
[0.528s] INFO:colcon.colcon_core.shell:Skip shell extension 'powershell' for command environment: Not usable outside of PowerShell
[0.528s] DEBUG:colcon.colcon_core.shell:Skip shell extension 'dsv' for command environment
[0.533s] INFO:colcon.colcon_ros.task.ament_cmake.build:Building ROS package in '/home/mtrn/MTRN4231_Project/src/ur5e_moveit_config_custom' with build type 'ament_cmake'
[0.534s] INFO:colcon.colcon_cmake.task.cmake.build:Building CMake package in '/home/mtrn/MTRN4231_Project/src/ur5e_moveit_config_custom'
[0.534s] INFO:colcon.colcon_core.shell:Skip shell extension 'powershell' for command environment: Not usable outside of PowerShell
[0.534s] DEBUG:colcon.colcon_core.shell:Skip shell extension 'dsv' for command environment
[0.543s] DEBUG:colcon.colcon_core.event_handler.log_command:Invoking command in '/home/mtrn/MTRN4231_Project/build/custom_interfaces': CMAKE_PREFIX_PATH=${CMAKE_PREFIX_PATH}:/opt/ros/humble /home/mtrn/.local/bin/cmake --build /home/mtrn/MTRN4231_Project/build/custom_interfaces -- -j20 -l20
[0.549s] DEBUG:colcon.colcon_core.event_handler.log_command:Invoking command in '/home/mtrn/MTRN4231_Project/build/end_effector_description': CMAKE_PREFIX_PATH=${CMAKE_PREFIX_PATH}:/opt/ros/humble /home/mtrn/.local/bin/cmake --build /home/mtrn/MTRN4231_Project/build/end_effector_description -- -j20 -l20
[0.557s] DEBUG:colcon.colcon_core.event_handler.log_command:Invoking command in '/home/mtrn/MTRN4231_Project/build/ur5e_moveit_config_custom': CMAKE_PREFIX_PATH=${CMAKE_PREFIX_PATH}:/opt/ros/humble /home/mtrn/.local/bin/cmake --build /home/mtrn/MTRN4231_Project/build/ur5e_moveit_config_custom -- -j20 -l20
[0.617s] DEBUG:colcon.colcon_core.event_handler.log_command:Invoked command in '/home/mtrn/MTRN4231_Project/build/end_effector_description' returned '0': CMAKE_PREFIX_PATH=${CMAKE_PREFIX_PATH}:/opt/ros/humble /home/mtrn/.local/bin/cmake --build /home/mtrn/MTRN4231_Project/build/end_effector_description -- -j20 -l20
[0.730s] DEBUG:colcon.colcon_core.event_handler.log_command:Invoking command in '/home/mtrn/MTRN4231_Project/build/end_effector_description': CMAKE_PREFIX_PATH=${CMAKE_PREFIX_PATH}:/opt/ros/humble /home/mtrn/.local/bin/cmake --install /home/mtrn/MTRN4231_Project/build/end_effector_description
[0.771s] Level 1:colcon.colcon_core.environment:create_environment_scripts_only(end_effector_description)
[0.771s] DEBUG:colcon.colcon_core.event_handler.log_command:Invoked command in '/home/mtrn/MTRN4231_Project/build/end_effector_description' returned '0': CMAKE_PREFIX_PATH=${CMAKE_PREFIX_PATH}:/opt/ros/humble /home/mtrn/.local/bin/cmake --install /home/mtrn/MTRN4231_Project/build/end_effector_description
[0.775s] Level 1:colcon.colcon_core.environment:checking '/home/mtrn/MTRN4231_Project/install/end_effector_description' for CMake module files
[0.775s] Level 1:colcon.colcon_core.environment:checking '/home/mtrn/MTRN4231_Project/install/end_effector_description' for CMake config files
[0.776s] Level 1:colcon.colcon_core.shell:create_environment_hook('end_effector_description', 'cmake_prefix_path')
[0.776s] INFO:colcon.colcon_core.shell:Creating environment hook '/home/mtrn/MTRN4231_Project/install/end_effector_description/share/end_effector_description/hook/cmake_prefix_path.ps1'
[0.778s] INFO:colcon.colcon_core.shell:Creating environment descriptor '/home/mtrn/MTRN4231_Project/install/end_effector_description/share/end_effector_description/hook/cmake_prefix_path.dsv'
[0.779s] INFO:colcon.colcon_core.shell:Creating environment hook '/home/mtrn/MTRN4231_Project/install/end_effector_description/share/end_effector_description/hook/cmake_prefix_path.sh'
[0.782s] Level 1:colcon.colcon_core.environment:checking '/home/mtrn/MTRN4231_Project/install/end_effector_description/bin'
[0.785s] Level 1:colcon.colcon_core.environment:checking '/home/mtrn/MTRN4231_Project/install/end_effector_description/lib/pkgconfig/end_effector_description.pc'
[0.786s] Level 1:colcon.colcon_core.environment:checking '/home/mtrn/MTRN4231_Project/install/end_effector_description/lib/python3.10/site-packages'
[0.787s] Level 1:colcon.colcon_core.environment:checking '/home/mtrn/MTRN4231_Project/install/end_effector_description/bin'
[0.787s] INFO:colcon.colcon_core.shell:Creating package script '/home/mtrn/MTRN4231_Project/install/end_effector_description/share/end_effector_description/package.ps1'
[0.788s] INFO:colcon.colcon_core.shell:Creating package descriptor '/home/mtrn/MTRN4231_Project/install/end_effector_description/share/end_effector_description/package.dsv'
[0.788s] INFO:colcon.colcon_core.shell:Creating package script '/home/mtrn/MTRN4231_Project/install/end_effector_description/share/end_effector_description/package.sh'
[0.789s] INFO:colcon.colcon_core.shell:Creating package script '/home/mtrn/MTRN4231_Project/install/end_effector_description/share/end_effector_description/package.bash'
[0.790s] INFO:colcon.colcon_core.shell:Creating package script '/home/mtrn/MTRN4231_Project/install/end_effector_description/share/end_effector_description/package.zsh'
[0.790s] Level 1:colcon.colcon_core.environment:create_file_with_runtime_dependencies(/home/mtrn/MTRN4231_Project/install/end_effector_description/share/colcon-core/packages/end_effector_description)
[0.843s] Level 1:colcon.colcon_core.environment:create_environment_scripts_only(end_effector_description)
[0.847s] Level 1:colcon.colcon_core.environment:checking '/home/mtrn/MTRN4231_Project/install/end_effector_description' for CMake module files
[0.848s] Level 1:colcon.colcon_core.environment:checking '/home/mtrn/MTRN4231_Project/install/end_effector_description' for CMake config files
[0.851s] Level 1:colcon.colcon_core.shell:create_environment_hook('end_effector_description', 'cmake_prefix_path')
[0.852s] INFO:colcon.colcon_core.shell:Creating environment hook '/home/mtrn/MTRN4231_Project/install/end_effector_description/share/end_effector_description/hook/cmake_prefix_path.ps1'
[0.853s] INFO:colcon.colcon_core.shell:Creating environment descriptor '/home/mtrn/MTRN4231_Project/install/end_effector_description/share/end_effector_description/hook/cmake_prefix_path.dsv'
[0.853s] INFO:colcon.colcon_core.shell:Creating environment hook '/home/mtrn/MTRN4231_Project/install/end_effector_description/share/end_effector_description/hook/cmake_prefix_path.sh'
[0.854s] Level 1:colcon.colcon_core.environment:checking '/home/mtrn/MTRN4231_Project/install/end_effector_description/bin'
[0.854s] Level 1:colcon.colcon_core.environment:checking '/home/mtrn/MTRN4231_Project/install/end_effector_description/lib/pkgconfig/end_effector_description.pc'
[0.855s] Level 1:colcon.colcon_core.environment:checking '/home/mtrn/MTRN4231_Project/install/end_effector_description/lib/python3.10/site-packages'
[0.855s] Level 1:colcon.colcon_core.environment:checking '/home/mtrn/MTRN4231_Project/install/end_effector_description/bin'
[0.855s] INFO:colcon.colcon_core.shell:Creating package script '/home/mtrn/MTRN4231_Project/install/end_effector_description/share/end_effector_description/package.ps1'
[0.856s] INFO:colcon.colcon_core.shell:Creating package descriptor '/home/mtrn/MTRN4231_Project/install/end_effector_description/share/end_effector_description/package.dsv'
[0.857s] INFO:colcon.colcon_core.shell:Creating package script '/home/mtrn/MTRN4231_Project/install/end_effector_description/share/end_effector_description/package.sh'
[0.857s] INFO:colcon.colcon_core.shell:Creating package script '/home/mtrn/MTRN4231_Project/install/end_effector_description/share/end_effector_description/package.bash'
[0.858s] INFO:colcon.colcon_core.shell:Creating package script '/home/mtrn/MTRN4231_Project/install/end_effector_description/share/end_effector_description/package.zsh'
[0.858s] Level 1:colcon.colcon_core.environment:create_file_with_runtime_dependencies(/home/mtrn/MTRN4231_Project/install/end_effector_description/share/colcon-core/packages/end_effector_description)
[0.859s] INFO:colcon.colcon_ros.task.ament_cmake.build:Building ROS package in '/home/mtrn/MTRN4231_Project/src/ur5e_custom_description' with build type 'ament_cmake'
[0.860s] INFO:colcon.colcon_cmake.task.cmake.build:Building CMake package in '/home/mtrn/MTRN4231_Project/src/ur5e_custom_description'
[0.860s] INFO:colcon.colcon_core.shell:Skip shell extension 'powershell' for command environment: Not usable outside of PowerShell
[0.861s] DEBUG:colcon.colcon_core.shell:Skip shell extension 'dsv' for command environment
[0.876s] DEBUG:colcon.colcon_core.event_handler.log_command:Invoking command in '/home/mtrn/MTRN4231_Project/build/ur5e_custom_description': CMAKE_PREFIX_PATH=/home/mtrn/MTRN4231_Project/install/end_effector_description:/home/mtrn/MTRN4231_Project/install/ur5e_moveit_config_custom:/home/mtrn/MTRN4231_Project/install/ur5e_custom_description:/home/mtrn/MTRN4231_Project/install/arm_controller:/home/mtrn/MTRN4231_Project/install/custom_interfaces:/opt/ros/humble /home/mtrn/.local/bin/cmake --build /home/mtrn/MTRN4231_Project/build/ur5e_custom_description -- -j20 -l20
[0.949s] DEBUG:colcon.colcon_core.event_handler.log_command:Invoked command in '/home/mtrn/MTRN4231_Project/build/ur5e_custom_description' returned '0': CMAKE_PREFIX_PATH=/home/mtrn/MTRN4231_Project/install/end_effector_description:/home/mtrn/MTRN4231_Project/install/ur5e_moveit_config_custom:/home/mtrn/MTRN4231_Project/install/ur5e_custom_description:/home/mtrn/MTRN4231_Project/install/arm_controller:/home/mtrn/MTRN4231_Project/install/custom_interfaces:/opt/ros/humble /home/mtrn/.local/bin/cmake --build /home/mtrn/MTRN4231_Project/build/ur5e_custom_description -- -j20 -l20
[1.010s] DEBUG:colcon.colcon_core.event_handler.log_command:Invoking command in '/home/mtrn/MTRN4231_Project/build/ur5e_custom_description': CMAKE_PREFIX_PATH=/home/mtrn/MTRN4231_Project/install/end_effector_description:/home/mtrn/MTRN4231_Project/install/ur5e_moveit_config_custom:/home/mtrn/MTRN4231_Project/install/ur5e_custom_description:/home/mtrn/MTRN4231_Project/install/arm_controller:/home/mtrn/MTRN4231_Project/install/custom_interfaces:/opt/ros/humble /home/mtrn/.local/bin/cmake --install /home/mtrn/MTRN4231_Project/build/ur5e_custom_description
[1.060s] DEBUG:colcon.colcon_core.event_handler.log_command:Invoked command in '/home/mtrn/MTRN4231_Project/build/ur5e_moveit_config_custom' returned '0': CMAKE_PREFIX_PATH=${CMAKE_PREFIX_PATH}:/opt/ros/humble /home/mtrn/.local/bin/cmake --build /home/mtrn/MTRN4231_Project/build/ur5e_moveit_config_custom -- -j20 -l20
[1.070s] DEBUG:colcon.colcon_core.event_handler.log_command:Invoked command in '/home/mtrn/MTRN4231_Project/build/custom_interfaces' returned '0': CMAKE_PREFIX_PATH=${CMAKE_PREFIX_PATH}:/opt/ros/humble /home/mtrn/.local/bin/cmake --build /home/mtrn/MTRN4231_Project/build/custom_interfaces -- -j20 -l20
[1.070s] Level 1:colcon.colcon_core.environment:create_environment_scripts_only(ur5e_custom_description)
[1.071s] Level 1:colcon.colcon_core.environment:checking '/home/mtrn/MTRN4231_Project/install/ur5e_custom_description' for CMake module files
[1.072s] DEBUG:colcon.colcon_core.event_handler.log_command:Invoked command in '/home/mtrn/MTRN4231_Project/build/ur5e_custom_description' returned '0': CMAKE_PREFIX_PATH=/home/mtrn/MTRN4231_Project/install/end_effector_description:/home/mtrn/MTRN4231_Project/install/ur5e_moveit_config_custom:/home/mtrn/MTRN4231_Project/install/ur5e_custom_description:/home/mtrn/MTRN4231_Project/install/arm_controller:/home/mtrn/MTRN4231_Project/install/custom_interfaces:/opt/ros/humble /home/mtrn/.local/bin/cmake --install /home/mtrn/MTRN4231_Project/build/ur5e_custom_description
[1.072s] Level 1:colcon.colcon_core.environment:checking '/home/mtrn/MTRN4231_Project/install/ur5e_custom_description' for CMake config files
[1.072s] Level 1:colcon.colcon_core.shell:create_environment_hook('ur5e_custom_description', 'cmake_prefix_path')
[1.073s] INFO:colcon.colcon_core.shell:Creating environment hook '/home/mtrn/MTRN4231_Project/install/ur5e_custom_description/share/ur5e_custom_description/hook/cmake_prefix_path.ps1'
[1.073s] INFO:colcon.colcon_core.shell:Creating environment descriptor '/home/mtrn/MTRN4231_Project/install/ur5e_custom_description/share/ur5e_custom_description/hook/cmake_prefix_path.dsv'
[1.074s] INFO:colcon.colcon_core.shell:Creating environment hook '/home/mtrn/MTRN4231_Project/install/ur5e_custom_description/share/ur5e_custom_description/hook/cmake_prefix_path.sh'
[1.074s] Level 1:colcon.colcon_core.environment:checking '/home/mtrn/MTRN4231_Project/install/ur5e_custom_description/bin'
[1.074s] Level 1:colcon.colcon_core.environment:checking '/home/mtrn/MTRN4231_Project/install/ur5e_custom_description/lib/pkgconfig/ur5e_custom_description.pc'
[1.074s] Level 1:colcon.colcon_core.environment:checking '/home/mtrn/MTRN4231_Project/install/ur5e_custom_description/lib/python3.10/site-packages'
[1.075s] Level 1:colcon.colcon_core.environment:checking '/home/mtrn/MTRN4231_Project/install/ur5e_custom_description/bin'
[1.075s] INFO:colcon.colcon_core.shell:Creating package script '/home/mtrn/MTRN4231_Project/install/ur5e_custom_description/share/ur5e_custom_description/package.ps1'
[1.075s] INFO:colcon.colcon_core.shell:Creating package descriptor '/home/mtrn/MTRN4231_Project/install/ur5e_custom_description/share/ur5e_custom_description/package.dsv'
[1.076s] INFO:colcon.colcon_core.shell:Creating package script '/home/mtrn/MTRN4231_Project/install/ur5e_custom_description/share/ur5e_custom_description/package.sh'
[1.076s] INFO:colcon.colcon_core.shell:Creating package script '/home/mtrn/MTRN4231_Project/install/ur5e_custom_description/share/ur5e_custom_description/package.bash'
[1.076s] INFO:colcon.colcon_core.shell:Creating package script '/home/mtrn/MTRN4231_Project/install/ur5e_custom_description/share/ur5e_custom_description/package.zsh'
[1.077s] Level 1:colcon.colcon_core.environment:create_file_with_runtime_dependencies(/home/mtrn/MTRN4231_Project/install/ur5e_custom_description/share/colcon-core/packages/ur5e_custom_description)
[1.133s] DEBUG:colcon.colcon_core.event_handler.log_command:Invoking command in '/home/mtrn/MTRN4231_Project/build/ur5e_moveit_config_custom': CMAKE_PREFIX_PATH=${CMAKE_PREFIX_PATH}:/opt/ros/humble /home/mtrn/.local/bin/cmake --install /home/mtrn/MTRN4231_Project/build/ur5e_moveit_config_custom
[1.144s] Level 1:colcon.colcon_core.environment:create_environment_scripts_only(ur5e_custom_description)
[1.144s] Level 1:colcon.colcon_core.environment:checking '/home/mtrn/MTRN4231_Project/install/ur5e_custom_description' for CMake module files
[1.145s] Level 1:colcon.colcon_core.environment:checking '/home/mtrn/MTRN4231_Project/install/ur5e_custom_description' for CMake config files
[1.145s] Level 1:colcon.colcon_core.shell:create_environment_hook('ur5e_custom_description', 'cmake_prefix_path')
[1.145s] INFO:colcon.colcon_core.shell:Creating environment hook '/home/mtrn/MTRN4231_Project/install/ur5e_custom_description/share/ur5e_custom_description/hook/cmake_prefix_path.ps1'
[1.146s] INFO:colcon.colcon_core.shell:Creating environment descriptor '/home/mtrn/MTRN4231_Project/install/ur5e_custom_description/share/ur5e_custom_description/hook/cmake_prefix_path.dsv'
[1.146s] INFO:colcon.colcon_core.shell:Creating environment hook '/home/mtrn/MTRN4231_Project/install/ur5e_custom_description/share/ur5e_custom_description/hook/cmake_prefix_path.sh'
[1.147s] Level 1:colcon.colcon_core.environment:checking '/home/mtrn/MTRN4231_Project/install/ur5e_custom_description/bin'
[1.147s] Level 1:colcon.colcon_core.environment:checking '/home/mtrn/MTRN4231_Project/install/ur5e_custom_description/lib/pkgconfig/ur5e_custom_description.pc'
[1.147s] Level 1:colcon.colcon_core.environment:checking '/home/mtrn/MTRN4231_Project/install/ur5e_custom_description/lib/python3.10/site-packages'
[1.148s] Level 1:colcon.colcon_core.environment:checking '/home/mtrn/MTRN4231_Project/install/ur5e_custom_description/bin'
[1.148s] INFO:colcon.colcon_core.shell:Creating package script '/home/mtrn/MTRN4231_Project/install/ur5e_custom_description/share/ur5e_custom_description/package.ps1'
[1.149s] INFO:colcon.colcon_core.shell:Creating package descriptor '/home/mtrn/MTRN4231_Project/install/ur5e_custom_description/share/ur5e_custom_description/package.dsv'
[1.149s] INFO:colcon.colcon_core.shell:Creating package script '/home/mtrn/MTRN4231_Project/install/ur5e_custom_description/share/ur5e_custom_description/package.sh'
[1.150s] INFO:colcon.colcon_core.shell:Creating package script '/home/mtrn/MTRN4231_Project/install/ur5e_custom_description/share/ur5e_custom_description/package.bash'
[1.151s] INFO:colcon.colcon_core.shell:Creating package script '/home/mtrn/MTRN4231_Project/install/ur5e_custom_description/share/ur5e_custom_description/package.zsh'
[1.152s] Level 1:colcon.colcon_core.environment:create_file_with_runtime_dependencies(/home/mtrn/MTRN4231_Project/install/ur5e_custom_description/share/colcon-core/packages/ur5e_custom_description)
[1.213s] DEBUG:colcon.colcon_core.event_handler.log_command:Invoking command in '/home/mtrn/MTRN4231_Project/build/custom_interfaces': CMAKE_PREFIX_PATH=${CMAKE_PREFIX_PATH}:/opt/ros/humble /home/mtrn/.local/bin/cmake --install /home/mtrn/MTRN4231_Project/build/custom_interfaces
[1.272s] Level 1:colcon.colcon_core.environment:create_environment_scripts_only(ur5e_moveit_config_custom)
[1.272s] Level 1:colcon.colcon_core.environment:checking '/home/mtrn/MTRN4231_Project/install/ur5e_moveit_config_custom' for CMake module files
[1.273s] DEBUG:colcon.colcon_core.event_handler.log_command:Invoked command in '/home/mtrn/MTRN4231_Project/build/ur5e_moveit_config_custom' returned '0': CMAKE_PREFIX_PATH=${CMAKE_PREFIX_PATH}:/opt/ros/humble /home/mtrn/.local/bin/cmake --install /home/mtrn/MTRN4231_Project/build/ur5e_moveit_config_custom
[1.274s] Level 1:colcon.colcon_core.environment:checking '/home/mtrn/MTRN4231_Project/install/ur5e_moveit_config_custom' for CMake config files
[1.274s] Level 1:colcon.colcon_core.shell:create_environment_hook('ur5e_moveit_config_custom', 'cmake_prefix_path')
[1.275s] INFO:colcon.colcon_core.shell:Creating environment hook '/home/mtrn/MTRN4231_Project/install/ur5e_moveit_config_custom/share/ur5e_moveit_config_custom/hook/cmake_prefix_path.ps1'
[1.275s] INFO:colcon.colcon_core.shell:Creating environment descriptor '/home/mtrn/MTRN4231_Project/install/ur5e_moveit_config_custom/share/ur5e_moveit_config_custom/hook/cmake_prefix_path.dsv'
[1.276s] INFO:colcon.colcon_core.shell:Creating environment hook '/home/mtrn/MTRN4231_Project/install/ur5e_moveit_config_custom/share/ur5e_moveit_config_custom/hook/cmake_prefix_path.sh'
[1.277s] Level 1:colcon.colcon_core.environment:checking '/home/mtrn/MTRN4231_Project/install/ur5e_moveit_config_custom/bin'
[1.277s] Level 1:colcon.colcon_core.environment:checking '/home/mtrn/MTRN4231_Project/install/ur5e_moveit_config_custom/lib/pkgconfig/ur5e_moveit_config_custom.pc'
[1.277s] Level 1:colcon.colcon_core.environment:checking '/home/mtrn/MTRN4231_Project/install/ur5e_moveit_config_custom/lib/python3.10/site-packages'
[1.277s] Level 1:colcon.colcon_core.environment:checking '/home/mtrn/MTRN4231_Project/install/ur5e_moveit_config_custom/bin'
[1.278s] INFO:colcon.colcon_core.shell:Creating package script '/home/mtrn/MTRN4231_Project/install/ur5e_moveit_config_custom/share/ur5e_moveit_config_custom/package.ps1'
[1.278s] INFO:colcon.colcon_core.shell:Creating package descriptor '/home/mtrn/MTRN4231_Project/install/ur5e_moveit_config_custom/share/ur5e_moveit_config_custom/package.dsv'
[1.279s] INFO:colcon.colcon_core.shell:Creating package script '/home/mtrn/MTRN4231_Project/install/ur5e_moveit_config_custom/share/ur5e_moveit_config_custom/package.sh'
[1.279s] INFO:colcon.colcon_core.shell:Creating package script '/home/mtrn/MTRN4231_Project/install/ur5e_moveit_config_custom/share/ur5e_moveit_config_custom/package.bash'
[1.280s] INFO:colcon.colcon_core.shell:Creating package script '/home/mtrn/MTRN4231_Project/install/ur5e_moveit_config_custom/share/ur5e_moveit_config_custom/package.zsh'
[1.280s] Level 1:colcon.colcon_core.environment:create_file_with_runtime_dependencies(/home/mtrn/MTRN4231_Project/install/ur5e_moveit_config_custom/share/colcon-core/packages/ur5e_moveit_config_custom)
[1.313s] Level 1:colcon.colcon_core.environment:create_environment_scripts_only(custom_interfaces)
[1.314s] Level 1:colcon.colcon_core.environment:checking '/home/mtrn/MTRN4231_Project/install/custom_interfaces' for CMake module files
[1.314s] DEBUG:colcon.colcon_core.event_handler.log_command:Invoked command in '/home/mtrn/MTRN4231_Project/build/custom_interfaces' returned '0': CMAKE_PREFIX_PATH=${CMAKE_PREFIX_PATH}:/opt/ros/humble /home/mtrn/.local/bin/cmake --install /home/mtrn/MTRN4231_Project/build/custom_interfaces
[1.315s] Level 1:colcon.colcon_core.environment:checking '/home/mtrn/MTRN4231_Project/install/custom_interfaces' for CMake config files
[1.316s] Level 1:colcon.colcon_core.shell:create_environment_hook('custom_interfaces', 'cmake_prefix_path')
[1.317s] INFO:colcon.colcon_core.shell:Creating environment hook '/home/mtrn/MTRN4231_Project/install/custom_interfaces/share/custom_interfaces/hook/cmake_prefix_path.ps1'
[1.318s] INFO:colcon.colcon_core.shell:Creating environment descriptor '/home/mtrn/MTRN4231_Project/install/custom_interfaces/share/custom_interfaces/hook/cmake_prefix_path.dsv'
[1.319s] INFO:colcon.colcon_core.shell:Creating environment hook '/home/mtrn/MTRN4231_Project/install/custom_interfaces/share/custom_interfaces/hook/cmake_prefix_path.sh'
[1.321s] Level 1:colcon.colcon_core.environment:checking '/home/mtrn/MTRN4231_Project/install/custom_interfaces/lib'
[1.322s] Level 1:colcon.colcon_core.shell:create_environment_hook('custom_interfaces', 'ld_library_path_lib')
[1.323s] INFO:colcon.colcon_core.shell:Creating environment hook '/home/mtrn/MTRN4231_Project/install/custom_interfaces/share/custom_interfaces/hook/ld_library_path_lib.ps1'
[1.324s] INFO:colcon.colcon_core.shell:Creating environment descriptor '/home/mtrn/MTRN4231_Project/install/custom_interfaces/share/custom_interfaces/hook/ld_library_path_lib.dsv'
[1.325s] INFO:colcon.colcon_core.shell:Creating environment hook '/home/mtrn/MTRN4231_Project/install/custom_interfaces/share/custom_interfaces/hook/ld_library_path_lib.sh'
[1.326s] Level 1:colcon.colcon_core.environment:checking '/home/mtrn/MTRN4231_Project/install/custom_interfaces/bin'
[1.326s] Level 1:colcon.colcon_core.environment:checking '/home/mtrn/MTRN4231_Project/install/custom_interfaces/lib/pkgconfig/custom_interfaces.pc'
[1.326s] Level 1:colcon.colcon_core.environment:checking '/home/mtrn/MTRN4231_Project/install/custom_interfaces/lib/python3.10/site-packages'
[1.327s] Level 1:colcon.colcon_core.environment:checking '/home/mtrn/MTRN4231_Project/install/custom_interfaces/bin'
[1.328s] INFO:colcon.colcon_core.shell:Creating package script '/home/mtrn/MTRN4231_Project/install/custom_interfaces/share/custom_interfaces/package.ps1'
[1.328s] INFO:colcon.colcon_core.shell:Creating package descriptor '/home/mtrn/MTRN4231_Project/install/custom_interfaces/share/custom_interfaces/package.dsv'
[1.329s] INFO:colcon.colcon_core.shell:Creating package script '/home/mtrn/MTRN4231_Project/install/custom_interfaces/share/custom_interfaces/package.sh'
[1.329s] INFO:colcon.colcon_core.shell:Creating package script '/home/mtrn/MTRN4231_Project/install/custom_interfaces/share/custom_interfaces/package.bash'
[1.330s] INFO:colcon.colcon_core.shell:Creating package script '/home/mtrn/MTRN4231_Project/install/custom_interfaces/share/custom_interfaces/package.zsh'
[1.330s] Level 1:colcon.colcon_core.environment:create_file_with_runtime_dependencies(/home/mtrn/MTRN4231_Project/install/custom_interfaces/share/colcon-core/packages/custom_interfaces)
[1.344s] Level 1:colcon.colcon_core.environment:create_environment_scripts_only(ur5e_moveit_config_custom)
[1.345s] Level 1:colcon.colcon_core.environment:checking '/home/mtrn/MTRN4231_Project/install/ur5e_moveit_config_custom' for CMake module files
[1.346s] Level 1:colcon.colcon_core.environment:checking '/home/mtrn/MTRN4231_Project/install/ur5e_moveit_config_custom' for CMake config files
[1.346s] Level 1:colcon.colcon_core.shell:create_environment_hook('ur5e_moveit_config_custom', 'cmake_prefix_path')
[1.347s] INFO:colcon.colcon_core.shell:Creating environment hook '/home/mtrn/MTRN4231_Project/install/ur5e_moveit_config_custom/share/ur5e_moveit_config_custom/hook/cmake_prefix_path.ps1'
[1.347s] INFO:colcon.colcon_core.shell:Creating environment descriptor '/home/mtrn/MTRN4231_Project/install/ur5e_moveit_config_custom/share/ur5e_moveit_config_custom/hook/cmake_prefix_path.dsv'
[1.348s] INFO:colcon.colcon_core.shell:Creating environment hook '/home/mtrn/MTRN4231_Project/install/ur5e_moveit_config_custom/share/ur5e_moveit_config_custom/hook/cmake_prefix_path.sh'
[1.349s] Level 1:colcon.colcon_core.environment:checking '/home/mtrn/MTRN4231_Project/install/ur5e_moveit_config_custom/bin'
[1.349s] Level 1:colcon.colcon_core.environment:checking '/home/mtrn/MTRN4231_Project/install/ur5e_moveit_config_custom/lib/pkgconfig/ur5e_moveit_config_custom.pc'
[1.349s] Level 1:colcon.colcon_core.environment:checking '/home/mtrn/MTRN4231_Project/install/ur5e_moveit_config_custom/lib/python3.10/site-packages'
[1.350s] Level 1:colcon.colcon_core.environment:checking '/home/mtrn/MTRN4231_Project/install/ur5e_moveit_config_custom/bin'
[1.351s] INFO:colcon.colcon_core.shell:Creating package script '/home/mtrn/MTRN4231_Project/install/ur5e_moveit_config_custom/share/ur5e_moveit_config_custom/package.ps1'
[1.351s] INFO:colcon.colcon_core.shell:Creating package descriptor '/home/mtrn/MTRN4231_Project/install/ur5e_moveit_config_custom/share/ur5e_moveit_config_custom/package.dsv'
[1.352s] INFO:colcon.colcon_core.shell:Creating package script '/home/mtrn/MTRN4231_Project/install/ur5e_moveit_config_custom/share/ur5e_moveit_config_custom/package.sh'
[1.353s] INFO:colcon.colcon_core.shell:Creating package script '/home/mtrn/MTRN4231_Project/install/ur5e_moveit_config_custom/share/ur5e_moveit_config_custom/package.bash'
[1.353s] INFO:colcon.colcon_core.shell:Creating package script '/home/mtrn/MTRN4231_Project/install/ur5e_moveit_config_custom/share/ur5e_moveit_config_custom/package.zsh'
[1.354s] Level 1:colcon.colcon_core.environment:create_file_with_runtime_dependencies(/home/mtrn/MTRN4231_Project/install/ur5e_moveit_config_custom/share/colcon-core/packages/ur5e_moveit_config_custom)
[1.483s] Level 1:colcon.colcon_core.environment:create_environment_scripts_only(custom_interfaces)
[1.483s] Level 1:colcon.colcon_core.environment:checking '/home/mtrn/MTRN4231_Project/install/custom_interfaces' for CMake module files
[1.484s] Level 1:colcon.colcon_core.environment:checking '/home/mtrn/MTRN4231_Project/install/custom_interfaces' for CMake config files
[1.485s] Level 1:colcon.colcon_core.shell:create_environment_hook('custom_interfaces', 'cmake_prefix_path')
[1.485s] INFO:colcon.colcon_core.shell:Creating environment hook '/home/mtrn/MTRN4231_Project/install/custom_interfaces/share/custom_interfaces/hook/cmake_prefix_path.ps1'
[1.486s] INFO:colcon.colcon_core.shell:Creating environment descriptor '/home/mtrn/MTRN4231_Project/install/custom_interfaces/share/custom_interfaces/hook/cmake_prefix_path.dsv'
[1.487s] INFO:colcon.colcon_core.shell:Creating environment hook '/home/mtrn/MTRN4231_Project/install/custom_interfaces/share/custom_interfaces/hook/cmake_prefix_path.sh'
[1.488s] Level 1:colcon.colcon_core.environment:checking '/home/mtrn/MTRN4231_Project/install/custom_interfaces/lib'
[1.489s] Level 1:colcon.colcon_core.shell:create_environment_hook('custom_interfaces', 'ld_library_path_lib')
[1.489s] INFO:colcon.colcon_core.shell:Creating environment hook '/home/mtrn/MTRN4231_Project/install/custom_interfaces/share/custom_interfaces/hook/ld_library_path_lib.ps1'
[1.489s] INFO:colcon.colcon_core.shell:Creating environment descriptor '/home/mtrn/MTRN4231_Project/install/custom_interfaces/share/custom_interfaces/hook/ld_library_path_lib.dsv'
[1.490s] INFO:colcon.colcon_core.shell:Creating environment hook '/home/mtrn/MTRN4231_Project/install/custom_interfaces/share/custom_interfaces/hook/ld_library_path_lib.sh'
[1.490s] Level 1:colcon.colcon_core.environment:checking '/home/mtrn/MTRN4231_Project/install/custom_interfaces/bin'
[1.490s] Level 1:colcon.colcon_core.environment:checking '/home/mtrn/MTRN4231_Project/install/custom_interfaces/lib/pkgconfig/custom_interfaces.pc'
[1.490s] Level 1:colcon.colcon_core.environment:checking '/home/mtrn/MTRN4231_Project/install/custom_interfaces/lib/python3.10/site-packages'
[1.490s] Level 1:colcon.colcon_core.environment:checking '/home/mtrn/MTRN4231_Project/install/custom_interfaces/bin'
[1.491s] INFO:colcon.colcon_core.shell:Creating package script '/home/mtrn/MTRN4231_Project/install/custom_interfaces/share/custom_interfaces/package.ps1'
[1.491s] INFO:colcon.colcon_core.shell:Creating package descriptor '/home/mtrn/MTRN4231_Project/install/custom_interfaces/share/custom_interfaces/package.dsv'
[1.492s] INFO:colcon.colcon_core.shell:Creating package script '/home/mtrn/MTRN4231_Project/install/custom_interfaces/share/custom_interfaces/package.sh'
[1.493s] INFO:colcon.colcon_core.shell:Creating package script '/home/mtrn/MTRN4231_Project/install/custom_interfaces/share/custom_interfaces/package.bash'
[1.493s] INFO:colcon.colcon_core.shell:Creating package script '/home/mtrn/MTRN4231_Project/install/custom_interfaces/share/custom_interfaces/package.zsh'
[1.494s] Level 1:colcon.colcon_core.environment:create_file_with_runtime_dependencies(/home/mtrn/MTRN4231_Project/install/custom_interfaces/share/colcon-core/packages/custom_interfaces)
[1.494s] INFO:colcon.colcon_ros.task.ament_cmake.build:Building ROS package in '/home/mtrn/MTRN4231_Project/src/arm_controller' with build type 'ament_cmake'
[1.495s] INFO:colcon.colcon_cmake.task.cmake.build:Building CMake package in '/home/mtrn/MTRN4231_Project/src/arm_controller'
[1.495s] INFO:colcon.colcon_core.shell:Skip shell extension 'powershell' for command environment: Not usable outside of PowerShell
[1.495s] DEBUG:colcon.colcon_core.shell:Skip shell extension 'dsv' for command environment
[1.507s] DEBUG:colcon.colcon_core.event_handler.log_command:Invoking command in '/home/mtrn/MTRN4231_Project/build/arm_controller': CMAKE_PREFIX_PATH=/home/mtrn/MTRN4231_Project/install/custom_interfaces:/home/mtrn/MTRN4231_Project/install/ur5e_moveit_config_custom:/home/mtrn/MTRN4231_Project/install/ur5e_custom_description:/home/mtrn/MTRN4231_Project/install/end_effector_description:/home/mtrn/MTRN4231_Project/install/arm_controller:/opt/ros/humble /home/mtrn/.local/bin/cmake --build /home/mtrn/MTRN4231_Project/build/arm_controller -- -j20 -l20
[13.710s] DEBUG:colcon.colcon_core.event_handler.log_command:Invoked command in '/home/mtrn/MTRN4231_Project/build/arm_controller' returned '0': CMAKE_PREFIX_PATH=/home/mtrn/MTRN4231_Project/install/custom_interfaces:/home/mtrn/MTRN4231_Project/install/ur5e_moveit_config_custom:/home/mtrn/MTRN4231_Project/install/ur5e_custom_description:/home/mtrn/MTRN4231_Project/install/end_effector_description:/home/mtrn/MTRN4231_Project/install/arm_controller:/opt/ros/humble /home/mtrn/.local/bin/cmake --build /home/mtrn/MTRN4231_Project/build/arm_controller -- -j20 -l20
[13.788s] DEBUG:colcon.colcon_core.event_handler.log_command:Invoking command in '/home/mtrn/MTRN4231_Project/build/arm_controller': CMAKE_PREFIX_PATH=/home/mtrn/MTRN4231_Project/install/custom_interfaces:/home/mtrn/MTRN4231_Project/install/ur5e_moveit_config_custom:/home/mtrn/MTRN4231_Project/install/ur5e_custom_description:/home/mtrn/MTRN4231_Project/install/end_effector_description:/home/mtrn/MTRN4231_Project/install/arm_controller:/opt/ros/humble /home/mtrn/.local/bin/cmake --install /home/mtrn/MTRN4231_Project/build/arm_controller
[13.834s] Level 1:colcon.colcon_core.environment:create_environment_scripts_only(arm_controller)
[13.835s] Level 1:colcon.colcon_core.environment:checking '/home/mtrn/MTRN4231_Project/install/arm_controller' for CMake module files
[13.836s] DEBUG:colcon.colcon_core.event_handler.log_command:Invoked command in '/home/mtrn/MTRN4231_Project/build/arm_controller' returned '0': CMAKE_PREFIX_PATH=/home/mtrn/MTRN4231_Project/install/custom_interfaces:/home/mtrn/MTRN4231_Project/install/ur5e_moveit_config_custom:/home/mtrn/MTRN4231_Project/install/ur5e_custom_description:/home/mtrn/MTRN4231_Project/install/end_effector_description:/home/mtrn/MTRN4231_Project/install/arm_controller:/opt/ros/humble /home/mtrn/.local/bin/cmake --install /home/mtrn/MTRN4231_Project/build/arm_controller
[13.836s] Level 1:colcon.colcon_core.environment:checking '/home/mtrn/MTRN4231_Project/install/arm_controller' for CMake config files
[13.836s] Level 1:colcon.colcon_core.shell:create_environment_hook('arm_controller', 'cmake_prefix_path')
[13.837s] INFO:colcon.colcon_core.shell:Creating environment hook '/home/mtrn/MTRN4231_Project/install/arm_controller/share/arm_controller/hook/cmake_prefix_path.ps1'
[13.837s] INFO:colcon.colcon_core.shell:Creating environment descriptor '/home/mtrn/MTRN4231_Project/install/arm_controller/share/arm_controller/hook/cmake_prefix_path.dsv'
[13.838s] INFO:colcon.colcon_core.shell:Creating environment hook '/home/mtrn/MTRN4231_Project/install/arm_controller/share/arm_controller/hook/cmake_prefix_path.sh'
[13.838s] Level 1:colcon.colcon_core.environment:checking '/home/mtrn/MTRN4231_Project/install/arm_controller/lib'
[13.838s] Level 1:colcon.colcon_core.environment:checking '/home/mtrn/MTRN4231_Project/install/arm_controller/bin'
[13.838s] Level 1:colcon.colcon_core.environment:checking '/home/mtrn/MTRN4231_Project/install/arm_controller/lib/pkgconfig/arm_controller.pc'
[13.839s] Level 1:colcon.colcon_core.environment:checking '/home/mtrn/MTRN4231_Project/install/arm_controller/lib/python3.10/site-packages'
[13.839s] Level 1:colcon.colcon_core.environment:checking '/home/mtrn/MTRN4231_Project/install/arm_controller/bin'
[13.839s] INFO:colcon.colcon_core.shell:Creating package script '/home/mtrn/MTRN4231_Project/install/arm_controller/share/arm_controller/package.ps1'
[13.840s] INFO:colcon.colcon_core.shell:Creating package descriptor '/home/mtrn/MTRN4231_Project/install/arm_controller/share/arm_controller/package.dsv'
[13.841s] INFO:colcon.colcon_core.shell:Creating package script '/home/mtrn/MTRN4231_Project/install/arm_controller/share/arm_controller/package.sh'
[13.841s] INFO:colcon.colcon_core.shell:Creating package script '/home/mtrn/MTRN4231_Project/install/arm_controller/share/arm_controller/package.bash'
[13.842s] INFO:colcon.colcon_core.shell:Creating package script '/home/mtrn/MTRN4231_Project/install/arm_controller/share/arm_controller/package.zsh'
[13.842s] Level 1:colcon.colcon_core.environment:create_file_with_runtime_dependencies(/home/mtrn/MTRN4231_Project/install/arm_controller/share/colcon-core/packages/arm_controller)
[13.905s] Level 1:colcon.colcon_core.environment:create_environment_scripts_only(arm_controller)
[13.905s] Level 1:colcon.colcon_core.environment:checking '/home/mtrn/MTRN4231_Project/install/arm_controller' for CMake module files
[13.906s] Level 1:colcon.colcon_core.environment:checking '/home/mtrn/MTRN4231_Project/install/arm_controller' for CMake config files
[13.907s] Level 1:colcon.colcon_core.shell:create_environment_hook('arm_controller', 'cmake_prefix_path')
[13.908s] INFO:colcon.colcon_core.shell:Creating environment hook '/home/mtrn/MTRN4231_Project/install/arm_controller/share/arm_controller/hook/cmake_prefix_path.ps1'
[13.909s] INFO:colcon.colcon_core.shell:Creating environment descriptor '/home/mtrn/MTRN4231_Project/install/arm_controller/share/arm_controller/hook/cmake_prefix_path.dsv'
[13.910s] INFO:colcon.colcon_core.shell:Creating environment hook '/home/mtrn/MTRN4231_Project/install/arm_controller/share/arm_controller/hook/cmake_prefix_path.sh'
[13.911s] Level 1:colcon.colcon_core.environment:checking '/home/mtrn/MTRN4231_Project/install/arm_controller/lib'
[13.911s] Level 1:colcon.colcon_core.environment:checking '/home/mtrn/MTRN4231_Project/install/arm_controller/bin'
[13.911s] Level 1:colcon.colcon_core.environment:checking '/home/mtrn/MTRN4231_Project/install/arm_controller/lib/pkgconfig/arm_controller.pc'
[13.912s] Level 1:colcon.colcon_core.environment:checking '/home/mtrn/MTRN4231_Project/install/arm_controller/lib/python3.10/site-packages'
[13.912s] Level 1:colcon.colcon_core.environment:checking '/home/mtrn/MTRN4231_Project/install/arm_controller/bin'
[13.913s] INFO:colcon.colcon_core.shell:Creating package script '/home/mtrn/MTRN4231_Project/install/arm_controller/share/arm_controller/package.ps1'
[13.913s] INFO:colcon.colcon_core.shell:Creating package descriptor '/home/mtrn/MTRN4231_Project/install/arm_controller/share/arm_controller/package.dsv'
[13.914s] INFO:colcon.colcon_core.shell:Creating package script '/home/mtrn/MTRN4231_Project/install/arm_controller/share/arm_controller/package.sh'
[13.915s] INFO:colcon.colcon_core.shell:Creating package script '/home/mtrn/MTRN4231_Project/install/arm_controller/share/arm_controller/package.bash'
[13.915s] INFO:colcon.colcon_core.shell:Creating package script '/home/mtrn/MTRN4231_Project/install/arm_controller/share/arm_controller/package.zsh'
[13.916s] Level 1:colcon.colcon_core.environment:create_file_with_runtime_dependencies(/home/mtrn/MTRN4231_Project/install/arm_controller/share/colcon-core/packages/arm_controller)
[13.916s] DEBUG:colcon.colcon_parallel_executor.executor.parallel:closing loop
[13.916s] DEBUG:colcon.colcon_parallel_executor.executor.parallel:loop closed
[13.917s] DEBUG:colcon.colcon_parallel_executor.executor.parallel:run_until_complete finished with '0'
[13.917s] DEBUG:colcon.colcon_core.event_reactor:joining thread
[13.922s] INFO:colcon.colcon_core.plugin_system:Skipping extension 'colcon_notification.desktop_notification.terminal_notifier': Not used on non-Darwin systems
[13.922s] INFO:colcon.colcon_core.plugin_system:Skipping extension 'colcon_notification.desktop_notification.win32': Not used on non-Windows systems
[13.923s] INFO:colcon.colcon_notification.desktop_notification:Sending desktop notification using 'notify2'
[13.934s] DEBUG:colcon.colcon_core.event_reactor:joined thread
[13.935s] INFO:colcon.colcon_core.shell:Creating prefix script '/home/mtrn/MTRN4231_Project/install/local_setup.ps1'
[13.937s] INFO:colcon.colcon_core.shell:Creating prefix util module '/home/mtrn/MTRN4231_Project/install/_local_setup_util_ps1.py'
[13.941s] INFO:colcon.colcon_core.shell:Creating prefix chain script '/home/mtrn/MTRN4231_Project/install/setup.ps1'
[13.945s] INFO:colcon.colcon_core.shell:Creating prefix script '/home/mtrn/MTRN4231_Project/install/local_setup.sh'
[13.947s] INFO:colcon.colcon_core.shell:Creating prefix util module '/home/mtrn/MTRN4231_Project/install/_local_setup_util_sh.py'
[13.949s] INFO:colcon.colcon_core.shell:Creating prefix chain script '/home/mtrn/MTRN4231_Project/install/setup.sh'
[13.951s] INFO:colcon.colcon_core.shell:Creating prefix script '/home/mtrn/MTRN4231_Project/install/local_setup.bash'
[13.952s] INFO:colcon.colcon_core.shell:Creating prefix chain script '/home/mtrn/MTRN4231_Project/install/setup.bash'
[13.954s] INFO:colcon.colcon_core.shell:Creating prefix script '/home/mtrn/MTRN4231_Project/install/local_setup.zsh'
[13.955s] INFO:colcon.colcon_core.shell:Creating prefix chain script '/home/mtrn/MTRN4231_Project/install/setup.zsh'
