[0.020s] Invoking command in '/home/mtrn/MTRN4231_project/build/arm_controller': CMAKE_PREFIX_PATH=/home/mtrn/MTRN4231_project/install/custom_interfaces:/home/mtrn/MTRN4231_project/install/ur5e_custom_description:/home/mtrn/MTRN4231_project/install/move_to_marker:/home/mtrn/MTRN4231_project/install/end_effector_description:/home/mtrn/MTRN4231_project/install/arm_controller:/opt/ros/humble /home/mtrn/.local/bin/cmake --build /home/mtrn/MTRN4231_project/build/arm_controller -- -j12 -l12
[0.137s] [ 50%] Built target moveit_constrain_ur
[0.165s] [ 75%] [32mBuilding CXX object CMakeFiles/arm_controller_node.dir/src/arm_controller_node.cpp.o[0m
[9.881s] [01m[K/home/mtrn/MTRN4231_project/src/arm_controller/src/arm_controller_node.cpp:[m[K In member function ‘[01m[Kbool ArmController::plan_with_fallbacks(const Pose&, const string&, const std::shared_ptr<rclcpp_action::ServerGoalHandle<custom_interfaces::action::MoveTCP> >&)[m[K’:
[9.882s] [01m[K/home/mtrn/MTRN4231_project/src/arm_controller/src/arm_controller_node.cpp:345:30:[m[K [01;35m[Kwarning: [m[Kvariable ‘[01m[Kmid[m[K’ set but not used [[01;35m[K]8;;https://gcc.gnu.org/onlinedocs/gcc/Warning-Options.html#index-Wunused-but-set-variable-Wunused-but-set-variable]8;;[m[K]
[9.882s]   345 |     geometry_msgs::msg::Pose [01;35m[Kmid[m[K = start;
[9.882s]       |                              [01;35m[K^~~[m[K
[14.837s] [100%] [32m[1mLinking CXX executable arm_controller_node[0m
[15.840s] [100%] Built target arm_controller_node
[15.862s] Invoked command in '/home/mtrn/MTRN4231_project/build/arm_controller' returned '0': CMAKE_PREFIX_PATH=/home/mtrn/MTRN4231_project/install/custom_interfaces:/home/mtrn/MTRN4231_project/install/ur5e_custom_description:/home/mtrn/MTRN4231_project/install/move_to_marker:/home/mtrn/MTRN4231_project/install/end_effector_description:/home/mtrn/MTRN4231_project/install/arm_controller:/opt/ros/humble /home/mtrn/.local/bin/cmake --build /home/mtrn/MTRN4231_project/build/arm_controller -- -j12 -l12
[15.951s] Invoking command in '/home/mtrn/MTRN4231_project/build/arm_controller': CMAKE_PREFIX_PATH=/home/mtrn/MTRN4231_project/install/custom_interfaces:/home/mtrn/MTRN4231_project/install/ur5e_custom_description:/home/mtrn/MTRN4231_project/install/move_to_marker:/home/mtrn/MTRN4231_project/install/end_effector_description:/home/mtrn/MTRN4231_project/install/arm_controller:/opt/ros/humble /home/mtrn/.local/bin/cmake --install /home/mtrn/MTRN4231_project/build/arm_controller
[15.990s] -- Install configuration: ""
[15.990s] -- Installing: /home/mtrn/MTRN4231_project/install/arm_controller/lib/arm_controller/arm_controller_node
[15.994s] -- Set runtime path of "/home/mtrn/MTRN4231_project/install/arm_controller/lib/arm_controller/arm_controller_node" to ""
[15.994s] -- Up-to-date: /home/mtrn/MTRN4231_project/install/arm_controller/share/arm_controller/launch
[15.994s] -- Up-to-date: /home/mtrn/MTRN4231_project/install/arm_controller/share/arm_controller/launch/arm_controller.launch.py
[15.995s] -- Up-to-date: /home/mtrn/MTRN4231_project/install/arm_controller/share/arm_controller/launch/view_combined.launch.py
[15.995s] -- Up-to-date: /home/mtrn/MTRN4231_project/install/arm_controller/share/arm_controller/urdf
[15.995s] -- Up-to-date: /home/mtrn/MTRN4231_project/install/arm_controller/share/arm_controller/urdf/ur5e_with_tool.urdf.xacro
[15.995s] -- Up-to-date: /home/mtrn/MTRN4231_project/install/arm_controller/share/arm_controller/config
[15.995s] -- Up-to-date: /home/mtrn/MTRN4231_project/install/arm_controller/share/arm_controller/config/joint_limits.yaml
[15.995s] -- Up-to-date: /home/mtrn/MTRN4231_project/install/arm_controller/share/arm_controller/config/pilz_cartesian_limits.yaml
[15.995s] -- Up-to-date: /home/mtrn/MTRN4231_project/install/arm_controller/share/arm_controller/config/moveit_controllers.yaml
[15.996s] -- Up-to-date: /home/mtrn/MTRN4231_project/install/arm_controller/share/arm_controller/config/params.yaml
[15.996s] -- Up-to-date: /home/mtrn/MTRN4231_project/install/arm_controller/share/arm_controller/config/kinematics.yaml
[15.996s] -- Up-to-date: /home/mtrn/MTRN4231_project/install/arm_controller/share/arm_controller/config/moveit.rviz
[15.996s] -- Up-to-date: /home/mtrn/MTRN4231_project/install/arm_controller/share/arm_controller/config/controllers.yaml
[15.996s] -- Up-to-date: /home/mtrn/MTRN4231_project/install/arm_controller/share/arm_controller/config/end_effector_withDriverSupport.srdf
[15.996s] -- Up-to-date: /home/mtrn/MTRN4231_project/install/arm_controller/share/arm_controller/rviz
[15.996s] -- Up-to-date: /home/mtrn/MTRN4231_project/install/arm_controller/share/arm_controller/rviz/display.rviz
[15.996s] -- Up-to-date: /home/mtrn/MTRN4231_project/install/arm_controller/share/ament_index/resource_index/package_run_dependencies/arm_controller
[15.996s] -- Up-to-date: /home/mtrn/MTRN4231_project/install/arm_controller/share/ament_index/resource_index/parent_prefix_path/arm_controller
[15.997s] -- Up-to-date: /home/mtrn/MTRN4231_project/install/arm_controller/share/arm_controller/environment/ament_prefix_path.sh
[15.997s] -- Up-to-date: /home/mtrn/MTRN4231_project/install/arm_controller/share/arm_controller/environment/ament_prefix_path.dsv
[15.997s] -- Up-to-date: /home/mtrn/MTRN4231_project/install/arm_controller/share/arm_controller/environment/path.sh
[15.997s] -- Up-to-date: /home/mtrn/MTRN4231_project/install/arm_controller/share/arm_controller/environment/path.dsv
[15.997s] -- Up-to-date: /home/mtrn/MTRN4231_project/install/arm_controller/share/arm_controller/local_setup.bash
[15.997s] -- Up-to-date: /home/mtrn/MTRN4231_project/install/arm_controller/share/arm_controller/local_setup.sh
[15.997s] -- Up-to-date: /home/mtrn/MTRN4231_project/install/arm_controller/share/arm_controller/local_setup.zsh
[15.997s] -- Up-to-date: /home/mtrn/MTRN4231_project/install/arm_controller/share/arm_controller/local_setup.dsv
[15.997s] -- Installing: /home/mtrn/MTRN4231_project/install/arm_controller/share/arm_controller/package.dsv
[15.997s] -- Up-to-date: /home/mtrn/MTRN4231_project/install/arm_controller/share/ament_index/resource_index/packages/arm_controller
[15.997s] -- Up-to-date: /home/mtrn/MTRN4231_project/install/arm_controller/share/arm_controller/cmake/arm_controllerConfig.cmake
[15.998s] -- Up-to-date: /home/mtrn/MTRN4231_project/install/arm_controller/share/arm_controller/cmake/arm_controllerConfig-version.cmake
[15.998s] -- Up-to-date: /home/mtrn/MTRN4231_project/install/arm_controller/share/arm_controller/package.xml
[16.006s] Invoked command in '/home/mtrn/MTRN4231_project/build/arm_controller' returned '0': CMAKE_PREFIX_PATH=/home/mtrn/MTRN4231_project/install/custom_interfaces:/home/mtrn/MTRN4231_project/install/ur5e_custom_description:/home/mtrn/MTRN4231_project/install/move_to_marker:/home/mtrn/MTRN4231_project/install/end_effector_description:/home/mtrn/MTRN4231_project/install/arm_controller:/opt/ros/humble /home/mtrn/.local/bin/cmake --install /home/mtrn/MTRN4231_project/build/arm_controller
