[0.102s] DEBUG:colcon:Command line arguments: ['/usr/bin/colcon', 'build']
[0.103s] DEBUG:colcon:Parsed command line arguments: Namespace(log_base=None, log_level=None, verb_name='build', build_base='build', install_base='install', merge_install=False, symlink_install=False, test_result_base=None, continue_on_error=False, executor='parallel', parallel_workers=12, event_handlers=None, ignore_user_meta=False, metas=['./colcon.meta'], base_paths=['.'], packages_ignore=None, packages_ignore_regex=None, paths=None, packages_up_to=None, packages_up_to_regex=None, packages_above=None, packages_above_and_dependencies=None, packages_above_depth=None, packages_select_by_dep=None, packages_skip_by_dep=None, packages_skip_up_to=None, packages_select_build_failed=False, packages_skip_build_finished=False, packages_select_test_failures=False, packages_skip_test_passed=False, packages_select=None, packages_skip=None, packages_select_regex=None, packages_skip_regex=None, packages_start=None, packages_end=None, allow_overriding=[], cmake_args=None, cmake_target=None, cmake_target_skip_unavailable=False, cmake_clean_cache=False, cmake_clean_first=False, cmake_force_configure=False, ament_cmake_args=None, catkin_cmake_args=None, catkin_skip_building_tests=False, mixin_files=None, mixin=None, verb_parser=<colcon_mixin.mixin.mixin_argument.MixinArgumentDecorator object at 0x7420a8165600>, verb_extension=<colcon_core.verb.build.BuildVerb object at 0x7420a8164850>, main=<bound method BuildVerb.main of <colcon_core.verb.build.BuildVerb object at 0x7420a8164850>>, mixin_verb=('build',))
[0.241s] Level 1:colcon.colcon_core.package_discovery:discover_packages(colcon_meta) check parameters
[0.241s] Level 1:colcon.colcon_core.package_discovery:discover_packages(recursive) check parameters
[0.241s] Level 1:colcon.colcon_core.package_discovery:discover_packages(ignore) check parameters
[0.241s] Level 1:colcon.colcon_core.package_discovery:discover_packages(path) check parameters
[0.241s] Level 1:colcon.colcon_core.package_discovery:discover_packages(colcon_meta) discover
[0.242s] Level 1:colcon.colcon_core.package_discovery:discover_packages(recursive) discover
[0.242s] INFO:colcon.colcon_core.package_discovery:Crawling recursively for packages in '/home/dev/Desktop/MTRN4231_Project'
[0.242s] Level 1:colcon.colcon_core.package_identification:_identify(.) by extensions ['ignore', 'ignore_ament_install']
[0.242s] Level 1:colcon.colcon_core.package_identification:_identify(.) by extension 'ignore'
[0.242s] Level 1:colcon.colcon_core.package_identification:_identify(.) by extension 'ignore_ament_install'
[0.242s] Level 1:colcon.colcon_core.package_identification:_identify(.) by extensions ['colcon_pkg']
[0.242s] Level 1:colcon.colcon_core.package_identification:_identify(.) by extension 'colcon_pkg'
[0.242s] Level 1:colcon.colcon_core.package_identification:_identify(.) by extensions ['colcon_meta']
[0.242s] Level 1:colcon.colcon_core.package_identification:_identify(.) by extension 'colcon_meta'
[0.242s] Level 1:colcon.colcon_core.package_identification:_identify(.) by extensions ['ros']
[0.242s] Level 1:colcon.colcon_core.package_identification:_identify(.) by extension 'ros'
[0.250s] Level 1:colcon.colcon_core.package_identification:_identify(.) by extensions ['cmake', 'python']
[0.250s] Level 1:colcon.colcon_core.package_identification:_identify(.) by extension 'cmake'
[0.251s] Level 1:colcon.colcon_core.package_identification:_identify(.) by extension 'python'
[0.251s] Level 1:colcon.colcon_core.package_identification:_identify(.) by extensions ['python_setup_py']
[0.251s] Level 1:colcon.colcon_core.package_identification:_identify(.) by extension 'python_setup_py'
[0.251s] Level 1:colcon.colcon_core.package_identification:_identify(build) by extensions ['ignore', 'ignore_ament_install']
[0.251s] Level 1:colcon.colcon_core.package_identification:_identify(build) by extension 'ignore'
[0.251s] Level 1:colcon.colcon_core.package_identification:_identify(build) ignored
[0.251s] Level 1:colcon.colcon_core.package_identification:_identify(install) by extensions ['ignore', 'ignore_ament_install']
[0.251s] Level 1:colcon.colcon_core.package_identification:_identify(install) by extension 'ignore'
[0.251s] Level 1:colcon.colcon_core.package_identification:_identify(install) ignored
[0.251s] Level 1:colcon.colcon_core.package_identification:_identify(log) by extensions ['ignore', 'ignore_ament_install']
[0.251s] Level 1:colcon.colcon_core.package_identification:_identify(log) by extension 'ignore'
[0.251s] Level 1:colcon.colcon_core.package_identification:_identify(log) ignored
[0.251s] Level 1:colcon.colcon_core.package_identification:_identify(src) by extensions ['ignore', 'ignore_ament_install']
[0.251s] Level 1:colcon.colcon_core.package_identification:_identify(src) by extension 'ignore'
[0.251s] Level 1:colcon.colcon_core.package_identification:_identify(src) by extension 'ignore_ament_install'
[0.252s] Level 1:colcon.colcon_core.package_identification:_identify(src) by extensions ['colcon_pkg']
[0.252s] Level 1:colcon.colcon_core.package_identification:_identify(src) by extension 'colcon_pkg'
[0.252s] Level 1:colcon.colcon_core.package_identification:_identify(src) by extensions ['colcon_meta']
[0.252s] Level 1:colcon.colcon_core.package_identification:_identify(src) by extension 'colcon_meta'
[0.252s] Level 1:colcon.colcon_core.package_identification:_identify(src) by extensions ['ros']
[0.252s] Level 1:colcon.colcon_core.package_identification:_identify(src) by extension 'ros'
[0.252s] Level 1:colcon.colcon_core.package_identification:_identify(src) by extensions ['cmake', 'python']
[0.252s] Level 1:colcon.colcon_core.package_identification:_identify(src) by extension 'cmake'
[0.252s] Level 1:colcon.colcon_core.package_identification:_identify(src) by extension 'python'
[0.252s] Level 1:colcon.colcon_core.package_identification:_identify(src) by extensions ['python_setup_py']
[0.252s] Level 1:colcon.colcon_core.package_identification:_identify(src) by extension 'python_setup_py'
[0.252s] Level 1:colcon.colcon_core.package_identification:_identify(src/arm_controller) by extensions ['ignore', 'ignore_ament_install']
[0.252s] Level 1:colcon.colcon_core.package_identification:_identify(src/arm_controller) by extension 'ignore'
[0.252s] Level 1:colcon.colcon_core.package_identification:_identify(src/arm_controller) by extension 'ignore_ament_install'
[0.252s] Level 1:colcon.colcon_core.package_identification:_identify(src/arm_controller) by extensions ['colcon_pkg']
[0.252s] Level 1:colcon.colcon_core.package_identification:_identify(src/arm_controller) by extension 'colcon_pkg'
[0.252s] Level 1:colcon.colcon_core.package_identification:_identify(src/arm_controller) by extensions ['colcon_meta']
[0.252s] Level 1:colcon.colcon_core.package_identification:_identify(src/arm_controller) by extension 'colcon_meta'
[0.252s] Level 1:colcon.colcon_core.package_identification:_identify(src/arm_controller) by extensions ['ros']
[0.252s] Level 1:colcon.colcon_core.package_identification:_identify(src/arm_controller) by extension 'ros'
[0.255s] DEBUG:colcon.colcon_core.package_identification:Package 'src/arm_controller' with type 'ros.ament_cmake' and name 'arm_controller'
[0.255s] Level 1:colcon.colcon_core.package_identification:_identify(src/custom_interfaces) by extensions ['ignore', 'ignore_ament_install']
[0.255s] Level 1:colcon.colcon_core.package_identification:_identify(src/custom_interfaces) by extension 'ignore'
[0.255s] Level 1:colcon.colcon_core.package_identification:_identify(src/custom_interfaces) by extension 'ignore_ament_install'
[0.255s] Level 1:colcon.colcon_core.package_identification:_identify(src/custom_interfaces) by extensions ['colcon_pkg']
[0.255s] Level 1:colcon.colcon_core.package_identification:_identify(src/custom_interfaces) by extension 'colcon_pkg'
[0.255s] Level 1:colcon.colcon_core.package_identification:_identify(src/custom_interfaces) by extensions ['colcon_meta']
[0.255s] Level 1:colcon.colcon_core.package_identification:_identify(src/custom_interfaces) by extension 'colcon_meta'
[0.255s] Level 1:colcon.colcon_core.package_identification:_identify(src/custom_interfaces) by extensions ['ros']
[0.255s] Level 1:colcon.colcon_core.package_identification:_identify(src/custom_interfaces) by extension 'ros'
[0.256s] DEBUG:colcon.colcon_core.package_identification:Package 'src/custom_interfaces' with type 'ros.ament_cmake' and name 'custom_interfaces'
[0.256s] Level 1:colcon.colcon_core.package_identification:_identify(src/end_effector_description) by extensions ['ignore', 'ignore_ament_install']
[0.256s] Level 1:colcon.colcon_core.package_identification:_identify(src/end_effector_description) by extension 'ignore'
[0.256s] Level 1:colcon.colcon_core.package_identification:_identify(src/end_effector_description) by extension 'ignore_ament_install'
[0.256s] Level 1:colcon.colcon_core.package_identification:_identify(src/end_effector_description) by extensions ['colcon_pkg']
[0.256s] Level 1:colcon.colcon_core.package_identification:_identify(src/end_effector_description) by extension 'colcon_pkg'
[0.256s] Level 1:colcon.colcon_core.package_identification:_identify(src/end_effector_description) by extensions ['colcon_meta']
[0.256s] Level 1:colcon.colcon_core.package_identification:_identify(src/end_effector_description) by extension 'colcon_meta'
[0.256s] Level 1:colcon.colcon_core.package_identification:_identify(src/end_effector_description) by extensions ['ros']
[0.256s] Level 1:colcon.colcon_core.package_identification:_identify(src/end_effector_description) by extension 'ros'
[0.256s] DEBUG:colcon.colcon_core.package_identification:Package 'src/end_effector_description' with type 'ros.ament_cmake' and name 'end_effector_description'
[0.257s] Level 1:colcon.colcon_core.package_identification:_identify(src/ur5e_custom_description) by extensions ['ignore', 'ignore_ament_install']
[0.257s] Level 1:colcon.colcon_core.package_identification:_identify(src/ur5e_custom_description) by extension 'ignore'
[0.257s] Level 1:colcon.colcon_core.package_identification:_identify(src/ur5e_custom_description) by extension 'ignore_ament_install'
[0.257s] Level 1:colcon.colcon_core.package_identification:_identify(src/ur5e_custom_description) by extensions ['colcon_pkg']
[0.257s] Level 1:colcon.colcon_core.package_identification:_identify(src/ur5e_custom_description) by extension 'colcon_pkg'
[0.257s] Level 1:colcon.colcon_core.package_identification:_identify(src/ur5e_custom_description) by extensions ['colcon_meta']
[0.257s] Level 1:colcon.colcon_core.package_identification:_identify(src/ur5e_custom_description) by extension 'colcon_meta'
[0.257s] Level 1:colcon.colcon_core.package_identification:_identify(src/ur5e_custom_description) by extensions ['ros']
[0.257s] Level 1:colcon.colcon_core.package_identification:_identify(src/ur5e_custom_description) by extension 'ros'
[0.257s] DEBUG:colcon.colcon_core.package_identification:Package 'src/ur5e_custom_description' with type 'ros.ament_cmake' and name 'ur5e_custom_description'
[0.257s] Level 1:colcon.colcon_core.package_identification:_identify(src/ur5e_moveit_config_custom) by extensions ['ignore', 'ignore_ament_install']
[0.257s] Level 1:colcon.colcon_core.package_identification:_identify(src/ur5e_moveit_config_custom) by extension 'ignore'
[0.257s] Level 1:colcon.colcon_core.package_identification:_identify(src/ur5e_moveit_config_custom) by extension 'ignore_ament_install'
[0.257s] Level 1:colcon.colcon_core.package_identification:_identify(src/ur5e_moveit_config_custom) by extensions ['colcon_pkg']
[0.258s] Level 1:colcon.colcon_core.package_identification:_identify(src/ur5e_moveit_config_custom) by extension 'colcon_pkg'
[0.258s] Level 1:colcon.colcon_core.package_identification:_identify(src/ur5e_moveit_config_custom) by extensions ['colcon_meta']
[0.258s] Level 1:colcon.colcon_core.package_identification:_identify(src/ur5e_moveit_config_custom) by extension 'colcon_meta'
[0.258s] Level 1:colcon.colcon_core.package_identification:_identify(src/ur5e_moveit_config_custom) by extensions ['ros']
[0.258s] Level 1:colcon.colcon_core.package_identification:_identify(src/ur5e_moveit_config_custom) by extension 'ros'
[0.258s] DEBUG:colcon.colcon_core.package_identification:Package 'src/ur5e_moveit_config_custom' with type 'ros.ament_cmake' and name 'ur5e_moveit_config_custom'
[0.258s] Level 1:colcon.colcon_core.package_discovery:discover_packages(recursive) using defaults
[0.258s] Level 1:colcon.colcon_core.package_discovery:discover_packages(ignore) discover
[0.258s] Level 1:colcon.colcon_core.package_discovery:discover_packages(ignore) using defaults
[0.258s] Level 1:colcon.colcon_core.package_discovery:discover_packages(path) discover
[0.258s] Level 1:colcon.colcon_core.package_discovery:discover_packages(path) using defaults
[0.286s] Level 1:colcon.colcon_core.package_discovery:discover_packages(prefix_path) check parameters
[0.286s] Level 1:colcon.colcon_core.package_discovery:discover_packages(prefix_path) discover
[0.288s] DEBUG:colcon.colcon_installed_package_information.package_discovery:Found 5 installed packages in /home/dev/Desktop/MTRN4231_Project/install
[0.290s] DEBUG:colcon.colcon_installed_package_information.package_discovery:Found 357 installed packages in /opt/ros/humble
[0.291s] Level 1:colcon.colcon_core.package_discovery:discover_packages(prefix_path) using defaults
[0.329s] Level 5:colcon.colcon_core.verb:set package 'custom_interfaces' build argument 'cmake_args' from command line to 'None'
[0.329s] Level 5:colcon.colcon_core.verb:set package 'custom_interfaces' build argument 'cmake_target' from command line to 'None'
[0.329s] Level 5:colcon.colcon_core.verb:set package 'custom_interfaces' build argument 'cmake_target_skip_unavailable' from command line to 'False'
[0.329s] Level 5:colcon.colcon_core.verb:set package 'custom_interfaces' build argument 'cmake_clean_cache' from command line to 'False'
[0.329s] Level 5:colcon.colcon_core.verb:set package 'custom_interfaces' build argument 'cmake_clean_first' from command line to 'False'
[0.329s] Level 5:colcon.colcon_core.verb:set package 'custom_interfaces' build argument 'cmake_force_configure' from command line to 'False'
[0.329s] Level 5:colcon.colcon_core.verb:set package 'custom_interfaces' build argument 'ament_cmake_args' from command line to 'None'
[0.329s] Level 5:colcon.colcon_core.verb:set package 'custom_interfaces' build argument 'catkin_cmake_args' from command line to 'None'
[0.329s] Level 5:colcon.colcon_core.verb:set package 'custom_interfaces' build argument 'catkin_skip_building_tests' from command line to 'False'
[0.329s] DEBUG:colcon.colcon_core.verb:Building package 'custom_interfaces' with the following arguments: {'ament_cmake_args': None, 'build_base': '/home/dev/Desktop/MTRN4231_Project/build/custom_interfaces', 'catkin_cmake_args': None, 'catkin_skip_building_tests': False, 'cmake_args': None, 'cmake_clean_cache': False, 'cmake_clean_first': False, 'cmake_force_configure': False, 'cmake_target': None, 'cmake_target_skip_unavailable': False, 'install_base': '/home/dev/Desktop/MTRN4231_Project/install/custom_interfaces', 'merge_install': False, 'path': '/home/dev/Desktop/MTRN4231_Project/src/custom_interfaces', 'symlink_install': False, 'test_result_base': None}
[0.330s] Level 5:colcon.colcon_core.verb:set package 'end_effector_description' build argument 'cmake_args' from command line to 'None'
[0.330s] Level 5:colcon.colcon_core.verb:set package 'end_effector_description' build argument 'cmake_target' from command line to 'None'
[0.330s] Level 5:colcon.colcon_core.verb:set package 'end_effector_description' build argument 'cmake_target_skip_unavailable' from command line to 'False'
[0.330s] Level 5:colcon.colcon_core.verb:set package 'end_effector_description' build argument 'cmake_clean_cache' from command line to 'False'
[0.330s] Level 5:colcon.colcon_core.verb:set package 'end_effector_description' build argument 'cmake_clean_first' from command line to 'False'
[0.330s] Level 5:colcon.colcon_core.verb:set package 'end_effector_description' build argument 'cmake_force_configure' from command line to 'False'
[0.330s] Level 5:colcon.colcon_core.verb:set package 'end_effector_description' build argument 'ament_cmake_args' from command line to 'None'
[0.330s] Level 5:colcon.colcon_core.verb:set package 'end_effector_description' build argument 'catkin_cmake_args' from command line to 'None'
[0.330s] Level 5:colcon.colcon_core.verb:set package 'end_effector_description' build argument 'catkin_skip_building_tests' from command line to 'False'
[0.330s] DEBUG:colcon.colcon_core.verb:Building package 'end_effector_description' with the following arguments: {'ament_cmake_args': None, 'build_base': '/home/dev/Desktop/MTRN4231_Project/build/end_effector_description', 'catkin_cmake_args': None, 'catkin_skip_building_tests': False, 'cmake_args': None, 'cmake_clean_cache': False, 'cmake_clean_first': False, 'cmake_force_configure': False, 'cmake_target': None, 'cmake_target_skip_unavailable': False, 'install_base': '/home/dev/Desktop/MTRN4231_Project/install/end_effector_description', 'merge_install': False, 'path': '/home/dev/Desktop/MTRN4231_Project/src/end_effector_description', 'symlink_install': False, 'test_result_base': None}
[0.330s] Level 5:colcon.colcon_core.verb:set package 'arm_controller' build argument 'cmake_args' from command line to 'None'
[0.330s] Level 5:colcon.colcon_core.verb:set package 'arm_controller' build argument 'cmake_target' from command line to 'None'
[0.330s] Level 5:colcon.colcon_core.verb:set package 'arm_controller' build argument 'cmake_target_skip_unavailable' from command line to 'False'
[0.330s] Level 5:colcon.colcon_core.verb:set package 'arm_controller' build argument 'cmake_clean_cache' from command line to 'False'
[0.330s] Level 5:colcon.colcon_core.verb:set package 'arm_controller' build argument 'cmake_clean_first' from command line to 'False'
[0.330s] Level 5:colcon.colcon_core.verb:set package 'arm_controller' build argument 'cmake_force_configure' from command line to 'False'
[0.330s] Level 5:colcon.colcon_core.verb:set package 'arm_controller' build argument 'ament_cmake_args' from command line to 'None'
[0.330s] Level 5:colcon.colcon_core.verb:set package 'arm_controller' build argument 'catkin_cmake_args' from command line to 'None'
[0.330s] Level 5:colcon.colcon_core.verb:set package 'arm_controller' build argument 'catkin_skip_building_tests' from command line to 'False'
[0.330s] DEBUG:colcon.colcon_core.verb:Building package 'arm_controller' with the following arguments: {'ament_cmake_args': None, 'build_base': '/home/dev/Desktop/MTRN4231_Project/build/arm_controller', 'catkin_cmake_args': None, 'catkin_skip_building_tests': False, 'cmake_args': None, 'cmake_clean_cache': False, 'cmake_clean_first': False, 'cmake_force_configure': False, 'cmake_target': None, 'cmake_target_skip_unavailable': False, 'install_base': '/home/dev/Desktop/MTRN4231_Project/install/arm_controller', 'merge_install': False, 'path': '/home/dev/Desktop/MTRN4231_Project/src/arm_controller', 'symlink_install': False, 'test_result_base': None}
[0.331s] Level 5:colcon.colcon_core.verb:set package 'ur5e_custom_description' build argument 'cmake_args' from command line to 'None'
[0.331s] Level 5:colcon.colcon_core.verb:set package 'ur5e_custom_description' build argument 'cmake_target' from command line to 'None'
[0.331s] Level 5:colcon.colcon_core.verb:set package 'ur5e_custom_description' build argument 'cmake_target_skip_unavailable' from command line to 'False'
[0.331s] Level 5:colcon.colcon_core.verb:set package 'ur5e_custom_description' build argument 'cmake_clean_cache' from command line to 'False'
[0.331s] Level 5:colcon.colcon_core.verb:set package 'ur5e_custom_description' build argument 'cmake_clean_first' from command line to 'False'
[0.331s] Level 5:colcon.colcon_core.verb:set package 'ur5e_custom_description' build argument 'cmake_force_configure' from command line to 'False'
[0.331s] Level 5:colcon.colcon_core.verb:set package 'ur5e_custom_description' build argument 'ament_cmake_args' from command line to 'None'
[0.331s] Level 5:colcon.colcon_core.verb:set package 'ur5e_custom_description' build argument 'catkin_cmake_args' from command line to 'None'
[0.331s] Level 5:colcon.colcon_core.verb:set package 'ur5e_custom_description' build argument 'catkin_skip_building_tests' from command line to 'False'
[0.331s] DEBUG:colcon.colcon_core.verb:Building package 'ur5e_custom_description' with the following arguments: {'ament_cmake_args': None, 'build_base': '/home/dev/Desktop/MTRN4231_Project/build/ur5e_custom_description', 'catkin_cmake_args': None, 'catkin_skip_building_tests': False, 'cmake_args': None, 'cmake_clean_cache': False, 'cmake_clean_first': False, 'cmake_force_configure': False, 'cmake_target': None, 'cmake_target_skip_unavailable': False, 'install_base': '/home/dev/Desktop/MTRN4231_Project/install/ur5e_custom_description', 'merge_install': False, 'path': '/home/dev/Desktop/MTRN4231_Project/src/ur5e_custom_description', 'symlink_install': False, 'test_result_base': None}
[0.331s] Level 5:colcon.colcon_core.verb:set package 'ur5e_moveit_config_custom' build argument 'cmake_args' from command line to 'None'
[0.331s] Level 5:colcon.colcon_core.verb:set package 'ur5e_moveit_config_custom' build argument 'cmake_target' from command line to 'None'
[0.331s] Level 5:colcon.colcon_core.verb:set package 'ur5e_moveit_config_custom' build argument 'cmake_target_skip_unavailable' from command line to 'False'
[0.331s] Level 5:colcon.colcon_core.verb:set package 'ur5e_moveit_config_custom' build argument 'cmake_clean_cache' from command line to 'False'
[0.331s] Level 5:colcon.colcon_core.verb:set package 'ur5e_moveit_config_custom' build argument 'cmake_clean_first' from command line to 'False'
[0.331s] Level 5:colcon.colcon_core.verb:set package 'ur5e_moveit_config_custom' build argument 'cmake_force_configure' from command line to 'False'
[0.331s] Level 5:colcon.colcon_core.verb:set package 'ur5e_moveit_config_custom' build argument 'ament_cmake_args' from command line to 'None'
[0.331s] Level 5:colcon.colcon_core.verb:set package 'ur5e_moveit_config_custom' build argument 'catkin_cmake_args' from command line to 'None'
[0.331s] Level 5:colcon.colcon_core.verb:set package 'ur5e_moveit_config_custom' build argument 'catkin_skip_building_tests' from command line to 'False'
[0.331s] DEBUG:colcon.colcon_core.verb:Building package 'ur5e_moveit_config_custom' with the following arguments: {'ament_cmake_args': None, 'build_base': '/home/dev/Desktop/MTRN4231_Project/build/ur5e_moveit_config_custom', 'catkin_cmake_args': None, 'catkin_skip_building_tests': False, 'cmake_args': None, 'cmake_clean_cache': False, 'cmake_clean_first': False, 'cmake_force_configure': False, 'cmake_target': None, 'cmake_target_skip_unavailable': False, 'install_base': '/home/dev/Desktop/MTRN4231_Project/install/ur5e_moveit_config_custom', 'merge_install': False, 'path': '/home/dev/Desktop/MTRN4231_Project/src/ur5e_moveit_config_custom', 'symlink_install': False, 'test_result_base': None}
[0.331s] INFO:colcon.colcon_core.executor:Executing jobs using 'parallel' executor
[0.332s] DEBUG:colcon.colcon_parallel_executor.executor.parallel:run_until_complete
[0.333s] INFO:colcon.colcon_ros.task.ament_cmake.build:Building ROS package in '/home/dev/Desktop/MTRN4231_Project/src/end_effector_description' with build type 'ament_cmake'
[0.333s] INFO:colcon.colcon_cmake.task.cmake.build:Building CMake package in '/home/dev/Desktop/MTRN4231_Project/src/end_effector_description'
[0.334s] INFO:colcon.colcon_core.plugin_system:Skipping extension 'colcon_core.shell.bat': Not used on non-Windows systems
[0.335s] INFO:colcon.colcon_core.shell:Skip shell extension 'powershell' for command environment: Not usable outside of PowerShell
[0.335s] DEBUG:colcon.colcon_core.shell:Skip shell extension 'dsv' for command environment
[0.338s] INFO:colcon.colcon_ros.task.ament_cmake.build:Building ROS package in '/home/dev/Desktop/MTRN4231_Project/src/custom_interfaces' with build type 'ament_cmake'
[0.339s] INFO:colcon.colcon_cmake.task.cmake.build:Building CMake package in '/home/dev/Desktop/MTRN4231_Project/src/custom_interfaces'
[0.339s] INFO:colcon.colcon_core.shell:Skip shell extension 'powershell' for command environment: Not usable outside of PowerShell
[0.339s] DEBUG:colcon.colcon_core.shell:Skip shell extension 'dsv' for command environment
[0.353s] DEBUG:colcon.colcon_core.event_handler.log_command:Invoking command in '/home/dev/Desktop/MTRN4231_Project/build/end_effector_description': CMAKE_PREFIX_PATH=${CMAKE_PREFIX_PATH}:/opt/ros/humble /usr/bin/cmake --build /home/dev/Desktop/MTRN4231_Project/build/end_effector_description -- -j12 -l12
[0.357s] DEBUG:colcon.colcon_core.event_handler.log_command:Invoking command in '/home/dev/Desktop/MTRN4231_Project/build/custom_interfaces': CMAKE_PREFIX_PATH=${CMAKE_PREFIX_PATH}:/opt/ros/humble /usr/bin/cmake --build /home/dev/Desktop/MTRN4231_Project/build/custom_interfaces -- -j12 -l12
[0.595s] DEBUG:colcon.colcon_core.event_handler.log_command:Invoked command in '/home/dev/Desktop/MTRN4231_Project/build/end_effector_description' returned '0': CMAKE_PREFIX_PATH=${CMAKE_PREFIX_PATH}:/opt/ros/humble /usr/bin/cmake --build /home/dev/Desktop/MTRN4231_Project/build/end_effector_description -- -j12 -l12
[0.606s] DEBUG:colcon.colcon_core.event_handler.log_command:Invoking command in '/home/dev/Desktop/MTRN4231_Project/build/end_effector_description': CMAKE_PREFIX_PATH=${CMAKE_PREFIX_PATH}:/opt/ros/humble /usr/bin/cmake --install /home/dev/Desktop/MTRN4231_Project/build/end_effector_description
[0.618s] Level 1:colcon.colcon_core.environment:create_environment_scripts_only(end_effector_description)
[0.618s] DEBUG:colcon.colcon_core.event_handler.log_command:Invoked command in '/home/dev/Desktop/MTRN4231_Project/build/end_effector_description' returned '0': CMAKE_PREFIX_PATH=${CMAKE_PREFIX_PATH}:/opt/ros/humble /usr/bin/cmake --install /home/dev/Desktop/MTRN4231_Project/build/end_effector_description
[0.620s] Level 1:colcon.colcon_core.environment:checking '/home/dev/Desktop/MTRN4231_Project/install/end_effector_description' for CMake module files
[0.621s] Level 1:colcon.colcon_core.environment:checking '/home/dev/Desktop/MTRN4231_Project/install/end_effector_description' for CMake config files
[0.621s] Level 1:colcon.colcon_core.shell:create_environment_hook('end_effector_description', 'cmake_prefix_path')
[0.621s] INFO:colcon.colcon_core.shell:Creating environment hook '/home/dev/Desktop/MTRN4231_Project/install/end_effector_description/share/end_effector_description/hook/cmake_prefix_path.ps1'
[0.622s] INFO:colcon.colcon_core.shell:Creating environment descriptor '/home/dev/Desktop/MTRN4231_Project/install/end_effector_description/share/end_effector_description/hook/cmake_prefix_path.dsv'
[0.622s] INFO:colcon.colcon_core.shell:Creating environment hook '/home/dev/Desktop/MTRN4231_Project/install/end_effector_description/share/end_effector_description/hook/cmake_prefix_path.sh'
[0.623s] Level 1:colcon.colcon_core.environment:checking '/home/dev/Desktop/MTRN4231_Project/install/end_effector_description/bin'
[0.623s] Level 1:colcon.colcon_core.environment:checking '/home/dev/Desktop/MTRN4231_Project/install/end_effector_description/lib/pkgconfig/end_effector_description.pc'
[0.623s] Level 1:colcon.colcon_core.environment:checking '/home/dev/Desktop/MTRN4231_Project/install/end_effector_description/lib/python3.10/site-packages'
[0.623s] Level 1:colcon.colcon_core.environment:checking '/home/dev/Desktop/MTRN4231_Project/install/end_effector_description/bin'
[0.623s] INFO:colcon.colcon_core.shell:Creating package script '/home/dev/Desktop/MTRN4231_Project/install/end_effector_description/share/end_effector_description/package.ps1'
[0.624s] INFO:colcon.colcon_core.shell:Creating package descriptor '/home/dev/Desktop/MTRN4231_Project/install/end_effector_description/share/end_effector_description/package.dsv'
[0.625s] INFO:colcon.colcon_core.shell:Creating package script '/home/dev/Desktop/MTRN4231_Project/install/end_effector_description/share/end_effector_description/package.sh'
[0.625s] INFO:colcon.colcon_core.shell:Creating package script '/home/dev/Desktop/MTRN4231_Project/install/end_effector_description/share/end_effector_description/package.bash'
[0.626s] INFO:colcon.colcon_core.shell:Creating package script '/home/dev/Desktop/MTRN4231_Project/install/end_effector_description/share/end_effector_description/package.zsh'
[0.626s] Level 1:colcon.colcon_core.environment:create_file_with_runtime_dependencies(/home/dev/Desktop/MTRN4231_Project/install/end_effector_description/share/colcon-core/packages/end_effector_description)
[0.627s] Level 1:colcon.colcon_core.environment:create_environment_scripts_only(end_effector_description)
[0.627s] Level 1:colcon.colcon_core.environment:checking '/home/dev/Desktop/MTRN4231_Project/install/end_effector_description' for CMake module files
[0.627s] Level 1:colcon.colcon_core.environment:checking '/home/dev/Desktop/MTRN4231_Project/install/end_effector_description' for CMake config files
[0.627s] Level 1:colcon.colcon_core.shell:create_environment_hook('end_effector_description', 'cmake_prefix_path')
[0.628s] INFO:colcon.colcon_core.shell:Creating environment hook '/home/dev/Desktop/MTRN4231_Project/install/end_effector_description/share/end_effector_description/hook/cmake_prefix_path.ps1'
[0.628s] INFO:colcon.colcon_core.shell:Creating environment descriptor '/home/dev/Desktop/MTRN4231_Project/install/end_effector_description/share/end_effector_description/hook/cmake_prefix_path.dsv'
[0.628s] INFO:colcon.colcon_core.shell:Creating environment hook '/home/dev/Desktop/MTRN4231_Project/install/end_effector_description/share/end_effector_description/hook/cmake_prefix_path.sh'
[0.629s] Level 1:colcon.colcon_core.environment:checking '/home/dev/Desktop/MTRN4231_Project/install/end_effector_description/bin'
[0.629s] Level 1:colcon.colcon_core.environment:checking '/home/dev/Desktop/MTRN4231_Project/install/end_effector_description/lib/pkgconfig/end_effector_description.pc'
[0.629s] Level 1:colcon.colcon_core.environment:checking '/home/dev/Desktop/MTRN4231_Project/install/end_effector_description/lib/python3.10/site-packages'
[0.629s] Level 1:colcon.colcon_core.environment:checking '/home/dev/Desktop/MTRN4231_Project/install/end_effector_description/bin'
[0.629s] INFO:colcon.colcon_core.shell:Creating package script '/home/dev/Desktop/MTRN4231_Project/install/end_effector_description/share/end_effector_description/package.ps1'
[0.630s] INFO:colcon.colcon_core.shell:Creating package descriptor '/home/dev/Desktop/MTRN4231_Project/install/end_effector_description/share/end_effector_description/package.dsv'
[0.630s] INFO:colcon.colcon_core.shell:Creating package script '/home/dev/Desktop/MTRN4231_Project/install/end_effector_description/share/end_effector_description/package.sh'
[0.631s] INFO:colcon.colcon_core.shell:Creating package script '/home/dev/Desktop/MTRN4231_Project/install/end_effector_description/share/end_effector_description/package.bash'
[0.631s] INFO:colcon.colcon_core.shell:Creating package script '/home/dev/Desktop/MTRN4231_Project/install/end_effector_description/share/end_effector_description/package.zsh'
[0.631s] Level 1:colcon.colcon_core.environment:create_file_with_runtime_dependencies(/home/dev/Desktop/MTRN4231_Project/install/end_effector_description/share/colcon-core/packages/end_effector_description)
[0.632s] INFO:colcon.colcon_ros.task.ament_cmake.build:Building ROS package in '/home/dev/Desktop/MTRN4231_Project/src/ur5e_custom_description' with build type 'ament_cmake'
[0.632s] INFO:colcon.colcon_cmake.task.cmake.build:Building CMake package in '/home/dev/Desktop/MTRN4231_Project/src/ur5e_custom_description'
[0.632s] INFO:colcon.colcon_core.shell:Skip shell extension 'powershell' for command environment: Not usable outside of PowerShell
[0.632s] DEBUG:colcon.colcon_core.shell:Skip shell extension 'dsv' for command environment
[0.636s] INFO:colcon.colcon_ros.task.ament_cmake.build:Building ROS package in '/home/dev/Desktop/MTRN4231_Project/src/ur5e_moveit_config_custom' with build type 'ament_cmake'
[0.636s] INFO:colcon.colcon_cmake.task.cmake.build:Building CMake package in '/home/dev/Desktop/MTRN4231_Project/src/ur5e_moveit_config_custom'
[0.636s] INFO:colcon.colcon_core.shell:Skip shell extension 'powershell' for command environment: Not usable outside of PowerShell
[0.636s] DEBUG:colcon.colcon_core.shell:Skip shell extension 'dsv' for command environment
[0.645s] DEBUG:colcon.colcon_core.event_handler.log_command:Invoking command in '/home/dev/Desktop/MTRN4231_Project/build/ur5e_custom_description': CMAKE_PREFIX_PATH=/home/dev/Desktop/MTRN4231_Project/install/end_effector_description:/home/dev/Desktop/MTRN4231_Project/install/ur5e_moveit_config_custom:/home/dev/Desktop/MTRN4231_Project/install/ur5e_custom_description:/home/dev/Desktop/MTRN4231_Project/install/arm_controller:/home/dev/Desktop/MTRN4231_Project/install/custom_interfaces:/opt/ros/humble /usr/bin/cmake --build /home/dev/Desktop/MTRN4231_Project/build/ur5e_custom_description -- -j12 -l12
[0.649s] DEBUG:colcon.colcon_core.event_handler.log_command:Invoking command in '/home/dev/Desktop/MTRN4231_Project/build/ur5e_moveit_config_custom': CMAKE_PREFIX_PATH=/home/dev/Desktop/MTRN4231_Project/install/end_effector_description:/home/dev/Desktop/MTRN4231_Project/install/ur5e_moveit_config_custom:/home/dev/Desktop/MTRN4231_Project/install/ur5e_custom_description:/home/dev/Desktop/MTRN4231_Project/install/arm_controller:/home/dev/Desktop/MTRN4231_Project/install/custom_interfaces:/opt/ros/humble /usr/bin/cmake --build /home/dev/Desktop/MTRN4231_Project/build/ur5e_moveit_config_custom -- -j12 -l12
[0.689s] DEBUG:colcon.colcon_core.event_handler.log_command:Invoked command in '/home/dev/Desktop/MTRN4231_Project/build/ur5e_moveit_config_custom' returned '0': CMAKE_PREFIX_PATH=/home/dev/Desktop/MTRN4231_Project/install/end_effector_description:/home/dev/Desktop/MTRN4231_Project/install/ur5e_moveit_config_custom:/home/dev/Desktop/MTRN4231_Project/install/ur5e_custom_description:/home/dev/Desktop/MTRN4231_Project/install/arm_controller:/home/dev/Desktop/MTRN4231_Project/install/custom_interfaces:/opt/ros/humble /usr/bin/cmake --build /home/dev/Desktop/MTRN4231_Project/build/ur5e_moveit_config_custom -- -j12 -l12
[0.691s] DEBUG:colcon.colcon_core.event_handler.log_command:Invoking command in '/home/dev/Desktop/MTRN4231_Project/build/ur5e_moveit_config_custom': CMAKE_PREFIX_PATH=/home/dev/Desktop/MTRN4231_Project/install/end_effector_description:/home/dev/Desktop/MTRN4231_Project/install/ur5e_moveit_config_custom:/home/dev/Desktop/MTRN4231_Project/install/ur5e_custom_description:/home/dev/Desktop/MTRN4231_Project/install/arm_controller:/home/dev/Desktop/MTRN4231_Project/install/custom_interfaces:/opt/ros/humble /usr/bin/cmake --install /home/dev/Desktop/MTRN4231_Project/build/ur5e_moveit_config_custom
[0.694s] DEBUG:colcon.colcon_core.event_handler.log_command:Invoked command in '/home/dev/Desktop/MTRN4231_Project/build/ur5e_custom_description' returned '0': CMAKE_PREFIX_PATH=/home/dev/Desktop/MTRN4231_Project/install/end_effector_description:/home/dev/Desktop/MTRN4231_Project/install/ur5e_moveit_config_custom:/home/dev/Desktop/MTRN4231_Project/install/ur5e_custom_description:/home/dev/Desktop/MTRN4231_Project/install/arm_controller:/home/dev/Desktop/MTRN4231_Project/install/custom_interfaces:/opt/ros/humble /usr/bin/cmake --build /home/dev/Desktop/MTRN4231_Project/build/ur5e_custom_description -- -j12 -l12
[0.697s] DEBUG:colcon.colcon_core.event_handler.log_command:Invoking command in '/home/dev/Desktop/MTRN4231_Project/build/ur5e_custom_description': CMAKE_PREFIX_PATH=/home/dev/Desktop/MTRN4231_Project/install/end_effector_description:/home/dev/Desktop/MTRN4231_Project/install/ur5e_moveit_config_custom:/home/dev/Desktop/MTRN4231_Project/install/ur5e_custom_description:/home/dev/Desktop/MTRN4231_Project/install/arm_controller:/home/dev/Desktop/MTRN4231_Project/install/custom_interfaces:/opt/ros/humble /usr/bin/cmake --install /home/dev/Desktop/MTRN4231_Project/build/ur5e_custom_description
[0.698s] DEBUG:colcon.colcon_core.event_handler.log_command:Invoked command in '/home/dev/Desktop/MTRN4231_Project/build/custom_interfaces' returned '0': CMAKE_PREFIX_PATH=${CMAKE_PREFIX_PATH}:/opt/ros/humble /usr/bin/cmake --build /home/dev/Desktop/MTRN4231_Project/build/custom_interfaces -- -j12 -l12
[0.701s] DEBUG:colcon.colcon_core.event_handler.log_command:Invoking command in '/home/dev/Desktop/MTRN4231_Project/build/custom_interfaces': CMAKE_PREFIX_PATH=${CMAKE_PREFIX_PATH}:/opt/ros/humble /usr/bin/cmake --install /home/dev/Desktop/MTRN4231_Project/build/custom_interfaces
[0.702s] Level 1:colcon.colcon_core.environment:create_environment_scripts_only(ur5e_moveit_config_custom)
[0.702s] Level 1:colcon.colcon_core.environment:checking '/home/dev/Desktop/MTRN4231_Project/install/ur5e_moveit_config_custom' for CMake module files
[0.703s] DEBUG:colcon.colcon_core.event_handler.log_command:Invoked command in '/home/dev/Desktop/MTRN4231_Project/build/ur5e_moveit_config_custom' returned '0': CMAKE_PREFIX_PATH=/home/dev/Desktop/MTRN4231_Project/install/end_effector_description:/home/dev/Desktop/MTRN4231_Project/install/ur5e_moveit_config_custom:/home/dev/Desktop/MTRN4231_Project/install/ur5e_custom_description:/home/dev/Desktop/MTRN4231_Project/install/arm_controller:/home/dev/Desktop/MTRN4231_Project/install/custom_interfaces:/opt/ros/humble /usr/bin/cmake --install /home/dev/Desktop/MTRN4231_Project/build/ur5e_moveit_config_custom
[0.704s] Level 1:colcon.colcon_core.environment:checking '/home/dev/Desktop/MTRN4231_Project/install/ur5e_moveit_config_custom' for CMake config files
[0.706s] Level 1:colcon.colcon_core.shell:create_environment_hook('ur5e_moveit_config_custom', 'cmake_prefix_path')
[0.706s] INFO:colcon.colcon_core.shell:Creating environment hook '/home/dev/Desktop/MTRN4231_Project/install/ur5e_moveit_config_custom/share/ur5e_moveit_config_custom/hook/cmake_prefix_path.ps1'
[0.707s] INFO:colcon.colcon_core.shell:Creating environment descriptor '/home/dev/Desktop/MTRN4231_Project/install/ur5e_moveit_config_custom/share/ur5e_moveit_config_custom/hook/cmake_prefix_path.dsv'
[0.707s] INFO:colcon.colcon_core.shell:Creating environment hook '/home/dev/Desktop/MTRN4231_Project/install/ur5e_moveit_config_custom/share/ur5e_moveit_config_custom/hook/cmake_prefix_path.sh'
[0.709s] Level 1:colcon.colcon_core.environment:checking '/home/dev/Desktop/MTRN4231_Project/install/ur5e_moveit_config_custom/bin'
[0.709s] Level 1:colcon.colcon_core.environment:checking '/home/dev/Desktop/MTRN4231_Project/install/ur5e_moveit_config_custom/lib/pkgconfig/ur5e_moveit_config_custom.pc'
[0.709s] Level 1:colcon.colcon_core.environment:checking '/home/dev/Desktop/MTRN4231_Project/install/ur5e_moveit_config_custom/lib/python3.10/site-packages'
[0.709s] Level 1:colcon.colcon_core.environment:checking '/home/dev/Desktop/MTRN4231_Project/install/ur5e_moveit_config_custom/bin'
[0.710s] INFO:colcon.colcon_core.shell:Creating package script '/home/dev/Desktop/MTRN4231_Project/install/ur5e_moveit_config_custom/share/ur5e_moveit_config_custom/package.ps1'
[0.712s] INFO:colcon.colcon_core.shell:Creating package descriptor '/home/dev/Desktop/MTRN4231_Project/install/ur5e_moveit_config_custom/share/ur5e_moveit_config_custom/package.dsv'
[0.714s] INFO:colcon.colcon_core.shell:Creating package script '/home/dev/Desktop/MTRN4231_Project/install/ur5e_moveit_config_custom/share/ur5e_moveit_config_custom/package.sh'
[0.716s] INFO:colcon.colcon_core.shell:Creating package script '/home/dev/Desktop/MTRN4231_Project/install/ur5e_moveit_config_custom/share/ur5e_moveit_config_custom/package.bash'
[0.717s] INFO:colcon.colcon_core.shell:Creating package script '/home/dev/Desktop/MTRN4231_Project/install/ur5e_moveit_config_custom/share/ur5e_moveit_config_custom/package.zsh'
[0.717s] Level 1:colcon.colcon_core.environment:create_file_with_runtime_dependencies(/home/dev/Desktop/MTRN4231_Project/install/ur5e_moveit_config_custom/share/colcon-core/packages/ur5e_moveit_config_custom)
[0.717s] Level 1:colcon.colcon_core.environment:create_environment_scripts_only(ur5e_moveit_config_custom)
[0.718s] Level 1:colcon.colcon_core.environment:checking '/home/dev/Desktop/MTRN4231_Project/install/ur5e_moveit_config_custom' for CMake module files
[0.718s] Level 1:colcon.colcon_core.environment:checking '/home/dev/Desktop/MTRN4231_Project/install/ur5e_moveit_config_custom' for CMake config files
[0.718s] Level 1:colcon.colcon_core.shell:create_environment_hook('ur5e_moveit_config_custom', 'cmake_prefix_path')
[0.719s] INFO:colcon.colcon_core.shell:Creating environment hook '/home/dev/Desktop/MTRN4231_Project/install/ur5e_moveit_config_custom/share/ur5e_moveit_config_custom/hook/cmake_prefix_path.ps1'
[0.719s] INFO:colcon.colcon_core.shell:Creating environment descriptor '/home/dev/Desktop/MTRN4231_Project/install/ur5e_moveit_config_custom/share/ur5e_moveit_config_custom/hook/cmake_prefix_path.dsv'
[0.719s] INFO:colcon.colcon_core.shell:Creating environment hook '/home/dev/Desktop/MTRN4231_Project/install/ur5e_moveit_config_custom/share/ur5e_moveit_config_custom/hook/cmake_prefix_path.sh'
[0.720s] Level 1:colcon.colcon_core.environment:checking '/home/dev/Desktop/MTRN4231_Project/install/ur5e_moveit_config_custom/bin'
[0.720s] Level 1:colcon.colcon_core.environment:checking '/home/dev/Desktop/MTRN4231_Project/install/ur5e_moveit_config_custom/lib/pkgconfig/ur5e_moveit_config_custom.pc'
[0.720s] Level 1:colcon.colcon_core.environment:checking '/home/dev/Desktop/MTRN4231_Project/install/ur5e_moveit_config_custom/lib/python3.10/site-packages'
[0.720s] Level 1:colcon.colcon_core.environment:checking '/home/dev/Desktop/MTRN4231_Project/install/ur5e_moveit_config_custom/bin'
[0.720s] INFO:colcon.colcon_core.shell:Creating package script '/home/dev/Desktop/MTRN4231_Project/install/ur5e_moveit_config_custom/share/ur5e_moveit_config_custom/package.ps1'
[0.721s] INFO:colcon.colcon_core.shell:Creating package descriptor '/home/dev/Desktop/MTRN4231_Project/install/ur5e_moveit_config_custom/share/ur5e_moveit_config_custom/package.dsv'
[0.721s] INFO:colcon.colcon_core.shell:Creating package script '/home/dev/Desktop/MTRN4231_Project/install/ur5e_moveit_config_custom/share/ur5e_moveit_config_custom/package.sh'
[0.722s] INFO:colcon.colcon_core.shell:Creating package script '/home/dev/Desktop/MTRN4231_Project/install/ur5e_moveit_config_custom/share/ur5e_moveit_config_custom/package.bash'
[0.722s] INFO:colcon.colcon_core.shell:Creating package script '/home/dev/Desktop/MTRN4231_Project/install/ur5e_moveit_config_custom/share/ur5e_moveit_config_custom/package.zsh'
[0.722s] Level 1:colcon.colcon_core.environment:create_file_with_runtime_dependencies(/home/dev/Desktop/MTRN4231_Project/install/ur5e_moveit_config_custom/share/colcon-core/packages/ur5e_moveit_config_custom)
[0.723s] Level 1:colcon.colcon_core.environment:create_environment_scripts_only(ur5e_custom_description)
[0.723s] Level 1:colcon.colcon_core.environment:checking '/home/dev/Desktop/MTRN4231_Project/install/ur5e_custom_description' for CMake module files
[0.724s] DEBUG:colcon.colcon_core.event_handler.log_command:Invoked command in '/home/dev/Desktop/MTRN4231_Project/build/ur5e_custom_description' returned '0': CMAKE_PREFIX_PATH=/home/dev/Desktop/MTRN4231_Project/install/end_effector_description:/home/dev/Desktop/MTRN4231_Project/install/ur5e_moveit_config_custom:/home/dev/Desktop/MTRN4231_Project/install/ur5e_custom_description:/home/dev/Desktop/MTRN4231_Project/install/arm_controller:/home/dev/Desktop/MTRN4231_Project/install/custom_interfaces:/opt/ros/humble /usr/bin/cmake --install /home/dev/Desktop/MTRN4231_Project/build/ur5e_custom_description
[0.724s] Level 1:colcon.colcon_core.environment:checking '/home/dev/Desktop/MTRN4231_Project/install/ur5e_custom_description' for CMake config files
[0.724s] Level 1:colcon.colcon_core.shell:create_environment_hook('ur5e_custom_description', 'cmake_prefix_path')
[0.725s] INFO:colcon.colcon_core.shell:Creating environment hook '/home/dev/Desktop/MTRN4231_Project/install/ur5e_custom_description/share/ur5e_custom_description/hook/cmake_prefix_path.ps1'
[0.725s] INFO:colcon.colcon_core.shell:Creating environment descriptor '/home/dev/Desktop/MTRN4231_Project/install/ur5e_custom_description/share/ur5e_custom_description/hook/cmake_prefix_path.dsv'
[0.725s] INFO:colcon.colcon_core.shell:Creating environment hook '/home/dev/Desktop/MTRN4231_Project/install/ur5e_custom_description/share/ur5e_custom_description/hook/cmake_prefix_path.sh'
[0.726s] Level 1:colcon.colcon_core.environment:checking '/home/dev/Desktop/MTRN4231_Project/install/ur5e_custom_description/bin'
[0.726s] Level 1:colcon.colcon_core.environment:checking '/home/dev/Desktop/MTRN4231_Project/install/ur5e_custom_description/lib/pkgconfig/ur5e_custom_description.pc'
[0.726s] Level 1:colcon.colcon_core.environment:checking '/home/dev/Desktop/MTRN4231_Project/install/ur5e_custom_description/lib/python3.10/site-packages'
[0.726s] Level 1:colcon.colcon_core.environment:checking '/home/dev/Desktop/MTRN4231_Project/install/ur5e_custom_description/bin'
[0.727s] INFO:colcon.colcon_core.shell:Creating package script '/home/dev/Desktop/MTRN4231_Project/install/ur5e_custom_description/share/ur5e_custom_description/package.ps1'
[0.727s] INFO:colcon.colcon_core.shell:Creating package descriptor '/home/dev/Desktop/MTRN4231_Project/install/ur5e_custom_description/share/ur5e_custom_description/package.dsv'
[0.727s] INFO:colcon.colcon_core.shell:Creating package script '/home/dev/Desktop/MTRN4231_Project/install/ur5e_custom_description/share/ur5e_custom_description/package.sh'
[0.728s] INFO:colcon.colcon_core.shell:Creating package script '/home/dev/Desktop/MTRN4231_Project/install/ur5e_custom_description/share/ur5e_custom_description/package.bash'
[0.728s] INFO:colcon.colcon_core.shell:Creating package script '/home/dev/Desktop/MTRN4231_Project/install/ur5e_custom_description/share/ur5e_custom_description/package.zsh'
[0.728s] Level 1:colcon.colcon_core.environment:create_file_with_runtime_dependencies(/home/dev/Desktop/MTRN4231_Project/install/ur5e_custom_description/share/colcon-core/packages/ur5e_custom_description)
[0.729s] Level 1:colcon.colcon_core.environment:create_environment_scripts_only(ur5e_custom_description)
[0.729s] Level 1:colcon.colcon_core.environment:checking '/home/dev/Desktop/MTRN4231_Project/install/ur5e_custom_description' for CMake module files
[0.730s] Level 1:colcon.colcon_core.environment:checking '/home/dev/Desktop/MTRN4231_Project/install/ur5e_custom_description' for CMake config files
[0.730s] Level 1:colcon.colcon_core.shell:create_environment_hook('ur5e_custom_description', 'cmake_prefix_path')
[0.730s] INFO:colcon.colcon_core.shell:Creating environment hook '/home/dev/Desktop/MTRN4231_Project/install/ur5e_custom_description/share/ur5e_custom_description/hook/cmake_prefix_path.ps1'
[0.731s] INFO:colcon.colcon_core.shell:Creating environment descriptor '/home/dev/Desktop/MTRN4231_Project/install/ur5e_custom_description/share/ur5e_custom_description/hook/cmake_prefix_path.dsv'
[0.731s] INFO:colcon.colcon_core.shell:Creating environment hook '/home/dev/Desktop/MTRN4231_Project/install/ur5e_custom_description/share/ur5e_custom_description/hook/cmake_prefix_path.sh'
[0.732s] Level 1:colcon.colcon_core.environment:checking '/home/dev/Desktop/MTRN4231_Project/install/ur5e_custom_description/bin'
[0.732s] Level 1:colcon.colcon_core.environment:checking '/home/dev/Desktop/MTRN4231_Project/install/ur5e_custom_description/lib/pkgconfig/ur5e_custom_description.pc'
[0.732s] Level 1:colcon.colcon_core.environment:checking '/home/dev/Desktop/MTRN4231_Project/install/ur5e_custom_description/lib/python3.10/site-packages'
[0.733s] Level 1:colcon.colcon_core.environment:checking '/home/dev/Desktop/MTRN4231_Project/install/ur5e_custom_description/bin'
[0.733s] INFO:colcon.colcon_core.shell:Creating package script '/home/dev/Desktop/MTRN4231_Project/install/ur5e_custom_description/share/ur5e_custom_description/package.ps1'
[0.734s] INFO:colcon.colcon_core.shell:Creating package descriptor '/home/dev/Desktop/MTRN4231_Project/install/ur5e_custom_description/share/ur5e_custom_description/package.dsv'
[0.734s] INFO:colcon.colcon_core.shell:Creating package script '/home/dev/Desktop/MTRN4231_Project/install/ur5e_custom_description/share/ur5e_custom_description/package.sh'
[0.734s] INFO:colcon.colcon_core.shell:Creating package script '/home/dev/Desktop/MTRN4231_Project/install/ur5e_custom_description/share/ur5e_custom_description/package.bash'
[0.735s] INFO:colcon.colcon_core.shell:Creating package script '/home/dev/Desktop/MTRN4231_Project/install/ur5e_custom_description/share/ur5e_custom_description/package.zsh'
[0.735s] Level 1:colcon.colcon_core.environment:create_file_with_runtime_dependencies(/home/dev/Desktop/MTRN4231_Project/install/ur5e_custom_description/share/colcon-core/packages/ur5e_custom_description)
[0.763s] Level 1:colcon.colcon_core.environment:create_environment_scripts_only(custom_interfaces)
[0.764s] Level 1:colcon.colcon_core.environment:checking '/home/dev/Desktop/MTRN4231_Project/install/custom_interfaces' for CMake module files
[0.765s] DEBUG:colcon.colcon_core.event_handler.log_command:Invoked command in '/home/dev/Desktop/MTRN4231_Project/build/custom_interfaces' returned '0': CMAKE_PREFIX_PATH=${CMAKE_PREFIX_PATH}:/opt/ros/humble /usr/bin/cmake --install /home/dev/Desktop/MTRN4231_Project/build/custom_interfaces
[0.765s] Level 1:colcon.colcon_core.environment:checking '/home/dev/Desktop/MTRN4231_Project/install/custom_interfaces' for CMake config files
[0.766s] Level 1:colcon.colcon_core.shell:create_environment_hook('custom_interfaces', 'cmake_prefix_path')
[0.766s] INFO:colcon.colcon_core.shell:Creating environment hook '/home/dev/Desktop/MTRN4231_Project/install/custom_interfaces/share/custom_interfaces/hook/cmake_prefix_path.ps1'
[0.767s] INFO:colcon.colcon_core.shell:Creating environment descriptor '/home/dev/Desktop/MTRN4231_Project/install/custom_interfaces/share/custom_interfaces/hook/cmake_prefix_path.dsv'
[0.767s] INFO:colcon.colcon_core.shell:Creating environment hook '/home/dev/Desktop/MTRN4231_Project/install/custom_interfaces/share/custom_interfaces/hook/cmake_prefix_path.sh'
[0.768s] Level 1:colcon.colcon_core.environment:checking '/home/dev/Desktop/MTRN4231_Project/install/custom_interfaces/lib'
[0.768s] Level 1:colcon.colcon_core.shell:create_environment_hook('custom_interfaces', 'ld_library_path_lib')
[0.768s] INFO:colcon.colcon_core.shell:Creating environment hook '/home/dev/Desktop/MTRN4231_Project/install/custom_interfaces/share/custom_interfaces/hook/ld_library_path_lib.ps1'
[0.768s] INFO:colcon.colcon_core.shell:Creating environment descriptor '/home/dev/Desktop/MTRN4231_Project/install/custom_interfaces/share/custom_interfaces/hook/ld_library_path_lib.dsv'
[0.769s] INFO:colcon.colcon_core.shell:Creating environment hook '/home/dev/Desktop/MTRN4231_Project/install/custom_interfaces/share/custom_interfaces/hook/ld_library_path_lib.sh'
[0.769s] Level 1:colcon.colcon_core.environment:checking '/home/dev/Desktop/MTRN4231_Project/install/custom_interfaces/bin'
[0.769s] Level 1:colcon.colcon_core.environment:checking '/home/dev/Desktop/MTRN4231_Project/install/custom_interfaces/lib/pkgconfig/custom_interfaces.pc'
[0.769s] Level 1:colcon.colcon_core.environment:checking '/home/dev/Desktop/MTRN4231_Project/install/custom_interfaces/lib/python3.10/site-packages'
[0.770s] Level 1:colcon.colcon_core.environment:checking '/home/dev/Desktop/MTRN4231_Project/install/custom_interfaces/bin'
[0.770s] INFO:colcon.colcon_core.shell:Creating package script '/home/dev/Desktop/MTRN4231_Project/install/custom_interfaces/share/custom_interfaces/package.ps1'
[0.771s] INFO:colcon.colcon_core.shell:Creating package descriptor '/home/dev/Desktop/MTRN4231_Project/install/custom_interfaces/share/custom_interfaces/package.dsv'
[0.771s] INFO:colcon.colcon_core.shell:Creating package script '/home/dev/Desktop/MTRN4231_Project/install/custom_interfaces/share/custom_interfaces/package.sh'
[0.772s] INFO:colcon.colcon_core.shell:Creating package script '/home/dev/Desktop/MTRN4231_Project/install/custom_interfaces/share/custom_interfaces/package.bash'
[0.772s] INFO:colcon.colcon_core.shell:Creating package script '/home/dev/Desktop/MTRN4231_Project/install/custom_interfaces/share/custom_interfaces/package.zsh'
[0.772s] Level 1:colcon.colcon_core.environment:create_file_with_runtime_dependencies(/home/dev/Desktop/MTRN4231_Project/install/custom_interfaces/share/colcon-core/packages/custom_interfaces)
[0.773s] Level 1:colcon.colcon_core.environment:create_environment_scripts_only(custom_interfaces)
[0.773s] Level 1:colcon.colcon_core.environment:checking '/home/dev/Desktop/MTRN4231_Project/install/custom_interfaces' for CMake module files
[0.774s] Level 1:colcon.colcon_core.environment:checking '/home/dev/Desktop/MTRN4231_Project/install/custom_interfaces' for CMake config files
[0.774s] Level 1:colcon.colcon_core.shell:create_environment_hook('custom_interfaces', 'cmake_prefix_path')
[0.774s] INFO:colcon.colcon_core.shell:Creating environment hook '/home/dev/Desktop/MTRN4231_Project/install/custom_interfaces/share/custom_interfaces/hook/cmake_prefix_path.ps1'
[0.775s] INFO:colcon.colcon_core.shell:Creating environment descriptor '/home/dev/Desktop/MTRN4231_Project/install/custom_interfaces/share/custom_interfaces/hook/cmake_prefix_path.dsv'
[0.775s] INFO:colcon.colcon_core.shell:Creating environment hook '/home/dev/Desktop/MTRN4231_Project/install/custom_interfaces/share/custom_interfaces/hook/cmake_prefix_path.sh'
[0.776s] Level 1:colcon.colcon_core.environment:checking '/home/dev/Desktop/MTRN4231_Project/install/custom_interfaces/lib'
[0.776s] Level 1:colcon.colcon_core.shell:create_environment_hook('custom_interfaces', 'ld_library_path_lib')
[0.776s] INFO:colcon.colcon_core.shell:Creating environment hook '/home/dev/Desktop/MTRN4231_Project/install/custom_interfaces/share/custom_interfaces/hook/ld_library_path_lib.ps1'
[0.776s] INFO:colcon.colcon_core.shell:Creating environment descriptor '/home/dev/Desktop/MTRN4231_Project/install/custom_interfaces/share/custom_interfaces/hook/ld_library_path_lib.dsv'
[0.777s] INFO:colcon.colcon_core.shell:Creating environment hook '/home/dev/Desktop/MTRN4231_Project/install/custom_interfaces/share/custom_interfaces/hook/ld_library_path_lib.sh'
[0.777s] Level 1:colcon.colcon_core.environment:checking '/home/dev/Desktop/MTRN4231_Project/install/custom_interfaces/bin'
[0.777s] Level 1:colcon.colcon_core.environment:checking '/home/dev/Desktop/MTRN4231_Project/install/custom_interfaces/lib/pkgconfig/custom_interfaces.pc'
[0.777s] Level 1:colcon.colcon_core.environment:checking '/home/dev/Desktop/MTRN4231_Project/install/custom_interfaces/lib/python3.10/site-packages'
[0.777s] Level 1:colcon.colcon_core.environment:checking '/home/dev/Desktop/MTRN4231_Project/install/custom_interfaces/bin'
[0.778s] INFO:colcon.colcon_core.shell:Creating package script '/home/dev/Desktop/MTRN4231_Project/install/custom_interfaces/share/custom_interfaces/package.ps1'
[0.778s] INFO:colcon.colcon_core.shell:Creating package descriptor '/home/dev/Desktop/MTRN4231_Project/install/custom_interfaces/share/custom_interfaces/package.dsv'
[0.779s] INFO:colcon.colcon_core.shell:Creating package script '/home/dev/Desktop/MTRN4231_Project/install/custom_interfaces/share/custom_interfaces/package.sh'
[0.779s] INFO:colcon.colcon_core.shell:Creating package script '/home/dev/Desktop/MTRN4231_Project/install/custom_interfaces/share/custom_interfaces/package.bash'
[0.779s] INFO:colcon.colcon_core.shell:Creating package script '/home/dev/Desktop/MTRN4231_Project/install/custom_interfaces/share/custom_interfaces/package.zsh'
[0.780s] Level 1:colcon.colcon_core.environment:create_file_with_runtime_dependencies(/home/dev/Desktop/MTRN4231_Project/install/custom_interfaces/share/colcon-core/packages/custom_interfaces)
[0.780s] INFO:colcon.colcon_ros.task.ament_cmake.build:Building ROS package in '/home/dev/Desktop/MTRN4231_Project/src/arm_controller' with build type 'ament_cmake'
[0.780s] INFO:colcon.colcon_cmake.task.cmake.build:Building CMake package in '/home/dev/Desktop/MTRN4231_Project/src/arm_controller'
[0.780s] INFO:colcon.colcon_core.shell:Skip shell extension 'powershell' for command environment: Not usable outside of PowerShell
[0.780s] DEBUG:colcon.colcon_core.shell:Skip shell extension 'dsv' for command environment
[0.792s] DEBUG:colcon.colcon_core.event_handler.log_command:Invoking command in '/home/dev/Desktop/MTRN4231_Project/build/arm_controller': CMAKE_PREFIX_PATH=/home/dev/Desktop/MTRN4231_Project/install/custom_interfaces:/home/dev/Desktop/MTRN4231_Project/install/ur5e_moveit_config_custom:/home/dev/Desktop/MTRN4231_Project/install/ur5e_custom_description:/home/dev/Desktop/MTRN4231_Project/install/end_effector_description:/home/dev/Desktop/MTRN4231_Project/install/arm_controller:/opt/ros/humble /usr/bin/cmake --build /home/dev/Desktop/MTRN4231_Project/build/arm_controller -- -j12 -l12
[0.887s] DEBUG:colcon.colcon_core.event_handler.log_command:Invoked command in '/home/dev/Desktop/MTRN4231_Project/build/arm_controller' returned '0': CMAKE_PREFIX_PATH=/home/dev/Desktop/MTRN4231_Project/install/custom_interfaces:/home/dev/Desktop/MTRN4231_Project/install/ur5e_moveit_config_custom:/home/dev/Desktop/MTRN4231_Project/install/ur5e_custom_description:/home/dev/Desktop/MTRN4231_Project/install/end_effector_description:/home/dev/Desktop/MTRN4231_Project/install/arm_controller:/opt/ros/humble /usr/bin/cmake --build /home/dev/Desktop/MTRN4231_Project/build/arm_controller -- -j12 -l12
[0.889s] DEBUG:colcon.colcon_core.event_handler.log_command:Invoking command in '/home/dev/Desktop/MTRN4231_Project/build/arm_controller': CMAKE_PREFIX_PATH=/home/dev/Desktop/MTRN4231_Project/install/custom_interfaces:/home/dev/Desktop/MTRN4231_Project/install/ur5e_moveit_config_custom:/home/dev/Desktop/MTRN4231_Project/install/ur5e_custom_description:/home/dev/Desktop/MTRN4231_Project/install/end_effector_description:/home/dev/Desktop/MTRN4231_Project/install/arm_controller:/opt/ros/humble /usr/bin/cmake --install /home/dev/Desktop/MTRN4231_Project/build/arm_controller
[0.900s] Level 1:colcon.colcon_core.environment:create_environment_scripts_only(arm_controller)
[0.900s] Level 1:colcon.colcon_core.environment:checking '/home/dev/Desktop/MTRN4231_Project/install/arm_controller' for CMake module files
[0.901s] DEBUG:colcon.colcon_core.event_handler.log_command:Invoked command in '/home/dev/Desktop/MTRN4231_Project/build/arm_controller' returned '0': CMAKE_PREFIX_PATH=/home/dev/Desktop/MTRN4231_Project/install/custom_interfaces:/home/dev/Desktop/MTRN4231_Project/install/ur5e_moveit_config_custom:/home/dev/Desktop/MTRN4231_Project/install/ur5e_custom_description:/home/dev/Desktop/MTRN4231_Project/install/end_effector_description:/home/dev/Desktop/MTRN4231_Project/install/arm_controller:/opt/ros/humble /usr/bin/cmake --install /home/dev/Desktop/MTRN4231_Project/build/arm_controller
[0.901s] Level 1:colcon.colcon_core.environment:checking '/home/dev/Desktop/MTRN4231_Project/install/arm_controller' for CMake config files
[0.901s] Level 1:colcon.colcon_core.shell:create_environment_hook('arm_controller', 'cmake_prefix_path')
[0.902s] INFO:colcon.colcon_core.shell:Creating environment hook '/home/dev/Desktop/MTRN4231_Project/install/arm_controller/share/arm_controller/hook/cmake_prefix_path.ps1'
[0.902s] INFO:colcon.colcon_core.shell:Creating environment descriptor '/home/dev/Desktop/MTRN4231_Project/install/arm_controller/share/arm_controller/hook/cmake_prefix_path.dsv'
[0.902s] INFO:colcon.colcon_core.shell:Creating environment hook '/home/dev/Desktop/MTRN4231_Project/install/arm_controller/share/arm_controller/hook/cmake_prefix_path.sh'
[0.903s] Level 1:colcon.colcon_core.environment:checking '/home/dev/Desktop/MTRN4231_Project/install/arm_controller/lib'
[0.903s] Level 1:colcon.colcon_core.environment:checking '/home/dev/Desktop/MTRN4231_Project/install/arm_controller/bin'
[0.903s] Level 1:colcon.colcon_core.environment:checking '/home/dev/Desktop/MTRN4231_Project/install/arm_controller/lib/pkgconfig/arm_controller.pc'
[0.903s] Level 1:colcon.colcon_core.environment:checking '/home/dev/Desktop/MTRN4231_Project/install/arm_controller/lib/python3.10/site-packages'
[0.904s] Level 1:colcon.colcon_core.environment:checking '/home/dev/Desktop/MTRN4231_Project/install/arm_controller/bin'
[0.904s] INFO:colcon.colcon_core.shell:Creating package script '/home/dev/Desktop/MTRN4231_Project/install/arm_controller/share/arm_controller/package.ps1'
[0.905s] INFO:colcon.colcon_core.shell:Creating package descriptor '/home/dev/Desktop/MTRN4231_Project/install/arm_controller/share/arm_controller/package.dsv'
[0.905s] INFO:colcon.colcon_core.shell:Creating package script '/home/dev/Desktop/MTRN4231_Project/install/arm_controller/share/arm_controller/package.sh'
[0.906s] INFO:colcon.colcon_core.shell:Creating package script '/home/dev/Desktop/MTRN4231_Project/install/arm_controller/share/arm_controller/package.bash'
[0.906s] INFO:colcon.colcon_core.shell:Creating package script '/home/dev/Desktop/MTRN4231_Project/install/arm_controller/share/arm_controller/package.zsh'
[0.906s] Level 1:colcon.colcon_core.environment:create_file_with_runtime_dependencies(/home/dev/Desktop/MTRN4231_Project/install/arm_controller/share/colcon-core/packages/arm_controller)
[0.907s] Level 1:colcon.colcon_core.environment:create_environment_scripts_only(arm_controller)
[0.907s] Level 1:colcon.colcon_core.environment:checking '/home/dev/Desktop/MTRN4231_Project/install/arm_controller' for CMake module files
[0.908s] Level 1:colcon.colcon_core.environment:checking '/home/dev/Desktop/MTRN4231_Project/install/arm_controller' for CMake config files
[0.908s] Level 1:colcon.colcon_core.shell:create_environment_hook('arm_controller', 'cmake_prefix_path')
[0.908s] INFO:colcon.colcon_core.shell:Creating environment hook '/home/dev/Desktop/MTRN4231_Project/install/arm_controller/share/arm_controller/hook/cmake_prefix_path.ps1'
[0.908s] INFO:colcon.colcon_core.shell:Creating environment descriptor '/home/dev/Desktop/MTRN4231_Project/install/arm_controller/share/arm_controller/hook/cmake_prefix_path.dsv'
[0.909s] INFO:colcon.colcon_core.shell:Creating environment hook '/home/dev/Desktop/MTRN4231_Project/install/arm_controller/share/arm_controller/hook/cmake_prefix_path.sh'
[0.909s] Level 1:colcon.colcon_core.environment:checking '/home/dev/Desktop/MTRN4231_Project/install/arm_controller/lib'
[0.909s] Level 1:colcon.colcon_core.environment:checking '/home/dev/Desktop/MTRN4231_Project/install/arm_controller/bin'
[0.909s] Level 1:colcon.colcon_core.environment:checking '/home/dev/Desktop/MTRN4231_Project/install/arm_controller/lib/pkgconfig/arm_controller.pc'
[0.909s] Level 1:colcon.colcon_core.environment:checking '/home/dev/Desktop/MTRN4231_Project/install/arm_controller/lib/python3.10/site-packages'
[0.910s] Level 1:colcon.colcon_core.environment:checking '/home/dev/Desktop/MTRN4231_Project/install/arm_controller/bin'
[0.910s] INFO:colcon.colcon_core.shell:Creating package script '/home/dev/Desktop/MTRN4231_Project/install/arm_controller/share/arm_controller/package.ps1'
[0.910s] INFO:colcon.colcon_core.shell:Creating package descriptor '/home/dev/Desktop/MTRN4231_Project/install/arm_controller/share/arm_controller/package.dsv'
[0.911s] INFO:colcon.colcon_core.shell:Creating package script '/home/dev/Desktop/MTRN4231_Project/install/arm_controller/share/arm_controller/package.sh'
[0.911s] INFO:colcon.colcon_core.shell:Creating package script '/home/dev/Desktop/MTRN4231_Project/install/arm_controller/share/arm_controller/package.bash'
[0.912s] INFO:colcon.colcon_core.shell:Creating package script '/home/dev/Desktop/MTRN4231_Project/install/arm_controller/share/arm_controller/package.zsh'
[0.912s] Level 1:colcon.colcon_core.environment:create_file_with_runtime_dependencies(/home/dev/Desktop/MTRN4231_Project/install/arm_controller/share/colcon-core/packages/arm_controller)
[0.912s] DEBUG:colcon.colcon_parallel_executor.executor.parallel:closing loop
[0.912s] DEBUG:colcon.colcon_parallel_executor.executor.parallel:loop closed
[0.912s] DEBUG:colcon.colcon_parallel_executor.executor.parallel:run_until_complete finished with '0'
[0.912s] DEBUG:colcon.colcon_core.event_reactor:joining thread
[0.917s] INFO:colcon.colcon_core.plugin_system:Skipping extension 'colcon_notification.desktop_notification.terminal_notifier': Not used on non-Darwin systems
[0.917s] INFO:colcon.colcon_core.plugin_system:Skipping extension 'colcon_notification.desktop_notification.win32': Not used on non-Windows systems
[0.918s] INFO:colcon.colcon_notification.desktop_notification:Sending desktop notification using 'notify2'
[0.930s] DEBUG:colcon.colcon_core.event_reactor:joined thread
[0.930s] INFO:colcon.colcon_core.shell:Creating prefix script '/home/dev/Desktop/MTRN4231_Project/install/local_setup.ps1'
[0.932s] INFO:colcon.colcon_core.shell:Creating prefix util module '/home/dev/Desktop/MTRN4231_Project/install/_local_setup_util_ps1.py'
[0.933s] INFO:colcon.colcon_core.shell:Creating prefix chain script '/home/dev/Desktop/MTRN4231_Project/install/setup.ps1'
[0.935s] INFO:colcon.colcon_core.shell:Creating prefix script '/home/dev/Desktop/MTRN4231_Project/install/local_setup.sh'
[0.935s] INFO:colcon.colcon_core.shell:Creating prefix util module '/home/dev/Desktop/MTRN4231_Project/install/_local_setup_util_sh.py'
[0.936s] INFO:colcon.colcon_core.shell:Creating prefix chain script '/home/dev/Desktop/MTRN4231_Project/install/setup.sh'
[0.937s] INFO:colcon.colcon_core.shell:Creating prefix script '/home/dev/Desktop/MTRN4231_Project/install/local_setup.bash'
[0.938s] INFO:colcon.colcon_core.shell:Creating prefix chain script '/home/dev/Desktop/MTRN4231_Project/install/setup.bash'
[0.939s] INFO:colcon.colcon_core.shell:Creating prefix script '/home/dev/Desktop/MTRN4231_Project/install/local_setup.zsh'
[0.940s] INFO:colcon.colcon_core.shell:Creating prefix chain script '/home/dev/Desktop/MTRN4231_Project/install/setup.zsh'
