[ 50%] Built target moveit_constrain_ur
[ 75%] [32mBuilding CXX object CMakeFiles/arm_controller_node.dir/src/arm_controller_node.cpp.o[0m
In file included from [01m[K/opt/ros/humble/include/rclcpp/rclcpp/client.hpp:40[m[K,
                 from [01m[K/opt/ros/humble/include/rclcpp/rclcpp/callback_group.hpp:24[m[K,
                 from [01m[K/opt/ros/humble/include/rclcpp/rclcpp/any_executable.hpp:20[m[K,
                 from [01m[K/opt/ros/humble/include/rclcpp/rclcpp/memory_strategy.hpp:25[m[K,
                 from [01m[K/opt/ros/humble/include/rclcpp/rclcpp/memory_strategies.hpp:18[m[K,
                 from [01m[K/opt/ros/humble/include/rclcpp/rclcpp/executor_options.hpp:20[m[K,
                 from [01m[K/opt/ros/humble/include/rclcpp/rclcpp/executor.hpp:37[m[K,
                 from [01m[K/opt/ros/humble/include/rclcpp/rclcpp/executors/multi_threaded_executor.hpp:25[m[K,
                 from [01m[K/opt/ros/humble/include/rclcpp/rclcpp/executors.hpp:21[m[K,
                 from [01m[K/opt/ros/humble/include/rclcpp/rclcpp/rclcpp.hpp:155[m[K,
                 from [01m[K/home/mtrn/MTRN4231_Project/src/arm_controller/src/arm_controller_node.cpp:6[m[K:
[01m[K/home/mtrn/MTRN4231_Project/src/arm_controller/src/arm_controller_node.cpp:[m[K In member function ‘[01m[Kbool ArmController::plan_and_execute_to_pose(const Pose&, const Constraints&, const string&)[m[K’:
[01m[K/home/mtrn/MTRN4231_Project/src/arm_controller/src/arm_controller_node.cpp:188:7:[m[K [01;31m[Kerror: [m[Kstatic assertion failed: First argument to logging macros must be an rclcpp::Logger
  188 |       [01;31m[KRCLCPP_INFO[m[K("Cartesian Path planned");
      |       [01;31m[K^~~~~~~~~~~[m[K
In file included from [01m[K/opt/ros/humble/include/rclcpp/rclcpp/logging.hpp:24[m[K,
                 from [01m[K/opt/ros/humble/include/rclcpp/rclcpp/client.hpp:40[m[K,
                 from [01m[K/opt/ros/humble/include/rclcpp/rclcpp/callback_group.hpp:24[m[K,
                 from [01m[K/opt/ros/humble/include/rclcpp/rclcpp/any_executable.hpp:20[m[K,
                 from [01m[K/opt/ros/humble/include/rclcpp/rclcpp/memory_strategy.hpp:25[m[K,
                 from [01m[K/opt/ros/humble/include/rclcpp/rclcpp/memory_strategies.hpp:18[m[K,
                 from [01m[K/opt/ros/humble/include/rclcpp/rclcpp/executor_options.hpp:20[m[K,
                 from [01m[K/opt/ros/humble/include/rclcpp/rclcpp/executor.hpp:37[m[K,
                 from [01m[K/opt/ros/humble/include/rclcpp/rclcpp/executors/multi_threaded_executor.hpp:25[m[K,
                 from [01m[K/opt/ros/humble/include/rclcpp/rclcpp/executors.hpp:21[m[K,
                 from [01m[K/opt/ros/humble/include/rclcpp/rclcpp/rclcpp.hpp:155[m[K,
                 from [01m[K/home/mtrn/MTRN4231_Project/src/arm_controller/src/arm_controller_node.cpp:6[m[K:
[01m[K/home/mtrn/MTRN4231_Project/src/arm_controller/src/arm_controller_node.cpp:188:7:[m[K [01;31m[Kerror: [m[Krequest for member ‘[01m[Kget_name[m[K’ in ‘[01m[K("Cartesian Path planned")[m[K’, which is of non-class type ‘[01m[Kconst char [23][m[K’
  188 |       [01;31m[KRCLCPP_INFO[m[K("Cartesian Path planned");
      |       [01;31m[K^~~~~~~~~~~[m[K
[01m[K/home/mtrn/MTRN4231_Project/src/arm_controller/src/arm_controller_node.cpp:188:7:[m[K [01;31m[Kerror: [m[Krequest for member ‘[01m[Kget_name[m[K’ in ‘[01m[K("Cartesian Path planned")[m[K’, which is of non-class type ‘[01m[Kconst char [23][m[K’
  188 |       [01;31m[KRCLCPP_INFO[m[K("Cartesian Path planned");
      |       [01;31m[K^~~~~~~~~~~[m[K
[01m[K/home/mtrn/MTRN4231_Project/src/arm_controller/src/arm_controller_node.cpp:188:7:[m[K [01;31m[Kerror: [m[Kexpected primary-expression before ‘[01m[K)[m[K’ token
  188 |       [01;31m[KRCLCPP_INFO[m[K("Cartesian Path planned");
      |       [01;31m[K^~~~~~~~~~~[m[K
gmake[2]: *** [CMakeFiles/arm_controller_node.dir/build.make:76: CMakeFiles/arm_controller_node.dir/src/arm_controller_node.cpp.o] Error 1
gmake[1]: *** [CMakeFiles/Makefile2:139: CMakeFiles/arm_controller_node.dir/all] Error 2
gmake: *** [Makefile:146: all] Error 2
