[0.097s] Invoking command in '/home/mtrn/Downloads/MTRN4231_Project/build/end_effector_description': CMAKE_PREFIX_PATH=${CMAKE_PREFIX_PATH}:/home/mtrn/4231/ws_moveit2/install/moveit_configs_utils:/home/mtrn/4231/ws_moveit2/install/launch_param_builder:/opt/ros/humble /usr/bin/cmake --build /home/mtrn/Downloads/MTRN4231_Project/build/end_effector_description -- -j4 -l4
[0.336s] Invoked command in '/home/mtrn/Downloads/MTRN4231_Project/build/end_effector_description' returned '0': CMAKE_PREFIX_PATH=${CMAKE_PREFIX_PATH}:/home/mtrn/4231/ws_moveit2/install/moveit_configs_utils:/home/mtrn/4231/ws_moveit2/install/launch_param_builder:/opt/ros/humble /usr/bin/cmake --build /home/mtrn/Downloads/MTRN4231_Project/build/end_effector_description -- -j4 -l4
[0.847s] Invoking command in '/home/mtrn/Downloads/MTRN4231_Project/build/end_effector_description': CMAKE_PREFIX_PATH=${CMAKE_PREFIX_PATH}:/home/mtrn/4231/ws_moveit2/install/moveit_configs_utils:/home/mtrn/4231/ws_moveit2/install/launch_param_builder:/opt/ros/humble /usr/bin/cmake --install /home/mtrn/Downloads/MTRN4231_Project/build/end_effector_description
[0.914s] -- Install configuration: ""
[0.921s] -- Up-to-date: /home/mtrn/Downloads/MTRN4231_Project/install/end_effector_description/share/end_effector_description/launch
[0.922s] -- Up-to-date: /home/mtrn/Downloads/MTRN4231_Project/install/end_effector_description/share/end_effector_description/launch/display_ee.launch.py
[0.922s] -- Up-to-date: /home/mtrn/Downloads/MTRN4231_Project/install/end_effector_description/share/end_effector_description/rviz
[0.922s] -- Up-to-date: /home/mtrn/Downloads/MTRN4231_Project/install/end_effector_description/share/end_effector_description/rviz/ee.rviz
[0.927s] -- Up-to-date: /home/mtrn/Downloads/MTRN4231_Project/install/end_effector_description/share/end_effector_description/urdf
[0.927s] -- Up-to-date: /home/mtrn/Downloads/MTRN4231_Project/install/end_effector_description/share/end_effector_description/urdf/end_effector.urdf.xacro
[0.927s] -- Installing: /home/mtrn/Downloads/MTRN4231_Project/install/end_effector_description/share/end_effector_description/urdf/end_effector_withDriverSupport.xacro
[0.927s] -- Up-to-date: /home/mtrn/Downloads/MTRN4231_Project/install/end_effector_description/share/end_effector_description/urdf/end_effector_only.urdf.xacro
[0.927s] -- Up-to-date: /home/mtrn/Downloads/MTRN4231_Project/install/end_effector_description/share/end_effector_description/meshes
[0.932s] -- Up-to-date: /home/mtrn/Downloads/MTRN4231_Project/install/end_effector_description/share/end_effector_description/meshes/claw_assembly.stl
[0.932s] -- Up-to-date: /home/mtrn/Downloads/MTRN4231_Project/install/end_effector_description/share/end_effector_description/etc
[0.941s] -- Up-to-date: /home/mtrn/Downloads/MTRN4231_Project/install/end_effector_description/share/end_effector_description/etc/robot_calibration.yaml
[0.941s] -- Up-to-date: /home/mtrn/Downloads/MTRN4231_Project/install/end_effector_description/share/ament_index/resource_index/package_run_dependencies/end_effector_description
[0.941s] -- Up-to-date: /home/mtrn/Downloads/MTRN4231_Project/install/end_effector_description/share/ament_index/resource_index/parent_prefix_path/end_effector_description
[0.942s] -- Up-to-date: /home/mtrn/Downloads/MTRN4231_Project/install/end_effector_description/share/end_effector_description/environment/ament_prefix_path.sh
[0.942s] -- Up-to-date: /home/mtrn/Downloads/MTRN4231_Project/install/end_effector_description/share/end_effector_description/environment/ament_prefix_path.dsv
[0.951s] -- Up-to-date: /home/mtrn/Downloads/MTRN4231_Project/install/end_effector_description/share/end_effector_description/environment/path.sh
[0.951s] -- Up-to-date: /home/mtrn/Downloads/MTRN4231_Project/install/end_effector_description/share/end_effector_description/environment/path.dsv
[0.952s] -- Up-to-date: /home/mtrn/Downloads/MTRN4231_Project/install/end_effector_description/share/end_effector_description/local_setup.bash
[0.952s] -- Up-to-date: /home/mtrn/Downloads/MTRN4231_Project/install/end_effector_description/share/end_effector_description/local_setup.sh
[0.952s] -- Up-to-date: /home/mtrn/Downloads/MTRN4231_Project/install/end_effector_description/share/end_effector_description/local_setup.zsh
[0.952s] -- Up-to-date: /home/mtrn/Downloads/MTRN4231_Project/install/end_effector_description/share/end_effector_description/local_setup.dsv
[0.952s] -- Installing: /home/mtrn/Downloads/MTRN4231_Project/install/end_effector_description/share/end_effector_description/package.dsv
[0.952s] -- Up-to-date: /home/mtrn/Downloads/MTRN4231_Project/install/end_effector_description/share/ament_index/resource_index/packages/end_effector_description
[0.952s] -- Up-to-date: /home/mtrn/Downloads/MTRN4231_Project/install/end_effector_description/share/end_effector_description/cmake/end_effector_descriptionConfig.cmake
[0.952s] -- Up-to-date: /home/mtrn/Downloads/MTRN4231_Project/install/end_effector_description/share/end_effector_description/cmake/end_effector_descriptionConfig-version.cmake
[0.952s] -- Up-to-date: /home/mtrn/Downloads/MTRN4231_Project/install/end_effector_description/share/end_effector_description/package.xml
[0.979s] Invoked command in '/home/mtrn/Downloads/MTRN4231_Project/build/end_effector_description' returned '0': CMAKE_PREFIX_PATH=${CMAKE_PREFIX_PATH}:/home/mtrn/4231/ws_moveit2/install/moveit_configs_utils:/home/mtrn/4231/ws_moveit2/install/launch_param_builder:/opt/ros/humble /usr/bin/cmake --install /home/mtrn/Downloads/MTRN4231_Project/build/end_effector_description
