[0.540s] Invoking command in '/home/ryanl/4231/MTRN4231_Project/build/move_to_marker': CMAKE_PREFIX_PATH=${CMAKE_PREFIX_PATH}:/opt/ros/humble /usr/bin/cmake /home/ryanl/4231/MTRN4231_Project/src/move_to_marker -DCMAKE_INSTALL_PREFIX=/home/ryanl/4231/MTRN4231_Project/install/move_to_marker
[0.567s] -- Found ament_cmake: 1.3.12 (/opt/ros/humble/share/ament_cmake/cmake)
[0.786s] -- Override CMake install command with custom implementation using symlinks instead of copying resources
[0.800s] -- Found rclcpp: 16.0.14 (/opt/ros/humble/share/rclcpp/cmake)
[1.133s] -- Found rosidl_generator_c: 3.1.7 (/opt/ros/humble/share/rosidl_generator_c/cmake)
[1.138s] -- Found rosidl_adapter: 3.1.7 (/opt/ros/humble/share/rosidl_adapter/cmake)
[1.149s] -- Found rosidl_generator_cpp: 3.1.7 (/opt/ros/humble/share/rosidl_generator_cpp/cmake)
[1.166s] -- Using all available rosidl_typesupport_c: rosidl_typesupport_fastrtps_c;rosidl_typesupport_introspection_c
[1.186s] -- Using all available rosidl_typesupport_cpp: rosidl_typesupport_fastrtps_cpp;rosidl_typesupport_introspection_cpp
[1.253s] -- Found rmw_implementation_cmake: 6.1.2 (/opt/ros/humble/share/rmw_implementation_cmake/cmake)
[1.259s] -- Found rmw_fastrtps_cpp: 6.2.8 (/opt/ros/humble/share/rmw_fastrtps_cpp/cmake)
[12.197s] -- Using RMW implementation 'rmw_fastrtps_cpp' as default
[12.329s] -- Found geometry_msgs: 4.9.0 (/opt/ros/humble/share/geometry_msgs/cmake)
[12.350s] -- Found shape_msgs: 4.9.0 (/opt/ros/humble/share/shape_msgs/cmake)
[12.382s] -- Found moveit_ros_planning_interface: 2.5.9 (/opt/ros/humble/share/moveit_ros_planning_interface/cmake)
[12.413s] -- Found Boost: /usr/lib/x86_64-linux-gnu/cmake/Boost-1.74.0/BoostConfig.cmake (found version "1.74.0") found components: date_time filesystem program_options system thread 
[12.689s] -- Found Boost: /usr/lib/x86_64-linux-gnu/cmake/Boost-1.74.0/BoostConfig.cmake (found version "1.74.0") found components: chrono date_time filesystem iostreams program_options regex serialization system thread 
[14.275s] -- Found parameter_traits: 0.5.0 (/opt/ros/humble/share/parameter_traits/cmake)
[14.296s] -- Found rclcpp_lifecycle: 16.0.14 (/opt/ros/humble/share/rclcpp_lifecycle/cmake)
[14.345s] -- Found Boost: /usr/lib/x86_64-linux-gnu/cmake/Boost-1.74.0/BoostConfig.cmake (found version "1.74.0") found components: filesystem 
[16.982s] -- library: /usr/lib/x86_64-linux-gnu/libcurl.so
[17.034s] -- Ensuring Eigen3 include directory is part of orocos-kdl CMake target
[19.735s] -- Found Boost: /usr/lib/x86_64-linux-gnu/cmake/Boost-1.74.0/BoostConfig.cmake (found version "1.74.0") found components: system filesystem date_time program_options thread chrono 
[19.788s] -- Found Boost: /usr/lib/x86_64-linux-gnu/cmake/Boost-1.74.0/BoostConfig.cmake (found version "1.74.0") found components: thread system filesystem regex date_time program_options 
[19.825s] -- Found Boost: /usr/lib/x86_64-linux-gnu/cmake/Boost-1.74.0/BoostConfig.cmake (found version "1.74.0") found components: system filesystem date_time program_options thread 
[19.988s] -- Configuring done
[20.070s] -- Generating done
[20.088s] -- Build files have been written to: /home/ryanl/4231/MTRN4231_Project/build/move_to_marker
[20.114s] Invoked command in '/home/ryanl/4231/MTRN4231_Project/build/move_to_marker' returned '0': CMAKE_PREFIX_PATH=${CMAKE_PREFIX_PATH}:/opt/ros/humble /usr/bin/cmake /home/ryanl/4231/MTRN4231_Project/src/move_to_marker -DCMAKE_INSTALL_PREFIX=/home/ryanl/4231/MTRN4231_Project/install/move_to_marker
[20.117s] Invoking command in '/home/ryanl/4231/MTRN4231_Project/build/move_to_marker': CMAKE_PREFIX_PATH=${CMAKE_PREFIX_PATH}:/opt/ros/humble /usr/bin/cmake --build /home/ryanl/4231/MTRN4231_Project/build/move_to_marker -- -j16 -l16
[20.265s] [35m[1mConsolidate compiler generated dependencies of target move_to_pose[0m
[20.329s] [ 50%] [32mBuilding CXX object CMakeFiles/move_to_pose.dir/src/move_to_pose.cpp.o[0m
[42.571s] [100%] [32m[1mLinking CXX executable move_to_pose[0m
[44.292s] [100%] Built target move_to_pose
[44.317s] Invoked command in '/home/ryanl/4231/MTRN4231_Project/build/move_to_marker' returned '0': CMAKE_PREFIX_PATH=${CMAKE_PREFIX_PATH}:/opt/ros/humble /usr/bin/cmake --build /home/ryanl/4231/MTRN4231_Project/build/move_to_marker -- -j16 -l16
[44.322s] Invoking command in '/home/ryanl/4231/MTRN4231_Project/build/move_to_marker': CMAKE_PREFIX_PATH=${CMAKE_PREFIX_PATH}:/opt/ros/humble /usr/bin/cmake --install /home/ryanl/4231/MTRN4231_Project/build/move_to_marker
[44.335s] -- Install configuration: ""
[44.336s] -- Execute custom install script
[44.337s] -- Up-to-date symlink: /home/ryanl/4231/MTRN4231_Project/install/move_to_marker/lib/move_to_marker/move_to_pose
[44.337s] -- Up-to-date symlink: /home/ryanl/4231/MTRN4231_Project/install/move_to_marker/share/move_to_marker/launch/bringup_moveit_ur5e.launch.py
[44.338s] -- Up-to-date symlink: /home/ryanl/4231/MTRN4231_Project/install/move_to_marker/share/ament_index/resource_index/package_run_dependencies/move_to_marker
[44.338s] -- Up-to-date symlink: /home/ryanl/4231/MTRN4231_Project/install/move_to_marker/share/ament_index/resource_index/parent_prefix_path/move_to_marker
[44.338s] -- Up-to-date symlink: /home/ryanl/4231/MTRN4231_Project/install/move_to_marker/share/move_to_marker/environment/ament_prefix_path.sh
[44.339s] -- Up-to-date symlink: /home/ryanl/4231/MTRN4231_Project/install/move_to_marker/share/move_to_marker/environment/ament_prefix_path.dsv
[44.339s] -- Up-to-date symlink: /home/ryanl/4231/MTRN4231_Project/install/move_to_marker/share/move_to_marker/environment/path.sh
[44.339s] -- Up-to-date symlink: /home/ryanl/4231/MTRN4231_Project/install/move_to_marker/share/move_to_marker/environment/path.dsv
[44.340s] -- Up-to-date symlink: /home/ryanl/4231/MTRN4231_Project/install/move_to_marker/share/move_to_marker/local_setup.bash
[44.340s] -- Up-to-date symlink: /home/ryanl/4231/MTRN4231_Project/install/move_to_marker/share/move_to_marker/local_setup.sh
[44.340s] -- Up-to-date symlink: /home/ryanl/4231/MTRN4231_Project/install/move_to_marker/share/move_to_marker/local_setup.zsh
[44.341s] -- Up-to-date symlink: /home/ryanl/4231/MTRN4231_Project/install/move_to_marker/share/move_to_marker/local_setup.dsv
[44.341s] -- Symlinking: /home/ryanl/4231/MTRN4231_Project/install/move_to_marker/share/move_to_marker/package.dsv
[44.360s] -- Up-to-date symlink: /home/ryanl/4231/MTRN4231_Project/install/move_to_marker/share/ament_index/resource_index/packages/move_to_marker
[44.360s] -- Up-to-date symlink: /home/ryanl/4231/MTRN4231_Project/install/move_to_marker/share/move_to_marker/cmake/move_to_markerConfig.cmake
[44.361s] -- Up-to-date symlink: /home/ryanl/4231/MTRN4231_Project/install/move_to_marker/share/move_to_marker/cmake/move_to_markerConfig-version.cmake
[44.361s] -- Up-to-date symlink: /home/ryanl/4231/MTRN4231_Project/install/move_to_marker/share/move_to_marker/package.xml
[44.366s] Invoked command in '/home/ryanl/4231/MTRN4231_Project/build/move_to_marker' returned '0': CMAKE_PREFIX_PATH=${CMAKE_PREFIX_PATH}:/opt/ros/humble /usr/bin/cmake --install /home/ryanl/4231/MTRN4231_Project/build/move_to_marker
