[0.194s] Invoking command in '/home/mtrn/Downloads/MTRN4231_Project/build/custom_interfaces': CMAKE_PREFIX_PATH=${CMAKE_PREFIX_PATH}:/home/mtrn/4231/ws_moveit2/install/moveit_configs_utils:/home/mtrn/4231/ws_moveit2/install/launch_param_builder:/opt/ros/humble /usr/bin/cmake --build /home/mtrn/Downloads/MTRN4231_Project/build/custom_interfaces -- -j4 -l4
[0.565s] [ 10%] Built target custom_interfaces__rosidl_generator_c
[0.628s] [ 12%] Built target custom_interfaces__cpp
[0.739s] [ 12%] Built target ament_cmake_python_copy_custom_interfaces
[0.775s] [ 23%] Built target custom_interfaces__rosidl_typesupport_introspection_c
[0.829s] [ 33%] Built target custom_interfaces__rosidl_typesupport_fastrtps_c
[0.888s] [ 43%] Built target custom_interfaces__rosidl_typesupport_c
[0.962s] [ 53%] Built target custom_interfaces__rosidl_typesupport_fastrtps_cpp
[1.006s] [ 64%] Built target custom_interfaces__rosidl_typesupport_introspection_cpp
[1.049s] [ 74%] Built target custom_interfaces__rosidl_typesupport_cpp
[1.145s] [ 74%] Built target custom_interfaces
[1.263s] [ 76%] Built target custom_interfaces__py
[1.621s] [ 84%] Built target custom_interfaces__rosidl_generator_py
[1.684s] running egg_info
[1.685s] writing custom_interfaces.egg-info/PKG-INFO
[1.704s] writing dependency_links to custom_interfaces.egg-info/dependency_links.txt
[1.705s] writing top-level names to custom_interfaces.egg-info/top_level.txt
[1.709s] reading manifest file 'custom_interfaces.egg-info/SOURCES.txt'
[1.737s] writing manifest file 'custom_interfaces.egg-info/SOURCES.txt'
[1.834s] [ 89%] Built target custom_interfaces__rosidl_typesupport_c__pyext
[1.900s] [ 94%] Built target custom_interfaces__rosidl_typesupport_fastrtps_c__pyext
[1.900s] [ 94%] Built target ament_cmake_python_build_custom_interfaces_egg
[1.901s] [100%] Built target custom_interfaces__rosidl_typesupport_introspection_c__pyext
[1.976s] Invoked command in '/home/mtrn/Downloads/MTRN4231_Project/build/custom_interfaces' returned '0': CMAKE_PREFIX_PATH=${CMAKE_PREFIX_PATH}:/home/mtrn/4231/ws_moveit2/install/moveit_configs_utils:/home/mtrn/4231/ws_moveit2/install/launch_param_builder:/opt/ros/humble /usr/bin/cmake --build /home/mtrn/Downloads/MTRN4231_Project/build/custom_interfaces -- -j4 -l4
[2.876s] Invoking command in '/home/mtrn/Downloads/MTRN4231_Project/build/custom_interfaces': CMAKE_PREFIX_PATH=${CMAKE_PREFIX_PATH}:/home/mtrn/4231/ws_moveit2/install/moveit_configs_utils:/home/mtrn/4231/ws_moveit2/install/launch_param_builder:/opt/ros/humble /usr/bin/cmake --install /home/mtrn/Downloads/MTRN4231_Project/build/custom_interfaces
[2.902s] -- Install configuration: ""
[2.903s] -- Up-to-date: /home/mtrn/Downloads/MTRN4231_Project/install/custom_interfaces/share/ament_index/resource_index/rosidl_interfaces/custom_interfaces
[2.903s] -- Up-to-date: /home/mtrn/Downloads/MTRN4231_Project/install/custom_interfaces/include/custom_interfaces/custom_interfaces
[2.903s] -- Up-to-date: /home/mtrn/Downloads/MTRN4231_Project/install/custom_interfaces/include/custom_interfaces/custom_interfaces/action
[2.904s] -- Up-to-date: /home/mtrn/Downloads/MTRN4231_Project/install/custom_interfaces/include/custom_interfaces/custom_interfaces/action/move_tcp.h
[2.905s] -- Up-to-date: /home/mtrn/Downloads/MTRN4231_Project/install/custom_interfaces/include/custom_interfaces/custom_interfaces/action/gripper_command.h
[2.905s] -- Up-to-date: /home/mtrn/Downloads/MTRN4231_Project/install/custom_interfaces/include/custom_interfaces/custom_interfaces/action/detail
[2.905s] -- Up-to-date: /home/mtrn/Downloads/MTRN4231_Project/install/custom_interfaces/include/custom_interfaces/custom_interfaces/action/detail/move_tcp__struct.h
[2.905s] -- Up-to-date: /home/mtrn/Downloads/MTRN4231_Project/install/custom_interfaces/include/custom_interfaces/custom_interfaces/action/detail/gripper_command__struct.h
[2.905s] -- Up-to-date: /home/mtrn/Downloads/MTRN4231_Project/install/custom_interfaces/include/custom_interfaces/custom_interfaces/action/detail/gripper_command__functions.c
[2.905s] -- Up-to-date: /home/mtrn/Downloads/MTRN4231_Project/install/custom_interfaces/include/custom_interfaces/custom_interfaces/action/detail/move_tcp__functions.c
[2.905s] -- Up-to-date: /home/mtrn/Downloads/MTRN4231_Project/install/custom_interfaces/include/custom_interfaces/custom_interfaces/action/detail/gripper_command__type_support.h
[2.905s] -- Up-to-date: /home/mtrn/Downloads/MTRN4231_Project/install/custom_interfaces/include/custom_interfaces/custom_interfaces/action/detail/move_tcp__type_support.h
[2.906s] -- Up-to-date: /home/mtrn/Downloads/MTRN4231_Project/install/custom_interfaces/include/custom_interfaces/custom_interfaces/action/detail/move_tcp__functions.h
[2.906s] -- Up-to-date: /home/mtrn/Downloads/MTRN4231_Project/install/custom_interfaces/include/custom_interfaces/custom_interfaces/action/detail/gripper_command__functions.h
[2.906s] -- Up-to-date: /home/mtrn/Downloads/MTRN4231_Project/install/custom_interfaces/include/custom_interfaces/custom_interfaces/msg
[2.906s] -- Up-to-date: /home/mtrn/Downloads/MTRN4231_Project/install/custom_interfaces/include/custom_interfaces/custom_interfaces/msg/rosidl_generator_c__visibility_control.h
[2.906s] -- Up-to-date: /home/mtrn/Downloads/MTRN4231_Project/install/custom_interfaces/share/custom_interfaces/environment/library_path.sh
[2.906s] -- Up-to-date: /home/mtrn/Downloads/MTRN4231_Project/install/custom_interfaces/share/custom_interfaces/environment/library_path.dsv
[2.907s] -- Up-to-date: /home/mtrn/Downloads/MTRN4231_Project/install/custom_interfaces/lib/libcustom_interfaces__rosidl_generator_c.so
[2.907s] -- Up-to-date: /home/mtrn/Downloads/MTRN4231_Project/install/custom_interfaces/include/custom_interfaces/custom_interfaces
[2.907s] -- Up-to-date: /home/mtrn/Downloads/MTRN4231_Project/install/custom_interfaces/include/custom_interfaces/custom_interfaces/action
[2.908s] -- Up-to-date: /home/mtrn/Downloads/MTRN4231_Project/install/custom_interfaces/include/custom_interfaces/custom_interfaces/action/detail
[2.908s] -- Up-to-date: /home/mtrn/Downloads/MTRN4231_Project/install/custom_interfaces/include/custom_interfaces/custom_interfaces/action/detail/move_tcp__rosidl_typesupport_fastrtps_c.h
[2.908s] -- Up-to-date: /home/mtrn/Downloads/MTRN4231_Project/install/custom_interfaces/include/custom_interfaces/custom_interfaces/action/detail/gripper_command__rosidl_typesupport_fastrtps_c.h
[2.908s] -- Up-to-date: /home/mtrn/Downloads/MTRN4231_Project/install/custom_interfaces/include/custom_interfaces/custom_interfaces/msg
[2.910s] -- Up-to-date: /home/mtrn/Downloads/MTRN4231_Project/install/custom_interfaces/include/custom_interfaces/custom_interfaces/msg/rosidl_typesupport_fastrtps_c__visibility_control.h
[2.911s] -- Up-to-date: /home/mtrn/Downloads/MTRN4231_Project/install/custom_interfaces/lib/libcustom_interfaces__rosidl_typesupport_fastrtps_c.so
[2.911s] -- Up-to-date: /home/mtrn/Downloads/MTRN4231_Project/install/custom_interfaces/include/custom_interfaces/custom_interfaces
[2.911s] -- Up-to-date: /home/mtrn/Downloads/MTRN4231_Project/install/custom_interfaces/include/custom_interfaces/custom_interfaces/action
[2.911s] -- Up-to-date: /home/mtrn/Downloads/MTRN4231_Project/install/custom_interfaces/include/custom_interfaces/custom_interfaces/action/detail
[2.912s] -- Up-to-date: /home/mtrn/Downloads/MTRN4231_Project/install/custom_interfaces/include/custom_interfaces/custom_interfaces/action/detail/gripper_command__type_support.c
[2.912s] -- Up-to-date: /home/mtrn/Downloads/MTRN4231_Project/install/custom_interfaces/include/custom_interfaces/custom_interfaces/action/detail/gripper_command__rosidl_typesupport_introspection_c.h
[2.912s] -- Up-to-date: /home/mtrn/Downloads/MTRN4231_Project/install/custom_interfaces/include/custom_interfaces/custom_interfaces/action/detail/move_tcp__rosidl_typesupport_introspection_c.h
[2.913s] -- Up-to-date: /home/mtrn/Downloads/MTRN4231_Project/install/custom_interfaces/include/custom_interfaces/custom_interfaces/action/detail/move_tcp__type_support.c
[2.913s] -- Up-to-date: /home/mtrn/Downloads/MTRN4231_Project/install/custom_interfaces/include/custom_interfaces/custom_interfaces/msg
[2.913s] -- Up-to-date: /home/mtrn/Downloads/MTRN4231_Project/install/custom_interfaces/include/custom_interfaces/custom_interfaces/msg/rosidl_typesupport_introspection_c__visibility_control.h
[2.913s] -- Up-to-date: /home/mtrn/Downloads/MTRN4231_Project/install/custom_interfaces/lib/libcustom_interfaces__rosidl_typesupport_introspection_c.so
[2.913s] -- Up-to-date: /home/mtrn/Downloads/MTRN4231_Project/install/custom_interfaces/lib/libcustom_interfaces__rosidl_typesupport_c.so
[2.913s] -- Up-to-date: /home/mtrn/Downloads/MTRN4231_Project/install/custom_interfaces/include/custom_interfaces/custom_interfaces
[2.913s] -- Up-to-date: /home/mtrn/Downloads/MTRN4231_Project/install/custom_interfaces/include/custom_interfaces/custom_interfaces/action
[2.913s] -- Up-to-date: /home/mtrn/Downloads/MTRN4231_Project/install/custom_interfaces/include/custom_interfaces/custom_interfaces/action/move_tcp.hpp
[2.914s] -- Up-to-date: /home/mtrn/Downloads/MTRN4231_Project/install/custom_interfaces/include/custom_interfaces/custom_interfaces/action/gripper_command.hpp
[2.914s] -- Up-to-date: /home/mtrn/Downloads/MTRN4231_Project/install/custom_interfaces/include/custom_interfaces/custom_interfaces/action/detail
[2.915s] -- Up-to-date: /home/mtrn/Downloads/MTRN4231_Project/install/custom_interfaces/include/custom_interfaces/custom_interfaces/action/detail/move_tcp__traits.hpp
[2.915s] -- Up-to-date: /home/mtrn/Downloads/MTRN4231_Project/install/custom_interfaces/include/custom_interfaces/custom_interfaces/action/detail/gripper_command__traits.hpp
[2.915s] -- Up-to-date: /home/mtrn/Downloads/MTRN4231_Project/install/custom_interfaces/include/custom_interfaces/custom_interfaces/action/detail/move_tcp__struct.hpp
[2.916s] -- Up-to-date: /home/mtrn/Downloads/MTRN4231_Project/install/custom_interfaces/include/custom_interfaces/custom_interfaces/action/detail/move_tcp__builder.hpp
[2.916s] -- Up-to-date: /home/mtrn/Downloads/MTRN4231_Project/install/custom_interfaces/include/custom_interfaces/custom_interfaces/action/detail/gripper_command__struct.hpp
[2.916s] -- Up-to-date: /home/mtrn/Downloads/MTRN4231_Project/install/custom_interfaces/include/custom_interfaces/custom_interfaces/action/detail/gripper_command__builder.hpp
[2.916s] -- Up-to-date: /home/mtrn/Downloads/MTRN4231_Project/install/custom_interfaces/include/custom_interfaces/custom_interfaces
[2.916s] -- Up-to-date: /home/mtrn/Downloads/MTRN4231_Project/install/custom_interfaces/include/custom_interfaces/custom_interfaces/action
[2.917s] -- Up-to-date: /home/mtrn/Downloads/MTRN4231_Project/install/custom_interfaces/include/custom_interfaces/custom_interfaces/action/detail
[2.917s] -- Up-to-date: /home/mtrn/Downloads/MTRN4231_Project/install/custom_interfaces/include/custom_interfaces/custom_interfaces/action/detail/move_tcp__rosidl_typesupport_fastrtps_cpp.hpp
[2.917s] -- Up-to-date: /home/mtrn/Downloads/MTRN4231_Project/install/custom_interfaces/include/custom_interfaces/custom_interfaces/action/detail/gripper_command__rosidl_typesupport_fastrtps_cpp.hpp
[2.917s] -- Up-to-date: /home/mtrn/Downloads/MTRN4231_Project/install/custom_interfaces/include/custom_interfaces/custom_interfaces/action/detail/dds_fastrtps
[2.918s] -- Up-to-date: /home/mtrn/Downloads/MTRN4231_Project/install/custom_interfaces/include/custom_interfaces/custom_interfaces/msg
[2.918s] -- Up-to-date: /home/mtrn/Downloads/MTRN4231_Project/install/custom_interfaces/include/custom_interfaces/custom_interfaces/msg/rosidl_typesupport_fastrtps_cpp__visibility_control.h
[2.918s] -- Up-to-date: /home/mtrn/Downloads/MTRN4231_Project/install/custom_interfaces/lib/libcustom_interfaces__rosidl_typesupport_fastrtps_cpp.so
[2.918s] -- Up-to-date: /home/mtrn/Downloads/MTRN4231_Project/install/custom_interfaces/include/custom_interfaces/custom_interfaces
[2.918s] -- Up-to-date: /home/mtrn/Downloads/MTRN4231_Project/install/custom_interfaces/include/custom_interfaces/custom_interfaces/action
[2.918s] -- Up-to-date: /home/mtrn/Downloads/MTRN4231_Project/install/custom_interfaces/include/custom_interfaces/custom_interfaces/action/detail
[2.918s] -- Up-to-date: /home/mtrn/Downloads/MTRN4231_Project/install/custom_interfaces/include/custom_interfaces/custom_interfaces/action/detail/gripper_command__type_support.cpp
[2.918s] -- Up-to-date: /home/mtrn/Downloads/MTRN4231_Project/install/custom_interfaces/include/custom_interfaces/custom_interfaces/action/detail/gripper_command__rosidl_typesupport_introspection_cpp.hpp
[2.918s] -- Up-to-date: /home/mtrn/Downloads/MTRN4231_Project/install/custom_interfaces/include/custom_interfaces/custom_interfaces/action/detail/move_tcp__rosidl_typesupport_introspection_cpp.hpp
[2.919s] -- Up-to-date: /home/mtrn/Downloads/MTRN4231_Project/install/custom_interfaces/include/custom_interfaces/custom_interfaces/action/detail/move_tcp__type_support.cpp
[2.919s] -- Up-to-date: /home/mtrn/Downloads/MTRN4231_Project/install/custom_interfaces/lib/libcustom_interfaces__rosidl_typesupport_introspection_cpp.so
[2.919s] -- Up-to-date: /home/mtrn/Downloads/MTRN4231_Project/install/custom_interfaces/lib/libcustom_interfaces__rosidl_typesupport_cpp.so
[2.919s] -- Up-to-date: /home/mtrn/Downloads/MTRN4231_Project/install/custom_interfaces/share/custom_interfaces/environment/pythonpath.sh
[2.919s] -- Up-to-date: /home/mtrn/Downloads/MTRN4231_Project/install/custom_interfaces/share/custom_interfaces/environment/pythonpath.dsv
[2.920s] -- Up-to-date: /home/mtrn/Downloads/MTRN4231_Project/install/custom_interfaces/local/lib/python3.10/dist-packages/custom_interfaces-0.0.0-py3.10.egg-info
[2.920s] -- Installing: /home/mtrn/Downloads/MTRN4231_Project/install/custom_interfaces/local/lib/python3.10/dist-packages/custom_interfaces-0.0.0-py3.10.egg-info/top_level.txt
[2.921s] -- Installing: /home/mtrn/Downloads/MTRN4231_Project/install/custom_interfaces/local/lib/python3.10/dist-packages/custom_interfaces-0.0.0-py3.10.egg-info/SOURCES.txt
[2.922s] -- Installing: /home/mtrn/Downloads/MTRN4231_Project/install/custom_interfaces/local/lib/python3.10/dist-packages/custom_interfaces-0.0.0-py3.10.egg-info/PKG-INFO
[2.922s] -- Installing: /home/mtrn/Downloads/MTRN4231_Project/install/custom_interfaces/local/lib/python3.10/dist-packages/custom_interfaces-0.0.0-py3.10.egg-info/dependency_links.txt
[2.924s] -- Up-to-date: /home/mtrn/Downloads/MTRN4231_Project/install/custom_interfaces/local/lib/python3.10/dist-packages/custom_interfaces
[2.924s] -- Up-to-date: /home/mtrn/Downloads/MTRN4231_Project/install/custom_interfaces/local/lib/python3.10/dist-packages/custom_interfaces/action
[2.924s] -- Up-to-date: /home/mtrn/Downloads/MTRN4231_Project/install/custom_interfaces/local/lib/python3.10/dist-packages/custom_interfaces/action/_gripper_command.py
[2.924s] -- Up-to-date: /home/mtrn/Downloads/MTRN4231_Project/install/custom_interfaces/local/lib/python3.10/dist-packages/custom_interfaces/action/_move_tcp_s.c
[2.924s] -- Up-to-date: /home/mtrn/Downloads/MTRN4231_Project/install/custom_interfaces/local/lib/python3.10/dist-packages/custom_interfaces/action/_gripper_command_s.c
[2.924s] -- Up-to-date: /home/mtrn/Downloads/MTRN4231_Project/install/custom_interfaces/local/lib/python3.10/dist-packages/custom_interfaces/action/_move_tcp.py
[2.925s] -- Up-to-date: /home/mtrn/Downloads/MTRN4231_Project/install/custom_interfaces/local/lib/python3.10/dist-packages/custom_interfaces/action/__init__.py
[2.925s] -- Up-to-date: /home/mtrn/Downloads/MTRN4231_Project/install/custom_interfaces/local/lib/python3.10/dist-packages/custom_interfaces/custom_interfaces_s__rosidl_typesupport_c.cpython-310-x86_64-linux-gnu.so
[2.925s] -- Up-to-date: /home/mtrn/Downloads/MTRN4231_Project/install/custom_interfaces/local/lib/python3.10/dist-packages/custom_interfaces/_custom_interfaces_s.ep.rosidl_typesupport_fastrtps_c.c
[2.925s] -- Up-to-date: /home/mtrn/Downloads/MTRN4231_Project/install/custom_interfaces/local/lib/python3.10/dist-packages/custom_interfaces/libcustom_interfaces__rosidl_generator_py.so
[2.925s] -- Up-to-date: /home/mtrn/Downloads/MTRN4231_Project/install/custom_interfaces/local/lib/python3.10/dist-packages/custom_interfaces/custom_interfaces_s__rosidl_typesupport_introspection_c.cpython-310-x86_64-linux-gnu.so
[2.925s] -- Up-to-date: /home/mtrn/Downloads/MTRN4231_Project/install/custom_interfaces/local/lib/python3.10/dist-packages/custom_interfaces/_custom_interfaces_s.ep.rosidl_typesupport_c.c
[2.925s] -- Up-to-date: /home/mtrn/Downloads/MTRN4231_Project/install/custom_interfaces/local/lib/python3.10/dist-packages/custom_interfaces/_custom_interfaces_s.ep.rosidl_typesupport_introspection_c.c
[2.926s] -- Up-to-date: /home/mtrn/Downloads/MTRN4231_Project/install/custom_interfaces/local/lib/python3.10/dist-packages/custom_interfaces/custom_interfaces_s__rosidl_typesupport_fastrtps_c.cpython-310-x86_64-linux-gnu.so
[2.926s] -- Up-to-date: /home/mtrn/Downloads/MTRN4231_Project/install/custom_interfaces/local/lib/python3.10/dist-packages/custom_interfaces/__init__.py
[3.002s] Listing '/home/mtrn/Downloads/MTRN4231_Project/install/custom_interfaces/local/lib/python3.10/dist-packages/custom_interfaces'...
[3.003s] Listing '/home/mtrn/Downloads/MTRN4231_Project/install/custom_interfaces/local/lib/python3.10/dist-packages/custom_interfaces/action'...
[3.011s] -- Up-to-date: /home/mtrn/Downloads/MTRN4231_Project/install/custom_interfaces/local/lib/python3.10/dist-packages/custom_interfaces/custom_interfaces_s__rosidl_typesupport_fastrtps_c.cpython-310-x86_64-linux-gnu.so
[3.020s] -- Up-to-date: /home/mtrn/Downloads/MTRN4231_Project/install/custom_interfaces/local/lib/python3.10/dist-packages/custom_interfaces/custom_interfaces_s__rosidl_typesupport_introspection_c.cpython-310-x86_64-linux-gnu.so
[3.020s] -- Up-to-date: /home/mtrn/Downloads/MTRN4231_Project/install/custom_interfaces/local/lib/python3.10/dist-packages/custom_interfaces/custom_interfaces_s__rosidl_typesupport_c.cpython-310-x86_64-linux-gnu.so
[3.020s] -- Up-to-date: /home/mtrn/Downloads/MTRN4231_Project/install/custom_interfaces/lib/libcustom_interfaces__rosidl_generator_py.so
[3.020s] -- Up-to-date: /home/mtrn/Downloads/MTRN4231_Project/install/custom_interfaces/share/custom_interfaces/action/MoveTCP.idl
[3.024s] -- Up-to-date: /home/mtrn/Downloads/MTRN4231_Project/install/custom_interfaces/share/custom_interfaces/action/GripperCommand.idl
[3.027s] -- Up-to-date: /home/mtrn/Downloads/MTRN4231_Project/install/custom_interfaces/share/custom_interfaces/action/MoveTCP.action
[3.027s] -- Up-to-date: /home/mtrn/Downloads/MTRN4231_Project/install/custom_interfaces/share/custom_interfaces/action/GripperCommand.action
[3.029s] -- Up-to-date: /home/mtrn/Downloads/MTRN4231_Project/install/custom_interfaces/share/custom_interfaces/action
[3.030s] -- Up-to-date: /home/mtrn/Downloads/MTRN4231_Project/install/custom_interfaces/share/custom_interfaces/action/GripperCommand.action
[3.030s] -- Up-to-date: /home/mtrn/Downloads/MTRN4231_Project/install/custom_interfaces/share/custom_interfaces/action/MoveTCP.action
[3.030s] -- Up-to-date: /home/mtrn/Downloads/MTRN4231_Project/install/custom_interfaces/share/ament_index/resource_index/package_run_dependencies/custom_interfaces
[3.030s] -- Up-to-date: /home/mtrn/Downloads/MTRN4231_Project/install/custom_interfaces/share/ament_index/resource_index/parent_prefix_path/custom_interfaces
[3.030s] -- Up-to-date: /home/mtrn/Downloads/MTRN4231_Project/install/custom_interfaces/share/custom_interfaces/environment/ament_prefix_path.sh
[3.030s] -- Up-to-date: /home/mtrn/Downloads/MTRN4231_Project/install/custom_interfaces/share/custom_interfaces/environment/ament_prefix_path.dsv
[3.030s] -- Up-to-date: /home/mtrn/Downloads/MTRN4231_Project/install/custom_interfaces/share/custom_interfaces/environment/path.sh
[3.031s] -- Up-to-date: /home/mtrn/Downloads/MTRN4231_Project/install/custom_interfaces/share/custom_interfaces/environment/path.dsv
[3.031s] -- Up-to-date: /home/mtrn/Downloads/MTRN4231_Project/install/custom_interfaces/share/custom_interfaces/local_setup.bash
[3.031s] -- Up-to-date: /home/mtrn/Downloads/MTRN4231_Project/install/custom_interfaces/share/custom_interfaces/local_setup.sh
[3.031s] -- Up-to-date: /home/mtrn/Downloads/MTRN4231_Project/install/custom_interfaces/share/custom_interfaces/local_setup.zsh
[3.031s] -- Up-to-date: /home/mtrn/Downloads/MTRN4231_Project/install/custom_interfaces/share/custom_interfaces/local_setup.dsv
[3.031s] -- Installing: /home/mtrn/Downloads/MTRN4231_Project/install/custom_interfaces/share/custom_interfaces/package.dsv
[3.031s] -- Up-to-date: /home/mtrn/Downloads/MTRN4231_Project/install/custom_interfaces/share/ament_index/resource_index/packages/custom_interfaces
[3.050s] -- Up-to-date: /home/mtrn/Downloads/MTRN4231_Project/install/custom_interfaces/share/custom_interfaces/cmake/export_custom_interfaces__rosidl_generator_cExport.cmake
[3.051s] -- Up-to-date: /home/mtrn/Downloads/MTRN4231_Project/install/custom_interfaces/share/custom_interfaces/cmake/export_custom_interfaces__rosidl_generator_cExport-noconfig.cmake
[3.052s] -- Up-to-date: /home/mtrn/Downloads/MTRN4231_Project/install/custom_interfaces/share/custom_interfaces/cmake/export_custom_interfaces__rosidl_typesupport_fastrtps_cExport.cmake
[3.052s] -- Up-to-date: /home/mtrn/Downloads/MTRN4231_Project/install/custom_interfaces/share/custom_interfaces/cmake/export_custom_interfaces__rosidl_typesupport_fastrtps_cExport-noconfig.cmake
[3.052s] -- Up-to-date: /home/mtrn/Downloads/MTRN4231_Project/install/custom_interfaces/share/custom_interfaces/cmake/custom_interfaces__rosidl_typesupport_introspection_cExport.cmake
[3.052s] -- Up-to-date: /home/mtrn/Downloads/MTRN4231_Project/install/custom_interfaces/share/custom_interfaces/cmake/custom_interfaces__rosidl_typesupport_introspection_cExport-noconfig.cmake
[3.052s] -- Up-to-date: /home/mtrn/Downloads/MTRN4231_Project/install/custom_interfaces/share/custom_interfaces/cmake/custom_interfaces__rosidl_typesupport_cExport.cmake
[3.052s] -- Up-to-date: /home/mtrn/Downloads/MTRN4231_Project/install/custom_interfaces/share/custom_interfaces/cmake/custom_interfaces__rosidl_typesupport_cExport-noconfig.cmake
[3.052s] -- Up-to-date: /home/mtrn/Downloads/MTRN4231_Project/install/custom_interfaces/share/custom_interfaces/cmake/export_custom_interfaces__rosidl_generator_cppExport.cmake
[3.052s] -- Up-to-date: /home/mtrn/Downloads/MTRN4231_Project/install/custom_interfaces/share/custom_interfaces/cmake/export_custom_interfaces__rosidl_typesupport_fastrtps_cppExport.cmake
[3.052s] -- Up-to-date: /home/mtrn/Downloads/MTRN4231_Project/install/custom_interfaces/share/custom_interfaces/cmake/export_custom_interfaces__rosidl_typesupport_fastrtps_cppExport-noconfig.cmake
[3.053s] -- Up-to-date: /home/mtrn/Downloads/MTRN4231_Project/install/custom_interfaces/share/custom_interfaces/cmake/custom_interfaces__rosidl_typesupport_introspection_cppExport.cmake
[3.053s] -- Up-to-date: /home/mtrn/Downloads/MTRN4231_Project/install/custom_interfaces/share/custom_interfaces/cmake/custom_interfaces__rosidl_typesupport_introspection_cppExport-noconfig.cmake
[3.053s] -- Up-to-date: /home/mtrn/Downloads/MTRN4231_Project/install/custom_interfaces/share/custom_interfaces/cmake/custom_interfaces__rosidl_typesupport_cppExport.cmake
[3.053s] -- Up-to-date: /home/mtrn/Downloads/MTRN4231_Project/install/custom_interfaces/share/custom_interfaces/cmake/custom_interfaces__rosidl_typesupport_cppExport-noconfig.cmake
[3.053s] -- Up-to-date: /home/mtrn/Downloads/MTRN4231_Project/install/custom_interfaces/share/custom_interfaces/cmake/export_custom_interfaces__rosidl_generator_pyExport.cmake
[3.053s] -- Up-to-date: /home/mtrn/Downloads/MTRN4231_Project/install/custom_interfaces/share/custom_interfaces/cmake/export_custom_interfaces__rosidl_generator_pyExport-noconfig.cmake
[3.053s] -- Up-to-date: /home/mtrn/Downloads/MTRN4231_Project/install/custom_interfaces/share/custom_interfaces/cmake/rosidl_cmake-extras.cmake
[3.053s] -- Up-to-date: /home/mtrn/Downloads/MTRN4231_Project/install/custom_interfaces/share/custom_interfaces/cmake/ament_cmake_export_dependencies-extras.cmake
[3.053s] -- Up-to-date: /home/mtrn/Downloads/MTRN4231_Project/install/custom_interfaces/share/custom_interfaces/cmake/ament_cmake_export_include_directories-extras.cmake
[3.053s] -- Up-to-date: /home/mtrn/Downloads/MTRN4231_Project/install/custom_interfaces/share/custom_interfaces/cmake/ament_cmake_export_libraries-extras.cmake
[3.053s] -- Up-to-date: /home/mtrn/Downloads/MTRN4231_Project/install/custom_interfaces/share/custom_interfaces/cmake/ament_cmake_export_targets-extras.cmake
[3.053s] -- Up-to-date: /home/mtrn/Downloads/MTRN4231_Project/install/custom_interfaces/share/custom_interfaces/cmake/rosidl_cmake_export_typesupport_targets-extras.cmake
[3.053s] -- Up-to-date: /home/mtrn/Downloads/MTRN4231_Project/install/custom_interfaces/share/custom_interfaces/cmake/rosidl_cmake_export_typesupport_libraries-extras.cmake
[3.053s] -- Up-to-date: /home/mtrn/Downloads/MTRN4231_Project/install/custom_interfaces/share/custom_interfaces/cmake/custom_interfacesConfig.cmake
[3.054s] -- Up-to-date: /home/mtrn/Downloads/MTRN4231_Project/install/custom_interfaces/share/custom_interfaces/cmake/custom_interfacesConfig-version.cmake
[3.054s] -- Up-to-date: /home/mtrn/Downloads/MTRN4231_Project/install/custom_interfaces/share/custom_interfaces/package.xml
[3.054s] Invoked command in '/home/mtrn/Downloads/MTRN4231_Project/build/custom_interfaces' returned '0': CMAKE_PREFIX_PATH=${CMAKE_PREFIX_PATH}:/home/mtrn/4231/ws_moveit2/install/moveit_configs_utils:/home/mtrn/4231/ws_moveit2/install/launch_param_builder:/opt/ros/humble /usr/bin/cmake --install /home/mtrn/Downloads/MTRN4231_Project/build/custom_interfaces
