[ 50%] Built target moveit_constrain_ur
[ 75%] [32mBuilding CXX object CMakeFiles/arm_controller_node.dir/src/arm_controller_node.cpp.o[0m
[01m[K/home/mtrn/MTRN4231_Project/src/arm_controller/src/arm_controller_node.cpp:[m[K In member function ‘[01m[Kbool ArmController::plan_and_execute_to_pose(const Pose&, const Constraints&, const string&)[m[K’:
[01m[K/home/mtrn/MTRN4231_Project/src/arm_controller/src/arm_controller_node.cpp:155:70:[m[K [01;35m[Kwarning: [m[Kunused parameter ‘[01m[Kcstr[m[K’ [[01;35m[K]8;;https://gcc.gnu.org/onlinedocs/gcc/Warning-Options.html#index-Wunused-parameter-Wunused-parameter]8;;[m[K]
  155 |      [01;35m[Kconst moveit_msgs::msg::Constraints& cstr[m[K,
      |      [01;35m[K~~~~~~~~~~~~~~~~~~~~~~~~~~~~~~~~~~~~~^~~~[m[K

[100%] [32m[1mLinking CXX executable arm_controller_node[0m
[100%] Built target arm_controller_node
-- Install configuration: ""
-- Installing: /home/mtrn/MTRN4231_Project/install/arm_controller/lib/arm_controller/arm_controller_node
-- Set runtime path of "/home/mtrn/MTRN4231_Project/install/arm_controller/lib/arm_controller/arm_controller_node" to ""
-- Up-to-date: /home/mtrn/MTRN4231_Project/install/arm_controller/share/arm_controller/launch
-- Up-to-date: /home/mtrn/MTRN4231_Project/install/arm_controller/share/arm_controller/launch/view_combined.launch.py
-- Up-to-date: /home/mtrn/MTRN4231_Project/install/arm_controller/share/arm_controller/launch/arm_controller.launch.py
-- Up-to-date: /home/mtrn/MTRN4231_Project/install/arm_controller/share/arm_controller/urdf
-- Up-to-date: /home/mtrn/MTRN4231_Project/install/arm_controller/share/arm_controller/urdf/ur5e_with_tool.urdf.xacro
-- Up-to-date: /home/mtrn/MTRN4231_Project/install/arm_controller/share/ament_index/resource_index/package_run_dependencies/arm_controller
-- Up-to-date: /home/mtrn/MTRN4231_Project/install/arm_controller/share/ament_index/resource_index/parent_prefix_path/arm_controller
-- Up-to-date: /home/mtrn/MTRN4231_Project/install/arm_controller/share/arm_controller/environment/ament_prefix_path.sh
-- Up-to-date: /home/mtrn/MTRN4231_Project/install/arm_controller/share/arm_controller/environment/ament_prefix_path.dsv
-- Up-to-date: /home/mtrn/MTRN4231_Project/install/arm_controller/share/arm_controller/environment/path.sh
-- Up-to-date: /home/mtrn/MTRN4231_Project/install/arm_controller/share/arm_controller/environment/path.dsv
-- Up-to-date: /home/mtrn/MTRN4231_Project/install/arm_controller/share/arm_controller/local_setup.bash
-- Up-to-date: /home/mtrn/MTRN4231_Project/install/arm_controller/share/arm_controller/local_setup.sh
-- Up-to-date: /home/mtrn/MTRN4231_Project/install/arm_controller/share/arm_controller/local_setup.zsh
-- Up-to-date: /home/mtrn/MTRN4231_Project/install/arm_controller/share/arm_controller/local_setup.dsv
-- Installing: /home/mtrn/MTRN4231_Project/install/arm_controller/share/arm_controller/package.dsv
-- Up-to-date: /home/mtrn/MTRN4231_Project/install/arm_controller/share/ament_index/resource_index/packages/arm_controller
-- Up-to-date: /home/mtrn/MTRN4231_Project/install/arm_controller/share/arm_controller/cmake/arm_controllerConfig.cmake
-- Up-to-date: /home/mtrn/MTRN4231_Project/install/arm_controller/share/arm_controller/cmake/arm_controllerConfig-version.cmake
-- Up-to-date: /home/mtrn/MTRN4231_Project/install/arm_controller/share/arm_controller/package.xml
