[0.157s] DEBUG:colcon:Command line arguments: ['/usr/bin/colcon', 'build']
[0.157s] DEBUG:colcon:Parsed command line arguments: Namespace(log_base=None, log_level=None, verb_name='build', build_base='build', install_base='install', merge_install=False, symlink_install=False, test_result_base=None, continue_on_error=False, executor='parallel', parallel_workers=12, event_handlers=None, ignore_user_meta=False, metas=['./colcon.meta'], base_paths=['.'], packages_ignore=None, packages_ignore_regex=None, paths=None, packages_up_to=None, packages_up_to_regex=None, packages_above=None, packages_above_and_dependencies=None, packages_above_depth=None, packages_select_by_dep=None, packages_skip_by_dep=None, packages_skip_up_to=None, packages_select_build_failed=False, packages_skip_build_finished=False, packages_select_test_failures=False, packages_skip_test_passed=False, packages_select=None, packages_skip=None, packages_select_regex=None, packages_skip_regex=None, packages_start=None, packages_end=None, allow_overriding=[], cmake_args=None, cmake_target=None, cmake_target_skip_unavailable=False, cmake_clean_cache=False, cmake_clean_first=False, cmake_force_configure=False, ament_cmake_args=None, catkin_cmake_args=None, catkin_skip_building_tests=False, mixin_files=None, mixin=None, verb_parser=<colcon_mixin.mixin.mixin_argument.MixinArgumentDecorator object at 0x7bc78fe63e80>, verb_extension=<colcon_core.verb.build.BuildVerb object at 0x7bc78fe637f0>, main=<bound method BuildVerb.main of <colcon_core.verb.build.BuildVerb object at 0x7bc78fe637f0>>, mixin_verb=('build',))
[0.196s] Level 1:colcon.colcon_core.package_discovery:discover_packages(colcon_meta) check parameters
[0.196s] Level 1:colcon.colcon_core.package_discovery:discover_packages(recursive) check parameters
[0.196s] Level 1:colcon.colcon_core.package_discovery:discover_packages(ignore) check parameters
[0.196s] Level 1:colcon.colcon_core.package_discovery:discover_packages(path) check parameters
[0.196s] Level 1:colcon.colcon_core.package_discovery:discover_packages(colcon_meta) discover
[0.197s] Level 1:colcon.colcon_core.package_discovery:discover_packages(recursive) discover
[0.197s] INFO:colcon.colcon_core.package_discovery:Crawling recursively for packages in '/home/mtrn/MTRN4231_project'
[0.197s] Level 1:colcon.colcon_core.package_identification:_identify(.) by extensions ['ignore', 'ignore_ament_install']
[0.197s] Level 1:colcon.colcon_core.package_identification:_identify(.) by extension 'ignore'
[0.197s] Level 1:colcon.colcon_core.package_identification:_identify(.) by extension 'ignore_ament_install'
[0.197s] Level 1:colcon.colcon_core.package_identification:_identify(.) by extensions ['colcon_pkg']
[0.197s] Level 1:colcon.colcon_core.package_identification:_identify(.) by extension 'colcon_pkg'
[0.197s] Level 1:colcon.colcon_core.package_identification:_identify(.) by extensions ['colcon_meta']
[0.197s] Level 1:colcon.colcon_core.package_identification:_identify(.) by extension 'colcon_meta'
[0.197s] Level 1:colcon.colcon_core.package_identification:_identify(.) by extensions ['ros']
[0.197s] Level 1:colcon.colcon_core.package_identification:_identify(.) by extension 'ros'
[0.211s] Level 1:colcon.colcon_core.package_identification:_identify(.) by extensions ['cmake', 'python']
[0.212s] Level 1:colcon.colcon_core.package_identification:_identify(.) by extension 'cmake'
[0.212s] Level 1:colcon.colcon_core.package_identification:_identify(.) by extension 'python'
[0.212s] Level 1:colcon.colcon_core.package_identification:_identify(.) by extensions ['python_setup_py']
[0.212s] Level 1:colcon.colcon_core.package_identification:_identify(.) by extension 'python_setup_py'
[0.212s] Level 1:colcon.colcon_core.package_identification:_identify(build) by extensions ['ignore', 'ignore_ament_install']
[0.212s] Level 1:colcon.colcon_core.package_identification:_identify(build) by extension 'ignore'
[0.212s] Level 1:colcon.colcon_core.package_identification:_identify(build) ignored
[0.212s] Level 1:colcon.colcon_core.package_identification:_identify(install) by extensions ['ignore', 'ignore_ament_install']
[0.212s] Level 1:colcon.colcon_core.package_identification:_identify(install) by extension 'ignore'
[0.212s] Level 1:colcon.colcon_core.package_identification:_identify(install) ignored
[0.212s] Level 1:colcon.colcon_core.package_identification:_identify(log) by extensions ['ignore', 'ignore_ament_install']
[0.212s] Level 1:colcon.colcon_core.package_identification:_identify(log) by extension 'ignore'
[0.212s] Level 1:colcon.colcon_core.package_identification:_identify(log) ignored
[0.212s] Level 1:colcon.colcon_core.package_identification:_identify(src) by extensions ['ignore', 'ignore_ament_install']
[0.212s] Level 1:colcon.colcon_core.package_identification:_identify(src) by extension 'ignore'
[0.213s] Level 1:colcon.colcon_core.package_identification:_identify(src) by extension 'ignore_ament_install'
[0.213s] Level 1:colcon.colcon_core.package_identification:_identify(src) by extensions ['colcon_pkg']
[0.213s] Level 1:colcon.colcon_core.package_identification:_identify(src) by extension 'colcon_pkg'
[0.213s] Level 1:colcon.colcon_core.package_identification:_identify(src) by extensions ['colcon_meta']
[0.213s] Level 1:colcon.colcon_core.package_identification:_identify(src) by extension 'colcon_meta'
[0.213s] Level 1:colcon.colcon_core.package_identification:_identify(src) by extensions ['ros']
[0.213s] Level 1:colcon.colcon_core.package_identification:_identify(src) by extension 'ros'
[0.213s] Level 1:colcon.colcon_core.package_identification:_identify(src) by extensions ['cmake', 'python']
[0.213s] Level 1:colcon.colcon_core.package_identification:_identify(src) by extension 'cmake'
[0.213s] Level 1:colcon.colcon_core.package_identification:_identify(src) by extension 'python'
[0.213s] Level 1:colcon.colcon_core.package_identification:_identify(src) by extensions ['python_setup_py']
[0.213s] Level 1:colcon.colcon_core.package_identification:_identify(src) by extension 'python_setup_py'
[0.213s] Level 1:colcon.colcon_core.package_identification:_identify(src/arm_controller) by extensions ['ignore', 'ignore_ament_install']
[0.213s] Level 1:colcon.colcon_core.package_identification:_identify(src/arm_controller) by extension 'ignore'
[0.213s] Level 1:colcon.colcon_core.package_identification:_identify(src/arm_controller) by extension 'ignore_ament_install'
[0.213s] Level 1:colcon.colcon_core.package_identification:_identify(src/arm_controller) by extensions ['colcon_pkg']
[0.213s] Level 1:colcon.colcon_core.package_identification:_identify(src/arm_controller) by extension 'colcon_pkg'
[0.213s] Level 1:colcon.colcon_core.package_identification:_identify(src/arm_controller) by extensions ['colcon_meta']
[0.213s] Level 1:colcon.colcon_core.package_identification:_identify(src/arm_controller) by extension 'colcon_meta'
[0.213s] Level 1:colcon.colcon_core.package_identification:_identify(src/arm_controller) by extensions ['ros']
[0.213s] Level 1:colcon.colcon_core.package_identification:_identify(src/arm_controller) by extension 'ros'
[0.216s] DEBUG:colcon.colcon_core.package_identification:Package 'src/arm_controller' with type 'ros.ament_cmake' and name 'arm_controller'
[0.216s] Level 1:colcon.colcon_core.package_identification:_identify(src/custom_interfaces) by extensions ['ignore', 'ignore_ament_install']
[0.217s] Level 1:colcon.colcon_core.package_identification:_identify(src/custom_interfaces) by extension 'ignore'
[0.217s] Level 1:colcon.colcon_core.package_identification:_identify(src/custom_interfaces) by extension 'ignore_ament_install'
[0.217s] Level 1:colcon.colcon_core.package_identification:_identify(src/custom_interfaces) by extensions ['colcon_pkg']
[0.217s] Level 1:colcon.colcon_core.package_identification:_identify(src/custom_interfaces) by extension 'colcon_pkg'
[0.217s] Level 1:colcon.colcon_core.package_identification:_identify(src/custom_interfaces) by extensions ['colcon_meta']
[0.217s] Level 1:colcon.colcon_core.package_identification:_identify(src/custom_interfaces) by extension 'colcon_meta'
[0.217s] Level 1:colcon.colcon_core.package_identification:_identify(src/custom_interfaces) by extensions ['ros']
[0.217s] Level 1:colcon.colcon_core.package_identification:_identify(src/custom_interfaces) by extension 'ros'
[0.217s] DEBUG:colcon.colcon_core.package_identification:Package 'src/custom_interfaces' with type 'ros.ament_cmake' and name 'custom_interfaces'
[0.217s] Level 1:colcon.colcon_core.package_identification:_identify(src/end_effector_description) by extensions ['ignore', 'ignore_ament_install']
[0.217s] Level 1:colcon.colcon_core.package_identification:_identify(src/end_effector_description) by extension 'ignore'
[0.218s] Level 1:colcon.colcon_core.package_identification:_identify(src/end_effector_description) by extension 'ignore_ament_install'
[0.218s] Level 1:colcon.colcon_core.package_identification:_identify(src/end_effector_description) by extensions ['colcon_pkg']
[0.218s] Level 1:colcon.colcon_core.package_identification:_identify(src/end_effector_description) by extension 'colcon_pkg'
[0.218s] Level 1:colcon.colcon_core.package_identification:_identify(src/end_effector_description) by extensions ['colcon_meta']
[0.218s] Level 1:colcon.colcon_core.package_identification:_identify(src/end_effector_description) by extension 'colcon_meta'
[0.218s] Level 1:colcon.colcon_core.package_identification:_identify(src/end_effector_description) by extensions ['ros']
[0.218s] Level 1:colcon.colcon_core.package_identification:_identify(src/end_effector_description) by extension 'ros'
[0.218s] DEBUG:colcon.colcon_core.package_identification:Package 'src/end_effector_description' with type 'ros.ament_cmake' and name 'end_effector_description'
[0.218s] Level 1:colcon.colcon_core.package_identification:_identify(src/move_to_marker) by extensions ['ignore', 'ignore_ament_install']
[0.218s] Level 1:colcon.colcon_core.package_identification:_identify(src/move_to_marker) by extension 'ignore'
[0.218s] Level 1:colcon.colcon_core.package_identification:_identify(src/move_to_marker) by extension 'ignore_ament_install'
[0.218s] Level 1:colcon.colcon_core.package_identification:_identify(src/move_to_marker) by extensions ['colcon_pkg']
[0.218s] Level 1:colcon.colcon_core.package_identification:_identify(src/move_to_marker) by extension 'colcon_pkg'
[0.219s] Level 1:colcon.colcon_core.package_identification:_identify(src/move_to_marker) by extensions ['colcon_meta']
[0.219s] Level 1:colcon.colcon_core.package_identification:_identify(src/move_to_marker) by extension 'colcon_meta'
[0.219s] Level 1:colcon.colcon_core.package_identification:_identify(src/move_to_marker) by extensions ['ros']
[0.219s] Level 1:colcon.colcon_core.package_identification:_identify(src/move_to_marker) by extension 'ros'
[0.219s] DEBUG:colcon.colcon_core.package_identification:Package 'src/move_to_marker' with type 'ros.ament_cmake' and name 'move_to_marker'
[0.219s] Level 1:colcon.colcon_core.package_identification:_identify(src/ur5e_custom_description) by extensions ['ignore', 'ignore_ament_install']
[0.219s] Level 1:colcon.colcon_core.package_identification:_identify(src/ur5e_custom_description) by extension 'ignore'
[0.220s] Level 1:colcon.colcon_core.package_identification:_identify(src/ur5e_custom_description) by extension 'ignore_ament_install'
[0.220s] Level 1:colcon.colcon_core.package_identification:_identify(src/ur5e_custom_description) by extensions ['colcon_pkg']
[0.220s] Level 1:colcon.colcon_core.package_identification:_identify(src/ur5e_custom_description) by extension 'colcon_pkg'
[0.220s] Level 1:colcon.colcon_core.package_identification:_identify(src/ur5e_custom_description) by extensions ['colcon_meta']
[0.220s] Level 1:colcon.colcon_core.package_identification:_identify(src/ur5e_custom_description) by extension 'colcon_meta'
[0.220s] Level 1:colcon.colcon_core.package_identification:_identify(src/ur5e_custom_description) by extensions ['ros']
[0.220s] Level 1:colcon.colcon_core.package_identification:_identify(src/ur5e_custom_description) by extension 'ros'
[0.220s] DEBUG:colcon.colcon_core.package_identification:Package 'src/ur5e_custom_description' with type 'ros.ament_cmake' and name 'ur5e_custom_description'
[0.220s] Level 1:colcon.colcon_core.package_discovery:discover_packages(recursive) using defaults
[0.220s] Level 1:colcon.colcon_core.package_discovery:discover_packages(ignore) discover
[0.220s] Level 1:colcon.colcon_core.package_discovery:discover_packages(ignore) using defaults
[0.220s] Level 1:colcon.colcon_core.package_discovery:discover_packages(path) discover
[0.220s] Level 1:colcon.colcon_core.package_discovery:discover_packages(path) using defaults
[0.241s] Level 1:colcon.colcon_core.package_discovery:discover_packages(prefix_path) check parameters
[0.241s] Level 1:colcon.colcon_core.package_discovery:discover_packages(prefix_path) discover
[0.243s] DEBUG:colcon.colcon_installed_package_information.package_discovery:Found 5 installed packages in /home/mtrn/MTRN4231_project/install
[0.245s] DEBUG:colcon.colcon_installed_package_information.package_discovery:Found 354 installed packages in /opt/ros/humble
[0.246s] Level 1:colcon.colcon_core.package_discovery:discover_packages(prefix_path) using defaults
[0.297s] Level 5:colcon.colcon_core.verb:set package 'custom_interfaces' build argument 'cmake_args' from command line to 'None'
[0.297s] Level 5:colcon.colcon_core.verb:set package 'custom_interfaces' build argument 'cmake_target' from command line to 'None'
[0.297s] Level 5:colcon.colcon_core.verb:set package 'custom_interfaces' build argument 'cmake_target_skip_unavailable' from command line to 'False'
[0.298s] Level 5:colcon.colcon_core.verb:set package 'custom_interfaces' build argument 'cmake_clean_cache' from command line to 'False'
[0.298s] Level 5:colcon.colcon_core.verb:set package 'custom_interfaces' build argument 'cmake_clean_first' from command line to 'False'
[0.298s] Level 5:colcon.colcon_core.verb:set package 'custom_interfaces' build argument 'cmake_force_configure' from command line to 'False'
[0.298s] Level 5:colcon.colcon_core.verb:set package 'custom_interfaces' build argument 'ament_cmake_args' from command line to 'None'
[0.298s] Level 5:colcon.colcon_core.verb:set package 'custom_interfaces' build argument 'catkin_cmake_args' from command line to 'None'
[0.298s] Level 5:colcon.colcon_core.verb:set package 'custom_interfaces' build argument 'catkin_skip_building_tests' from command line to 'False'
[0.298s] DEBUG:colcon.colcon_core.verb:Building package 'custom_interfaces' with the following arguments: {'ament_cmake_args': None, 'build_base': '/home/mtrn/MTRN4231_project/build/custom_interfaces', 'catkin_cmake_args': None, 'catkin_skip_building_tests': False, 'cmake_args': None, 'cmake_clean_cache': False, 'cmake_clean_first': False, 'cmake_force_configure': False, 'cmake_target': None, 'cmake_target_skip_unavailable': False, 'install_base': '/home/mtrn/MTRN4231_project/install/custom_interfaces', 'merge_install': False, 'path': '/home/mtrn/MTRN4231_project/src/custom_interfaces', 'symlink_install': False, 'test_result_base': None}
[0.298s] Level 5:colcon.colcon_core.verb:set package 'end_effector_description' build argument 'cmake_args' from command line to 'None'
[0.298s] Level 5:colcon.colcon_core.verb:set package 'end_effector_description' build argument 'cmake_target' from command line to 'None'
[0.298s] Level 5:colcon.colcon_core.verb:set package 'end_effector_description' build argument 'cmake_target_skip_unavailable' from command line to 'False'
[0.298s] Level 5:colcon.colcon_core.verb:set package 'end_effector_description' build argument 'cmake_clean_cache' from command line to 'False'
[0.298s] Level 5:colcon.colcon_core.verb:set package 'end_effector_description' build argument 'cmake_clean_first' from command line to 'False'
[0.298s] Level 5:colcon.colcon_core.verb:set package 'end_effector_description' build argument 'cmake_force_configure' from command line to 'False'
[0.298s] Level 5:colcon.colcon_core.verb:set package 'end_effector_description' build argument 'ament_cmake_args' from command line to 'None'
[0.298s] Level 5:colcon.colcon_core.verb:set package 'end_effector_description' build argument 'catkin_cmake_args' from command line to 'None'
[0.298s] Level 5:colcon.colcon_core.verb:set package 'end_effector_description' build argument 'catkin_skip_building_tests' from command line to 'False'
[0.298s] DEBUG:colcon.colcon_core.verb:Building package 'end_effector_description' with the following arguments: {'ament_cmake_args': None, 'build_base': '/home/mtrn/MTRN4231_project/build/end_effector_description', 'catkin_cmake_args': None, 'catkin_skip_building_tests': False, 'cmake_args': None, 'cmake_clean_cache': False, 'cmake_clean_first': False, 'cmake_force_configure': False, 'cmake_target': None, 'cmake_target_skip_unavailable': False, 'install_base': '/home/mtrn/MTRN4231_project/install/end_effector_description', 'merge_install': False, 'path': '/home/mtrn/MTRN4231_project/src/end_effector_description', 'symlink_install': False, 'test_result_base': None}
[0.298s] Level 5:colcon.colcon_core.verb:set package 'move_to_marker' build argument 'cmake_args' from command line to 'None'
[0.299s] Level 5:colcon.colcon_core.verb:set package 'move_to_marker' build argument 'cmake_target' from command line to 'None'
[0.299s] Level 5:colcon.colcon_core.verb:set package 'move_to_marker' build argument 'cmake_target_skip_unavailable' from command line to 'False'
[0.299s] Level 5:colcon.colcon_core.verb:set package 'move_to_marker' build argument 'cmake_clean_cache' from command line to 'False'
[0.299s] Level 5:colcon.colcon_core.verb:set package 'move_to_marker' build argument 'cmake_clean_first' from command line to 'False'
[0.299s] Level 5:colcon.colcon_core.verb:set package 'move_to_marker' build argument 'cmake_force_configure' from command line to 'False'
[0.299s] Level 5:colcon.colcon_core.verb:set package 'move_to_marker' build argument 'ament_cmake_args' from command line to 'None'
[0.299s] Level 5:colcon.colcon_core.verb:set package 'move_to_marker' build argument 'catkin_cmake_args' from command line to 'None'
[0.299s] Level 5:colcon.colcon_core.verb:set package 'move_to_marker' build argument 'catkin_skip_building_tests' from command line to 'False'
[0.299s] DEBUG:colcon.colcon_core.verb:Building package 'move_to_marker' with the following arguments: {'ament_cmake_args': None, 'build_base': '/home/mtrn/MTRN4231_project/build/move_to_marker', 'catkin_cmake_args': None, 'catkin_skip_building_tests': False, 'cmake_args': None, 'cmake_clean_cache': False, 'cmake_clean_first': False, 'cmake_force_configure': False, 'cmake_target': None, 'cmake_target_skip_unavailable': False, 'install_base': '/home/mtrn/MTRN4231_project/install/move_to_marker', 'merge_install': False, 'path': '/home/mtrn/MTRN4231_project/src/move_to_marker', 'symlink_install': False, 'test_result_base': None}
[0.299s] Level 5:colcon.colcon_core.verb:set package 'arm_controller' build argument 'cmake_args' from command line to 'None'
[0.299s] Level 5:colcon.colcon_core.verb:set package 'arm_controller' build argument 'cmake_target' from command line to 'None'
[0.299s] Level 5:colcon.colcon_core.verb:set package 'arm_controller' build argument 'cmake_target_skip_unavailable' from command line to 'False'
[0.299s] Level 5:colcon.colcon_core.verb:set package 'arm_controller' build argument 'cmake_clean_cache' from command line to 'False'
[0.299s] Level 5:colcon.colcon_core.verb:set package 'arm_controller' build argument 'cmake_clean_first' from command line to 'False'
[0.299s] Level 5:colcon.colcon_core.verb:set package 'arm_controller' build argument 'cmake_force_configure' from command line to 'False'
[0.299s] Level 5:colcon.colcon_core.verb:set package 'arm_controller' build argument 'ament_cmake_args' from command line to 'None'
[0.299s] Level 5:colcon.colcon_core.verb:set package 'arm_controller' build argument 'catkin_cmake_args' from command line to 'None'
[0.299s] Level 5:colcon.colcon_core.verb:set package 'arm_controller' build argument 'catkin_skip_building_tests' from command line to 'False'
[0.299s] DEBUG:colcon.colcon_core.verb:Building package 'arm_controller' with the following arguments: {'ament_cmake_args': None, 'build_base': '/home/mtrn/MTRN4231_project/build/arm_controller', 'catkin_cmake_args': None, 'catkin_skip_building_tests': False, 'cmake_args': None, 'cmake_clean_cache': False, 'cmake_clean_first': False, 'cmake_force_configure': False, 'cmake_target': None, 'cmake_target_skip_unavailable': False, 'install_base': '/home/mtrn/MTRN4231_project/install/arm_controller', 'merge_install': False, 'path': '/home/mtrn/MTRN4231_project/src/arm_controller', 'symlink_install': False, 'test_result_base': None}
[0.299s] Level 5:colcon.colcon_core.verb:set package 'ur5e_custom_description' build argument 'cmake_args' from command line to 'None'
[0.299s] Level 5:colcon.colcon_core.verb:set package 'ur5e_custom_description' build argument 'cmake_target' from command line to 'None'
[0.299s] Level 5:colcon.colcon_core.verb:set package 'ur5e_custom_description' build argument 'cmake_target_skip_unavailable' from command line to 'False'
[0.299s] Level 5:colcon.colcon_core.verb:set package 'ur5e_custom_description' build argument 'cmake_clean_cache' from command line to 'False'
[0.300s] Level 5:colcon.colcon_core.verb:set package 'ur5e_custom_description' build argument 'cmake_clean_first' from command line to 'False'
[0.300s] Level 5:colcon.colcon_core.verb:set package 'ur5e_custom_description' build argument 'cmake_force_configure' from command line to 'False'
[0.300s] Level 5:colcon.colcon_core.verb:set package 'ur5e_custom_description' build argument 'ament_cmake_args' from command line to 'None'
[0.300s] Level 5:colcon.colcon_core.verb:set package 'ur5e_custom_description' build argument 'catkin_cmake_args' from command line to 'None'
[0.300s] Level 5:colcon.colcon_core.verb:set package 'ur5e_custom_description' build argument 'catkin_skip_building_tests' from command line to 'False'
[0.300s] DEBUG:colcon.colcon_core.verb:Building package 'ur5e_custom_description' with the following arguments: {'ament_cmake_args': None, 'build_base': '/home/mtrn/MTRN4231_project/build/ur5e_custom_description', 'catkin_cmake_args': None, 'catkin_skip_building_tests': False, 'cmake_args': None, 'cmake_clean_cache': False, 'cmake_clean_first': False, 'cmake_force_configure': False, 'cmake_target': None, 'cmake_target_skip_unavailable': False, 'install_base': '/home/mtrn/MTRN4231_project/install/ur5e_custom_description', 'merge_install': False, 'path': '/home/mtrn/MTRN4231_project/src/ur5e_custom_description', 'symlink_install': False, 'test_result_base': None}
[0.300s] INFO:colcon.colcon_core.executor:Executing jobs using 'parallel' executor
[0.301s] DEBUG:colcon.colcon_parallel_executor.executor.parallel:run_until_complete
[0.301s] INFO:colcon.colcon_ros.task.ament_cmake.build:Building ROS package in '/home/mtrn/MTRN4231_project/src/custom_interfaces' with build type 'ament_cmake'
[0.301s] INFO:colcon.colcon_cmake.task.cmake.build:Building CMake package in '/home/mtrn/MTRN4231_project/src/custom_interfaces'
[0.304s] INFO:colcon.colcon_core.plugin_system:Skipping extension 'colcon_core.shell.bat': Not used on non-Windows systems
[0.304s] INFO:colcon.colcon_core.shell:Skip shell extension 'powershell' for command environment: Not usable outside of PowerShell
[0.304s] DEBUG:colcon.colcon_core.shell:Skip shell extension 'dsv' for command environment
[0.310s] INFO:colcon.colcon_ros.task.ament_cmake.build:Building ROS package in '/home/mtrn/MTRN4231_project/src/end_effector_description' with build type 'ament_cmake'
[0.310s] INFO:colcon.colcon_cmake.task.cmake.build:Building CMake package in '/home/mtrn/MTRN4231_project/src/end_effector_description'
[0.310s] INFO:colcon.colcon_core.shell:Skip shell extension 'powershell' for command environment: Not usable outside of PowerShell
[0.310s] DEBUG:colcon.colcon_core.shell:Skip shell extension 'dsv' for command environment
[0.316s] INFO:colcon.colcon_ros.task.ament_cmake.build:Building ROS package in '/home/mtrn/MTRN4231_project/src/move_to_marker' with build type 'ament_cmake'
[0.316s] INFO:colcon.colcon_cmake.task.cmake.build:Building CMake package in '/home/mtrn/MTRN4231_project/src/move_to_marker'
[0.317s] INFO:colcon.colcon_core.shell:Skip shell extension 'powershell' for command environment: Not usable outside of PowerShell
[0.317s] DEBUG:colcon.colcon_core.shell:Skip shell extension 'dsv' for command environment
[0.328s] DEBUG:colcon.colcon_core.event_handler.log_command:Invoking command in '/home/mtrn/MTRN4231_project/build/custom_interfaces': CMAKE_PREFIX_PATH=${CMAKE_PREFIX_PATH}:/opt/ros/humble /home/mtrn/.local/bin/cmake --build /home/mtrn/MTRN4231_project/build/custom_interfaces -- -j12 -l12
[0.343s] DEBUG:colcon.colcon_core.event_handler.log_command:Invoking command in '/home/mtrn/MTRN4231_project/build/end_effector_description': CMAKE_PREFIX_PATH=${CMAKE_PREFIX_PATH}:/opt/ros/humble /home/mtrn/.local/bin/cmake --build /home/mtrn/MTRN4231_project/build/end_effector_description -- -j12 -l12
[0.354s] DEBUG:colcon.colcon_core.event_handler.log_command:Invoking command in '/home/mtrn/MTRN4231_project/build/move_to_marker': CMAKE_PREFIX_PATH=${CMAKE_PREFIX_PATH}:/opt/ros/humble /home/mtrn/.local/bin/cmake --build /home/mtrn/MTRN4231_project/build/move_to_marker -- -j12 -l12
[0.431s] DEBUG:colcon.colcon_core.event_handler.log_command:Invoked command in '/home/mtrn/MTRN4231_project/build/end_effector_description' returned '0': CMAKE_PREFIX_PATH=${CMAKE_PREFIX_PATH}:/opt/ros/humble /home/mtrn/.local/bin/cmake --build /home/mtrn/MTRN4231_project/build/end_effector_description -- -j12 -l12
[0.480s] DEBUG:colcon.colcon_core.event_handler.log_command:Invoked command in '/home/mtrn/MTRN4231_project/build/move_to_marker' returned '0': CMAKE_PREFIX_PATH=${CMAKE_PREFIX_PATH}:/opt/ros/humble /home/mtrn/.local/bin/cmake --build /home/mtrn/MTRN4231_project/build/move_to_marker -- -j12 -l12
[0.565s] DEBUG:colcon.colcon_core.event_handler.log_command:Invoking command in '/home/mtrn/MTRN4231_project/build/end_effector_description': CMAKE_PREFIX_PATH=${CMAKE_PREFIX_PATH}:/opt/ros/humble /home/mtrn/.local/bin/cmake --install /home/mtrn/MTRN4231_project/build/end_effector_description
[0.569s] DEBUG:colcon.colcon_core.event_handler.log_command:Invoking command in '/home/mtrn/MTRN4231_project/build/move_to_marker': CMAKE_PREFIX_PATH=${CMAKE_PREFIX_PATH}:/opt/ros/humble /home/mtrn/.local/bin/cmake --install /home/mtrn/MTRN4231_project/build/move_to_marker
[0.608s] Level 1:colcon.colcon_core.environment:create_environment_scripts_only(end_effector_description)
[0.609s] DEBUG:colcon.colcon_core.event_handler.log_command:Invoked command in '/home/mtrn/MTRN4231_project/build/end_effector_description' returned '0': CMAKE_PREFIX_PATH=${CMAKE_PREFIX_PATH}:/opt/ros/humble /home/mtrn/.local/bin/cmake --install /home/mtrn/MTRN4231_project/build/end_effector_description
[0.612s] Level 1:colcon.colcon_core.environment:checking '/home/mtrn/MTRN4231_project/install/end_effector_description' for CMake module files
[0.613s] Level 1:colcon.colcon_core.environment:checking '/home/mtrn/MTRN4231_project/install/end_effector_description' for CMake config files
[0.613s] Level 1:colcon.colcon_core.shell:create_environment_hook('end_effector_description', 'cmake_prefix_path')
[0.613s] INFO:colcon.colcon_core.shell:Creating environment hook '/home/mtrn/MTRN4231_project/install/end_effector_description/share/end_effector_description/hook/cmake_prefix_path.ps1'
[0.614s] INFO:colcon.colcon_core.shell:Creating environment descriptor '/home/mtrn/MTRN4231_project/install/end_effector_description/share/end_effector_description/hook/cmake_prefix_path.dsv'
[0.615s] INFO:colcon.colcon_core.shell:Creating environment hook '/home/mtrn/MTRN4231_project/install/end_effector_description/share/end_effector_description/hook/cmake_prefix_path.sh'
[0.616s] Level 1:colcon.colcon_core.environment:checking '/home/mtrn/MTRN4231_project/install/end_effector_description/bin'
[0.616s] Level 1:colcon.colcon_core.environment:checking '/home/mtrn/MTRN4231_project/install/end_effector_description/lib/pkgconfig/end_effector_description.pc'
[0.616s] Level 1:colcon.colcon_core.environment:checking '/home/mtrn/MTRN4231_project/install/end_effector_description/lib/python3.10/site-packages'
[0.616s] Level 1:colcon.colcon_core.environment:checking '/home/mtrn/MTRN4231_project/install/end_effector_description/bin'
[0.617s] INFO:colcon.colcon_core.shell:Creating package script '/home/mtrn/MTRN4231_project/install/end_effector_description/share/end_effector_description/package.ps1'
[0.617s] INFO:colcon.colcon_core.shell:Creating package descriptor '/home/mtrn/MTRN4231_project/install/end_effector_description/share/end_effector_description/package.dsv'
[0.618s] INFO:colcon.colcon_core.shell:Creating package script '/home/mtrn/MTRN4231_project/install/end_effector_description/share/end_effector_description/package.sh'
[0.619s] INFO:colcon.colcon_core.shell:Creating package script '/home/mtrn/MTRN4231_project/install/end_effector_description/share/end_effector_description/package.bash'
[0.620s] INFO:colcon.colcon_core.shell:Creating package script '/home/mtrn/MTRN4231_project/install/end_effector_description/share/end_effector_description/package.zsh'
[0.621s] Level 1:colcon.colcon_core.environment:create_file_with_runtime_dependencies(/home/mtrn/MTRN4231_project/install/end_effector_description/share/colcon-core/packages/end_effector_description)
[0.624s] Level 1:colcon.colcon_core.environment:create_environment_scripts_only(move_to_marker)
[0.624s] Level 1:colcon.colcon_core.environment:checking '/home/mtrn/MTRN4231_project/install/move_to_marker' for CMake module files
[0.625s] Level 1:colcon.colcon_core.environment:checking '/home/mtrn/MTRN4231_project/install/move_to_marker' for CMake config files
[0.625s] Level 1:colcon.colcon_core.shell:create_environment_hook('move_to_marker', 'cmake_prefix_path')
[0.626s] INFO:colcon.colcon_core.shell:Creating environment hook '/home/mtrn/MTRN4231_project/install/move_to_marker/share/move_to_marker/hook/cmake_prefix_path.ps1'
[0.626s] INFO:colcon.colcon_core.shell:Creating environment descriptor '/home/mtrn/MTRN4231_project/install/move_to_marker/share/move_to_marker/hook/cmake_prefix_path.dsv'
[0.627s] INFO:colcon.colcon_core.shell:Creating environment hook '/home/mtrn/MTRN4231_project/install/move_to_marker/share/move_to_marker/hook/cmake_prefix_path.sh'
[0.627s] DEBUG:colcon.colcon_core.event_handler.log_command:Invoked command in '/home/mtrn/MTRN4231_project/build/move_to_marker' returned '0': CMAKE_PREFIX_PATH=${CMAKE_PREFIX_PATH}:/opt/ros/humble /home/mtrn/.local/bin/cmake --install /home/mtrn/MTRN4231_project/build/move_to_marker
[0.628s] Level 1:colcon.colcon_core.environment:checking '/home/mtrn/MTRN4231_project/install/move_to_marker/lib'
[0.628s] Level 1:colcon.colcon_core.environment:checking '/home/mtrn/MTRN4231_project/install/move_to_marker/bin'
[0.628s] Level 1:colcon.colcon_core.environment:checking '/home/mtrn/MTRN4231_project/install/move_to_marker/lib/pkgconfig/move_to_marker.pc'
[0.629s] Level 1:colcon.colcon_core.environment:checking '/home/mtrn/MTRN4231_project/install/move_to_marker/lib/python3.10/site-packages'
[0.629s] Level 1:colcon.colcon_core.environment:checking '/home/mtrn/MTRN4231_project/install/move_to_marker/bin'
[0.629s] INFO:colcon.colcon_core.shell:Creating package script '/home/mtrn/MTRN4231_project/install/move_to_marker/share/move_to_marker/package.ps1'
[0.630s] INFO:colcon.colcon_core.shell:Creating package descriptor '/home/mtrn/MTRN4231_project/install/move_to_marker/share/move_to_marker/package.dsv'
[0.630s] INFO:colcon.colcon_core.shell:Creating package script '/home/mtrn/MTRN4231_project/install/move_to_marker/share/move_to_marker/package.sh'
[0.631s] INFO:colcon.colcon_core.shell:Creating package script '/home/mtrn/MTRN4231_project/install/move_to_marker/share/move_to_marker/package.bash'
[0.631s] INFO:colcon.colcon_core.shell:Creating package script '/home/mtrn/MTRN4231_project/install/move_to_marker/share/move_to_marker/package.zsh'
[0.632s] Level 1:colcon.colcon_core.environment:create_file_with_runtime_dependencies(/home/mtrn/MTRN4231_project/install/move_to_marker/share/colcon-core/packages/move_to_marker)
[0.683s] Level 1:colcon.colcon_core.environment:create_environment_scripts_only(end_effector_description)
[0.684s] Level 1:colcon.colcon_core.environment:checking '/home/mtrn/MTRN4231_project/install/end_effector_description' for CMake module files
[0.684s] Level 1:colcon.colcon_core.environment:checking '/home/mtrn/MTRN4231_project/install/end_effector_description' for CMake config files
[0.685s] Level 1:colcon.colcon_core.shell:create_environment_hook('end_effector_description', 'cmake_prefix_path')
[0.685s] INFO:colcon.colcon_core.shell:Creating environment hook '/home/mtrn/MTRN4231_project/install/end_effector_description/share/end_effector_description/hook/cmake_prefix_path.ps1'
[0.686s] INFO:colcon.colcon_core.shell:Creating environment descriptor '/home/mtrn/MTRN4231_project/install/end_effector_description/share/end_effector_description/hook/cmake_prefix_path.dsv'
[0.686s] INFO:colcon.colcon_core.shell:Creating environment hook '/home/mtrn/MTRN4231_project/install/end_effector_description/share/end_effector_description/hook/cmake_prefix_path.sh'
[0.687s] Level 1:colcon.colcon_core.environment:checking '/home/mtrn/MTRN4231_project/install/end_effector_description/bin'
[0.687s] Level 1:colcon.colcon_core.environment:checking '/home/mtrn/MTRN4231_project/install/end_effector_description/lib/pkgconfig/end_effector_description.pc'
[0.688s] Level 1:colcon.colcon_core.environment:checking '/home/mtrn/MTRN4231_project/install/end_effector_description/lib/python3.10/site-packages'
[0.688s] Level 1:colcon.colcon_core.environment:checking '/home/mtrn/MTRN4231_project/install/end_effector_description/bin'
[0.689s] INFO:colcon.colcon_core.shell:Creating package script '/home/mtrn/MTRN4231_project/install/end_effector_description/share/end_effector_description/package.ps1'
[0.690s] INFO:colcon.colcon_core.shell:Creating package descriptor '/home/mtrn/MTRN4231_project/install/end_effector_description/share/end_effector_description/package.dsv'
[0.690s] INFO:colcon.colcon_core.shell:Creating package script '/home/mtrn/MTRN4231_project/install/end_effector_description/share/end_effector_description/package.sh'
[0.691s] INFO:colcon.colcon_core.shell:Creating package script '/home/mtrn/MTRN4231_project/install/end_effector_description/share/end_effector_description/package.bash'
[0.692s] INFO:colcon.colcon_core.shell:Creating package script '/home/mtrn/MTRN4231_project/install/end_effector_description/share/end_effector_description/package.zsh'
[0.692s] Level 1:colcon.colcon_core.environment:create_file_with_runtime_dependencies(/home/mtrn/MTRN4231_project/install/end_effector_description/share/colcon-core/packages/end_effector_description)
[0.693s] INFO:colcon.colcon_ros.task.ament_cmake.build:Building ROS package in '/home/mtrn/MTRN4231_project/src/ur5e_custom_description' with build type 'ament_cmake'
[0.693s] INFO:colcon.colcon_cmake.task.cmake.build:Building CMake package in '/home/mtrn/MTRN4231_project/src/ur5e_custom_description'
[0.693s] INFO:colcon.colcon_core.shell:Skip shell extension 'powershell' for command environment: Not usable outside of PowerShell
[0.694s] DEBUG:colcon.colcon_core.shell:Skip shell extension 'dsv' for command environment
[0.702s] Level 1:colcon.colcon_core.environment:create_environment_scripts_only(move_to_marker)
[0.703s] Level 1:colcon.colcon_core.environment:checking '/home/mtrn/MTRN4231_project/install/move_to_marker' for CMake module files
[0.703s] Level 1:colcon.colcon_core.environment:checking '/home/mtrn/MTRN4231_project/install/move_to_marker' for CMake config files
[0.704s] Level 1:colcon.colcon_core.shell:create_environment_hook('move_to_marker', 'cmake_prefix_path')
[0.704s] INFO:colcon.colcon_core.shell:Creating environment hook '/home/mtrn/MTRN4231_project/install/move_to_marker/share/move_to_marker/hook/cmake_prefix_path.ps1'
[0.705s] INFO:colcon.colcon_core.shell:Creating environment descriptor '/home/mtrn/MTRN4231_project/install/move_to_marker/share/move_to_marker/hook/cmake_prefix_path.dsv'
[0.705s] INFO:colcon.colcon_core.shell:Creating environment hook '/home/mtrn/MTRN4231_project/install/move_to_marker/share/move_to_marker/hook/cmake_prefix_path.sh'
[0.706s] Level 1:colcon.colcon_core.environment:checking '/home/mtrn/MTRN4231_project/install/move_to_marker/lib'
[0.706s] Level 1:colcon.colcon_core.environment:checking '/home/mtrn/MTRN4231_project/install/move_to_marker/bin'
[0.706s] Level 1:colcon.colcon_core.environment:checking '/home/mtrn/MTRN4231_project/install/move_to_marker/lib/pkgconfig/move_to_marker.pc'
[0.706s] Level 1:colcon.colcon_core.environment:checking '/home/mtrn/MTRN4231_project/install/move_to_marker/lib/python3.10/site-packages'
[0.707s] Level 1:colcon.colcon_core.environment:checking '/home/mtrn/MTRN4231_project/install/move_to_marker/bin'
[0.707s] INFO:colcon.colcon_core.shell:Creating package script '/home/mtrn/MTRN4231_project/install/move_to_marker/share/move_to_marker/package.ps1'
[0.708s] INFO:colcon.colcon_core.shell:Creating package descriptor '/home/mtrn/MTRN4231_project/install/move_to_marker/share/move_to_marker/package.dsv'
[0.708s] INFO:colcon.colcon_core.shell:Creating package script '/home/mtrn/MTRN4231_project/install/move_to_marker/share/move_to_marker/package.sh'
[0.709s] INFO:colcon.colcon_core.shell:Creating package script '/home/mtrn/MTRN4231_project/install/move_to_marker/share/move_to_marker/package.bash'
[0.709s] INFO:colcon.colcon_core.shell:Creating package script '/home/mtrn/MTRN4231_project/install/move_to_marker/share/move_to_marker/package.zsh'
[0.710s] Level 1:colcon.colcon_core.environment:create_file_with_runtime_dependencies(/home/mtrn/MTRN4231_project/install/move_to_marker/share/colcon-core/packages/move_to_marker)
[0.717s] DEBUG:colcon.colcon_core.event_handler.log_command:Invoking command in '/home/mtrn/MTRN4231_project/build/ur5e_custom_description': CMAKE_PREFIX_PATH=/home/mtrn/MTRN4231_project/install/end_effector_description:/home/mtrn/MTRN4231_project/install/ur5e_custom_description:/home/mtrn/MTRN4231_project/install/move_to_marker:/home/mtrn/MTRN4231_project/install/arm_controller:/home/mtrn/MTRN4231_project/install/custom_interfaces:/opt/ros/humble /home/mtrn/.local/bin/cmake --build /home/mtrn/MTRN4231_project/build/ur5e_custom_description -- -j12 -l12
[0.811s] DEBUG:colcon.colcon_core.event_handler.log_command:Invoked command in '/home/mtrn/MTRN4231_project/build/ur5e_custom_description' returned '0': CMAKE_PREFIX_PATH=/home/mtrn/MTRN4231_project/install/end_effector_description:/home/mtrn/MTRN4231_project/install/ur5e_custom_description:/home/mtrn/MTRN4231_project/install/move_to_marker:/home/mtrn/MTRN4231_project/install/arm_controller:/home/mtrn/MTRN4231_project/install/custom_interfaces:/opt/ros/humble /home/mtrn/.local/bin/cmake --build /home/mtrn/MTRN4231_project/build/ur5e_custom_description -- -j12 -l12
[0.883s] DEBUG:colcon.colcon_core.event_handler.log_command:Invoking command in '/home/mtrn/MTRN4231_project/build/ur5e_custom_description': CMAKE_PREFIX_PATH=/home/mtrn/MTRN4231_project/install/end_effector_description:/home/mtrn/MTRN4231_project/install/ur5e_custom_description:/home/mtrn/MTRN4231_project/install/move_to_marker:/home/mtrn/MTRN4231_project/install/arm_controller:/home/mtrn/MTRN4231_project/install/custom_interfaces:/opt/ros/humble /home/mtrn/.local/bin/cmake --install /home/mtrn/MTRN4231_project/build/ur5e_custom_description
[0.927s] Level 1:colcon.colcon_core.environment:create_environment_scripts_only(ur5e_custom_description)
[0.928s] Level 1:colcon.colcon_core.environment:checking '/home/mtrn/MTRN4231_project/install/ur5e_custom_description' for CMake module files
[0.928s] Level 1:colcon.colcon_core.environment:checking '/home/mtrn/MTRN4231_project/install/ur5e_custom_description' for CMake config files
[0.929s] Level 1:colcon.colcon_core.shell:create_environment_hook('ur5e_custom_description', 'cmake_prefix_path')
[0.929s] INFO:colcon.colcon_core.shell:Creating environment hook '/home/mtrn/MTRN4231_project/install/ur5e_custom_description/share/ur5e_custom_description/hook/cmake_prefix_path.ps1'
[0.930s] INFO:colcon.colcon_core.shell:Creating environment descriptor '/home/mtrn/MTRN4231_project/install/ur5e_custom_description/share/ur5e_custom_description/hook/cmake_prefix_path.dsv'
[0.930s] DEBUG:colcon.colcon_core.event_handler.log_command:Invoked command in '/home/mtrn/MTRN4231_project/build/ur5e_custom_description' returned '0': CMAKE_PREFIX_PATH=/home/mtrn/MTRN4231_project/install/end_effector_description:/home/mtrn/MTRN4231_project/install/ur5e_custom_description:/home/mtrn/MTRN4231_project/install/move_to_marker:/home/mtrn/MTRN4231_project/install/arm_controller:/home/mtrn/MTRN4231_project/install/custom_interfaces:/opt/ros/humble /home/mtrn/.local/bin/cmake --install /home/mtrn/MTRN4231_project/build/ur5e_custom_description
[0.931s] INFO:colcon.colcon_core.shell:Creating environment hook '/home/mtrn/MTRN4231_project/install/ur5e_custom_description/share/ur5e_custom_description/hook/cmake_prefix_path.sh'
[0.932s] Level 1:colcon.colcon_core.environment:checking '/home/mtrn/MTRN4231_project/install/ur5e_custom_description/bin'
[0.932s] Level 1:colcon.colcon_core.environment:checking '/home/mtrn/MTRN4231_project/install/ur5e_custom_description/lib/pkgconfig/ur5e_custom_description.pc'
[0.932s] Level 1:colcon.colcon_core.environment:checking '/home/mtrn/MTRN4231_project/install/ur5e_custom_description/lib/python3.10/site-packages'
[0.933s] Level 1:colcon.colcon_core.environment:checking '/home/mtrn/MTRN4231_project/install/ur5e_custom_description/bin'
[0.933s] INFO:colcon.colcon_core.shell:Creating package script '/home/mtrn/MTRN4231_project/install/ur5e_custom_description/share/ur5e_custom_description/package.ps1'
[0.934s] INFO:colcon.colcon_core.shell:Creating package descriptor '/home/mtrn/MTRN4231_project/install/ur5e_custom_description/share/ur5e_custom_description/package.dsv'
[0.934s] INFO:colcon.colcon_core.shell:Creating package script '/home/mtrn/MTRN4231_project/install/ur5e_custom_description/share/ur5e_custom_description/package.sh'
[0.935s] INFO:colcon.colcon_core.shell:Creating package script '/home/mtrn/MTRN4231_project/install/ur5e_custom_description/share/ur5e_custom_description/package.bash'
[0.936s] INFO:colcon.colcon_core.shell:Creating package script '/home/mtrn/MTRN4231_project/install/ur5e_custom_description/share/ur5e_custom_description/package.zsh'
[0.937s] Level 1:colcon.colcon_core.environment:create_file_with_runtime_dependencies(/home/mtrn/MTRN4231_project/install/ur5e_custom_description/share/colcon-core/packages/ur5e_custom_description)
[0.944s] DEBUG:colcon.colcon_core.event_handler.log_command:Invoked command in '/home/mtrn/MTRN4231_project/build/custom_interfaces' returned '0': CMAKE_PREFIX_PATH=${CMAKE_PREFIX_PATH}:/opt/ros/humble /home/mtrn/.local/bin/cmake --build /home/mtrn/MTRN4231_project/build/custom_interfaces -- -j12 -l12
[1.011s] Level 1:colcon.colcon_core.environment:create_environment_scripts_only(ur5e_custom_description)
[1.012s] Level 1:colcon.colcon_core.environment:checking '/home/mtrn/MTRN4231_project/install/ur5e_custom_description' for CMake module files
[1.013s] Level 1:colcon.colcon_core.environment:checking '/home/mtrn/MTRN4231_project/install/ur5e_custom_description' for CMake config files
[1.014s] Level 1:colcon.colcon_core.shell:create_environment_hook('ur5e_custom_description', 'cmake_prefix_path')
[1.014s] INFO:colcon.colcon_core.shell:Creating environment hook '/home/mtrn/MTRN4231_project/install/ur5e_custom_description/share/ur5e_custom_description/hook/cmake_prefix_path.ps1'
[1.015s] INFO:colcon.colcon_core.shell:Creating environment descriptor '/home/mtrn/MTRN4231_project/install/ur5e_custom_description/share/ur5e_custom_description/hook/cmake_prefix_path.dsv'
[1.016s] INFO:colcon.colcon_core.shell:Creating environment hook '/home/mtrn/MTRN4231_project/install/ur5e_custom_description/share/ur5e_custom_description/hook/cmake_prefix_path.sh'
[1.017s] Level 1:colcon.colcon_core.environment:checking '/home/mtrn/MTRN4231_project/install/ur5e_custom_description/bin'
[1.017s] Level 1:colcon.colcon_core.environment:checking '/home/mtrn/MTRN4231_project/install/ur5e_custom_description/lib/pkgconfig/ur5e_custom_description.pc'
[1.018s] Level 1:colcon.colcon_core.environment:checking '/home/mtrn/MTRN4231_project/install/ur5e_custom_description/lib/python3.10/site-packages'
[1.018s] Level 1:colcon.colcon_core.environment:checking '/home/mtrn/MTRN4231_project/install/ur5e_custom_description/bin'
[1.019s] INFO:colcon.colcon_core.shell:Creating package script '/home/mtrn/MTRN4231_project/install/ur5e_custom_description/share/ur5e_custom_description/package.ps1'
[1.020s] INFO:colcon.colcon_core.shell:Creating package descriptor '/home/mtrn/MTRN4231_project/install/ur5e_custom_description/share/ur5e_custom_description/package.dsv'
[1.021s] INFO:colcon.colcon_core.shell:Creating package script '/home/mtrn/MTRN4231_project/install/ur5e_custom_description/share/ur5e_custom_description/package.sh'
[1.022s] INFO:colcon.colcon_core.shell:Creating package script '/home/mtrn/MTRN4231_project/install/ur5e_custom_description/share/ur5e_custom_description/package.bash'
[1.024s] INFO:colcon.colcon_core.shell:Creating package script '/home/mtrn/MTRN4231_project/install/ur5e_custom_description/share/ur5e_custom_description/package.zsh'
[1.025s] Level 1:colcon.colcon_core.environment:create_file_with_runtime_dependencies(/home/mtrn/MTRN4231_project/install/ur5e_custom_description/share/colcon-core/packages/ur5e_custom_description)
[1.113s] DEBUG:colcon.colcon_core.event_handler.log_command:Invoking command in '/home/mtrn/MTRN4231_project/build/custom_interfaces': CMAKE_PREFIX_PATH=${CMAKE_PREFIX_PATH}:/opt/ros/humble /home/mtrn/.local/bin/cmake --install /home/mtrn/MTRN4231_project/build/custom_interfaces
[1.225s] Level 1:colcon.colcon_core.environment:create_environment_scripts_only(custom_interfaces)
[1.226s] Level 1:colcon.colcon_core.environment:checking '/home/mtrn/MTRN4231_project/install/custom_interfaces' for CMake module files
[1.228s] DEBUG:colcon.colcon_core.event_handler.log_command:Invoked command in '/home/mtrn/MTRN4231_project/build/custom_interfaces' returned '0': CMAKE_PREFIX_PATH=${CMAKE_PREFIX_PATH}:/opt/ros/humble /home/mtrn/.local/bin/cmake --install /home/mtrn/MTRN4231_project/build/custom_interfaces
[1.229s] Level 1:colcon.colcon_core.environment:checking '/home/mtrn/MTRN4231_project/install/custom_interfaces' for CMake config files
[1.230s] Level 1:colcon.colcon_core.shell:create_environment_hook('custom_interfaces', 'cmake_prefix_path')
[1.230s] INFO:colcon.colcon_core.shell:Creating environment hook '/home/mtrn/MTRN4231_project/install/custom_interfaces/share/custom_interfaces/hook/cmake_prefix_path.ps1'
[1.232s] INFO:colcon.colcon_core.shell:Creating environment descriptor '/home/mtrn/MTRN4231_project/install/custom_interfaces/share/custom_interfaces/hook/cmake_prefix_path.dsv'
[1.233s] INFO:colcon.colcon_core.shell:Creating environment hook '/home/mtrn/MTRN4231_project/install/custom_interfaces/share/custom_interfaces/hook/cmake_prefix_path.sh'
[1.235s] Level 1:colcon.colcon_core.environment:checking '/home/mtrn/MTRN4231_project/install/custom_interfaces/lib'
[1.235s] Level 1:colcon.colcon_core.shell:create_environment_hook('custom_interfaces', 'ld_library_path_lib')
[1.235s] INFO:colcon.colcon_core.shell:Creating environment hook '/home/mtrn/MTRN4231_project/install/custom_interfaces/share/custom_interfaces/hook/ld_library_path_lib.ps1'
[1.236s] INFO:colcon.colcon_core.shell:Creating environment descriptor '/home/mtrn/MTRN4231_project/install/custom_interfaces/share/custom_interfaces/hook/ld_library_path_lib.dsv'
[1.237s] INFO:colcon.colcon_core.shell:Creating environment hook '/home/mtrn/MTRN4231_project/install/custom_interfaces/share/custom_interfaces/hook/ld_library_path_lib.sh'
[1.237s] Level 1:colcon.colcon_core.environment:checking '/home/mtrn/MTRN4231_project/install/custom_interfaces/bin'
[1.237s] Level 1:colcon.colcon_core.environment:checking '/home/mtrn/MTRN4231_project/install/custom_interfaces/lib/pkgconfig/custom_interfaces.pc'
[1.237s] Level 1:colcon.colcon_core.environment:checking '/home/mtrn/MTRN4231_project/install/custom_interfaces/lib/python3.10/site-packages'
[1.238s] Level 1:colcon.colcon_core.environment:checking '/home/mtrn/MTRN4231_project/install/custom_interfaces/bin'
[1.238s] INFO:colcon.colcon_core.shell:Creating package script '/home/mtrn/MTRN4231_project/install/custom_interfaces/share/custom_interfaces/package.ps1'
[1.239s] INFO:colcon.colcon_core.shell:Creating package descriptor '/home/mtrn/MTRN4231_project/install/custom_interfaces/share/custom_interfaces/package.dsv'
[1.240s] INFO:colcon.colcon_core.shell:Creating package script '/home/mtrn/MTRN4231_project/install/custom_interfaces/share/custom_interfaces/package.sh'
[1.240s] INFO:colcon.colcon_core.shell:Creating package script '/home/mtrn/MTRN4231_project/install/custom_interfaces/share/custom_interfaces/package.bash'
[1.241s] INFO:colcon.colcon_core.shell:Creating package script '/home/mtrn/MTRN4231_project/install/custom_interfaces/share/custom_interfaces/package.zsh'
[1.241s] Level 1:colcon.colcon_core.environment:create_file_with_runtime_dependencies(/home/mtrn/MTRN4231_project/install/custom_interfaces/share/colcon-core/packages/custom_interfaces)
[1.411s] Level 1:colcon.colcon_core.environment:create_environment_scripts_only(custom_interfaces)
[1.412s] Level 1:colcon.colcon_core.environment:checking '/home/mtrn/MTRN4231_project/install/custom_interfaces' for CMake module files
[1.413s] Level 1:colcon.colcon_core.environment:checking '/home/mtrn/MTRN4231_project/install/custom_interfaces' for CMake config files
[1.413s] Level 1:colcon.colcon_core.shell:create_environment_hook('custom_interfaces', 'cmake_prefix_path')
[1.414s] INFO:colcon.colcon_core.shell:Creating environment hook '/home/mtrn/MTRN4231_project/install/custom_interfaces/share/custom_interfaces/hook/cmake_prefix_path.ps1'
[1.414s] INFO:colcon.colcon_core.shell:Creating environment descriptor '/home/mtrn/MTRN4231_project/install/custom_interfaces/share/custom_interfaces/hook/cmake_prefix_path.dsv'
[1.415s] INFO:colcon.colcon_core.shell:Creating environment hook '/home/mtrn/MTRN4231_project/install/custom_interfaces/share/custom_interfaces/hook/cmake_prefix_path.sh'
[1.415s] Level 1:colcon.colcon_core.environment:checking '/home/mtrn/MTRN4231_project/install/custom_interfaces/lib'
[1.415s] Level 1:colcon.colcon_core.shell:create_environment_hook('custom_interfaces', 'ld_library_path_lib')
[1.416s] INFO:colcon.colcon_core.shell:Creating environment hook '/home/mtrn/MTRN4231_project/install/custom_interfaces/share/custom_interfaces/hook/ld_library_path_lib.ps1'
[1.416s] INFO:colcon.colcon_core.shell:Creating environment descriptor '/home/mtrn/MTRN4231_project/install/custom_interfaces/share/custom_interfaces/hook/ld_library_path_lib.dsv'
[1.417s] INFO:colcon.colcon_core.shell:Creating environment hook '/home/mtrn/MTRN4231_project/install/custom_interfaces/share/custom_interfaces/hook/ld_library_path_lib.sh'
[1.417s] Level 1:colcon.colcon_core.environment:checking '/home/mtrn/MTRN4231_project/install/custom_interfaces/bin'
[1.417s] Level 1:colcon.colcon_core.environment:checking '/home/mtrn/MTRN4231_project/install/custom_interfaces/lib/pkgconfig/custom_interfaces.pc'
[1.417s] Level 1:colcon.colcon_core.environment:checking '/home/mtrn/MTRN4231_project/install/custom_interfaces/lib/python3.10/site-packages'
[1.418s] Level 1:colcon.colcon_core.environment:checking '/home/mtrn/MTRN4231_project/install/custom_interfaces/bin'
[1.418s] INFO:colcon.colcon_core.shell:Creating package script '/home/mtrn/MTRN4231_project/install/custom_interfaces/share/custom_interfaces/package.ps1'
[1.419s] INFO:colcon.colcon_core.shell:Creating package descriptor '/home/mtrn/MTRN4231_project/install/custom_interfaces/share/custom_interfaces/package.dsv'
[1.420s] INFO:colcon.colcon_core.shell:Creating package script '/home/mtrn/MTRN4231_project/install/custom_interfaces/share/custom_interfaces/package.sh'
[1.420s] INFO:colcon.colcon_core.shell:Creating package script '/home/mtrn/MTRN4231_project/install/custom_interfaces/share/custom_interfaces/package.bash'
[1.421s] INFO:colcon.colcon_core.shell:Creating package script '/home/mtrn/MTRN4231_project/install/custom_interfaces/share/custom_interfaces/package.zsh'
[1.421s] Level 1:colcon.colcon_core.environment:create_file_with_runtime_dependencies(/home/mtrn/MTRN4231_project/install/custom_interfaces/share/colcon-core/packages/custom_interfaces)
[1.422s] INFO:colcon.colcon_ros.task.ament_cmake.build:Building ROS package in '/home/mtrn/MTRN4231_project/src/arm_controller' with build type 'ament_cmake'
[1.422s] INFO:colcon.colcon_cmake.task.cmake.build:Building CMake package in '/home/mtrn/MTRN4231_project/src/arm_controller'
[1.422s] INFO:colcon.colcon_core.shell:Skip shell extension 'powershell' for command environment: Not usable outside of PowerShell
[1.422s] DEBUG:colcon.colcon_core.shell:Skip shell extension 'dsv' for command environment
[1.447s] DEBUG:colcon.colcon_core.event_handler.log_command:Invoking command in '/home/mtrn/MTRN4231_project/build/arm_controller': CMAKE_PREFIX_PATH=/home/mtrn/MTRN4231_project/install/custom_interfaces:/home/mtrn/MTRN4231_project/install/ur5e_custom_description:/home/mtrn/MTRN4231_project/install/move_to_marker:/home/mtrn/MTRN4231_project/install/end_effector_description:/home/mtrn/MTRN4231_project/install/arm_controller:/opt/ros/humble /home/mtrn/.local/bin/cmake --build /home/mtrn/MTRN4231_project/build/arm_controller -- -j12 -l12
[14.368s] DEBUG:colcon.colcon_core.event_handler.log_command:Invoked command in '/home/mtrn/MTRN4231_project/build/arm_controller' returned '2': CMAKE_PREFIX_PATH=/home/mtrn/MTRN4231_project/install/custom_interfaces:/home/mtrn/MTRN4231_project/install/ur5e_custom_description:/home/mtrn/MTRN4231_project/install/move_to_marker:/home/mtrn/MTRN4231_project/install/end_effector_description:/home/mtrn/MTRN4231_project/install/arm_controller:/opt/ros/humble /home/mtrn/.local/bin/cmake --build /home/mtrn/MTRN4231_project/build/arm_controller -- -j12 -l12
[14.480s] Level 1:colcon.colcon_core.environment:create_environment_scripts_only(arm_controller)
[14.482s] Level 1:colcon.colcon_core.environment:checking '/home/mtrn/MTRN4231_project/install/arm_controller' for CMake module files
[14.485s] Level 1:colcon.colcon_core.environment:checking '/home/mtrn/MTRN4231_project/install/arm_controller' for CMake config files
[14.486s] Level 1:colcon.colcon_core.shell:create_environment_hook('arm_controller', 'cmake_prefix_path')
[14.487s] INFO:colcon.colcon_core.shell:Creating environment hook '/home/mtrn/MTRN4231_project/install/arm_controller/share/arm_controller/hook/cmake_prefix_path.ps1'
[14.489s] INFO:colcon.colcon_core.shell:Creating environment descriptor '/home/mtrn/MTRN4231_project/install/arm_controller/share/arm_controller/hook/cmake_prefix_path.dsv'
[14.490s] INFO:colcon.colcon_core.shell:Creating environment hook '/home/mtrn/MTRN4231_project/install/arm_controller/share/arm_controller/hook/cmake_prefix_path.sh'
[14.493s] Level 1:colcon.colcon_core.environment:checking '/home/mtrn/MTRN4231_project/install/arm_controller/lib'
[14.493s] Level 1:colcon.colcon_core.environment:checking '/home/mtrn/MTRN4231_project/install/arm_controller/bin'
[14.493s] Level 1:colcon.colcon_core.environment:checking '/home/mtrn/MTRN4231_project/install/arm_controller/lib/pkgconfig/arm_controller.pc'
[14.494s] Level 1:colcon.colcon_core.environment:checking '/home/mtrn/MTRN4231_project/install/arm_controller/lib/python3.10/site-packages'
[14.494s] Level 1:colcon.colcon_core.environment:checking '/home/mtrn/MTRN4231_project/install/arm_controller/bin'
[14.495s] INFO:colcon.colcon_core.shell:Creating package script '/home/mtrn/MTRN4231_project/install/arm_controller/share/arm_controller/package.ps1'
[14.496s] INFO:colcon.colcon_core.shell:Creating package descriptor '/home/mtrn/MTRN4231_project/install/arm_controller/share/arm_controller/package.dsv'
[14.497s] INFO:colcon.colcon_core.shell:Creating package script '/home/mtrn/MTRN4231_project/install/arm_controller/share/arm_controller/package.sh'
[14.497s] INFO:colcon.colcon_core.shell:Creating package script '/home/mtrn/MTRN4231_project/install/arm_controller/share/arm_controller/package.bash'
[14.499s] INFO:colcon.colcon_core.shell:Creating package script '/home/mtrn/MTRN4231_project/install/arm_controller/share/arm_controller/package.zsh'
[14.500s] Level 1:colcon.colcon_core.environment:create_file_with_runtime_dependencies(/home/mtrn/MTRN4231_project/install/arm_controller/share/colcon-core/packages/arm_controller)
[14.511s] DEBUG:colcon.colcon_parallel_executor.executor.parallel:closing loop
[14.511s] DEBUG:colcon.colcon_parallel_executor.executor.parallel:loop closed
[14.512s] DEBUG:colcon.colcon_parallel_executor.executor.parallel:run_until_complete finished with '2'
[14.512s] DEBUG:colcon.colcon_core.event_reactor:joining thread
[14.537s] INFO:colcon.colcon_core.plugin_system:Skipping extension 'colcon_notification.desktop_notification.terminal_notifier': Not used on non-Darwin systems
[14.537s] INFO:colcon.colcon_core.plugin_system:Skipping extension 'colcon_notification.desktop_notification.win32': Not used on non-Windows systems
[14.537s] INFO:colcon.colcon_notification.desktop_notification:Sending desktop notification using 'notify2'
[14.561s] DEBUG:colcon.colcon_core.event_reactor:joined thread
[14.561s] INFO:colcon.colcon_core.shell:Creating prefix script '/home/mtrn/MTRN4231_project/install/local_setup.ps1'
[14.563s] INFO:colcon.colcon_core.shell:Creating prefix util module '/home/mtrn/MTRN4231_project/install/_local_setup_util_ps1.py'
[14.565s] INFO:colcon.colcon_core.shell:Creating prefix chain script '/home/mtrn/MTRN4231_project/install/setup.ps1'
[14.567s] INFO:colcon.colcon_core.shell:Creating prefix script '/home/mtrn/MTRN4231_project/install/local_setup.sh'
[14.569s] INFO:colcon.colcon_core.shell:Creating prefix util module '/home/mtrn/MTRN4231_project/install/_local_setup_util_sh.py'
[14.570s] INFO:colcon.colcon_core.shell:Creating prefix chain script '/home/mtrn/MTRN4231_project/install/setup.sh'
[14.572s] INFO:colcon.colcon_core.shell:Creating prefix script '/home/mtrn/MTRN4231_project/install/local_setup.bash'
[14.573s] INFO:colcon.colcon_core.shell:Creating prefix chain script '/home/mtrn/MTRN4231_project/install/setup.bash'
[14.575s] INFO:colcon.colcon_core.shell:Creating prefix script '/home/mtrn/MTRN4231_project/install/local_setup.zsh'
[14.576s] INFO:colcon.colcon_core.shell:Creating prefix chain script '/home/mtrn/MTRN4231_project/install/setup.zsh'
