[0.012s] Invoking command in '/home/mtrn/MTRN4231_Project/build/end_effector_description': CMAKE_PREFIX_PATH=/opt/ros/humble /home/mtrn/.local/bin/cmake /home/mtrn/MTRN4231_Project/src/end_effector_description -DCMAKE_INSTALL_PREFIX=/home/mtrn/MTRN4231_Project/install/end_effector_description
[0.128s] -- The C compiler identification is GNU 11.4.0
[0.236s] -- The CXX compiler identification is GNU 11.4.0
[0.257s] -- Detecting C compiler ABI info
[0.372s] -- Detecting C compiler ABI info - done
[0.396s] -- Check for working C compiler: /usr/bin/cc - skipped
[0.396s] -- Detecting C compile features
[0.397s] -- Detecting C compile features - done
[0.410s] -- Detecting CXX compiler ABI info
[0.529s] -- Detecting CXX compiler ABI info - done
[0.545s] -- Check for working CXX compiler: /usr/bin/c++ - skipped
[0.545s] -- Detecting CXX compile features
[0.545s] -- Detecting CXX compile features - done
[0.547s] -- Found ament_cmake: 1.3.10 (/opt/ros/humble/share/ament_cmake/cmake)
[0.703s] -- Found Python3: /usr/bin/python3 (found version "3.10.12") found components: Interpreter 
[0.878s] -- Configuring done (0.8s)
[0.880s] -- Generating done (0.0s)
[0.880s] -- Build files have been written to: /home/mtrn/MTRN4231_Project/build/end_effector_description
[0.891s] Invoked command in '/home/mtrn/MTRN4231_Project/build/end_effector_description' returned '0': CMAKE_PREFIX_PATH=/opt/ros/humble /home/mtrn/.local/bin/cmake /home/mtrn/MTRN4231_Project/src/end_effector_description -DCMAKE_INSTALL_PREFIX=/home/mtrn/MTRN4231_Project/install/end_effector_description
[0.893s] Invoking command in '/home/mtrn/MTRN4231_Project/build/end_effector_description': CMAKE_PREFIX_PATH=/opt/ros/humble /home/mtrn/.local/bin/cmake --build /home/mtrn/MTRN4231_Project/build/end_effector_description -- -j20 -l20
[0.953s] Invoked command in '/home/mtrn/MTRN4231_Project/build/end_effector_description' returned '0': CMAKE_PREFIX_PATH=/opt/ros/humble /home/mtrn/.local/bin/cmake --build /home/mtrn/MTRN4231_Project/build/end_effector_description -- -j20 -l20
[1.073s] Invoking command in '/home/mtrn/MTRN4231_Project/build/end_effector_description': CMAKE_PREFIX_PATH=/opt/ros/humble /home/mtrn/.local/bin/cmake --install /home/mtrn/MTRN4231_Project/build/end_effector_description
[1.109s] -- Install configuration: ""
[1.109s] -- Installing: /home/mtrn/MTRN4231_Project/install/end_effector_description/share/end_effector_description/launch
[1.110s] -- Installing: /home/mtrn/MTRN4231_Project/install/end_effector_description/share/end_effector_description/launch/display_ee.launch.py
[1.110s] -- Installing: /home/mtrn/MTRN4231_Project/install/end_effector_description/share/end_effector_description/rviz
[1.110s] -- Installing: /home/mtrn/MTRN4231_Project/install/end_effector_description/share/end_effector_description/rviz/ee.rviz
[1.118s] -- Installing: /home/mtrn/MTRN4231_Project/install/end_effector_description/share/end_effector_description/urdf
[1.118s] -- Installing: /home/mtrn/MTRN4231_Project/install/end_effector_description/share/end_effector_description/urdf/end_effector.urdf.xacro
[1.119s] -- Installing: /home/mtrn/MTRN4231_Project/install/end_effector_description/share/end_effector_description/urdf/end_effector_only.urdf.xacro
[1.119s] -- Installing: /home/mtrn/MTRN4231_Project/install/end_effector_description/share/end_effector_description/urdf/end_effector_withDriverSupport.xacro
[1.119s] -- Installing: /home/mtrn/MTRN4231_Project/install/end_effector_description/share/end_effector_description/meshes
[1.119s] -- Installing: /home/mtrn/MTRN4231_Project/install/end_effector_description/share/end_effector_description/meshes/claw_assembly.stl
[1.120s] -- Installing: /home/mtrn/MTRN4231_Project/install/end_effector_description/share/end_effector_description/etc
[1.121s] -- Installing: /home/mtrn/MTRN4231_Project/install/end_effector_description/share/end_effector_description/etc/robot_calibration.yaml
[1.121s] -- Installing: /home/mtrn/MTRN4231_Project/install/end_effector_description/share/ament_index/resource_index/package_run_dependencies/end_effector_description
[1.121s] -- Installing: /home/mtrn/MTRN4231_Project/install/end_effector_description/share/ament_index/resource_index/parent_prefix_path/end_effector_description
[1.121s] -- Installing: /home/mtrn/MTRN4231_Project/install/end_effector_description/share/end_effector_description/environment/ament_prefix_path.sh
[1.121s] -- Installing: /home/mtrn/MTRN4231_Project/install/end_effector_description/share/end_effector_description/environment/ament_prefix_path.dsv
[1.121s] -- Installing: /home/mtrn/MTRN4231_Project/install/end_effector_description/share/end_effector_description/environment/path.sh
[1.122s] -- Installing: /home/mtrn/MTRN4231_Project/install/end_effector_description/share/end_effector_description/environment/path.dsv
[1.122s] -- Installing: /home/mtrn/MTRN4231_Project/install/end_effector_description/share/end_effector_description/local_setup.bash
[1.122s] -- Installing: /home/mtrn/MTRN4231_Project/install/end_effector_description/share/end_effector_description/local_setup.sh
[1.122s] -- Installing: /home/mtrn/MTRN4231_Project/install/end_effector_description/share/end_effector_description/local_setup.zsh
[1.122s] -- Installing: /home/mtrn/MTRN4231_Project/install/end_effector_description/share/end_effector_description/local_setup.dsv
[1.122s] -- Installing: /home/mtrn/MTRN4231_Project/install/end_effector_description/share/end_effector_description/package.dsv
[1.123s] -- Installing: /home/mtrn/MTRN4231_Project/install/end_effector_description/share/ament_index/resource_index/packages/end_effector_description
[1.123s] -- Installing: /home/mtrn/MTRN4231_Project/install/end_effector_description/share/end_effector_description/cmake/end_effector_descriptionConfig.cmake
[1.123s] -- Installing: /home/mtrn/MTRN4231_Project/install/end_effector_description/share/end_effector_description/cmake/end_effector_descriptionConfig-version.cmake
[1.123s] -- Installing: /home/mtrn/MTRN4231_Project/install/end_effector_description/share/end_effector_description/package.xml
[1.129s] Invoked command in '/home/mtrn/MTRN4231_Project/build/end_effector_description' returned '0': CMAKE_PREFIX_PATH=/opt/ros/humble /home/mtrn/.local/bin/cmake --install /home/mtrn/MTRN4231_Project/build/end_effector_description
