[0.142s] DEBUG:colcon:Command line arguments: ['/usr/bin/colcon', 'build']
[0.142s] DEBUG:colcon:Parsed command line arguments: Namespace(log_base=None, log_level=None, verb_name='build', build_base='build', install_base='install', merge_install=False, symlink_install=False, test_result_base=None, continue_on_error=False, executor='parallel', parallel_workers=20, event_handlers=None, ignore_user_meta=False, metas=['./colcon.meta'], base_paths=['.'], packages_ignore=None, packages_ignore_regex=None, paths=None, packages_up_to=None, packages_up_to_regex=None, packages_above=None, packages_above_and_dependencies=None, packages_above_depth=None, packages_select_by_dep=None, packages_skip_by_dep=None, packages_skip_up_to=None, packages_select_build_failed=False, packages_skip_build_finished=False, packages_select_test_failures=False, packages_skip_test_passed=False, packages_select=None, packages_skip=None, packages_select_regex=None, packages_skip_regex=None, packages_start=None, packages_end=None, allow_overriding=[], cmake_args=None, cmake_target=None, cmake_target_skip_unavailable=False, cmake_clean_cache=False, cmake_clean_first=False, cmake_force_configure=False, ament_cmake_args=None, catkin_cmake_args=None, catkin_skip_building_tests=False, mixin_files=None, mixin=None, verb_parser=<colcon_mixin.mixin.mixin_argument.MixinArgumentDecorator object at 0x71bb83c67400>, verb_extension=<colcon_core.verb.build.BuildVerb object at 0x71bb83da4160>, main=<bound method BuildVerb.main of <colcon_core.verb.build.BuildVerb object at 0x71bb83da4160>>, mixin_verb=('build',))
[0.307s] Level 1:colcon.colcon_core.package_discovery:discover_packages(colcon_meta) check parameters
[0.307s] Level 1:colcon.colcon_core.package_discovery:discover_packages(recursive) check parameters
[0.307s] Level 1:colcon.colcon_core.package_discovery:discover_packages(ignore) check parameters
[0.307s] Level 1:colcon.colcon_core.package_discovery:discover_packages(path) check parameters
[0.307s] Level 1:colcon.colcon_core.package_discovery:discover_packages(colcon_meta) discover
[0.307s] Level 1:colcon.colcon_core.package_discovery:discover_packages(recursive) discover
[0.307s] INFO:colcon.colcon_core.package_discovery:Crawling recursively for packages in '/home/mtrn/MTRN4231_Project'
[0.307s] Level 1:colcon.colcon_core.package_identification:_identify(.) by extensions ['ignore', 'ignore_ament_install']
[0.307s] Level 1:colcon.colcon_core.package_identification:_identify(.) by extension 'ignore'
[0.307s] Level 1:colcon.colcon_core.package_identification:_identify(.) by extension 'ignore_ament_install'
[0.307s] Level 1:colcon.colcon_core.package_identification:_identify(.) by extensions ['colcon_pkg']
[0.307s] Level 1:colcon.colcon_core.package_identification:_identify(.) by extension 'colcon_pkg'
[0.307s] Level 1:colcon.colcon_core.package_identification:_identify(.) by extensions ['colcon_meta']
[0.307s] Level 1:colcon.colcon_core.package_identification:_identify(.) by extension 'colcon_meta'
[0.307s] Level 1:colcon.colcon_core.package_identification:_identify(.) by extensions ['ros']
[0.307s] Level 1:colcon.colcon_core.package_identification:_identify(.) by extension 'ros'
[0.332s] Level 1:colcon.colcon_core.package_identification:_identify(.) by extensions ['cmake', 'python']
[0.332s] Level 1:colcon.colcon_core.package_identification:_identify(.) by extension 'cmake'
[0.332s] Level 1:colcon.colcon_core.package_identification:_identify(.) by extension 'python'
[0.332s] Level 1:colcon.colcon_core.package_identification:_identify(.) by extensions ['python_setup_py']
[0.332s] Level 1:colcon.colcon_core.package_identification:_identify(.) by extension 'python_setup_py'
[0.332s] Level 1:colcon.colcon_core.package_identification:_identify(build) by extensions ['ignore', 'ignore_ament_install']
[0.332s] Level 1:colcon.colcon_core.package_identification:_identify(build) by extension 'ignore'
[0.332s] Level 1:colcon.colcon_core.package_identification:_identify(build) ignored
[0.332s] Level 1:colcon.colcon_core.package_identification:_identify(install) by extensions ['ignore', 'ignore_ament_install']
[0.332s] Level 1:colcon.colcon_core.package_identification:_identify(install) by extension 'ignore'
[0.332s] Level 1:colcon.colcon_core.package_identification:_identify(install) ignored
[0.332s] Level 1:colcon.colcon_core.package_identification:_identify(log) by extensions ['ignore', 'ignore_ament_install']
[0.332s] Level 1:colcon.colcon_core.package_identification:_identify(log) by extension 'ignore'
[0.332s] Level 1:colcon.colcon_core.package_identification:_identify(log) ignored
[0.333s] Level 1:colcon.colcon_core.package_identification:_identify(src) by extensions ['ignore', 'ignore_ament_install']
[0.333s] Level 1:colcon.colcon_core.package_identification:_identify(src) by extension 'ignore'
[0.333s] Level 1:colcon.colcon_core.package_identification:_identify(src) by extension 'ignore_ament_install'
[0.333s] Level 1:colcon.colcon_core.package_identification:_identify(src) by extensions ['colcon_pkg']
[0.333s] Level 1:colcon.colcon_core.package_identification:_identify(src) by extension 'colcon_pkg'
[0.333s] Level 1:colcon.colcon_core.package_identification:_identify(src) by extensions ['colcon_meta']
[0.333s] Level 1:colcon.colcon_core.package_identification:_identify(src) by extension 'colcon_meta'
[0.333s] Level 1:colcon.colcon_core.package_identification:_identify(src) by extensions ['ros']
[0.333s] Level 1:colcon.colcon_core.package_identification:_identify(src) by extension 'ros'
[0.333s] Level 1:colcon.colcon_core.package_identification:_identify(src) by extensions ['cmake', 'python']
[0.333s] Level 1:colcon.colcon_core.package_identification:_identify(src) by extension 'cmake'
[0.333s] Level 1:colcon.colcon_core.package_identification:_identify(src) by extension 'python'
[0.333s] Level 1:colcon.colcon_core.package_identification:_identify(src) by extensions ['python_setup_py']
[0.333s] Level 1:colcon.colcon_core.package_identification:_identify(src) by extension 'python_setup_py'
[0.333s] Level 1:colcon.colcon_core.package_identification:_identify(src/arm_controller) by extensions ['ignore', 'ignore_ament_install']
[0.333s] Level 1:colcon.colcon_core.package_identification:_identify(src/arm_controller) by extension 'ignore'
[0.333s] Level 1:colcon.colcon_core.package_identification:_identify(src/arm_controller) by extension 'ignore_ament_install'
[0.333s] Level 1:colcon.colcon_core.package_identification:_identify(src/arm_controller) by extensions ['colcon_pkg']
[0.333s] Level 1:colcon.colcon_core.package_identification:_identify(src/arm_controller) by extension 'colcon_pkg'
[0.333s] Level 1:colcon.colcon_core.package_identification:_identify(src/arm_controller) by extensions ['colcon_meta']
[0.333s] Level 1:colcon.colcon_core.package_identification:_identify(src/arm_controller) by extension 'colcon_meta'
[0.333s] Level 1:colcon.colcon_core.package_identification:_identify(src/arm_controller) by extensions ['ros']
[0.333s] Level 1:colcon.colcon_core.package_identification:_identify(src/arm_controller) by extension 'ros'
[0.336s] DEBUG:colcon.colcon_core.package_identification:Package 'src/arm_controller' with type 'ros.ament_cmake' and name 'arm_controller'
[0.336s] Level 1:colcon.colcon_core.package_identification:_identify(src/custom_interfaces) by extensions ['ignore', 'ignore_ament_install']
[0.336s] Level 1:colcon.colcon_core.package_identification:_identify(src/custom_interfaces) by extension 'ignore'
[0.336s] Level 1:colcon.colcon_core.package_identification:_identify(src/custom_interfaces) by extension 'ignore_ament_install'
[0.336s] Level 1:colcon.colcon_core.package_identification:_identify(src/custom_interfaces) by extensions ['colcon_pkg']
[0.336s] Level 1:colcon.colcon_core.package_identification:_identify(src/custom_interfaces) by extension 'colcon_pkg'
[0.336s] Level 1:colcon.colcon_core.package_identification:_identify(src/custom_interfaces) by extensions ['colcon_meta']
[0.336s] Level 1:colcon.colcon_core.package_identification:_identify(src/custom_interfaces) by extension 'colcon_meta'
[0.336s] Level 1:colcon.colcon_core.package_identification:_identify(src/custom_interfaces) by extensions ['ros']
[0.336s] Level 1:colcon.colcon_core.package_identification:_identify(src/custom_interfaces) by extension 'ros'
[0.337s] DEBUG:colcon.colcon_core.package_identification:Package 'src/custom_interfaces' with type 'ros.ament_cmake' and name 'custom_interfaces'
[0.337s] Level 1:colcon.colcon_core.package_identification:_identify(src/end_effector_description) by extensions ['ignore', 'ignore_ament_install']
[0.337s] Level 1:colcon.colcon_core.package_identification:_identify(src/end_effector_description) by extension 'ignore'
[0.337s] Level 1:colcon.colcon_core.package_identification:_identify(src/end_effector_description) by extension 'ignore_ament_install'
[0.337s] Level 1:colcon.colcon_core.package_identification:_identify(src/end_effector_description) by extensions ['colcon_pkg']
[0.337s] Level 1:colcon.colcon_core.package_identification:_identify(src/end_effector_description) by extension 'colcon_pkg'
[0.337s] Level 1:colcon.colcon_core.package_identification:_identify(src/end_effector_description) by extensions ['colcon_meta']
[0.337s] Level 1:colcon.colcon_core.package_identification:_identify(src/end_effector_description) by extension 'colcon_meta'
[0.337s] Level 1:colcon.colcon_core.package_identification:_identify(src/end_effector_description) by extensions ['ros']
[0.337s] Level 1:colcon.colcon_core.package_identification:_identify(src/end_effector_description) by extension 'ros'
[0.338s] DEBUG:colcon.colcon_core.package_identification:Package 'src/end_effector_description' with type 'ros.ament_cmake' and name 'end_effector_description'
[0.338s] Level 1:colcon.colcon_core.package_identification:_identify(src/ur5e_custom_description) by extensions ['ignore', 'ignore_ament_install']
[0.338s] Level 1:colcon.colcon_core.package_identification:_identify(src/ur5e_custom_description) by extension 'ignore'
[0.338s] Level 1:colcon.colcon_core.package_identification:_identify(src/ur5e_custom_description) by extension 'ignore_ament_install'
[0.338s] Level 1:colcon.colcon_core.package_identification:_identify(src/ur5e_custom_description) by extensions ['colcon_pkg']
[0.338s] Level 1:colcon.colcon_core.package_identification:_identify(src/ur5e_custom_description) by extension 'colcon_pkg'
[0.338s] Level 1:colcon.colcon_core.package_identification:_identify(src/ur5e_custom_description) by extensions ['colcon_meta']
[0.338s] Level 1:colcon.colcon_core.package_identification:_identify(src/ur5e_custom_description) by extension 'colcon_meta'
[0.338s] Level 1:colcon.colcon_core.package_identification:_identify(src/ur5e_custom_description) by extensions ['ros']
[0.338s] Level 1:colcon.colcon_core.package_identification:_identify(src/ur5e_custom_description) by extension 'ros'
[0.338s] DEBUG:colcon.colcon_core.package_identification:Package 'src/ur5e_custom_description' with type 'ros.ament_cmake' and name 'ur5e_custom_description'
[0.339s] Level 1:colcon.colcon_core.package_identification:_identify(src/ur5e_moveit_config_custom) by extensions ['ignore', 'ignore_ament_install']
[0.339s] Level 1:colcon.colcon_core.package_identification:_identify(src/ur5e_moveit_config_custom) by extension 'ignore'
[0.339s] Level 1:colcon.colcon_core.package_identification:_identify(src/ur5e_moveit_config_custom) by extension 'ignore_ament_install'
[0.339s] Level 1:colcon.colcon_core.package_identification:_identify(src/ur5e_moveit_config_custom) by extensions ['colcon_pkg']
[0.339s] Level 1:colcon.colcon_core.package_identification:_identify(src/ur5e_moveit_config_custom) by extension 'colcon_pkg'
[0.339s] Level 1:colcon.colcon_core.package_identification:_identify(src/ur5e_moveit_config_custom) by extensions ['colcon_meta']
[0.339s] Level 1:colcon.colcon_core.package_identification:_identify(src/ur5e_moveit_config_custom) by extension 'colcon_meta'
[0.339s] Level 1:colcon.colcon_core.package_identification:_identify(src/ur5e_moveit_config_custom) by extensions ['ros']
[0.339s] Level 1:colcon.colcon_core.package_identification:_identify(src/ur5e_moveit_config_custom) by extension 'ros'
[0.339s] DEBUG:colcon.colcon_core.package_identification:Package 'src/ur5e_moveit_config_custom' with type 'ros.ament_cmake' and name 'ur5e_moveit_config_custom'
[0.339s] Level 1:colcon.colcon_core.package_discovery:discover_packages(recursive) using defaults
[0.339s] Level 1:colcon.colcon_core.package_discovery:discover_packages(ignore) discover
[0.340s] Level 1:colcon.colcon_core.package_discovery:discover_packages(ignore) using defaults
[0.340s] Level 1:colcon.colcon_core.package_discovery:discover_packages(path) discover
[0.340s] Level 1:colcon.colcon_core.package_discovery:discover_packages(path) using defaults
[0.359s] Level 1:colcon.colcon_core.package_discovery:discover_packages(prefix_path) check parameters
[0.359s] Level 1:colcon.colcon_core.package_discovery:discover_packages(prefix_path) discover
[0.360s] DEBUG:colcon.colcon_installed_package_information.package_discovery:Found 5 installed packages in /home/mtrn/MTRN4231_Project/install
[0.361s] DEBUG:colcon.colcon_installed_package_information.package_discovery:Found 351 installed packages in /opt/ros/humble
[0.363s] Level 1:colcon.colcon_core.package_discovery:discover_packages(prefix_path) using defaults
[0.413s] Level 5:colcon.colcon_core.verb:set package 'custom_interfaces' build argument 'cmake_args' from command line to 'None'
[0.414s] Level 5:colcon.colcon_core.verb:set package 'custom_interfaces' build argument 'cmake_target' from command line to 'None'
[0.414s] Level 5:colcon.colcon_core.verb:set package 'custom_interfaces' build argument 'cmake_target_skip_unavailable' from command line to 'False'
[0.414s] Level 5:colcon.colcon_core.verb:set package 'custom_interfaces' build argument 'cmake_clean_cache' from command line to 'False'
[0.414s] Level 5:colcon.colcon_core.verb:set package 'custom_interfaces' build argument 'cmake_clean_first' from command line to 'False'
[0.414s] Level 5:colcon.colcon_core.verb:set package 'custom_interfaces' build argument 'cmake_force_configure' from command line to 'False'
[0.414s] Level 5:colcon.colcon_core.verb:set package 'custom_interfaces' build argument 'ament_cmake_args' from command line to 'None'
[0.414s] Level 5:colcon.colcon_core.verb:set package 'custom_interfaces' build argument 'catkin_cmake_args' from command line to 'None'
[0.414s] Level 5:colcon.colcon_core.verb:set package 'custom_interfaces' build argument 'catkin_skip_building_tests' from command line to 'False'
[0.414s] DEBUG:colcon.colcon_core.verb:Building package 'custom_interfaces' with the following arguments: {'ament_cmake_args': None, 'build_base': '/home/mtrn/MTRN4231_Project/build/custom_interfaces', 'catkin_cmake_args': None, 'catkin_skip_building_tests': False, 'cmake_args': None, 'cmake_clean_cache': False, 'cmake_clean_first': False, 'cmake_force_configure': False, 'cmake_target': None, 'cmake_target_skip_unavailable': False, 'install_base': '/home/mtrn/MTRN4231_Project/install/custom_interfaces', 'merge_install': False, 'path': '/home/mtrn/MTRN4231_Project/src/custom_interfaces', 'symlink_install': False, 'test_result_base': None}
[0.415s] Level 5:colcon.colcon_core.verb:set package 'end_effector_description' build argument 'cmake_args' from command line to 'None'
[0.415s] Level 5:colcon.colcon_core.verb:set package 'end_effector_description' build argument 'cmake_target' from command line to 'None'
[0.415s] Level 5:colcon.colcon_core.verb:set package 'end_effector_description' build argument 'cmake_target_skip_unavailable' from command line to 'False'
[0.415s] Level 5:colcon.colcon_core.verb:set package 'end_effector_description' build argument 'cmake_clean_cache' from command line to 'False'
[0.415s] Level 5:colcon.colcon_core.verb:set package 'end_effector_description' build argument 'cmake_clean_first' from command line to 'False'
[0.415s] Level 5:colcon.colcon_core.verb:set package 'end_effector_description' build argument 'cmake_force_configure' from command line to 'False'
[0.415s] Level 5:colcon.colcon_core.verb:set package 'end_effector_description' build argument 'ament_cmake_args' from command line to 'None'
[0.415s] Level 5:colcon.colcon_core.verb:set package 'end_effector_description' build argument 'catkin_cmake_args' from command line to 'None'
[0.415s] Level 5:colcon.colcon_core.verb:set package 'end_effector_description' build argument 'catkin_skip_building_tests' from command line to 'False'
[0.415s] DEBUG:colcon.colcon_core.verb:Building package 'end_effector_description' with the following arguments: {'ament_cmake_args': None, 'build_base': '/home/mtrn/MTRN4231_Project/build/end_effector_description', 'catkin_cmake_args': None, 'catkin_skip_building_tests': False, 'cmake_args': None, 'cmake_clean_cache': False, 'cmake_clean_first': False, 'cmake_force_configure': False, 'cmake_target': None, 'cmake_target_skip_unavailable': False, 'install_base': '/home/mtrn/MTRN4231_Project/install/end_effector_description', 'merge_install': False, 'path': '/home/mtrn/MTRN4231_Project/src/end_effector_description', 'symlink_install': False, 'test_result_base': None}
[0.416s] Level 5:colcon.colcon_core.verb:set package 'ur5e_moveit_config_custom' build argument 'cmake_args' from command line to 'None'
[0.416s] Level 5:colcon.colcon_core.verb:set package 'ur5e_moveit_config_custom' build argument 'cmake_target' from command line to 'None'
[0.416s] Level 5:colcon.colcon_core.verb:set package 'ur5e_moveit_config_custom' build argument 'cmake_target_skip_unavailable' from command line to 'False'
[0.416s] Level 5:colcon.colcon_core.verb:set package 'ur5e_moveit_config_custom' build argument 'cmake_clean_cache' from command line to 'False'
[0.416s] Level 5:colcon.colcon_core.verb:set package 'ur5e_moveit_config_custom' build argument 'cmake_clean_first' from command line to 'False'
[0.416s] Level 5:colcon.colcon_core.verb:set package 'ur5e_moveit_config_custom' build argument 'cmake_force_configure' from command line to 'False'
[0.416s] Level 5:colcon.colcon_core.verb:set package 'ur5e_moveit_config_custom' build argument 'ament_cmake_args' from command line to 'None'
[0.416s] Level 5:colcon.colcon_core.verb:set package 'ur5e_moveit_config_custom' build argument 'catkin_cmake_args' from command line to 'None'
[0.416s] Level 5:colcon.colcon_core.verb:set package 'ur5e_moveit_config_custom' build argument 'catkin_skip_building_tests' from command line to 'False'
[0.416s] DEBUG:colcon.colcon_core.verb:Building package 'ur5e_moveit_config_custom' with the following arguments: {'ament_cmake_args': None, 'build_base': '/home/mtrn/MTRN4231_Project/build/ur5e_moveit_config_custom', 'catkin_cmake_args': None, 'catkin_skip_building_tests': False, 'cmake_args': None, 'cmake_clean_cache': False, 'cmake_clean_first': False, 'cmake_force_configure': False, 'cmake_target': None, 'cmake_target_skip_unavailable': False, 'install_base': '/home/mtrn/MTRN4231_Project/install/ur5e_moveit_config_custom', 'merge_install': False, 'path': '/home/mtrn/MTRN4231_Project/src/ur5e_moveit_config_custom', 'symlink_install': False, 'test_result_base': None}
[0.416s] Level 5:colcon.colcon_core.verb:set package 'arm_controller' build argument 'cmake_args' from command line to 'None'
[0.416s] Level 5:colcon.colcon_core.verb:set package 'arm_controller' build argument 'cmake_target' from command line to 'None'
[0.416s] Level 5:colcon.colcon_core.verb:set package 'arm_controller' build argument 'cmake_target_skip_unavailable' from command line to 'False'
[0.416s] Level 5:colcon.colcon_core.verb:set package 'arm_controller' build argument 'cmake_clean_cache' from command line to 'False'
[0.416s] Level 5:colcon.colcon_core.verb:set package 'arm_controller' build argument 'cmake_clean_first' from command line to 'False'
[0.416s] Level 5:colcon.colcon_core.verb:set package 'arm_controller' build argument 'cmake_force_configure' from command line to 'False'
[0.416s] Level 5:colcon.colcon_core.verb:set package 'arm_controller' build argument 'ament_cmake_args' from command line to 'None'
[0.416s] Level 5:colcon.colcon_core.verb:set package 'arm_controller' build argument 'catkin_cmake_args' from command line to 'None'
[0.416s] Level 5:colcon.colcon_core.verb:set package 'arm_controller' build argument 'catkin_skip_building_tests' from command line to 'False'
[0.416s] DEBUG:colcon.colcon_core.verb:Building package 'arm_controller' with the following arguments: {'ament_cmake_args': None, 'build_base': '/home/mtrn/MTRN4231_Project/build/arm_controller', 'catkin_cmake_args': None, 'catkin_skip_building_tests': False, 'cmake_args': None, 'cmake_clean_cache': False, 'cmake_clean_first': False, 'cmake_force_configure': False, 'cmake_target': None, 'cmake_target_skip_unavailable': False, 'install_base': '/home/mtrn/MTRN4231_Project/install/arm_controller', 'merge_install': False, 'path': '/home/mtrn/MTRN4231_Project/src/arm_controller', 'symlink_install': False, 'test_result_base': None}
[0.417s] Level 5:colcon.colcon_core.verb:set package 'ur5e_custom_description' build argument 'cmake_args' from command line to 'None'
[0.417s] Level 5:colcon.colcon_core.verb:set package 'ur5e_custom_description' build argument 'cmake_target' from command line to 'None'
[0.417s] Level 5:colcon.colcon_core.verb:set package 'ur5e_custom_description' build argument 'cmake_target_skip_unavailable' from command line to 'False'
[0.417s] Level 5:colcon.colcon_core.verb:set package 'ur5e_custom_description' build argument 'cmake_clean_cache' from command line to 'False'
[0.417s] Level 5:colcon.colcon_core.verb:set package 'ur5e_custom_description' build argument 'cmake_clean_first' from command line to 'False'
[0.417s] Level 5:colcon.colcon_core.verb:set package 'ur5e_custom_description' build argument 'cmake_force_configure' from command line to 'False'
[0.417s] Level 5:colcon.colcon_core.verb:set package 'ur5e_custom_description' build argument 'ament_cmake_args' from command line to 'None'
[0.417s] Level 5:colcon.colcon_core.verb:set package 'ur5e_custom_description' build argument 'catkin_cmake_args' from command line to 'None'
[0.417s] Level 5:colcon.colcon_core.verb:set package 'ur5e_custom_description' build argument 'catkin_skip_building_tests' from command line to 'False'
[0.417s] DEBUG:colcon.colcon_core.verb:Building package 'ur5e_custom_description' with the following arguments: {'ament_cmake_args': None, 'build_base': '/home/mtrn/MTRN4231_Project/build/ur5e_custom_description', 'catkin_cmake_args': None, 'catkin_skip_building_tests': False, 'cmake_args': None, 'cmake_clean_cache': False, 'cmake_clean_first': False, 'cmake_force_configure': False, 'cmake_target': None, 'cmake_target_skip_unavailable': False, 'install_base': '/home/mtrn/MTRN4231_Project/install/ur5e_custom_description', 'merge_install': False, 'path': '/home/mtrn/MTRN4231_Project/src/ur5e_custom_description', 'symlink_install': False, 'test_result_base': None}
[0.417s] INFO:colcon.colcon_core.executor:Executing jobs using 'parallel' executor
[0.418s] DEBUG:colcon.colcon_parallel_executor.executor.parallel:run_until_complete
[0.418s] INFO:colcon.colcon_ros.task.ament_cmake.build:Building ROS package in '/home/mtrn/MTRN4231_Project/src/custom_interfaces' with build type 'ament_cmake'
[0.418s] INFO:colcon.colcon_cmake.task.cmake.build:Building CMake package in '/home/mtrn/MTRN4231_Project/src/custom_interfaces'
[0.421s] INFO:colcon.colcon_core.plugin_system:Skipping extension 'colcon_core.shell.bat': Not used on non-Windows systems
[0.421s] INFO:colcon.colcon_core.shell:Skip shell extension 'powershell' for command environment: Not usable outside of PowerShell
[0.421s] DEBUG:colcon.colcon_core.shell:Skip shell extension 'dsv' for command environment
[0.426s] INFO:colcon.colcon_ros.task.ament_cmake.build:Building ROS package in '/home/mtrn/MTRN4231_Project/src/end_effector_description' with build type 'ament_cmake'
[0.426s] INFO:colcon.colcon_cmake.task.cmake.build:Building CMake package in '/home/mtrn/MTRN4231_Project/src/end_effector_description'
[0.427s] INFO:colcon.colcon_core.shell:Skip shell extension 'powershell' for command environment: Not usable outside of PowerShell
[0.427s] DEBUG:colcon.colcon_core.shell:Skip shell extension 'dsv' for command environment
[0.431s] INFO:colcon.colcon_ros.task.ament_cmake.build:Building ROS package in '/home/mtrn/MTRN4231_Project/src/ur5e_moveit_config_custom' with build type 'ament_cmake'
[0.431s] INFO:colcon.colcon_cmake.task.cmake.build:Building CMake package in '/home/mtrn/MTRN4231_Project/src/ur5e_moveit_config_custom'
[0.431s] INFO:colcon.colcon_core.shell:Skip shell extension 'powershell' for command environment: Not usable outside of PowerShell
[0.431s] DEBUG:colcon.colcon_core.shell:Skip shell extension 'dsv' for command environment
[0.439s] DEBUG:colcon.colcon_core.event_handler.log_command:Invoking command in '/home/mtrn/MTRN4231_Project/build/custom_interfaces': CMAKE_PREFIX_PATH=${CMAKE_PREFIX_PATH}:/opt/ros/humble /home/mtrn/.local/bin/cmake --build /home/mtrn/MTRN4231_Project/build/custom_interfaces -- -j20 -l20
[0.444s] DEBUG:colcon.colcon_core.event_handler.log_command:Invoking command in '/home/mtrn/MTRN4231_Project/build/end_effector_description': CMAKE_PREFIX_PATH=${CMAKE_PREFIX_PATH}:/opt/ros/humble /home/mtrn/.local/bin/cmake --build /home/mtrn/MTRN4231_Project/build/end_effector_description -- -j20 -l20
[0.456s] DEBUG:colcon.colcon_core.event_handler.log_command:Invoking command in '/home/mtrn/MTRN4231_Project/build/ur5e_moveit_config_custom': CMAKE_PREFIX_PATH=${CMAKE_PREFIX_PATH}:/opt/ros/humble /home/mtrn/.local/bin/cmake --build /home/mtrn/MTRN4231_Project/build/ur5e_moveit_config_custom -- -j20 -l20
[0.507s] DEBUG:colcon.colcon_core.event_handler.log_command:Invoked command in '/home/mtrn/MTRN4231_Project/build/end_effector_description' returned '0': CMAKE_PREFIX_PATH=${CMAKE_PREFIX_PATH}:/opt/ros/humble /home/mtrn/.local/bin/cmake --build /home/mtrn/MTRN4231_Project/build/end_effector_description -- -j20 -l20
[0.610s] DEBUG:colcon.colcon_core.event_handler.log_command:Invoking command in '/home/mtrn/MTRN4231_Project/build/end_effector_description': CMAKE_PREFIX_PATH=${CMAKE_PREFIX_PATH}:/opt/ros/humble /home/mtrn/.local/bin/cmake --install /home/mtrn/MTRN4231_Project/build/end_effector_description
[0.651s] Level 1:colcon.colcon_core.environment:create_environment_scripts_only(end_effector_description)
[0.654s] DEBUG:colcon.colcon_core.event_handler.log_command:Invoked command in '/home/mtrn/MTRN4231_Project/build/end_effector_description' returned '0': CMAKE_PREFIX_PATH=${CMAKE_PREFIX_PATH}:/opt/ros/humble /home/mtrn/.local/bin/cmake --install /home/mtrn/MTRN4231_Project/build/end_effector_description
[0.657s] Level 1:colcon.colcon_core.environment:checking '/home/mtrn/MTRN4231_Project/install/end_effector_description' for CMake module files
[0.658s] Level 1:colcon.colcon_core.environment:checking '/home/mtrn/MTRN4231_Project/install/end_effector_description' for CMake config files
[0.659s] Level 1:colcon.colcon_core.shell:create_environment_hook('end_effector_description', 'cmake_prefix_path')
[0.660s] INFO:colcon.colcon_core.shell:Creating environment hook '/home/mtrn/MTRN4231_Project/install/end_effector_description/share/end_effector_description/hook/cmake_prefix_path.ps1'
[0.661s] INFO:colcon.colcon_core.shell:Creating environment descriptor '/home/mtrn/MTRN4231_Project/install/end_effector_description/share/end_effector_description/hook/cmake_prefix_path.dsv'
[0.662s] INFO:colcon.colcon_core.shell:Creating environment hook '/home/mtrn/MTRN4231_Project/install/end_effector_description/share/end_effector_description/hook/cmake_prefix_path.sh'
[0.664s] Level 1:colcon.colcon_core.environment:checking '/home/mtrn/MTRN4231_Project/install/end_effector_description/bin'
[0.665s] Level 1:colcon.colcon_core.environment:checking '/home/mtrn/MTRN4231_Project/install/end_effector_description/lib/pkgconfig/end_effector_description.pc'
[0.665s] Level 1:colcon.colcon_core.environment:checking '/home/mtrn/MTRN4231_Project/install/end_effector_description/lib/python3.10/site-packages'
[0.666s] Level 1:colcon.colcon_core.environment:checking '/home/mtrn/MTRN4231_Project/install/end_effector_description/bin'
[0.666s] INFO:colcon.colcon_core.shell:Creating package script '/home/mtrn/MTRN4231_Project/install/end_effector_description/share/end_effector_description/package.ps1'
[0.667s] INFO:colcon.colcon_core.shell:Creating package descriptor '/home/mtrn/MTRN4231_Project/install/end_effector_description/share/end_effector_description/package.dsv'
[0.668s] INFO:colcon.colcon_core.shell:Creating package script '/home/mtrn/MTRN4231_Project/install/end_effector_description/share/end_effector_description/package.sh'
[0.669s] INFO:colcon.colcon_core.shell:Creating package script '/home/mtrn/MTRN4231_Project/install/end_effector_description/share/end_effector_description/package.bash'
[0.669s] INFO:colcon.colcon_core.shell:Creating package script '/home/mtrn/MTRN4231_Project/install/end_effector_description/share/end_effector_description/package.zsh'
[0.670s] Level 1:colcon.colcon_core.environment:create_file_with_runtime_dependencies(/home/mtrn/MTRN4231_Project/install/end_effector_description/share/colcon-core/packages/end_effector_description)
[0.715s] Level 1:colcon.colcon_core.environment:create_environment_scripts_only(end_effector_description)
[0.716s] Level 1:colcon.colcon_core.environment:checking '/home/mtrn/MTRN4231_Project/install/end_effector_description' for CMake module files
[0.716s] Level 1:colcon.colcon_core.environment:checking '/home/mtrn/MTRN4231_Project/install/end_effector_description' for CMake config files
[0.717s] Level 1:colcon.colcon_core.shell:create_environment_hook('end_effector_description', 'cmake_prefix_path')
[0.717s] INFO:colcon.colcon_core.shell:Creating environment hook '/home/mtrn/MTRN4231_Project/install/end_effector_description/share/end_effector_description/hook/cmake_prefix_path.ps1'
[0.718s] INFO:colcon.colcon_core.shell:Creating environment descriptor '/home/mtrn/MTRN4231_Project/install/end_effector_description/share/end_effector_description/hook/cmake_prefix_path.dsv'
[0.719s] INFO:colcon.colcon_core.shell:Creating environment hook '/home/mtrn/MTRN4231_Project/install/end_effector_description/share/end_effector_description/hook/cmake_prefix_path.sh'
[0.721s] Level 1:colcon.colcon_core.environment:checking '/home/mtrn/MTRN4231_Project/install/end_effector_description/bin'
[0.721s] Level 1:colcon.colcon_core.environment:checking '/home/mtrn/MTRN4231_Project/install/end_effector_description/lib/pkgconfig/end_effector_description.pc'
[0.722s] Level 1:colcon.colcon_core.environment:checking '/home/mtrn/MTRN4231_Project/install/end_effector_description/lib/python3.10/site-packages'
[0.722s] Level 1:colcon.colcon_core.environment:checking '/home/mtrn/MTRN4231_Project/install/end_effector_description/bin'
[0.723s] INFO:colcon.colcon_core.shell:Creating package script '/home/mtrn/MTRN4231_Project/install/end_effector_description/share/end_effector_description/package.ps1'
[0.725s] INFO:colcon.colcon_core.shell:Creating package descriptor '/home/mtrn/MTRN4231_Project/install/end_effector_description/share/end_effector_description/package.dsv'
[0.728s] INFO:colcon.colcon_core.shell:Creating package script '/home/mtrn/MTRN4231_Project/install/end_effector_description/share/end_effector_description/package.sh'
[0.728s] INFO:colcon.colcon_core.shell:Creating package script '/home/mtrn/MTRN4231_Project/install/end_effector_description/share/end_effector_description/package.bash'
[0.729s] INFO:colcon.colcon_core.shell:Creating package script '/home/mtrn/MTRN4231_Project/install/end_effector_description/share/end_effector_description/package.zsh'
[0.729s] Level 1:colcon.colcon_core.environment:create_file_with_runtime_dependencies(/home/mtrn/MTRN4231_Project/install/end_effector_description/share/colcon-core/packages/end_effector_description)
[0.730s] INFO:colcon.colcon_ros.task.ament_cmake.build:Building ROS package in '/home/mtrn/MTRN4231_Project/src/ur5e_custom_description' with build type 'ament_cmake'
[0.730s] INFO:colcon.colcon_cmake.task.cmake.build:Building CMake package in '/home/mtrn/MTRN4231_Project/src/ur5e_custom_description'
[0.731s] INFO:colcon.colcon_core.shell:Skip shell extension 'powershell' for command environment: Not usable outside of PowerShell
[0.731s] DEBUG:colcon.colcon_core.shell:Skip shell extension 'dsv' for command environment
[0.742s] DEBUG:colcon.colcon_core.event_handler.log_command:Invoking command in '/home/mtrn/MTRN4231_Project/build/ur5e_custom_description': CMAKE_PREFIX_PATH=/home/mtrn/MTRN4231_Project/install/end_effector_description:/home/mtrn/MTRN4231_Project/install/ur5e_moveit_config_custom:/home/mtrn/MTRN4231_Project/install/ur5e_custom_description:/home/mtrn/MTRN4231_Project/install/arm_controller:/home/mtrn/MTRN4231_Project/install/custom_interfaces:/opt/ros/humble /home/mtrn/.local/bin/cmake --build /home/mtrn/MTRN4231_Project/build/ur5e_custom_description -- -j20 -l20
[0.816s] DEBUG:colcon.colcon_core.event_handler.log_command:Invoked command in '/home/mtrn/MTRN4231_Project/build/ur5e_custom_description' returned '0': CMAKE_PREFIX_PATH=/home/mtrn/MTRN4231_Project/install/end_effector_description:/home/mtrn/MTRN4231_Project/install/ur5e_moveit_config_custom:/home/mtrn/MTRN4231_Project/install/ur5e_custom_description:/home/mtrn/MTRN4231_Project/install/arm_controller:/home/mtrn/MTRN4231_Project/install/custom_interfaces:/opt/ros/humble /home/mtrn/.local/bin/cmake --build /home/mtrn/MTRN4231_Project/build/ur5e_custom_description -- -j20 -l20
[0.880s] DEBUG:colcon.colcon_core.event_handler.log_command:Invoking command in '/home/mtrn/MTRN4231_Project/build/ur5e_custom_description': CMAKE_PREFIX_PATH=/home/mtrn/MTRN4231_Project/install/end_effector_description:/home/mtrn/MTRN4231_Project/install/ur5e_moveit_config_custom:/home/mtrn/MTRN4231_Project/install/ur5e_custom_description:/home/mtrn/MTRN4231_Project/install/arm_controller:/home/mtrn/MTRN4231_Project/install/custom_interfaces:/opt/ros/humble /home/mtrn/.local/bin/cmake --install /home/mtrn/MTRN4231_Project/build/ur5e_custom_description
[0.895s] DEBUG:colcon.colcon_core.event_handler.log_command:Invoked command in '/home/mtrn/MTRN4231_Project/build/ur5e_moveit_config_custom' returned '0': CMAKE_PREFIX_PATH=${CMAKE_PREFIX_PATH}:/opt/ros/humble /home/mtrn/.local/bin/cmake --build /home/mtrn/MTRN4231_Project/build/ur5e_moveit_config_custom -- -j20 -l20
[0.896s] DEBUG:colcon.colcon_core.event_handler.log_command:Invoked command in '/home/mtrn/MTRN4231_Project/build/custom_interfaces' returned '0': CMAKE_PREFIX_PATH=${CMAKE_PREFIX_PATH}:/opt/ros/humble /home/mtrn/.local/bin/cmake --build /home/mtrn/MTRN4231_Project/build/custom_interfaces -- -j20 -l20
[0.921s] Level 1:colcon.colcon_core.environment:create_environment_scripts_only(ur5e_custom_description)
[0.922s] Level 1:colcon.colcon_core.environment:checking '/home/mtrn/MTRN4231_Project/install/ur5e_custom_description' for CMake module files
[0.922s] DEBUG:colcon.colcon_core.event_handler.log_command:Invoked command in '/home/mtrn/MTRN4231_Project/build/ur5e_custom_description' returned '0': CMAKE_PREFIX_PATH=/home/mtrn/MTRN4231_Project/install/end_effector_description:/home/mtrn/MTRN4231_Project/install/ur5e_moveit_config_custom:/home/mtrn/MTRN4231_Project/install/ur5e_custom_description:/home/mtrn/MTRN4231_Project/install/arm_controller:/home/mtrn/MTRN4231_Project/install/custom_interfaces:/opt/ros/humble /home/mtrn/.local/bin/cmake --install /home/mtrn/MTRN4231_Project/build/ur5e_custom_description
[0.923s] Level 1:colcon.colcon_core.environment:checking '/home/mtrn/MTRN4231_Project/install/ur5e_custom_description' for CMake config files
[0.923s] Level 1:colcon.colcon_core.shell:create_environment_hook('ur5e_custom_description', 'cmake_prefix_path')
[0.924s] INFO:colcon.colcon_core.shell:Creating environment hook '/home/mtrn/MTRN4231_Project/install/ur5e_custom_description/share/ur5e_custom_description/hook/cmake_prefix_path.ps1'
[0.925s] INFO:colcon.colcon_core.shell:Creating environment descriptor '/home/mtrn/MTRN4231_Project/install/ur5e_custom_description/share/ur5e_custom_description/hook/cmake_prefix_path.dsv'
[0.925s] INFO:colcon.colcon_core.shell:Creating environment hook '/home/mtrn/MTRN4231_Project/install/ur5e_custom_description/share/ur5e_custom_description/hook/cmake_prefix_path.sh'
[0.926s] Level 1:colcon.colcon_core.environment:checking '/home/mtrn/MTRN4231_Project/install/ur5e_custom_description/bin'
[0.926s] Level 1:colcon.colcon_core.environment:checking '/home/mtrn/MTRN4231_Project/install/ur5e_custom_description/lib/pkgconfig/ur5e_custom_description.pc'
[0.926s] Level 1:colcon.colcon_core.environment:checking '/home/mtrn/MTRN4231_Project/install/ur5e_custom_description/lib/python3.10/site-packages'
[0.926s] Level 1:colcon.colcon_core.environment:checking '/home/mtrn/MTRN4231_Project/install/ur5e_custom_description/bin'
[0.927s] INFO:colcon.colcon_core.shell:Creating package script '/home/mtrn/MTRN4231_Project/install/ur5e_custom_description/share/ur5e_custom_description/package.ps1'
[0.927s] INFO:colcon.colcon_core.shell:Creating package descriptor '/home/mtrn/MTRN4231_Project/install/ur5e_custom_description/share/ur5e_custom_description/package.dsv'
[0.927s] INFO:colcon.colcon_core.shell:Creating package script '/home/mtrn/MTRN4231_Project/install/ur5e_custom_description/share/ur5e_custom_description/package.sh'
[0.928s] INFO:colcon.colcon_core.shell:Creating package script '/home/mtrn/MTRN4231_Project/install/ur5e_custom_description/share/ur5e_custom_description/package.bash'
[0.928s] INFO:colcon.colcon_core.shell:Creating package script '/home/mtrn/MTRN4231_Project/install/ur5e_custom_description/share/ur5e_custom_description/package.zsh'
[0.928s] Level 1:colcon.colcon_core.environment:create_file_with_runtime_dependencies(/home/mtrn/MTRN4231_Project/install/ur5e_custom_description/share/colcon-core/packages/ur5e_custom_description)
[0.954s] DEBUG:colcon.colcon_core.event_handler.log_command:Invoking command in '/home/mtrn/MTRN4231_Project/build/ur5e_moveit_config_custom': CMAKE_PREFIX_PATH=${CMAKE_PREFIX_PATH}:/opt/ros/humble /home/mtrn/.local/bin/cmake --install /home/mtrn/MTRN4231_Project/build/ur5e_moveit_config_custom
[0.980s] Level 1:colcon.colcon_core.environment:create_environment_scripts_only(ur5e_custom_description)
[0.981s] Level 1:colcon.colcon_core.environment:checking '/home/mtrn/MTRN4231_Project/install/ur5e_custom_description' for CMake module files
[0.981s] Level 1:colcon.colcon_core.environment:checking '/home/mtrn/MTRN4231_Project/install/ur5e_custom_description' for CMake config files
[0.982s] Level 1:colcon.colcon_core.shell:create_environment_hook('ur5e_custom_description', 'cmake_prefix_path')
[0.982s] INFO:colcon.colcon_core.shell:Creating environment hook '/home/mtrn/MTRN4231_Project/install/ur5e_custom_description/share/ur5e_custom_description/hook/cmake_prefix_path.ps1'
[0.983s] INFO:colcon.colcon_core.shell:Creating environment descriptor '/home/mtrn/MTRN4231_Project/install/ur5e_custom_description/share/ur5e_custom_description/hook/cmake_prefix_path.dsv'
[0.983s] INFO:colcon.colcon_core.shell:Creating environment hook '/home/mtrn/MTRN4231_Project/install/ur5e_custom_description/share/ur5e_custom_description/hook/cmake_prefix_path.sh'
[0.984s] Level 1:colcon.colcon_core.environment:checking '/home/mtrn/MTRN4231_Project/install/ur5e_custom_description/bin'
[0.984s] Level 1:colcon.colcon_core.environment:checking '/home/mtrn/MTRN4231_Project/install/ur5e_custom_description/lib/pkgconfig/ur5e_custom_description.pc'
[0.984s] Level 1:colcon.colcon_core.environment:checking '/home/mtrn/MTRN4231_Project/install/ur5e_custom_description/lib/python3.10/site-packages'
[0.985s] Level 1:colcon.colcon_core.environment:checking '/home/mtrn/MTRN4231_Project/install/ur5e_custom_description/bin'
[0.985s] INFO:colcon.colcon_core.shell:Creating package script '/home/mtrn/MTRN4231_Project/install/ur5e_custom_description/share/ur5e_custom_description/package.ps1'
[0.987s] INFO:colcon.colcon_core.shell:Creating package descriptor '/home/mtrn/MTRN4231_Project/install/ur5e_custom_description/share/ur5e_custom_description/package.dsv'
[0.988s] INFO:colcon.colcon_core.shell:Creating package script '/home/mtrn/MTRN4231_Project/install/ur5e_custom_description/share/ur5e_custom_description/package.sh'
[0.989s] INFO:colcon.colcon_core.shell:Creating package script '/home/mtrn/MTRN4231_Project/install/ur5e_custom_description/share/ur5e_custom_description/package.bash'
[0.990s] INFO:colcon.colcon_core.shell:Creating package script '/home/mtrn/MTRN4231_Project/install/ur5e_custom_description/share/ur5e_custom_description/package.zsh'
[0.990s] Level 1:colcon.colcon_core.environment:create_file_with_runtime_dependencies(/home/mtrn/MTRN4231_Project/install/ur5e_custom_description/share/colcon-core/packages/ur5e_custom_description)
[1.006s] DEBUG:colcon.colcon_core.event_handler.log_command:Invoking command in '/home/mtrn/MTRN4231_Project/build/custom_interfaces': CMAKE_PREFIX_PATH=${CMAKE_PREFIX_PATH}:/opt/ros/humble /home/mtrn/.local/bin/cmake --install /home/mtrn/MTRN4231_Project/build/custom_interfaces
[1.081s] Level 1:colcon.colcon_core.environment:create_environment_scripts_only(ur5e_moveit_config_custom)
[1.083s] Level 1:colcon.colcon_core.environment:checking '/home/mtrn/MTRN4231_Project/install/ur5e_moveit_config_custom' for CMake module files
[1.084s] Level 1:colcon.colcon_core.environment:checking '/home/mtrn/MTRN4231_Project/install/ur5e_moveit_config_custom' for CMake config files
[1.085s] Level 1:colcon.colcon_core.shell:create_environment_hook('ur5e_moveit_config_custom', 'cmake_prefix_path')
[1.086s] INFO:colcon.colcon_core.shell:Creating environment hook '/home/mtrn/MTRN4231_Project/install/ur5e_moveit_config_custom/share/ur5e_moveit_config_custom/hook/cmake_prefix_path.ps1'
[1.087s] DEBUG:colcon.colcon_core.event_handler.log_command:Invoked command in '/home/mtrn/MTRN4231_Project/build/ur5e_moveit_config_custom' returned '0': CMAKE_PREFIX_PATH=${CMAKE_PREFIX_PATH}:/opt/ros/humble /home/mtrn/.local/bin/cmake --install /home/mtrn/MTRN4231_Project/build/ur5e_moveit_config_custom
[1.089s] INFO:colcon.colcon_core.shell:Creating environment descriptor '/home/mtrn/MTRN4231_Project/install/ur5e_moveit_config_custom/share/ur5e_moveit_config_custom/hook/cmake_prefix_path.dsv'
[1.089s] INFO:colcon.colcon_core.shell:Creating environment hook '/home/mtrn/MTRN4231_Project/install/ur5e_moveit_config_custom/share/ur5e_moveit_config_custom/hook/cmake_prefix_path.sh'
[1.090s] Level 1:colcon.colcon_core.environment:checking '/home/mtrn/MTRN4231_Project/install/ur5e_moveit_config_custom/bin'
[1.090s] Level 1:colcon.colcon_core.environment:checking '/home/mtrn/MTRN4231_Project/install/ur5e_moveit_config_custom/lib/pkgconfig/ur5e_moveit_config_custom.pc'
[1.091s] Level 1:colcon.colcon_core.environment:checking '/home/mtrn/MTRN4231_Project/install/ur5e_moveit_config_custom/lib/python3.10/site-packages'
[1.091s] Level 1:colcon.colcon_core.environment:checking '/home/mtrn/MTRN4231_Project/install/ur5e_moveit_config_custom/bin'
[1.092s] INFO:colcon.colcon_core.shell:Creating package script '/home/mtrn/MTRN4231_Project/install/ur5e_moveit_config_custom/share/ur5e_moveit_config_custom/package.ps1'
[1.092s] INFO:colcon.colcon_core.shell:Creating package descriptor '/home/mtrn/MTRN4231_Project/install/ur5e_moveit_config_custom/share/ur5e_moveit_config_custom/package.dsv'
[1.095s] INFO:colcon.colcon_core.shell:Creating package script '/home/mtrn/MTRN4231_Project/install/ur5e_moveit_config_custom/share/ur5e_moveit_config_custom/package.sh'
[1.097s] INFO:colcon.colcon_core.shell:Creating package script '/home/mtrn/MTRN4231_Project/install/ur5e_moveit_config_custom/share/ur5e_moveit_config_custom/package.bash'
[1.099s] INFO:colcon.colcon_core.shell:Creating package script '/home/mtrn/MTRN4231_Project/install/ur5e_moveit_config_custom/share/ur5e_moveit_config_custom/package.zsh'
[1.099s] Level 1:colcon.colcon_core.environment:create_file_with_runtime_dependencies(/home/mtrn/MTRN4231_Project/install/ur5e_moveit_config_custom/share/colcon-core/packages/ur5e_moveit_config_custom)
[1.112s] Level 1:colcon.colcon_core.environment:create_environment_scripts_only(custom_interfaces)
[1.113s] DEBUG:colcon.colcon_core.event_handler.log_command:Invoked command in '/home/mtrn/MTRN4231_Project/build/custom_interfaces' returned '0': CMAKE_PREFIX_PATH=${CMAKE_PREFIX_PATH}:/opt/ros/humble /home/mtrn/.local/bin/cmake --install /home/mtrn/MTRN4231_Project/build/custom_interfaces
[1.113s] Level 1:colcon.colcon_core.environment:checking '/home/mtrn/MTRN4231_Project/install/custom_interfaces' for CMake module files
[1.118s] Level 1:colcon.colcon_core.environment:checking '/home/mtrn/MTRN4231_Project/install/custom_interfaces' for CMake config files
[1.119s] Level 1:colcon.colcon_core.shell:create_environment_hook('custom_interfaces', 'cmake_prefix_path')
[1.119s] INFO:colcon.colcon_core.shell:Creating environment hook '/home/mtrn/MTRN4231_Project/install/custom_interfaces/share/custom_interfaces/hook/cmake_prefix_path.ps1'
[1.120s] INFO:colcon.colcon_core.shell:Creating environment descriptor '/home/mtrn/MTRN4231_Project/install/custom_interfaces/share/custom_interfaces/hook/cmake_prefix_path.dsv'
[1.121s] INFO:colcon.colcon_core.shell:Creating environment hook '/home/mtrn/MTRN4231_Project/install/custom_interfaces/share/custom_interfaces/hook/cmake_prefix_path.sh'
[1.121s] Level 1:colcon.colcon_core.environment:checking '/home/mtrn/MTRN4231_Project/install/custom_interfaces/lib'
[1.122s] Level 1:colcon.colcon_core.shell:create_environment_hook('custom_interfaces', 'ld_library_path_lib')
[1.122s] INFO:colcon.colcon_core.shell:Creating environment hook '/home/mtrn/MTRN4231_Project/install/custom_interfaces/share/custom_interfaces/hook/ld_library_path_lib.ps1'
[1.123s] INFO:colcon.colcon_core.shell:Creating environment descriptor '/home/mtrn/MTRN4231_Project/install/custom_interfaces/share/custom_interfaces/hook/ld_library_path_lib.dsv'
[1.123s] INFO:colcon.colcon_core.shell:Creating environment hook '/home/mtrn/MTRN4231_Project/install/custom_interfaces/share/custom_interfaces/hook/ld_library_path_lib.sh'
[1.124s] Level 1:colcon.colcon_core.environment:checking '/home/mtrn/MTRN4231_Project/install/custom_interfaces/bin'
[1.124s] Level 1:colcon.colcon_core.environment:checking '/home/mtrn/MTRN4231_Project/install/custom_interfaces/lib/pkgconfig/custom_interfaces.pc'
[1.124s] Level 1:colcon.colcon_core.environment:checking '/home/mtrn/MTRN4231_Project/install/custom_interfaces/lib/python3.10/site-packages'
[1.124s] Level 1:colcon.colcon_core.environment:checking '/home/mtrn/MTRN4231_Project/install/custom_interfaces/bin'
[1.125s] INFO:colcon.colcon_core.shell:Creating package script '/home/mtrn/MTRN4231_Project/install/custom_interfaces/share/custom_interfaces/package.ps1'
[1.125s] INFO:colcon.colcon_core.shell:Creating package descriptor '/home/mtrn/MTRN4231_Project/install/custom_interfaces/share/custom_interfaces/package.dsv'
[1.126s] INFO:colcon.colcon_core.shell:Creating package script '/home/mtrn/MTRN4231_Project/install/custom_interfaces/share/custom_interfaces/package.sh'
[1.126s] INFO:colcon.colcon_core.shell:Creating package script '/home/mtrn/MTRN4231_Project/install/custom_interfaces/share/custom_interfaces/package.bash'
[1.127s] INFO:colcon.colcon_core.shell:Creating package script '/home/mtrn/MTRN4231_Project/install/custom_interfaces/share/custom_interfaces/package.zsh'
[1.127s] Level 1:colcon.colcon_core.environment:create_file_with_runtime_dependencies(/home/mtrn/MTRN4231_Project/install/custom_interfaces/share/colcon-core/packages/custom_interfaces)
[1.168s] Level 1:colcon.colcon_core.environment:create_environment_scripts_only(ur5e_moveit_config_custom)
[1.169s] Level 1:colcon.colcon_core.environment:checking '/home/mtrn/MTRN4231_Project/install/ur5e_moveit_config_custom' for CMake module files
[1.170s] Level 1:colcon.colcon_core.environment:checking '/home/mtrn/MTRN4231_Project/install/ur5e_moveit_config_custom' for CMake config files
[1.170s] Level 1:colcon.colcon_core.shell:create_environment_hook('ur5e_moveit_config_custom', 'cmake_prefix_path')
[1.171s] INFO:colcon.colcon_core.shell:Creating environment hook '/home/mtrn/MTRN4231_Project/install/ur5e_moveit_config_custom/share/ur5e_moveit_config_custom/hook/cmake_prefix_path.ps1'
[1.171s] INFO:colcon.colcon_core.shell:Creating environment descriptor '/home/mtrn/MTRN4231_Project/install/ur5e_moveit_config_custom/share/ur5e_moveit_config_custom/hook/cmake_prefix_path.dsv'
[1.172s] INFO:colcon.colcon_core.shell:Creating environment hook '/home/mtrn/MTRN4231_Project/install/ur5e_moveit_config_custom/share/ur5e_moveit_config_custom/hook/cmake_prefix_path.sh'
[1.175s] Level 1:colcon.colcon_core.environment:checking '/home/mtrn/MTRN4231_Project/install/ur5e_moveit_config_custom/bin'
[1.175s] Level 1:colcon.colcon_core.environment:checking '/home/mtrn/MTRN4231_Project/install/ur5e_moveit_config_custom/lib/pkgconfig/ur5e_moveit_config_custom.pc'
[1.176s] Level 1:colcon.colcon_core.environment:checking '/home/mtrn/MTRN4231_Project/install/ur5e_moveit_config_custom/lib/python3.10/site-packages'
[1.176s] Level 1:colcon.colcon_core.environment:checking '/home/mtrn/MTRN4231_Project/install/ur5e_moveit_config_custom/bin'
[1.176s] INFO:colcon.colcon_core.shell:Creating package script '/home/mtrn/MTRN4231_Project/install/ur5e_moveit_config_custom/share/ur5e_moveit_config_custom/package.ps1'
[1.177s] INFO:colcon.colcon_core.shell:Creating package descriptor '/home/mtrn/MTRN4231_Project/install/ur5e_moveit_config_custom/share/ur5e_moveit_config_custom/package.dsv'
[1.178s] INFO:colcon.colcon_core.shell:Creating package script '/home/mtrn/MTRN4231_Project/install/ur5e_moveit_config_custom/share/ur5e_moveit_config_custom/package.sh'
[1.178s] INFO:colcon.colcon_core.shell:Creating package script '/home/mtrn/MTRN4231_Project/install/ur5e_moveit_config_custom/share/ur5e_moveit_config_custom/package.bash'
[1.179s] INFO:colcon.colcon_core.shell:Creating package script '/home/mtrn/MTRN4231_Project/install/ur5e_moveit_config_custom/share/ur5e_moveit_config_custom/package.zsh'
[1.179s] Level 1:colcon.colcon_core.environment:create_file_with_runtime_dependencies(/home/mtrn/MTRN4231_Project/install/ur5e_moveit_config_custom/share/colcon-core/packages/ur5e_moveit_config_custom)
[1.254s] Level 1:colcon.colcon_core.environment:create_environment_scripts_only(custom_interfaces)
[1.254s] Level 1:colcon.colcon_core.environment:checking '/home/mtrn/MTRN4231_Project/install/custom_interfaces' for CMake module files
[1.256s] Level 1:colcon.colcon_core.environment:checking '/home/mtrn/MTRN4231_Project/install/custom_interfaces' for CMake config files
[1.257s] Level 1:colcon.colcon_core.shell:create_environment_hook('custom_interfaces', 'cmake_prefix_path')
[1.257s] INFO:colcon.colcon_core.shell:Creating environment hook '/home/mtrn/MTRN4231_Project/install/custom_interfaces/share/custom_interfaces/hook/cmake_prefix_path.ps1'
[1.258s] INFO:colcon.colcon_core.shell:Creating environment descriptor '/home/mtrn/MTRN4231_Project/install/custom_interfaces/share/custom_interfaces/hook/cmake_prefix_path.dsv'
[1.259s] INFO:colcon.colcon_core.shell:Creating environment hook '/home/mtrn/MTRN4231_Project/install/custom_interfaces/share/custom_interfaces/hook/cmake_prefix_path.sh'
[1.259s] Level 1:colcon.colcon_core.environment:checking '/home/mtrn/MTRN4231_Project/install/custom_interfaces/lib'
[1.260s] Level 1:colcon.colcon_core.shell:create_environment_hook('custom_interfaces', 'ld_library_path_lib')
[1.260s] INFO:colcon.colcon_core.shell:Creating environment hook '/home/mtrn/MTRN4231_Project/install/custom_interfaces/share/custom_interfaces/hook/ld_library_path_lib.ps1'
[1.260s] INFO:colcon.colcon_core.shell:Creating environment descriptor '/home/mtrn/MTRN4231_Project/install/custom_interfaces/share/custom_interfaces/hook/ld_library_path_lib.dsv'
[1.261s] INFO:colcon.colcon_core.shell:Creating environment hook '/home/mtrn/MTRN4231_Project/install/custom_interfaces/share/custom_interfaces/hook/ld_library_path_lib.sh'
[1.261s] Level 1:colcon.colcon_core.environment:checking '/home/mtrn/MTRN4231_Project/install/custom_interfaces/bin'
[1.261s] Level 1:colcon.colcon_core.environment:checking '/home/mtrn/MTRN4231_Project/install/custom_interfaces/lib/pkgconfig/custom_interfaces.pc'
[1.261s] Level 1:colcon.colcon_core.environment:checking '/home/mtrn/MTRN4231_Project/install/custom_interfaces/lib/python3.10/site-packages'
[1.261s] Level 1:colcon.colcon_core.environment:checking '/home/mtrn/MTRN4231_Project/install/custom_interfaces/bin'
[1.262s] INFO:colcon.colcon_core.shell:Creating package script '/home/mtrn/MTRN4231_Project/install/custom_interfaces/share/custom_interfaces/package.ps1'
[1.262s] INFO:colcon.colcon_core.shell:Creating package descriptor '/home/mtrn/MTRN4231_Project/install/custom_interfaces/share/custom_interfaces/package.dsv'
[1.263s] INFO:colcon.colcon_core.shell:Creating package script '/home/mtrn/MTRN4231_Project/install/custom_interfaces/share/custom_interfaces/package.sh'
[1.263s] INFO:colcon.colcon_core.shell:Creating package script '/home/mtrn/MTRN4231_Project/install/custom_interfaces/share/custom_interfaces/package.bash'
[1.264s] INFO:colcon.colcon_core.shell:Creating package script '/home/mtrn/MTRN4231_Project/install/custom_interfaces/share/custom_interfaces/package.zsh'
[1.264s] Level 1:colcon.colcon_core.environment:create_file_with_runtime_dependencies(/home/mtrn/MTRN4231_Project/install/custom_interfaces/share/colcon-core/packages/custom_interfaces)
[1.264s] INFO:colcon.colcon_ros.task.ament_cmake.build:Building ROS package in '/home/mtrn/MTRN4231_Project/src/arm_controller' with build type 'ament_cmake'
[1.264s] INFO:colcon.colcon_cmake.task.cmake.build:Building CMake package in '/home/mtrn/MTRN4231_Project/src/arm_controller'
[1.265s] INFO:colcon.colcon_core.shell:Skip shell extension 'powershell' for command environment: Not usable outside of PowerShell
[1.265s] DEBUG:colcon.colcon_core.shell:Skip shell extension 'dsv' for command environment
[1.279s] DEBUG:colcon.colcon_core.event_handler.log_command:Invoking command in '/home/mtrn/MTRN4231_Project/build/arm_controller': CMAKE_PREFIX_PATH=/home/mtrn/MTRN4231_Project/install/custom_interfaces:/home/mtrn/MTRN4231_Project/install/ur5e_moveit_config_custom:/home/mtrn/MTRN4231_Project/install/ur5e_custom_description:/home/mtrn/MTRN4231_Project/install/end_effector_description:/home/mtrn/MTRN4231_Project/install/arm_controller:/opt/ros/humble /home/mtrn/.local/bin/cmake --build /home/mtrn/MTRN4231_Project/build/arm_controller -- -j20 -l20
[12.373s] DEBUG:colcon.colcon_core.event_handler.log_command:Invoked command in '/home/mtrn/MTRN4231_Project/build/arm_controller' returned '0': CMAKE_PREFIX_PATH=/home/mtrn/MTRN4231_Project/install/custom_interfaces:/home/mtrn/MTRN4231_Project/install/ur5e_moveit_config_custom:/home/mtrn/MTRN4231_Project/install/ur5e_custom_description:/home/mtrn/MTRN4231_Project/install/end_effector_description:/home/mtrn/MTRN4231_Project/install/arm_controller:/opt/ros/humble /home/mtrn/.local/bin/cmake --build /home/mtrn/MTRN4231_Project/build/arm_controller -- -j20 -l20
[12.437s] DEBUG:colcon.colcon_core.event_handler.log_command:Invoking command in '/home/mtrn/MTRN4231_Project/build/arm_controller': CMAKE_PREFIX_PATH=/home/mtrn/MTRN4231_Project/install/custom_interfaces:/home/mtrn/MTRN4231_Project/install/ur5e_moveit_config_custom:/home/mtrn/MTRN4231_Project/install/ur5e_custom_description:/home/mtrn/MTRN4231_Project/install/end_effector_description:/home/mtrn/MTRN4231_Project/install/arm_controller:/opt/ros/humble /home/mtrn/.local/bin/cmake --install /home/mtrn/MTRN4231_Project/build/arm_controller
[12.485s] Level 1:colcon.colcon_core.environment:create_environment_scripts_only(arm_controller)
[12.485s] Level 1:colcon.colcon_core.environment:checking '/home/mtrn/MTRN4231_Project/install/arm_controller' for CMake module files
[12.486s] Level 1:colcon.colcon_core.environment:checking '/home/mtrn/MTRN4231_Project/install/arm_controller' for CMake config files
[12.487s] Level 1:colcon.colcon_core.shell:create_environment_hook('arm_controller', 'cmake_prefix_path')
[12.487s] INFO:colcon.colcon_core.shell:Creating environment hook '/home/mtrn/MTRN4231_Project/install/arm_controller/share/arm_controller/hook/cmake_prefix_path.ps1'
[12.488s] INFO:colcon.colcon_core.shell:Creating environment descriptor '/home/mtrn/MTRN4231_Project/install/arm_controller/share/arm_controller/hook/cmake_prefix_path.dsv'
[12.488s] INFO:colcon.colcon_core.shell:Creating environment hook '/home/mtrn/MTRN4231_Project/install/arm_controller/share/arm_controller/hook/cmake_prefix_path.sh'
[12.489s] DEBUG:colcon.colcon_core.event_handler.log_command:Invoked command in '/home/mtrn/MTRN4231_Project/build/arm_controller' returned '0': CMAKE_PREFIX_PATH=/home/mtrn/MTRN4231_Project/install/custom_interfaces:/home/mtrn/MTRN4231_Project/install/ur5e_moveit_config_custom:/home/mtrn/MTRN4231_Project/install/ur5e_custom_description:/home/mtrn/MTRN4231_Project/install/end_effector_description:/home/mtrn/MTRN4231_Project/install/arm_controller:/opt/ros/humble /home/mtrn/.local/bin/cmake --install /home/mtrn/MTRN4231_Project/build/arm_controller
[12.490s] Level 1:colcon.colcon_core.environment:checking '/home/mtrn/MTRN4231_Project/install/arm_controller/lib'
[12.490s] Level 1:colcon.colcon_core.environment:checking '/home/mtrn/MTRN4231_Project/install/arm_controller/bin'
[12.490s] Level 1:colcon.colcon_core.environment:checking '/home/mtrn/MTRN4231_Project/install/arm_controller/lib/pkgconfig/arm_controller.pc'
[12.490s] Level 1:colcon.colcon_core.environment:checking '/home/mtrn/MTRN4231_Project/install/arm_controller/lib/python3.10/site-packages'
[12.490s] Level 1:colcon.colcon_core.environment:checking '/home/mtrn/MTRN4231_Project/install/arm_controller/bin'
[12.491s] INFO:colcon.colcon_core.shell:Creating package script '/home/mtrn/MTRN4231_Project/install/arm_controller/share/arm_controller/package.ps1'
[12.491s] INFO:colcon.colcon_core.shell:Creating package descriptor '/home/mtrn/MTRN4231_Project/install/arm_controller/share/arm_controller/package.dsv'
[12.492s] INFO:colcon.colcon_core.shell:Creating package script '/home/mtrn/MTRN4231_Project/install/arm_controller/share/arm_controller/package.sh'
[12.492s] INFO:colcon.colcon_core.shell:Creating package script '/home/mtrn/MTRN4231_Project/install/arm_controller/share/arm_controller/package.bash'
[12.493s] INFO:colcon.colcon_core.shell:Creating package script '/home/mtrn/MTRN4231_Project/install/arm_controller/share/arm_controller/package.zsh'
[12.493s] Level 1:colcon.colcon_core.environment:create_file_with_runtime_dependencies(/home/mtrn/MTRN4231_Project/install/arm_controller/share/colcon-core/packages/arm_controller)
[12.550s] Level 1:colcon.colcon_core.environment:create_environment_scripts_only(arm_controller)
[12.550s] Level 1:colcon.colcon_core.environment:checking '/home/mtrn/MTRN4231_Project/install/arm_controller' for CMake module files
[12.551s] Level 1:colcon.colcon_core.environment:checking '/home/mtrn/MTRN4231_Project/install/arm_controller' for CMake config files
[12.551s] Level 1:colcon.colcon_core.shell:create_environment_hook('arm_controller', 'cmake_prefix_path')
[12.551s] INFO:colcon.colcon_core.shell:Creating environment hook '/home/mtrn/MTRN4231_Project/install/arm_controller/share/arm_controller/hook/cmake_prefix_path.ps1'
[12.552s] INFO:colcon.colcon_core.shell:Creating environment descriptor '/home/mtrn/MTRN4231_Project/install/arm_controller/share/arm_controller/hook/cmake_prefix_path.dsv'
[12.553s] INFO:colcon.colcon_core.shell:Creating environment hook '/home/mtrn/MTRN4231_Project/install/arm_controller/share/arm_controller/hook/cmake_prefix_path.sh'
[12.553s] Level 1:colcon.colcon_core.environment:checking '/home/mtrn/MTRN4231_Project/install/arm_controller/lib'
[12.553s] Level 1:colcon.colcon_core.environment:checking '/home/mtrn/MTRN4231_Project/install/arm_controller/bin'
[12.554s] Level 1:colcon.colcon_core.environment:checking '/home/mtrn/MTRN4231_Project/install/arm_controller/lib/pkgconfig/arm_controller.pc'
[12.554s] Level 1:colcon.colcon_core.environment:checking '/home/mtrn/MTRN4231_Project/install/arm_controller/lib/python3.10/site-packages'
[12.554s] Level 1:colcon.colcon_core.environment:checking '/home/mtrn/MTRN4231_Project/install/arm_controller/bin'
[12.554s] INFO:colcon.colcon_core.shell:Creating package script '/home/mtrn/MTRN4231_Project/install/arm_controller/share/arm_controller/package.ps1'
[12.555s] INFO:colcon.colcon_core.shell:Creating package descriptor '/home/mtrn/MTRN4231_Project/install/arm_controller/share/arm_controller/package.dsv'
[12.555s] INFO:colcon.colcon_core.shell:Creating package script '/home/mtrn/MTRN4231_Project/install/arm_controller/share/arm_controller/package.sh'
[12.556s] INFO:colcon.colcon_core.shell:Creating package script '/home/mtrn/MTRN4231_Project/install/arm_controller/share/arm_controller/package.bash'
[12.556s] INFO:colcon.colcon_core.shell:Creating package script '/home/mtrn/MTRN4231_Project/install/arm_controller/share/arm_controller/package.zsh'
[12.556s] Level 1:colcon.colcon_core.environment:create_file_with_runtime_dependencies(/home/mtrn/MTRN4231_Project/install/arm_controller/share/colcon-core/packages/arm_controller)
[12.557s] DEBUG:colcon.colcon_parallel_executor.executor.parallel:closing loop
[12.557s] DEBUG:colcon.colcon_parallel_executor.executor.parallel:loop closed
[12.557s] DEBUG:colcon.colcon_parallel_executor.executor.parallel:run_until_complete finished with '0'
[12.557s] DEBUG:colcon.colcon_core.event_reactor:joining thread
[12.563s] INFO:colcon.colcon_core.plugin_system:Skipping extension 'colcon_notification.desktop_notification.terminal_notifier': Not used on non-Darwin systems
[12.563s] INFO:colcon.colcon_core.plugin_system:Skipping extension 'colcon_notification.desktop_notification.win32': Not used on non-Windows systems
[12.563s] INFO:colcon.colcon_notification.desktop_notification:Sending desktop notification using 'notify2'
[12.579s] DEBUG:colcon.colcon_core.event_reactor:joined thread
[12.580s] INFO:colcon.colcon_core.shell:Creating prefix script '/home/mtrn/MTRN4231_Project/install/local_setup.ps1'
[12.583s] INFO:colcon.colcon_core.shell:Creating prefix util module '/home/mtrn/MTRN4231_Project/install/_local_setup_util_ps1.py'
[12.588s] INFO:colcon.colcon_core.shell:Creating prefix chain script '/home/mtrn/MTRN4231_Project/install/setup.ps1'
[12.590s] INFO:colcon.colcon_core.shell:Creating prefix script '/home/mtrn/MTRN4231_Project/install/local_setup.sh'
[12.591s] INFO:colcon.colcon_core.shell:Creating prefix util module '/home/mtrn/MTRN4231_Project/install/_local_setup_util_sh.py'
[12.592s] INFO:colcon.colcon_core.shell:Creating prefix chain script '/home/mtrn/MTRN4231_Project/install/setup.sh'
[12.594s] INFO:colcon.colcon_core.shell:Creating prefix script '/home/mtrn/MTRN4231_Project/install/local_setup.bash'
[12.595s] INFO:colcon.colcon_core.shell:Creating prefix chain script '/home/mtrn/MTRN4231_Project/install/setup.bash'
[12.597s] INFO:colcon.colcon_core.shell:Creating prefix script '/home/mtrn/MTRN4231_Project/install/local_setup.zsh'
[12.598s] INFO:colcon.colcon_core.shell:Creating prefix chain script '/home/mtrn/MTRN4231_Project/install/setup.zsh'
