running egg_info
creating ../../build/ui/ui.egg-info
writing ../../build/ui/ui.egg-info/PKG-INFO
writing dependency_links to ../../build/ui/ui.egg-info/dependency_links.txt
writing entry points to ../../build/ui/ui.egg-info/entry_points.txt
writing requirements to ../../build/ui/ui.egg-info/requires.txt
writing top-level names to ../../build/ui/ui.egg-info/top_level.txt
writing manifest file '../../build/ui/ui.egg-info/SOURCES.txt'
reading manifest file '../../build/ui/ui.egg-info/SOURCES.txt'
adding license file 'LICENSE'
writing manifest file '../../build/ui/ui.egg-info/SOURCES.txt'
running build
running build_py
creating /home/ryanl/4231/MTRN4231_Project/build/ui/build
creating /home/ryanl/4231/MTRN4231_Project/build/ui/build/lib
creating /home/ryanl/4231/MTRN4231_Project/build/ui/build/lib/ui
copying ui/__init__.py -> /home/ryanl/4231/MTRN4231_Project/build/ui/build/lib/ui
copying ui/board_state_sub.py -> /home/ryanl/4231/MTRN4231_Project/build/ui/build/lib/ui
copying ui/user_interface.py -> /home/ryanl/4231/MTRN4231_Project/build/ui/build/lib/ui
running install
running install_lib
creating /home/ryanl/4231/MTRN4231_Project/install/ui/lib/python3.10/site-packages/ui
copying /home/ryanl/4231/MTRN4231_Project/build/ui/build/lib/ui/__init__.py -> /home/ryanl/4231/MTRN4231_Project/install/ui/lib/python3.10/site-packages/ui
copying /home/ryanl/4231/MTRN4231_Project/build/ui/build/lib/ui/board_state_sub.py -> /home/ryanl/4231/MTRN4231_Project/install/ui/lib/python3.10/site-packages/ui
copying /home/ryanl/4231/MTRN4231_Project/build/ui/build/lib/ui/user_interface.py -> /home/ryanl/4231/MTRN4231_Project/install/ui/lib/python3.10/site-packages/ui
byte-compiling /home/ryanl/4231/MTRN4231_Project/install/ui/lib/python3.10/site-packages/ui/__init__.py to __init__.cpython-310.pyc
byte-compiling /home/ryanl/4231/MTRN4231_Project/install/ui/lib/python3.10/site-packages/ui/board_state_sub.py to board_state_sub.cpython-310.pyc
byte-compiling /home/ryanl/4231/MTRN4231_Project/install/ui/lib/python3.10/site-packages/ui/user_interface.py to user_interface.cpython-310.pyc
running install_data
creating /home/ryanl/4231/MTRN4231_Project/install/ui/share/ament_index
creating /home/ryanl/4231/MTRN4231_Project/install/ui/share/ament_index/resource_index
creating /home/ryanl/4231/MTRN4231_Project/install/ui/share/ament_index/resource_index/packages
copying resource/ui -> /home/ryanl/4231/MTRN4231_Project/install/ui/share/ament_index/resource_index/packages
copying package.xml -> /home/ryanl/4231/MTRN4231_Project/install/ui/share/ui
running install_egg_info
Copying ../../build/ui/ui.egg-info to /home/ryanl/4231/MTRN4231_Project/install/ui/lib/python3.10/site-packages/ui-0.0.0-py3.10.egg-info
running install_scripts
Installing board_state script to /home/ryanl/4231/MTRN4231_Project/install/ui/lib/ui
Installing user_interface script to /home/ryanl/4231/MTRN4231_Project/install/ui/lib/ui
writing list of installed files to '/home/ryanl/4231/MTRN4231_Project/build/ui/install.log'
