[1.938s] Invoking command in '/home/ryanl/4231/MTRN4231_Project/src/ui': AMENT_PREFIX_PATH=/home/ryanl/4231/MTRN4231_Project/install/interfaces:${AMENT_PREFIX_PATH} CMAKE_PREFIX_PATH=/home/ryanl/4231/MTRN4231_Project/install/interfaces:${CMAKE_PREFIX_PATH} LD_LIBRARY_PATH=/home/ryanl/4231/MTRN4231_Project/install/interfaces/lib:${LD_LIBRARY_PATH} PYTHONPATH=/home/ryanl/4231/MTRN4231_Project/build/ui/prefix_override:/usr/lib/python3/dist-packages/colcon_core/task/python/colcon_distutils_commands:/home/ryanl/4231/MTRN4231_Project/install/ui/lib/python3.10/site-packages:/home/ryanl/4231/MTRN4231_Project/install/interfaces/local/lib/python3.10/dist-packages:${PYTHONPATH} /usr/bin/python3 -W ignore:setup.py install is deprecated -W ignore:easy_install command is deprecated setup.py egg_info --egg-base ../../build/ui build --build-base /home/ryanl/4231/MTRN4231_Project/build/ui/build install --record /home/ryanl/4231/MTRN4231_Project/build/ui/install.log --single-version-externally-managed install_data
[2.401s] running egg_info
[2.401s] creating ../../build/ui/ui.egg-info
[2.403s] writing ../../build/ui/ui.egg-info/PKG-INFO
[2.403s] writing dependency_links to ../../build/ui/ui.egg-info/dependency_links.txt
[2.404s] writing entry points to ../../build/ui/ui.egg-info/entry_points.txt
[2.404s] writing requirements to ../../build/ui/ui.egg-info/requires.txt
[2.404s] writing top-level names to ../../build/ui/ui.egg-info/top_level.txt
[2.405s] writing manifest file '../../build/ui/ui.egg-info/SOURCES.txt'
[2.408s] reading manifest file '../../build/ui/ui.egg-info/SOURCES.txt'
[2.409s] adding license file 'LICENSE'
[2.410s] writing manifest file '../../build/ui/ui.egg-info/SOURCES.txt'
[2.410s] running build
[2.410s] running build_py
[2.411s] creating /home/ryanl/4231/MTRN4231_Project/build/ui/build
[2.412s] creating /home/ryanl/4231/MTRN4231_Project/build/ui/build/lib
[2.412s] creating /home/ryanl/4231/MTRN4231_Project/build/ui/build/lib/ui
[2.413s] copying ui/__init__.py -> /home/ryanl/4231/MTRN4231_Project/build/ui/build/lib/ui
[2.413s] copying ui/board_state_sub.py -> /home/ryanl/4231/MTRN4231_Project/build/ui/build/lib/ui
[2.414s] copying ui/user_interface.py -> /home/ryanl/4231/MTRN4231_Project/build/ui/build/lib/ui
[2.415s] running install
[2.416s] running install_lib
[2.417s] creating /home/ryanl/4231/MTRN4231_Project/install/ui/lib/python3.10/site-packages/ui
[2.418s] copying /home/ryanl/4231/MTRN4231_Project/build/ui/build/lib/ui/__init__.py -> /home/ryanl/4231/MTRN4231_Project/install/ui/lib/python3.10/site-packages/ui
[2.418s] copying /home/ryanl/4231/MTRN4231_Project/build/ui/build/lib/ui/board_state_sub.py -> /home/ryanl/4231/MTRN4231_Project/install/ui/lib/python3.10/site-packages/ui
[2.418s] copying /home/ryanl/4231/MTRN4231_Project/build/ui/build/lib/ui/user_interface.py -> /home/ryanl/4231/MTRN4231_Project/install/ui/lib/python3.10/site-packages/ui
[2.419s] byte-compiling /home/ryanl/4231/MTRN4231_Project/install/ui/lib/python3.10/site-packages/ui/__init__.py to __init__.cpython-310.pyc
[2.420s] byte-compiling /home/ryanl/4231/MTRN4231_Project/install/ui/lib/python3.10/site-packages/ui/board_state_sub.py to board_state_sub.cpython-310.pyc
[2.421s] byte-compiling /home/ryanl/4231/MTRN4231_Project/install/ui/lib/python3.10/site-packages/ui/user_interface.py to user_interface.cpython-310.pyc
[2.424s] running install_data
[2.424s] creating /home/ryanl/4231/MTRN4231_Project/install/ui/share/ament_index
[2.425s] creating /home/ryanl/4231/MTRN4231_Project/install/ui/share/ament_index/resource_index
[2.426s] creating /home/ryanl/4231/MTRN4231_Project/install/ui/share/ament_index/resource_index/packages
[2.426s] copying resource/ui -> /home/ryanl/4231/MTRN4231_Project/install/ui/share/ament_index/resource_index/packages
[2.427s] copying package.xml -> /home/ryanl/4231/MTRN4231_Project/install/ui/share/ui
[2.427s] running install_egg_info
[2.431s] Copying ../../build/ui/ui.egg-info to /home/ryanl/4231/MTRN4231_Project/install/ui/lib/python3.10/site-packages/ui-0.0.0-py3.10.egg-info
[2.433s] running install_scripts
[2.463s] Installing board_state script to /home/ryanl/4231/MTRN4231_Project/install/ui/lib/ui
[2.464s] Installing user_interface script to /home/ryanl/4231/MTRN4231_Project/install/ui/lib/ui
[2.465s] writing list of installed files to '/home/ryanl/4231/MTRN4231_Project/build/ui/install.log'
[2.511s] Invoked command in '/home/ryanl/4231/MTRN4231_Project/src/ui' returned '0': AMENT_PREFIX_PATH=/home/ryanl/4231/MTRN4231_Project/install/interfaces:${AMENT_PREFIX_PATH} CMAKE_PREFIX_PATH=/home/ryanl/4231/MTRN4231_Project/install/interfaces:${CMAKE_PREFIX_PATH} LD_LIBRARY_PATH=/home/ryanl/4231/MTRN4231_Project/install/interfaces/lib:${LD_LIBRARY_PATH} PYTHONPATH=/home/ryanl/4231/MTRN4231_Project/build/ui/prefix_override:/usr/lib/python3/dist-packages/colcon_core/task/python/colcon_distutils_commands:/home/ryanl/4231/MTRN4231_Project/install/ui/lib/python3.10/site-packages:/home/ryanl/4231/MTRN4231_Project/install/interfaces/local/lib/python3.10/dist-packages:${PYTHONPATH} /usr/bin/python3 -W ignore:setup.py install is deprecated -W ignore:easy_install command is deprecated setup.py egg_info --egg-base ../../build/ui build --build-base /home/ryanl/4231/MTRN4231_Project/build/ui/build install --record /home/ryanl/4231/MTRN4231_Project/build/ui/install.log --single-version-externally-managed install_data
