[0.015s] Invoking command in '/home/mtrn/MTRN4231_project/build/arm_controller': CMAKE_PREFIX_PATH=/home/mtrn/MTRN4231_project/install/custom_interfaces:/home/mtrn/MTRN4231_project/install/end_effector_description:/home/mtrn/MTRN4231_project/install/arm_controller:/opt/ros/humble /home/mtrn/.local/bin/cmake --build /home/mtrn/MTRN4231_project/build/arm_controller -- -j12 -l12
[0.156s] [ 50%] Built target arm_controller_node
[0.159s] [100%] Built target moveit_constrain_ur
[0.170s] Invoked command in '/home/mtrn/MTRN4231_project/build/arm_controller' returned '0': CMAKE_PREFIX_PATH=/home/mtrn/MTRN4231_project/install/custom_interfaces:/home/mtrn/MTRN4231_project/install/end_effector_description:/home/mtrn/MTRN4231_project/install/arm_controller:/opt/ros/humble /home/mtrn/.local/bin/cmake --build /home/mtrn/MTRN4231_project/build/arm_controller -- -j12 -l12
[0.251s] Invoking command in '/home/mtrn/MTRN4231_project/build/arm_controller': CMAKE_PREFIX_PATH=/home/mtrn/MTRN4231_project/install/custom_interfaces:/home/mtrn/MTRN4231_project/install/end_effector_description:/home/mtrn/MTRN4231_project/install/arm_controller:/opt/ros/humble /home/mtrn/.local/bin/cmake --install /home/mtrn/MTRN4231_project/build/arm_controller
[0.290s] -- Install configuration: ""
[0.291s] -- Up-to-date: /home/mtrn/MTRN4231_project/install/arm_controller/lib/arm_controller/arm_controller_node
[0.291s] -- Up-to-date: /home/mtrn/MTRN4231_project/install/arm_controller/share/arm_controller/launch
[0.291s] -- Up-to-date: /home/mtrn/MTRN4231_project/install/arm_controller/share/arm_controller/launch/arm_controller.launch.py
[0.291s] -- Up-to-date: /home/mtrn/MTRN4231_project/install/arm_controller/share/arm_controller/launch/view_combined.launch.py
[0.291s] -- Up-to-date: /home/mtrn/MTRN4231_project/install/arm_controller/share/arm_controller/urdf
[0.291s] -- Up-to-date: /home/mtrn/MTRN4231_project/install/arm_controller/share/arm_controller/urdf/ur5e_with_tool.urdf.xacro
[0.292s] -- Up-to-date: /home/mtrn/MTRN4231_project/install/arm_controller/share/arm_controller/config
[0.292s] -- Up-to-date: /home/mtrn/MTRN4231_project/install/arm_controller/share/arm_controller/config/joint_limits.yaml
[0.292s] -- Up-to-date: /home/mtrn/MTRN4231_project/install/arm_controller/share/arm_controller/config/pilz_cartesian_limits.yaml
[0.292s] -- Up-to-date: /home/mtrn/MTRN4231_project/install/arm_controller/share/arm_controller/config/moveit_controllers.yaml
[0.292s] -- Up-to-date: /home/mtrn/MTRN4231_project/install/arm_controller/share/arm_controller/config/params.yaml
[0.292s] -- Up-to-date: /home/mtrn/MTRN4231_project/install/arm_controller/share/arm_controller/config/kinematics.yaml
[0.292s] -- Up-to-date: /home/mtrn/MTRN4231_project/install/arm_controller/share/arm_controller/config/moveit.rviz
[0.292s] -- Up-to-date: /home/mtrn/MTRN4231_project/install/arm_controller/share/arm_controller/config/controllers.yaml
[0.292s] -- Up-to-date: /home/mtrn/MTRN4231_project/install/arm_controller/share/arm_controller/config/end_effector_withDriverSupport.srdf
[0.292s] -- Up-to-date: /home/mtrn/MTRN4231_project/install/arm_controller/share/arm_controller/rviz
[0.293s] -- Up-to-date: /home/mtrn/MTRN4231_project/install/arm_controller/share/arm_controller/rviz/display.rviz
[0.293s] -- Up-to-date: /home/mtrn/MTRN4231_project/install/arm_controller/share/ament_index/resource_index/package_run_dependencies/arm_controller
[0.293s] -- Up-to-date: /home/mtrn/MTRN4231_project/install/arm_controller/share/ament_index/resource_index/parent_prefix_path/arm_controller
[0.293s] -- Up-to-date: /home/mtrn/MTRN4231_project/install/arm_controller/share/arm_controller/environment/ament_prefix_path.sh
[0.293s] -- Up-to-date: /home/mtrn/MTRN4231_project/install/arm_controller/share/arm_controller/environment/ament_prefix_path.dsv
[0.293s] -- Up-to-date: /home/mtrn/MTRN4231_project/install/arm_controller/share/arm_controller/environment/path.sh
[0.293s] -- Up-to-date: /home/mtrn/MTRN4231_project/install/arm_controller/share/arm_controller/environment/path.dsv
[0.293s] -- Up-to-date: /home/mtrn/MTRN4231_project/install/arm_controller/share/arm_controller/local_setup.bash
[0.293s] -- Up-to-date: /home/mtrn/MTRN4231_project/install/arm_controller/share/arm_controller/local_setup.sh
[0.293s] -- Up-to-date: /home/mtrn/MTRN4231_project/install/arm_controller/share/arm_controller/local_setup.zsh
[0.293s] -- Up-to-date: /home/mtrn/MTRN4231_project/install/arm_controller/share/arm_controller/local_setup.dsv
[0.293s] -- Installing: /home/mtrn/MTRN4231_project/install/arm_controller/share/arm_controller/package.dsv
[0.293s] -- Up-to-date: /home/mtrn/MTRN4231_project/install/arm_controller/share/ament_index/resource_index/packages/arm_controller
[0.293s] -- Up-to-date: /home/mtrn/MTRN4231_project/install/arm_controller/share/arm_controller/cmake/arm_controllerConfig.cmake
[0.293s] -- Up-to-date: /home/mtrn/MTRN4231_project/install/arm_controller/share/arm_controller/cmake/arm_controllerConfig-version.cmake
[0.294s] -- Up-to-date: /home/mtrn/MTRN4231_project/install/arm_controller/share/arm_controller/package.xml
[0.301s] Invoked command in '/home/mtrn/MTRN4231_project/build/arm_controller' returned '0': CMAKE_PREFIX_PATH=/home/mtrn/MTRN4231_project/install/custom_interfaces:/home/mtrn/MTRN4231_project/install/end_effector_description:/home/mtrn/MTRN4231_project/install/arm_controller:/opt/ros/humble /home/mtrn/.local/bin/cmake --install /home/mtrn/MTRN4231_project/build/arm_controller
