-- Install configuration: ""
-- Up-to-date: /home/dev/Desktop/MTRN4231_Project/install/end_effector_description/share/end_effector_description/launch
-- Up-to-date: /home/dev/Desktop/MTRN4231_Project/install/end_effector_description/share/end_effector_description/launch/display.launch.py
-- Up-to-date: /home/dev/Desktop/MTRN4231_Project/install/end_effector_description/share/end_effector_description/launch/display_ee.launch.py
-- Up-to-date: /home/dev/Desktop/MTRN4231_Project/install/end_effector_description/share/end_effector_description/rviz
-- Up-to-date: /home/dev/Desktop/MTRN4231_Project/install/end_effector_description/share/end_effector_description/rviz/ee.rviz
-- Up-to-date: /home/dev/Desktop/MTRN4231_Project/install/end_effector_description/share/end_effector_description/urdf
-- Up-to-date: /home/dev/Desktop/MTRN4231_Project/install/end_effector_description/share/end_effector_description/urdf/end_effector.urdf.xacro
-- Up-to-date: /home/dev/Desktop/MTRN4231_Project/install/end_effector_description/share/end_effector_description/urdf/end_effector_withDriverSupport.xacro
-- Up-to-date: /home/dev/Desktop/MTRN4231_Project/install/end_effector_description/share/end_effector_description/urdf/end_effector_only.urdf.xacro
-- Up-to-date: /home/dev/Desktop/MTRN4231_Project/install/end_effector_description/share/end_effector_description/meshes
-- Up-to-date: /home/dev/Desktop/MTRN4231_Project/install/end_effector_description/share/end_effector_description/meshes/claw_assembly.stl
-- Up-to-date: /home/dev/Desktop/MTRN4231_Project/install/end_effector_description/share/end_effector_description/etc
-- Up-to-date: /home/dev/Desktop/MTRN4231_Project/install/end_effector_description/share/end_effector_description/etc/robot_calibration.yaml
-- Up-to-date: /home/dev/Desktop/MTRN4231_Project/install/end_effector_description/share/ament_index/resource_index/package_run_dependencies/end_effector_description
-- Up-to-date: /home/dev/Desktop/MTRN4231_Project/install/end_effector_description/share/ament_index/resource_index/parent_prefix_path/end_effector_description
-- Up-to-date: /home/dev/Desktop/MTRN4231_Project/install/end_effector_description/share/end_effector_description/environment/ament_prefix_path.sh
-- Up-to-date: /home/dev/Desktop/MTRN4231_Project/install/end_effector_description/share/end_effector_description/environment/ament_prefix_path.dsv
-- Up-to-date: /home/dev/Desktop/MTRN4231_Project/install/end_effector_description/share/end_effector_description/environment/path.sh
-- Up-to-date: /home/dev/Desktop/MTRN4231_Project/install/end_effector_description/share/end_effector_description/environment/path.dsv
-- Up-to-date: /home/dev/Desktop/MTRN4231_Project/install/end_effector_description/share/end_effector_description/local_setup.bash
-- Up-to-date: /home/dev/Desktop/MTRN4231_Project/install/end_effector_description/share/end_effector_description/local_setup.sh
-- Up-to-date: /home/dev/Desktop/MTRN4231_Project/install/end_effector_description/share/end_effector_description/local_setup.zsh
-- Up-to-date: /home/dev/Desktop/MTRN4231_Project/install/end_effector_description/share/end_effector_description/local_setup.dsv
-- Installing: /home/dev/Desktop/MTRN4231_Project/install/end_effector_description/share/end_effector_description/package.dsv
-- Up-to-date: /home/dev/Desktop/MTRN4231_Project/install/end_effector_description/share/ament_index/resource_index/packages/end_effector_description
-- Up-to-date: /home/dev/Desktop/MTRN4231_Project/install/end_effector_description/share/end_effector_description/cmake/end_effector_descriptionConfig.cmake
-- Up-to-date: /home/dev/Desktop/MTRN4231_Project/install/end_effector_description/share/end_effector_description/cmake/end_effector_descriptionConfig-version.cmake
-- Up-to-date: /home/dev/Desktop/MTRN4231_Project/install/end_effector_description/share/end_effector_description/package.xml
