[35m[1mConsolidate compiler generated dependencies of target arm_controller_node[0m
[ 25%] [32mBuilding CXX object CMakeFiles/arm_controller_node.dir/src/arm_controller_node.cpp.o[0m
[ 75%] Built target moveit_constrain_ur
[01m[K/home/ryanl/4231/MTRN4231_Project/src/arm_controller/src/arm_controller_node.cpp:138:12:[m[K [01;31m[Kerror: [m[K‘[01m[KTransformListener[m[K’ in namespace ‘[01m[Ktf2_ros[m[K’ does not name a type
  138 |   tf2_ros::[01;31m[KTransformListener[m[K tf_listener_;
      |            [01;31m[K^~~~~~~~~~~~~~~~~[m[K
[01m[K/home/ryanl/4231/MTRN4231_Project/src/arm_controller/src/arm_controller_node.cpp:[m[K In constructor ‘[01m[KSimpleArmPlannerNode::SimpleArmPlannerNode()[m[K’:
[01m[K/home/ryanl/4231/MTRN4231_Project/src/arm_controller/src/arm_controller_node.cpp:19:5:[m[K [01;31m[Kerror: [m[Kclass ‘[01m[KSimpleArmPlannerNode[m[K’ does not have any field named ‘[01m[Ktf_listener_[m[K’
   19 |   , [01;31m[Ktf_listener_[m[K(tf_buffer_)
      |     [01;31m[K^~~~~~~~~~~~[m[K
[01m[K/home/ryanl/4231/MTRN4231_Project/src/arm_controller/src/arm_controller_node.cpp:[m[K In member function ‘[01m[Kvoid SimpleArmPlannerNode::execute(std::shared_ptr<rclcpp_action::ServerGoalHandle<custom_interfaces::action::MoveTCP> >)[m[K’:
[01m[K/home/ryanl/4231/MTRN4231_Project/src/arm_controller/src/arm_controller_node.cpp:70:64:[m[K [01;31m[Kerror: [m[K‘[01m[Kusing element_type = const struct custom_interfaces::action::MoveTCP_Goal_<std::allocator<void> >[m[K’ {aka ‘[01m[Kconst struct custom_interfaces::action::MoveTCP_Goal_<std::allocator<void> >[m[K’} has no member named ‘[01m[Ktarget_pose[m[K’
   70 |     const geometry_msgs::msg::PoseStamped& target_pose = goal->[01;31m[Ktarget_pose[m[K;
      |                                                                [01;31m[K^~~~~~~~~~~[m[K
[01m[K/home/ryanl/4231/MTRN4231_Project/src/arm_controller/src/arm_controller_node.cpp:101:62:[m[K [01;35m[Kwarning: [m[K‘[01m[Kusing MoveItErrorCode = class moveit::core::MoveItErrorCode[m[K’ is deprecated: Use moveit::core::MoveItErrorCode [[01;35m[K]8;;https://gcc.gnu.org/onlinedocs/gcc/Warning-Options.html#index-Wdeprecated-declarations-Wdeprecated-declarations]8;;[m[K]
  101 |     if (code == moveit::planning_interface::MoveItErrorCode::[01;35m[KSUCCESS[m[K) {
      |                                                              [01;35m[K^~~~~~~[m[K
In file included from [01m[K/home/ryanl/4231/MTRN4231_Project/src/arm_controller/src/arm_controller_node.cpp:5[m[K:
[01m[K/opt/ros/humble/include/moveit/move_group_interface/move_group_interface.h:71:7:[m[K [01;36m[Knote: [m[Kdeclared here
   71 | using [01;36m[KMoveItErrorCode[m[K [[deprecated("Use moveit::core::MoveItErrorCode")]] = moveit::core::MoveItErrorCode;
      |       [01;36m[K^~~~~~~~~~~~~~~[m[K
[01m[K/home/ryanl/4231/MTRN4231_Project/src/arm_controller/src/arm_controller_node.cpp:112:86:[m[K [01;35m[Kwarning: [m[K‘[01m[Kusing MoveItErrorCode = class moveit::core::MoveItErrorCode[m[K’ is deprecated: Use moveit::core::MoveItErrorCode [[01;35m[K]8;;https://gcc.gnu.org/onlinedocs/gcc/Warning-Options.html#index-Wdeprecated-declarations-Wdeprecated-declarations]8;;[m[K]
  112 |         result->success = (exec_code == moveit::planning_interface::MoveItErrorCode::[01;35m[KSUCCESS[m[K);
      |                                                                                      [01;35m[K^~~~~~~[m[K
In file included from [01m[K/home/ryanl/4231/MTRN4231_Project/src/arm_controller/src/arm_controller_node.cpp:5[m[K:
[01m[K/opt/ros/humble/include/moveit/move_group_interface/move_group_interface.h:71:7:[m[K [01;36m[Knote: [m[Kdeclared here
   71 | using [01;36m[KMoveItErrorCode[m[K [[deprecated("Use moveit::core::MoveItErrorCode")]] = moveit::core::MoveItErrorCode;
      |       [01;36m[K^~~~~~~~~~~~~~~[m[K
[01m[K/home/ryanl/4231/MTRN4231_Project/src/arm_controller/src/arm_controller_node.cpp:114:17:[m[K [01;31m[Kerror: [m[K‘[01m[Kusing element_type = struct custom_interfaces::action::MoveTCP_Result_<std::allocator<void> >[m[K’ {aka ‘[01m[Kstruct custom_interfaces::action::MoveTCP_Result_<std::allocator<void> >[m[K’} has no member named ‘[01m[Kfinal_pose[m[K’
  114 |         result->[01;31m[Kfinal_pose[m[K = pose_in_base; // if your Result has this field; otherwise remove
      |                 [01;31m[K^~~~~~~~~~[m[K
gmake[2]: *** [CMakeFiles/arm_controller_node.dir/build.make:76: CMakeFiles/arm_controller_node.dir/src/arm_controller_node.cpp.o] Error 1
gmake[1]: *** [CMakeFiles/Makefile2:139: CMakeFiles/arm_controller_node.dir/all] Error 2
gmake: *** [Makefile:146: all] Error 2
