[0.020s] Invoking command in '/home/mtrn/MTRN4231_Project/build/arm_controller': CMAKE_PREFIX_PATH=/home/mtrn/MTRN4231_Project/install/custom_interfaces:/home/mtrn/MTRN4231_Project/install/ur5e_moveit_config_custom:/home/mtrn/MTRN4231_Project/install/ur5e_custom_description:/home/mtrn/MTRN4231_Project/install/end_effector_description:/home/mtrn/MTRN4231_Project/install/arm_controller:/opt/ros/humble /home/mtrn/.local/bin/cmake --build /home/mtrn/MTRN4231_Project/build/arm_controller -- -j20 -l20
[0.118s] [ 50%] Built target moveit_constrain_ur
[0.122s] [ 75%] [32mBuilding CXX object CMakeFiles/arm_controller_node.dir/src/arm_controller_node.cpp.o[0m
[12.196s] [100%] [32m[1mLinking CXX executable arm_controller_node[0m
[12.901s] [100%] Built target arm_controller_node
[12.916s] Invoked command in '/home/mtrn/MTRN4231_Project/build/arm_controller' returned '0': CMAKE_PREFIX_PATH=/home/mtrn/MTRN4231_Project/install/custom_interfaces:/home/mtrn/MTRN4231_Project/install/ur5e_moveit_config_custom:/home/mtrn/MTRN4231_Project/install/ur5e_custom_description:/home/mtrn/MTRN4231_Project/install/end_effector_description:/home/mtrn/MTRN4231_Project/install/arm_controller:/opt/ros/humble /home/mtrn/.local/bin/cmake --build /home/mtrn/MTRN4231_Project/build/arm_controller -- -j20 -l20
[12.990s] Invoking command in '/home/mtrn/MTRN4231_Project/build/arm_controller': CMAKE_PREFIX_PATH=/home/mtrn/MTRN4231_Project/install/custom_interfaces:/home/mtrn/MTRN4231_Project/install/ur5e_moveit_config_custom:/home/mtrn/MTRN4231_Project/install/ur5e_custom_description:/home/mtrn/MTRN4231_Project/install/end_effector_description:/home/mtrn/MTRN4231_Project/install/arm_controller:/opt/ros/humble /home/mtrn/.local/bin/cmake --install /home/mtrn/MTRN4231_Project/build/arm_controller
[13.029s] -- Install configuration: ""
[13.029s] -- Installing: /home/mtrn/MTRN4231_Project/install/arm_controller/lib/arm_controller/arm_controller_node
[13.033s] -- Set runtime path of "/home/mtrn/MTRN4231_Project/install/arm_controller/lib/arm_controller/arm_controller_node" to ""
[13.033s] -- Up-to-date: /home/mtrn/MTRN4231_Project/install/arm_controller/share/arm_controller/launch
[13.033s] -- Up-to-date: /home/mtrn/MTRN4231_Project/install/arm_controller/share/arm_controller/launch/view_combined.launch.py
[13.034s] -- Up-to-date: /home/mtrn/MTRN4231_Project/install/arm_controller/share/arm_controller/launch/arm_controller.launch.py
[13.034s] -- Up-to-date: /home/mtrn/MTRN4231_Project/install/arm_controller/share/arm_controller/urdf
[13.034s] -- Up-to-date: /home/mtrn/MTRN4231_Project/install/arm_controller/share/arm_controller/urdf/ur5e_with_tool.urdf.xacro
[13.034s] -- Up-to-date: /home/mtrn/MTRN4231_Project/install/arm_controller/share/ament_index/resource_index/package_run_dependencies/arm_controller
[13.034s] -- Up-to-date: /home/mtrn/MTRN4231_Project/install/arm_controller/share/ament_index/resource_index/parent_prefix_path/arm_controller
[13.034s] -- Up-to-date: /home/mtrn/MTRN4231_Project/install/arm_controller/share/arm_controller/environment/ament_prefix_path.sh
[13.034s] -- Up-to-date: /home/mtrn/MTRN4231_Project/install/arm_controller/share/arm_controller/environment/ament_prefix_path.dsv
[13.035s] -- Up-to-date: /home/mtrn/MTRN4231_Project/install/arm_controller/share/arm_controller/environment/path.sh
[13.035s] -- Up-to-date: /home/mtrn/MTRN4231_Project/install/arm_controller/share/arm_controller/environment/path.dsv
[13.035s] -- Up-to-date: /home/mtrn/MTRN4231_Project/install/arm_controller/share/arm_controller/local_setup.bash
[13.035s] -- Up-to-date: /home/mtrn/MTRN4231_Project/install/arm_controller/share/arm_controller/local_setup.sh
[13.035s] -- Up-to-date: /home/mtrn/MTRN4231_Project/install/arm_controller/share/arm_controller/local_setup.zsh
[13.035s] -- Up-to-date: /home/mtrn/MTRN4231_Project/install/arm_controller/share/arm_controller/local_setup.dsv
[13.035s] -- Installing: /home/mtrn/MTRN4231_Project/install/arm_controller/share/arm_controller/package.dsv
[13.035s] -- Up-to-date: /home/mtrn/MTRN4231_Project/install/arm_controller/share/ament_index/resource_index/packages/arm_controller
[13.035s] -- Up-to-date: /home/mtrn/MTRN4231_Project/install/arm_controller/share/arm_controller/cmake/arm_controllerConfig.cmake
[13.035s] -- Up-to-date: /home/mtrn/MTRN4231_Project/install/arm_controller/share/arm_controller/cmake/arm_controllerConfig-version.cmake
[13.035s] -- Up-to-date: /home/mtrn/MTRN4231_Project/install/arm_controller/share/arm_controller/package.xml
[13.042s] Invoked command in '/home/mtrn/MTRN4231_Project/build/arm_controller' returned '0': CMAKE_PREFIX_PATH=/home/mtrn/MTRN4231_Project/install/custom_interfaces:/home/mtrn/MTRN4231_Project/install/ur5e_moveit_config_custom:/home/mtrn/MTRN4231_Project/install/ur5e_custom_description:/home/mtrn/MTRN4231_Project/install/end_effector_description:/home/mtrn/MTRN4231_Project/install/arm_controller:/opt/ros/humble /home/mtrn/.local/bin/cmake --install /home/mtrn/MTRN4231_Project/build/arm_controller
