[0.161s] DEBUG:colcon:Command line arguments: ['/usr/bin/colcon', 'build']
[0.161s] DEBUG:colcon:Parsed command line arguments: Namespace(log_base=None, log_level=None, verb_name='build', build_base='build', install_base='install', merge_install=False, symlink_install=False, test_result_base=None, continue_on_error=False, executor='parallel', parallel_workers=12, event_handlers=None, ignore_user_meta=False, metas=['./colcon.meta'], base_paths=['.'], packages_ignore=None, packages_ignore_regex=None, paths=None, packages_up_to=None, packages_up_to_regex=None, packages_above=None, packages_above_and_dependencies=None, packages_above_depth=None, packages_select_by_dep=None, packages_skip_by_dep=None, packages_skip_up_to=None, packages_select_build_failed=False, packages_skip_build_finished=False, packages_select_test_failures=False, packages_skip_test_passed=False, packages_select=None, packages_skip=None, packages_select_regex=None, packages_skip_regex=None, packages_start=None, packages_end=None, allow_overriding=[], cmake_args=None, cmake_target=None, cmake_target_skip_unavailable=False, cmake_clean_cache=False, cmake_clean_first=False, cmake_force_configure=False, ament_cmake_args=None, catkin_cmake_args=None, catkin_skip_building_tests=False, mixin_files=None, mixin=None, verb_parser=<colcon_mixin.mixin.mixin_argument.MixinArgumentDecorator object at 0x78f2f0363e80>, verb_extension=<colcon_core.verb.build.BuildVerb object at 0x78f2f03637f0>, main=<bound method BuildVerb.main of <colcon_core.verb.build.BuildVerb object at 0x78f2f03637f0>>, mixin_verb=('build',))
[0.217s] Level 1:colcon.colcon_core.package_discovery:discover_packages(colcon_meta) check parameters
[0.217s] Level 1:colcon.colcon_core.package_discovery:discover_packages(recursive) check parameters
[0.217s] Level 1:colcon.colcon_core.package_discovery:discover_packages(ignore) check parameters
[0.217s] Level 1:colcon.colcon_core.package_discovery:discover_packages(path) check parameters
[0.217s] Level 1:colcon.colcon_core.package_discovery:discover_packages(colcon_meta) discover
[0.218s] Level 1:colcon.colcon_core.package_discovery:discover_packages(recursive) discover
[0.218s] INFO:colcon.colcon_core.package_discovery:Crawling recursively for packages in '/home/mtrn/MTRN4231_project'
[0.218s] Level 1:colcon.colcon_core.package_identification:_identify(.) by extensions ['ignore', 'ignore_ament_install']
[0.218s] Level 1:colcon.colcon_core.package_identification:_identify(.) by extension 'ignore'
[0.218s] Level 1:colcon.colcon_core.package_identification:_identify(.) by extension 'ignore_ament_install'
[0.218s] Level 1:colcon.colcon_core.package_identification:_identify(.) by extensions ['colcon_pkg']
[0.218s] Level 1:colcon.colcon_core.package_identification:_identify(.) by extension 'colcon_pkg'
[0.218s] Level 1:colcon.colcon_core.package_identification:_identify(.) by extensions ['colcon_meta']
[0.218s] Level 1:colcon.colcon_core.package_identification:_identify(.) by extension 'colcon_meta'
[0.218s] Level 1:colcon.colcon_core.package_identification:_identify(.) by extensions ['ros']
[0.218s] Level 1:colcon.colcon_core.package_identification:_identify(.) by extension 'ros'
[0.239s] Level 1:colcon.colcon_core.package_identification:_identify(.) by extensions ['cmake', 'python']
[0.239s] Level 1:colcon.colcon_core.package_identification:_identify(.) by extension 'cmake'
[0.239s] Level 1:colcon.colcon_core.package_identification:_identify(.) by extension 'python'
[0.239s] Level 1:colcon.colcon_core.package_identification:_identify(.) by extensions ['python_setup_py']
[0.239s] Level 1:colcon.colcon_core.package_identification:_identify(.) by extension 'python_setup_py'
[0.239s] Level 1:colcon.colcon_core.package_identification:_identify(build) by extensions ['ignore', 'ignore_ament_install']
[0.239s] Level 1:colcon.colcon_core.package_identification:_identify(build) by extension 'ignore'
[0.240s] Level 1:colcon.colcon_core.package_identification:_identify(build) ignored
[0.240s] Level 1:colcon.colcon_core.package_identification:_identify(install) by extensions ['ignore', 'ignore_ament_install']
[0.240s] Level 1:colcon.colcon_core.package_identification:_identify(install) by extension 'ignore'
[0.240s] Level 1:colcon.colcon_core.package_identification:_identify(install) ignored
[0.240s] Level 1:colcon.colcon_core.package_identification:_identify(log) by extensions ['ignore', 'ignore_ament_install']
[0.240s] Level 1:colcon.colcon_core.package_identification:_identify(log) by extension 'ignore'
[0.240s] Level 1:colcon.colcon_core.package_identification:_identify(log) ignored
[0.240s] Level 1:colcon.colcon_core.package_identification:_identify(src) by extensions ['ignore', 'ignore_ament_install']
[0.240s] Level 1:colcon.colcon_core.package_identification:_identify(src) by extension 'ignore'
[0.240s] Level 1:colcon.colcon_core.package_identification:_identify(src) by extension 'ignore_ament_install'
[0.240s] Level 1:colcon.colcon_core.package_identification:_identify(src) by extensions ['colcon_pkg']
[0.240s] Level 1:colcon.colcon_core.package_identification:_identify(src) by extension 'colcon_pkg'
[0.241s] Level 1:colcon.colcon_core.package_identification:_identify(src) by extensions ['colcon_meta']
[0.241s] Level 1:colcon.colcon_core.package_identification:_identify(src) by extension 'colcon_meta'
[0.241s] Level 1:colcon.colcon_core.package_identification:_identify(src) by extensions ['ros']
[0.241s] Level 1:colcon.colcon_core.package_identification:_identify(src) by extension 'ros'
[0.241s] Level 1:colcon.colcon_core.package_identification:_identify(src) by extensions ['cmake', 'python']
[0.241s] Level 1:colcon.colcon_core.package_identification:_identify(src) by extension 'cmake'
[0.241s] Level 1:colcon.colcon_core.package_identification:_identify(src) by extension 'python'
[0.241s] Level 1:colcon.colcon_core.package_identification:_identify(src) by extensions ['python_setup_py']
[0.241s] Level 1:colcon.colcon_core.package_identification:_identify(src) by extension 'python_setup_py'
[0.241s] Level 1:colcon.colcon_core.package_identification:_identify(src/arm_controller) by extensions ['ignore', 'ignore_ament_install']
[0.241s] Level 1:colcon.colcon_core.package_identification:_identify(src/arm_controller) by extension 'ignore'
[0.241s] Level 1:colcon.colcon_core.package_identification:_identify(src/arm_controller) by extension 'ignore_ament_install'
[0.241s] Level 1:colcon.colcon_core.package_identification:_identify(src/arm_controller) by extensions ['colcon_pkg']
[0.241s] Level 1:colcon.colcon_core.package_identification:_identify(src/arm_controller) by extension 'colcon_pkg'
[0.241s] Level 1:colcon.colcon_core.package_identification:_identify(src/arm_controller) by extensions ['colcon_meta']
[0.241s] Level 1:colcon.colcon_core.package_identification:_identify(src/arm_controller) by extension 'colcon_meta'
[0.241s] Level 1:colcon.colcon_core.package_identification:_identify(src/arm_controller) by extensions ['ros']
[0.241s] Level 1:colcon.colcon_core.package_identification:_identify(src/arm_controller) by extension 'ros'
[0.245s] DEBUG:colcon.colcon_core.package_identification:Package 'src/arm_controller' with type 'ros.ament_cmake' and name 'arm_controller'
[0.246s] Level 1:colcon.colcon_core.package_identification:_identify(src/custom_interfaces) by extensions ['ignore', 'ignore_ament_install']
[0.246s] Level 1:colcon.colcon_core.package_identification:_identify(src/custom_interfaces) by extension 'ignore'
[0.246s] Level 1:colcon.colcon_core.package_identification:_identify(src/custom_interfaces) by extension 'ignore_ament_install'
[0.246s] Level 1:colcon.colcon_core.package_identification:_identify(src/custom_interfaces) by extensions ['colcon_pkg']
[0.246s] Level 1:colcon.colcon_core.package_identification:_identify(src/custom_interfaces) by extension 'colcon_pkg'
[0.246s] Level 1:colcon.colcon_core.package_identification:_identify(src/custom_interfaces) by extensions ['colcon_meta']
[0.246s] Level 1:colcon.colcon_core.package_identification:_identify(src/custom_interfaces) by extension 'colcon_meta'
[0.246s] Level 1:colcon.colcon_core.package_identification:_identify(src/custom_interfaces) by extensions ['ros']
[0.246s] Level 1:colcon.colcon_core.package_identification:_identify(src/custom_interfaces) by extension 'ros'
[0.246s] DEBUG:colcon.colcon_core.package_identification:Package 'src/custom_interfaces' with type 'ros.ament_cmake' and name 'custom_interfaces'
[0.247s] Level 1:colcon.colcon_core.package_identification:_identify(src/end_effector_description) by extensions ['ignore', 'ignore_ament_install']
[0.247s] Level 1:colcon.colcon_core.package_identification:_identify(src/end_effector_description) by extension 'ignore'
[0.247s] Level 1:colcon.colcon_core.package_identification:_identify(src/end_effector_description) by extension 'ignore_ament_install'
[0.247s] Level 1:colcon.colcon_core.package_identification:_identify(src/end_effector_description) by extensions ['colcon_pkg']
[0.247s] Level 1:colcon.colcon_core.package_identification:_identify(src/end_effector_description) by extension 'colcon_pkg'
[0.247s] Level 1:colcon.colcon_core.package_identification:_identify(src/end_effector_description) by extensions ['colcon_meta']
[0.247s] Level 1:colcon.colcon_core.package_identification:_identify(src/end_effector_description) by extension 'colcon_meta'
[0.247s] Level 1:colcon.colcon_core.package_identification:_identify(src/end_effector_description) by extensions ['ros']
[0.247s] Level 1:colcon.colcon_core.package_identification:_identify(src/end_effector_description) by extension 'ros'
[0.248s] DEBUG:colcon.colcon_core.package_identification:Package 'src/end_effector_description' with type 'ros.ament_cmake' and name 'end_effector_description'
[0.248s] Level 1:colcon.colcon_core.package_identification:_identify(src/move_to_marker) by extensions ['ignore', 'ignore_ament_install']
[0.248s] Level 1:colcon.colcon_core.package_identification:_identify(src/move_to_marker) by extension 'ignore'
[0.248s] Level 1:colcon.colcon_core.package_identification:_identify(src/move_to_marker) by extension 'ignore_ament_install'
[0.248s] Level 1:colcon.colcon_core.package_identification:_identify(src/move_to_marker) by extensions ['colcon_pkg']
[0.248s] Level 1:colcon.colcon_core.package_identification:_identify(src/move_to_marker) by extension 'colcon_pkg'
[0.248s] Level 1:colcon.colcon_core.package_identification:_identify(src/move_to_marker) by extensions ['colcon_meta']
[0.248s] Level 1:colcon.colcon_core.package_identification:_identify(src/move_to_marker) by extension 'colcon_meta'
[0.248s] Level 1:colcon.colcon_core.package_identification:_identify(src/move_to_marker) by extensions ['ros']
[0.249s] Level 1:colcon.colcon_core.package_identification:_identify(src/move_to_marker) by extension 'ros'
[0.250s] DEBUG:colcon.colcon_core.package_identification:Package 'src/move_to_marker' with type 'ros.ament_cmake' and name 'move_to_marker'
[0.250s] Level 1:colcon.colcon_core.package_identification:_identify(src/ur5e_custom_description) by extensions ['ignore', 'ignore_ament_install']
[0.250s] Level 1:colcon.colcon_core.package_identification:_identify(src/ur5e_custom_description) by extension 'ignore'
[0.250s] Level 1:colcon.colcon_core.package_identification:_identify(src/ur5e_custom_description) by extension 'ignore_ament_install'
[0.250s] Level 1:colcon.colcon_core.package_identification:_identify(src/ur5e_custom_description) by extensions ['colcon_pkg']
[0.250s] Level 1:colcon.colcon_core.package_identification:_identify(src/ur5e_custom_description) by extension 'colcon_pkg'
[0.250s] Level 1:colcon.colcon_core.package_identification:_identify(src/ur5e_custom_description) by extensions ['colcon_meta']
[0.250s] Level 1:colcon.colcon_core.package_identification:_identify(src/ur5e_custom_description) by extension 'colcon_meta'
[0.250s] Level 1:colcon.colcon_core.package_identification:_identify(src/ur5e_custom_description) by extensions ['ros']
[0.250s] Level 1:colcon.colcon_core.package_identification:_identify(src/ur5e_custom_description) by extension 'ros'
[0.252s] DEBUG:colcon.colcon_core.package_identification:Package 'src/ur5e_custom_description' with type 'ros.ament_cmake' and name 'ur5e_custom_description'
[0.252s] Level 1:colcon.colcon_core.package_discovery:discover_packages(recursive) using defaults
[0.252s] Level 1:colcon.colcon_core.package_discovery:discover_packages(ignore) discover
[0.252s] Level 1:colcon.colcon_core.package_discovery:discover_packages(ignore) using defaults
[0.252s] Level 1:colcon.colcon_core.package_discovery:discover_packages(path) discover
[0.252s] Level 1:colcon.colcon_core.package_discovery:discover_packages(path) using defaults
[0.282s] Level 1:colcon.colcon_core.package_discovery:discover_packages(prefix_path) check parameters
[0.282s] Level 1:colcon.colcon_core.package_discovery:discover_packages(prefix_path) discover
[0.286s] DEBUG:colcon.colcon_installed_package_information.package_discovery:Found 5 installed packages in /home/mtrn/MTRN4231_project/install
[0.288s] DEBUG:colcon.colcon_installed_package_information.package_discovery:Found 354 installed packages in /opt/ros/humble
[0.289s] Level 1:colcon.colcon_core.package_discovery:discover_packages(prefix_path) using defaults
[0.339s] Level 5:colcon.colcon_core.verb:set package 'custom_interfaces' build argument 'cmake_args' from command line to 'None'
[0.339s] Level 5:colcon.colcon_core.verb:set package 'custom_interfaces' build argument 'cmake_target' from command line to 'None'
[0.339s] Level 5:colcon.colcon_core.verb:set package 'custom_interfaces' build argument 'cmake_target_skip_unavailable' from command line to 'False'
[0.339s] Level 5:colcon.colcon_core.verb:set package 'custom_interfaces' build argument 'cmake_clean_cache' from command line to 'False'
[0.339s] Level 5:colcon.colcon_core.verb:set package 'custom_interfaces' build argument 'cmake_clean_first' from command line to 'False'
[0.339s] Level 5:colcon.colcon_core.verb:set package 'custom_interfaces' build argument 'cmake_force_configure' from command line to 'False'
[0.339s] Level 5:colcon.colcon_core.verb:set package 'custom_interfaces' build argument 'ament_cmake_args' from command line to 'None'
[0.340s] Level 5:colcon.colcon_core.verb:set package 'custom_interfaces' build argument 'catkin_cmake_args' from command line to 'None'
[0.340s] Level 5:colcon.colcon_core.verb:set package 'custom_interfaces' build argument 'catkin_skip_building_tests' from command line to 'False'
[0.340s] DEBUG:colcon.colcon_core.verb:Building package 'custom_interfaces' with the following arguments: {'ament_cmake_args': None, 'build_base': '/home/mtrn/MTRN4231_project/build/custom_interfaces', 'catkin_cmake_args': None, 'catkin_skip_building_tests': False, 'cmake_args': None, 'cmake_clean_cache': False, 'cmake_clean_first': False, 'cmake_force_configure': False, 'cmake_target': None, 'cmake_target_skip_unavailable': False, 'install_base': '/home/mtrn/MTRN4231_project/install/custom_interfaces', 'merge_install': False, 'path': '/home/mtrn/MTRN4231_project/src/custom_interfaces', 'symlink_install': False, 'test_result_base': None}
[0.340s] Level 5:colcon.colcon_core.verb:set package 'end_effector_description' build argument 'cmake_args' from command line to 'None'
[0.340s] Level 5:colcon.colcon_core.verb:set package 'end_effector_description' build argument 'cmake_target' from command line to 'None'
[0.340s] Level 5:colcon.colcon_core.verb:set package 'end_effector_description' build argument 'cmake_target_skip_unavailable' from command line to 'False'
[0.340s] Level 5:colcon.colcon_core.verb:set package 'end_effector_description' build argument 'cmake_clean_cache' from command line to 'False'
[0.340s] Level 5:colcon.colcon_core.verb:set package 'end_effector_description' build argument 'cmake_clean_first' from command line to 'False'
[0.340s] Level 5:colcon.colcon_core.verb:set package 'end_effector_description' build argument 'cmake_force_configure' from command line to 'False'
[0.340s] Level 5:colcon.colcon_core.verb:set package 'end_effector_description' build argument 'ament_cmake_args' from command line to 'None'
[0.340s] Level 5:colcon.colcon_core.verb:set package 'end_effector_description' build argument 'catkin_cmake_args' from command line to 'None'
[0.340s] Level 5:colcon.colcon_core.verb:set package 'end_effector_description' build argument 'catkin_skip_building_tests' from command line to 'False'
[0.340s] DEBUG:colcon.colcon_core.verb:Building package 'end_effector_description' with the following arguments: {'ament_cmake_args': None, 'build_base': '/home/mtrn/MTRN4231_project/build/end_effector_description', 'catkin_cmake_args': None, 'catkin_skip_building_tests': False, 'cmake_args': None, 'cmake_clean_cache': False, 'cmake_clean_first': False, 'cmake_force_configure': False, 'cmake_target': None, 'cmake_target_skip_unavailable': False, 'install_base': '/home/mtrn/MTRN4231_project/install/end_effector_description', 'merge_install': False, 'path': '/home/mtrn/MTRN4231_project/src/end_effector_description', 'symlink_install': False, 'test_result_base': None}
[0.341s] Level 5:colcon.colcon_core.verb:set package 'move_to_marker' build argument 'cmake_args' from command line to 'None'
[0.341s] Level 5:colcon.colcon_core.verb:set package 'move_to_marker' build argument 'cmake_target' from command line to 'None'
[0.341s] Level 5:colcon.colcon_core.verb:set package 'move_to_marker' build argument 'cmake_target_skip_unavailable' from command line to 'False'
[0.341s] Level 5:colcon.colcon_core.verb:set package 'move_to_marker' build argument 'cmake_clean_cache' from command line to 'False'
[0.341s] Level 5:colcon.colcon_core.verb:set package 'move_to_marker' build argument 'cmake_clean_first' from command line to 'False'
[0.341s] Level 5:colcon.colcon_core.verb:set package 'move_to_marker' build argument 'cmake_force_configure' from command line to 'False'
[0.341s] Level 5:colcon.colcon_core.verb:set package 'move_to_marker' build argument 'ament_cmake_args' from command line to 'None'
[0.341s] Level 5:colcon.colcon_core.verb:set package 'move_to_marker' build argument 'catkin_cmake_args' from command line to 'None'
[0.341s] Level 5:colcon.colcon_core.verb:set package 'move_to_marker' build argument 'catkin_skip_building_tests' from command line to 'False'
[0.341s] DEBUG:colcon.colcon_core.verb:Building package 'move_to_marker' with the following arguments: {'ament_cmake_args': None, 'build_base': '/home/mtrn/MTRN4231_project/build/move_to_marker', 'catkin_cmake_args': None, 'catkin_skip_building_tests': False, 'cmake_args': None, 'cmake_clean_cache': False, 'cmake_clean_first': False, 'cmake_force_configure': False, 'cmake_target': None, 'cmake_target_skip_unavailable': False, 'install_base': '/home/mtrn/MTRN4231_project/install/move_to_marker', 'merge_install': False, 'path': '/home/mtrn/MTRN4231_project/src/move_to_marker', 'symlink_install': False, 'test_result_base': None}
[0.341s] Level 5:colcon.colcon_core.verb:set package 'arm_controller' build argument 'cmake_args' from command line to 'None'
[0.341s] Level 5:colcon.colcon_core.verb:set package 'arm_controller' build argument 'cmake_target' from command line to 'None'
[0.341s] Level 5:colcon.colcon_core.verb:set package 'arm_controller' build argument 'cmake_target_skip_unavailable' from command line to 'False'
[0.341s] Level 5:colcon.colcon_core.verb:set package 'arm_controller' build argument 'cmake_clean_cache' from command line to 'False'
[0.341s] Level 5:colcon.colcon_core.verb:set package 'arm_controller' build argument 'cmake_clean_first' from command line to 'False'
[0.341s] Level 5:colcon.colcon_core.verb:set package 'arm_controller' build argument 'cmake_force_configure' from command line to 'False'
[0.341s] Level 5:colcon.colcon_core.verb:set package 'arm_controller' build argument 'ament_cmake_args' from command line to 'None'
[0.341s] Level 5:colcon.colcon_core.verb:set package 'arm_controller' build argument 'catkin_cmake_args' from command line to 'None'
[0.341s] Level 5:colcon.colcon_core.verb:set package 'arm_controller' build argument 'catkin_skip_building_tests' from command line to 'False'
[0.341s] DEBUG:colcon.colcon_core.verb:Building package 'arm_controller' with the following arguments: {'ament_cmake_args': None, 'build_base': '/home/mtrn/MTRN4231_project/build/arm_controller', 'catkin_cmake_args': None, 'catkin_skip_building_tests': False, 'cmake_args': None, 'cmake_clean_cache': False, 'cmake_clean_first': False, 'cmake_force_configure': False, 'cmake_target': None, 'cmake_target_skip_unavailable': False, 'install_base': '/home/mtrn/MTRN4231_project/install/arm_controller', 'merge_install': False, 'path': '/home/mtrn/MTRN4231_project/src/arm_controller', 'symlink_install': False, 'test_result_base': None}
[0.342s] Level 5:colcon.colcon_core.verb:set package 'ur5e_custom_description' build argument 'cmake_args' from command line to 'None'
[0.342s] Level 5:colcon.colcon_core.verb:set package 'ur5e_custom_description' build argument 'cmake_target' from command line to 'None'
[0.342s] Level 5:colcon.colcon_core.verb:set package 'ur5e_custom_description' build argument 'cmake_target_skip_unavailable' from command line to 'False'
[0.342s] Level 5:colcon.colcon_core.verb:set package 'ur5e_custom_description' build argument 'cmake_clean_cache' from command line to 'False'
[0.342s] Level 5:colcon.colcon_core.verb:set package 'ur5e_custom_description' build argument 'cmake_clean_first' from command line to 'False'
[0.342s] Level 5:colcon.colcon_core.verb:set package 'ur5e_custom_description' build argument 'cmake_force_configure' from command line to 'False'
[0.342s] Level 5:colcon.colcon_core.verb:set package 'ur5e_custom_description' build argument 'ament_cmake_args' from command line to 'None'
[0.342s] Level 5:colcon.colcon_core.verb:set package 'ur5e_custom_description' build argument 'catkin_cmake_args' from command line to 'None'
[0.342s] Level 5:colcon.colcon_core.verb:set package 'ur5e_custom_description' build argument 'catkin_skip_building_tests' from command line to 'False'
[0.342s] DEBUG:colcon.colcon_core.verb:Building package 'ur5e_custom_description' with the following arguments: {'ament_cmake_args': None, 'build_base': '/home/mtrn/MTRN4231_project/build/ur5e_custom_description', 'catkin_cmake_args': None, 'catkin_skip_building_tests': False, 'cmake_args': None, 'cmake_clean_cache': False, 'cmake_clean_first': False, 'cmake_force_configure': False, 'cmake_target': None, 'cmake_target_skip_unavailable': False, 'install_base': '/home/mtrn/MTRN4231_project/install/ur5e_custom_description', 'merge_install': False, 'path': '/home/mtrn/MTRN4231_project/src/ur5e_custom_description', 'symlink_install': False, 'test_result_base': None}
[0.342s] INFO:colcon.colcon_core.executor:Executing jobs using 'parallel' executor
[0.343s] DEBUG:colcon.colcon_parallel_executor.executor.parallel:run_until_complete
[0.344s] INFO:colcon.colcon_ros.task.ament_cmake.build:Building ROS package in '/home/mtrn/MTRN4231_project/src/custom_interfaces' with build type 'ament_cmake'
[0.344s] INFO:colcon.colcon_cmake.task.cmake.build:Building CMake package in '/home/mtrn/MTRN4231_project/src/custom_interfaces'
[0.347s] INFO:colcon.colcon_core.plugin_system:Skipping extension 'colcon_core.shell.bat': Not used on non-Windows systems
[0.347s] INFO:colcon.colcon_core.shell:Skip shell extension 'powershell' for command environment: Not usable outside of PowerShell
[0.347s] DEBUG:colcon.colcon_core.shell:Skip shell extension 'dsv' for command environment
[0.354s] INFO:colcon.colcon_ros.task.ament_cmake.build:Building ROS package in '/home/mtrn/MTRN4231_project/src/end_effector_description' with build type 'ament_cmake'
[0.354s] INFO:colcon.colcon_cmake.task.cmake.build:Building CMake package in '/home/mtrn/MTRN4231_project/src/end_effector_description'
[0.354s] INFO:colcon.colcon_core.shell:Skip shell extension 'powershell' for command environment: Not usable outside of PowerShell
[0.354s] DEBUG:colcon.colcon_core.shell:Skip shell extension 'dsv' for command environment
[0.359s] INFO:colcon.colcon_ros.task.ament_cmake.build:Building ROS package in '/home/mtrn/MTRN4231_project/src/move_to_marker' with build type 'ament_cmake'
[0.359s] INFO:colcon.colcon_cmake.task.cmake.build:Building CMake package in '/home/mtrn/MTRN4231_project/src/move_to_marker'
[0.359s] INFO:colcon.colcon_core.shell:Skip shell extension 'powershell' for command environment: Not usable outside of PowerShell
[0.359s] DEBUG:colcon.colcon_core.shell:Skip shell extension 'dsv' for command environment
[0.377s] DEBUG:colcon.colcon_core.event_handler.log_command:Invoking command in '/home/mtrn/MTRN4231_project/build/custom_interfaces': CMAKE_PREFIX_PATH=${CMAKE_PREFIX_PATH}:/opt/ros/humble /home/mtrn/.local/bin/cmake --build /home/mtrn/MTRN4231_project/build/custom_interfaces -- -j12 -l12
[0.388s] DEBUG:colcon.colcon_core.event_handler.log_command:Invoking command in '/home/mtrn/MTRN4231_project/build/end_effector_description': CMAKE_PREFIX_PATH=${CMAKE_PREFIX_PATH}:/opt/ros/humble /home/mtrn/.local/bin/cmake --build /home/mtrn/MTRN4231_project/build/end_effector_description -- -j12 -l12
[0.397s] DEBUG:colcon.colcon_core.event_handler.log_command:Invoking command in '/home/mtrn/MTRN4231_project/build/move_to_marker': CMAKE_PREFIX_PATH=${CMAKE_PREFIX_PATH}:/opt/ros/humble /home/mtrn/.local/bin/cmake --build /home/mtrn/MTRN4231_project/build/move_to_marker -- -j12 -l12
[0.464s] DEBUG:colcon.colcon_core.event_handler.log_command:Invoked command in '/home/mtrn/MTRN4231_project/build/end_effector_description' returned '0': CMAKE_PREFIX_PATH=${CMAKE_PREFIX_PATH}:/opt/ros/humble /home/mtrn/.local/bin/cmake --build /home/mtrn/MTRN4231_project/build/end_effector_description -- -j12 -l12
[0.521s] DEBUG:colcon.colcon_core.event_handler.log_command:Invoked command in '/home/mtrn/MTRN4231_project/build/move_to_marker' returned '0': CMAKE_PREFIX_PATH=${CMAKE_PREFIX_PATH}:/opt/ros/humble /home/mtrn/.local/bin/cmake --build /home/mtrn/MTRN4231_project/build/move_to_marker -- -j12 -l12
[0.595s] DEBUG:colcon.colcon_core.event_handler.log_command:Invoking command in '/home/mtrn/MTRN4231_project/build/end_effector_description': CMAKE_PREFIX_PATH=${CMAKE_PREFIX_PATH}:/opt/ros/humble /home/mtrn/.local/bin/cmake --install /home/mtrn/MTRN4231_project/build/end_effector_description
[0.614s] DEBUG:colcon.colcon_core.event_handler.log_command:Invoking command in '/home/mtrn/MTRN4231_project/build/move_to_marker': CMAKE_PREFIX_PATH=${CMAKE_PREFIX_PATH}:/opt/ros/humble /home/mtrn/.local/bin/cmake --install /home/mtrn/MTRN4231_project/build/move_to_marker
[0.646s] Level 1:colcon.colcon_core.environment:create_environment_scripts_only(end_effector_description)
[0.647s] DEBUG:colcon.colcon_core.event_handler.log_command:Invoked command in '/home/mtrn/MTRN4231_project/build/end_effector_description' returned '0': CMAKE_PREFIX_PATH=${CMAKE_PREFIX_PATH}:/opt/ros/humble /home/mtrn/.local/bin/cmake --install /home/mtrn/MTRN4231_project/build/end_effector_description
[0.650s] Level 1:colcon.colcon_core.environment:checking '/home/mtrn/MTRN4231_project/install/end_effector_description' for CMake module files
[0.651s] Level 1:colcon.colcon_core.environment:checking '/home/mtrn/MTRN4231_project/install/end_effector_description' for CMake config files
[0.651s] Level 1:colcon.colcon_core.shell:create_environment_hook('end_effector_description', 'cmake_prefix_path')
[0.652s] INFO:colcon.colcon_core.shell:Creating environment hook '/home/mtrn/MTRN4231_project/install/end_effector_description/share/end_effector_description/hook/cmake_prefix_path.ps1'
[0.654s] INFO:colcon.colcon_core.shell:Creating environment descriptor '/home/mtrn/MTRN4231_project/install/end_effector_description/share/end_effector_description/hook/cmake_prefix_path.dsv'
[0.656s] INFO:colcon.colcon_core.shell:Creating environment hook '/home/mtrn/MTRN4231_project/install/end_effector_description/share/end_effector_description/hook/cmake_prefix_path.sh'
[0.658s] Level 1:colcon.colcon_core.environment:checking '/home/mtrn/MTRN4231_project/install/end_effector_description/bin'
[0.659s] Level 1:colcon.colcon_core.environment:checking '/home/mtrn/MTRN4231_project/install/end_effector_description/lib/pkgconfig/end_effector_description.pc'
[0.659s] Level 1:colcon.colcon_core.environment:checking '/home/mtrn/MTRN4231_project/install/end_effector_description/lib/python3.10/site-packages'
[0.659s] Level 1:colcon.colcon_core.environment:checking '/home/mtrn/MTRN4231_project/install/end_effector_description/bin'
[0.660s] INFO:colcon.colcon_core.shell:Creating package script '/home/mtrn/MTRN4231_project/install/end_effector_description/share/end_effector_description/package.ps1'
[0.661s] INFO:colcon.colcon_core.shell:Creating package descriptor '/home/mtrn/MTRN4231_project/install/end_effector_description/share/end_effector_description/package.dsv'
[0.662s] INFO:colcon.colcon_core.shell:Creating package script '/home/mtrn/MTRN4231_project/install/end_effector_description/share/end_effector_description/package.sh'
[0.663s] INFO:colcon.colcon_core.shell:Creating package script '/home/mtrn/MTRN4231_project/install/end_effector_description/share/end_effector_description/package.bash'
[0.665s] INFO:colcon.colcon_core.shell:Creating package script '/home/mtrn/MTRN4231_project/install/end_effector_description/share/end_effector_description/package.zsh'
[0.665s] Level 1:colcon.colcon_core.environment:create_file_with_runtime_dependencies(/home/mtrn/MTRN4231_project/install/end_effector_description/share/colcon-core/packages/end_effector_description)
[0.668s] Level 1:colcon.colcon_core.environment:create_environment_scripts_only(move_to_marker)
[0.668s] Level 1:colcon.colcon_core.environment:checking '/home/mtrn/MTRN4231_project/install/move_to_marker' for CMake module files
[0.669s] DEBUG:colcon.colcon_core.event_handler.log_command:Invoked command in '/home/mtrn/MTRN4231_project/build/move_to_marker' returned '0': CMAKE_PREFIX_PATH=${CMAKE_PREFIX_PATH}:/opt/ros/humble /home/mtrn/.local/bin/cmake --install /home/mtrn/MTRN4231_project/build/move_to_marker
[0.670s] Level 1:colcon.colcon_core.environment:checking '/home/mtrn/MTRN4231_project/install/move_to_marker' for CMake config files
[0.670s] Level 1:colcon.colcon_core.shell:create_environment_hook('move_to_marker', 'cmake_prefix_path')
[0.670s] INFO:colcon.colcon_core.shell:Creating environment hook '/home/mtrn/MTRN4231_project/install/move_to_marker/share/move_to_marker/hook/cmake_prefix_path.ps1'
[0.671s] INFO:colcon.colcon_core.shell:Creating environment descriptor '/home/mtrn/MTRN4231_project/install/move_to_marker/share/move_to_marker/hook/cmake_prefix_path.dsv'
[0.672s] INFO:colcon.colcon_core.shell:Creating environment hook '/home/mtrn/MTRN4231_project/install/move_to_marker/share/move_to_marker/hook/cmake_prefix_path.sh'
[0.672s] Level 1:colcon.colcon_core.environment:checking '/home/mtrn/MTRN4231_project/install/move_to_marker/lib'
[0.673s] Level 1:colcon.colcon_core.environment:checking '/home/mtrn/MTRN4231_project/install/move_to_marker/bin'
[0.673s] Level 1:colcon.colcon_core.environment:checking '/home/mtrn/MTRN4231_project/install/move_to_marker/lib/pkgconfig/move_to_marker.pc'
[0.673s] Level 1:colcon.colcon_core.environment:checking '/home/mtrn/MTRN4231_project/install/move_to_marker/lib/python3.10/site-packages'
[0.674s] Level 1:colcon.colcon_core.environment:checking '/home/mtrn/MTRN4231_project/install/move_to_marker/bin'
[0.674s] INFO:colcon.colcon_core.shell:Creating package script '/home/mtrn/MTRN4231_project/install/move_to_marker/share/move_to_marker/package.ps1'
[0.675s] INFO:colcon.colcon_core.shell:Creating package descriptor '/home/mtrn/MTRN4231_project/install/move_to_marker/share/move_to_marker/package.dsv'
[0.676s] INFO:colcon.colcon_core.shell:Creating package script '/home/mtrn/MTRN4231_project/install/move_to_marker/share/move_to_marker/package.sh'
[0.676s] INFO:colcon.colcon_core.shell:Creating package script '/home/mtrn/MTRN4231_project/install/move_to_marker/share/move_to_marker/package.bash'
[0.677s] INFO:colcon.colcon_core.shell:Creating package script '/home/mtrn/MTRN4231_project/install/move_to_marker/share/move_to_marker/package.zsh'
[0.677s] Level 1:colcon.colcon_core.environment:create_file_with_runtime_dependencies(/home/mtrn/MTRN4231_project/install/move_to_marker/share/colcon-core/packages/move_to_marker)
[0.739s] Level 1:colcon.colcon_core.environment:create_environment_scripts_only(end_effector_description)
[0.740s] Level 1:colcon.colcon_core.environment:checking '/home/mtrn/MTRN4231_project/install/end_effector_description' for CMake module files
[0.740s] Level 1:colcon.colcon_core.environment:checking '/home/mtrn/MTRN4231_project/install/end_effector_description' for CMake config files
[0.741s] Level 1:colcon.colcon_core.shell:create_environment_hook('end_effector_description', 'cmake_prefix_path')
[0.741s] INFO:colcon.colcon_core.shell:Creating environment hook '/home/mtrn/MTRN4231_project/install/end_effector_description/share/end_effector_description/hook/cmake_prefix_path.ps1'
[0.742s] INFO:colcon.colcon_core.shell:Creating environment descriptor '/home/mtrn/MTRN4231_project/install/end_effector_description/share/end_effector_description/hook/cmake_prefix_path.dsv'
[0.743s] INFO:colcon.colcon_core.shell:Creating environment hook '/home/mtrn/MTRN4231_project/install/end_effector_description/share/end_effector_description/hook/cmake_prefix_path.sh'
[0.744s] Level 1:colcon.colcon_core.environment:checking '/home/mtrn/MTRN4231_project/install/end_effector_description/bin'
[0.745s] Level 1:colcon.colcon_core.environment:checking '/home/mtrn/MTRN4231_project/install/end_effector_description/lib/pkgconfig/end_effector_description.pc'
[0.745s] Level 1:colcon.colcon_core.environment:checking '/home/mtrn/MTRN4231_project/install/end_effector_description/lib/python3.10/site-packages'
[0.746s] Level 1:colcon.colcon_core.environment:checking '/home/mtrn/MTRN4231_project/install/end_effector_description/bin'
[0.747s] INFO:colcon.colcon_core.shell:Creating package script '/home/mtrn/MTRN4231_project/install/end_effector_description/share/end_effector_description/package.ps1'
[0.747s] INFO:colcon.colcon_core.shell:Creating package descriptor '/home/mtrn/MTRN4231_project/install/end_effector_description/share/end_effector_description/package.dsv'
[0.748s] INFO:colcon.colcon_core.shell:Creating package script '/home/mtrn/MTRN4231_project/install/end_effector_description/share/end_effector_description/package.sh'
[0.749s] INFO:colcon.colcon_core.shell:Creating package script '/home/mtrn/MTRN4231_project/install/end_effector_description/share/end_effector_description/package.bash'
[0.751s] INFO:colcon.colcon_core.shell:Creating package script '/home/mtrn/MTRN4231_project/install/end_effector_description/share/end_effector_description/package.zsh'
[0.751s] Level 1:colcon.colcon_core.environment:create_file_with_runtime_dependencies(/home/mtrn/MTRN4231_project/install/end_effector_description/share/colcon-core/packages/end_effector_description)
[0.752s] INFO:colcon.colcon_ros.task.ament_cmake.build:Building ROS package in '/home/mtrn/MTRN4231_project/src/ur5e_custom_description' with build type 'ament_cmake'
[0.752s] INFO:colcon.colcon_cmake.task.cmake.build:Building CMake package in '/home/mtrn/MTRN4231_project/src/ur5e_custom_description'
[0.753s] INFO:colcon.colcon_core.shell:Skip shell extension 'powershell' for command environment: Not usable outside of PowerShell
[0.753s] DEBUG:colcon.colcon_core.shell:Skip shell extension 'dsv' for command environment
[0.761s] Level 1:colcon.colcon_core.environment:create_environment_scripts_only(move_to_marker)
[0.762s] Level 1:colcon.colcon_core.environment:checking '/home/mtrn/MTRN4231_project/install/move_to_marker' for CMake module files
[0.763s] Level 1:colcon.colcon_core.environment:checking '/home/mtrn/MTRN4231_project/install/move_to_marker' for CMake config files
[0.763s] Level 1:colcon.colcon_core.shell:create_environment_hook('move_to_marker', 'cmake_prefix_path')
[0.764s] INFO:colcon.colcon_core.shell:Creating environment hook '/home/mtrn/MTRN4231_project/install/move_to_marker/share/move_to_marker/hook/cmake_prefix_path.ps1'
[0.764s] INFO:colcon.colcon_core.shell:Creating environment descriptor '/home/mtrn/MTRN4231_project/install/move_to_marker/share/move_to_marker/hook/cmake_prefix_path.dsv'
[0.765s] INFO:colcon.colcon_core.shell:Creating environment hook '/home/mtrn/MTRN4231_project/install/move_to_marker/share/move_to_marker/hook/cmake_prefix_path.sh'
[0.766s] Level 1:colcon.colcon_core.environment:checking '/home/mtrn/MTRN4231_project/install/move_to_marker/lib'
[0.766s] Level 1:colcon.colcon_core.environment:checking '/home/mtrn/MTRN4231_project/install/move_to_marker/bin'
[0.766s] Level 1:colcon.colcon_core.environment:checking '/home/mtrn/MTRN4231_project/install/move_to_marker/lib/pkgconfig/move_to_marker.pc'
[0.766s] Level 1:colcon.colcon_core.environment:checking '/home/mtrn/MTRN4231_project/install/move_to_marker/lib/python3.10/site-packages'
[0.767s] Level 1:colcon.colcon_core.environment:checking '/home/mtrn/MTRN4231_project/install/move_to_marker/bin'
[0.767s] INFO:colcon.colcon_core.shell:Creating package script '/home/mtrn/MTRN4231_project/install/move_to_marker/share/move_to_marker/package.ps1'
[0.768s] INFO:colcon.colcon_core.shell:Creating package descriptor '/home/mtrn/MTRN4231_project/install/move_to_marker/share/move_to_marker/package.dsv'
[0.768s] INFO:colcon.colcon_core.shell:Creating package script '/home/mtrn/MTRN4231_project/install/move_to_marker/share/move_to_marker/package.sh'
[0.769s] INFO:colcon.colcon_core.shell:Creating package script '/home/mtrn/MTRN4231_project/install/move_to_marker/share/move_to_marker/package.bash'
[0.770s] INFO:colcon.colcon_core.shell:Creating package script '/home/mtrn/MTRN4231_project/install/move_to_marker/share/move_to_marker/package.zsh'
[0.770s] Level 1:colcon.colcon_core.environment:create_file_with_runtime_dependencies(/home/mtrn/MTRN4231_project/install/move_to_marker/share/colcon-core/packages/move_to_marker)
[0.778s] DEBUG:colcon.colcon_core.event_handler.log_command:Invoking command in '/home/mtrn/MTRN4231_project/build/ur5e_custom_description': CMAKE_PREFIX_PATH=/home/mtrn/MTRN4231_project/install/end_effector_description:/home/mtrn/MTRN4231_project/install/ur5e_custom_description:/home/mtrn/MTRN4231_project/install/move_to_marker:/home/mtrn/MTRN4231_project/install/arm_controller:/home/mtrn/MTRN4231_project/install/custom_interfaces:/opt/ros/humble /home/mtrn/.local/bin/cmake --build /home/mtrn/MTRN4231_project/build/ur5e_custom_description -- -j12 -l12
[0.872s] DEBUG:colcon.colcon_core.event_handler.log_command:Invoked command in '/home/mtrn/MTRN4231_project/build/ur5e_custom_description' returned '0': CMAKE_PREFIX_PATH=/home/mtrn/MTRN4231_project/install/end_effector_description:/home/mtrn/MTRN4231_project/install/ur5e_custom_description:/home/mtrn/MTRN4231_project/install/move_to_marker:/home/mtrn/MTRN4231_project/install/arm_controller:/home/mtrn/MTRN4231_project/install/custom_interfaces:/opt/ros/humble /home/mtrn/.local/bin/cmake --build /home/mtrn/MTRN4231_project/build/ur5e_custom_description -- -j12 -l12
[0.941s] DEBUG:colcon.colcon_core.event_handler.log_command:Invoking command in '/home/mtrn/MTRN4231_project/build/ur5e_custom_description': CMAKE_PREFIX_PATH=/home/mtrn/MTRN4231_project/install/end_effector_description:/home/mtrn/MTRN4231_project/install/ur5e_custom_description:/home/mtrn/MTRN4231_project/install/move_to_marker:/home/mtrn/MTRN4231_project/install/arm_controller:/home/mtrn/MTRN4231_project/install/custom_interfaces:/opt/ros/humble /home/mtrn/.local/bin/cmake --install /home/mtrn/MTRN4231_project/build/ur5e_custom_description
[0.992s] Level 1:colcon.colcon_core.environment:create_environment_scripts_only(ur5e_custom_description)
[0.992s] Level 1:colcon.colcon_core.environment:checking '/home/mtrn/MTRN4231_project/install/ur5e_custom_description' for CMake module files
[0.994s] DEBUG:colcon.colcon_core.event_handler.log_command:Invoked command in '/home/mtrn/MTRN4231_project/build/ur5e_custom_description' returned '0': CMAKE_PREFIX_PATH=/home/mtrn/MTRN4231_project/install/end_effector_description:/home/mtrn/MTRN4231_project/install/ur5e_custom_description:/home/mtrn/MTRN4231_project/install/move_to_marker:/home/mtrn/MTRN4231_project/install/arm_controller:/home/mtrn/MTRN4231_project/install/custom_interfaces:/opt/ros/humble /home/mtrn/.local/bin/cmake --install /home/mtrn/MTRN4231_project/build/ur5e_custom_description
[0.994s] Level 1:colcon.colcon_core.environment:checking '/home/mtrn/MTRN4231_project/install/ur5e_custom_description' for CMake config files
[0.995s] Level 1:colcon.colcon_core.shell:create_environment_hook('ur5e_custom_description', 'cmake_prefix_path')
[0.995s] INFO:colcon.colcon_core.shell:Creating environment hook '/home/mtrn/MTRN4231_project/install/ur5e_custom_description/share/ur5e_custom_description/hook/cmake_prefix_path.ps1'
[0.996s] INFO:colcon.colcon_core.shell:Creating environment descriptor '/home/mtrn/MTRN4231_project/install/ur5e_custom_description/share/ur5e_custom_description/hook/cmake_prefix_path.dsv'
[0.997s] INFO:colcon.colcon_core.shell:Creating environment hook '/home/mtrn/MTRN4231_project/install/ur5e_custom_description/share/ur5e_custom_description/hook/cmake_prefix_path.sh'
[0.998s] Level 1:colcon.colcon_core.environment:checking '/home/mtrn/MTRN4231_project/install/ur5e_custom_description/bin'
[0.998s] Level 1:colcon.colcon_core.environment:checking '/home/mtrn/MTRN4231_project/install/ur5e_custom_description/lib/pkgconfig/ur5e_custom_description.pc'
[0.998s] Level 1:colcon.colcon_core.environment:checking '/home/mtrn/MTRN4231_project/install/ur5e_custom_description/lib/python3.10/site-packages'
[0.998s] Level 1:colcon.colcon_core.environment:checking '/home/mtrn/MTRN4231_project/install/ur5e_custom_description/bin'
[0.999s] INFO:colcon.colcon_core.shell:Creating package script '/home/mtrn/MTRN4231_project/install/ur5e_custom_description/share/ur5e_custom_description/package.ps1'
[0.999s] INFO:colcon.colcon_core.shell:Creating package descriptor '/home/mtrn/MTRN4231_project/install/ur5e_custom_description/share/ur5e_custom_description/package.dsv'
[1.000s] INFO:colcon.colcon_core.shell:Creating package script '/home/mtrn/MTRN4231_project/install/ur5e_custom_description/share/ur5e_custom_description/package.sh'
[1.000s] INFO:colcon.colcon_core.shell:Creating package script '/home/mtrn/MTRN4231_project/install/ur5e_custom_description/share/ur5e_custom_description/package.bash'
[1.001s] INFO:colcon.colcon_core.shell:Creating package script '/home/mtrn/MTRN4231_project/install/ur5e_custom_description/share/ur5e_custom_description/package.zsh'
[1.001s] Level 1:colcon.colcon_core.environment:create_file_with_runtime_dependencies(/home/mtrn/MTRN4231_project/install/ur5e_custom_description/share/colcon-core/packages/ur5e_custom_description)
[1.010s] DEBUG:colcon.colcon_core.event_handler.log_command:Invoked command in '/home/mtrn/MTRN4231_project/build/custom_interfaces' returned '0': CMAKE_PREFIX_PATH=${CMAKE_PREFIX_PATH}:/opt/ros/humble /home/mtrn/.local/bin/cmake --build /home/mtrn/MTRN4231_project/build/custom_interfaces -- -j12 -l12
[1.070s] Level 1:colcon.colcon_core.environment:create_environment_scripts_only(ur5e_custom_description)
[1.071s] Level 1:colcon.colcon_core.environment:checking '/home/mtrn/MTRN4231_project/install/ur5e_custom_description' for CMake module files
[1.072s] Level 1:colcon.colcon_core.environment:checking '/home/mtrn/MTRN4231_project/install/ur5e_custom_description' for CMake config files
[1.072s] Level 1:colcon.colcon_core.shell:create_environment_hook('ur5e_custom_description', 'cmake_prefix_path')
[1.072s] INFO:colcon.colcon_core.shell:Creating environment hook '/home/mtrn/MTRN4231_project/install/ur5e_custom_description/share/ur5e_custom_description/hook/cmake_prefix_path.ps1'
[1.073s] INFO:colcon.colcon_core.shell:Creating environment descriptor '/home/mtrn/MTRN4231_project/install/ur5e_custom_description/share/ur5e_custom_description/hook/cmake_prefix_path.dsv'
[1.073s] INFO:colcon.colcon_core.shell:Creating environment hook '/home/mtrn/MTRN4231_project/install/ur5e_custom_description/share/ur5e_custom_description/hook/cmake_prefix_path.sh'
[1.074s] Level 1:colcon.colcon_core.environment:checking '/home/mtrn/MTRN4231_project/install/ur5e_custom_description/bin'
[1.074s] Level 1:colcon.colcon_core.environment:checking '/home/mtrn/MTRN4231_project/install/ur5e_custom_description/lib/pkgconfig/ur5e_custom_description.pc'
[1.075s] Level 1:colcon.colcon_core.environment:checking '/home/mtrn/MTRN4231_project/install/ur5e_custom_description/lib/python3.10/site-packages'
[1.075s] Level 1:colcon.colcon_core.environment:checking '/home/mtrn/MTRN4231_project/install/ur5e_custom_description/bin'
[1.075s] INFO:colcon.colcon_core.shell:Creating package script '/home/mtrn/MTRN4231_project/install/ur5e_custom_description/share/ur5e_custom_description/package.ps1'
[1.076s] INFO:colcon.colcon_core.shell:Creating package descriptor '/home/mtrn/MTRN4231_project/install/ur5e_custom_description/share/ur5e_custom_description/package.dsv'
[1.077s] INFO:colcon.colcon_core.shell:Creating package script '/home/mtrn/MTRN4231_project/install/ur5e_custom_description/share/ur5e_custom_description/package.sh'
[1.078s] INFO:colcon.colcon_core.shell:Creating package script '/home/mtrn/MTRN4231_project/install/ur5e_custom_description/share/ur5e_custom_description/package.bash'
[1.078s] INFO:colcon.colcon_core.shell:Creating package script '/home/mtrn/MTRN4231_project/install/ur5e_custom_description/share/ur5e_custom_description/package.zsh'
[1.079s] Level 1:colcon.colcon_core.environment:create_file_with_runtime_dependencies(/home/mtrn/MTRN4231_project/install/ur5e_custom_description/share/colcon-core/packages/ur5e_custom_description)
[1.161s] DEBUG:colcon.colcon_core.event_handler.log_command:Invoking command in '/home/mtrn/MTRN4231_project/build/custom_interfaces': CMAKE_PREFIX_PATH=${CMAKE_PREFIX_PATH}:/opt/ros/humble /home/mtrn/.local/bin/cmake --install /home/mtrn/MTRN4231_project/build/custom_interfaces
[1.281s] Level 1:colcon.colcon_core.environment:create_environment_scripts_only(custom_interfaces)
[1.282s] Level 1:colcon.colcon_core.environment:checking '/home/mtrn/MTRN4231_project/install/custom_interfaces' for CMake module files
[1.283s] Level 1:colcon.colcon_core.environment:checking '/home/mtrn/MTRN4231_project/install/custom_interfaces' for CMake config files
[1.283s] Level 1:colcon.colcon_core.shell:create_environment_hook('custom_interfaces', 'cmake_prefix_path')
[1.283s] INFO:colcon.colcon_core.shell:Creating environment hook '/home/mtrn/MTRN4231_project/install/custom_interfaces/share/custom_interfaces/hook/cmake_prefix_path.ps1'
[1.284s] INFO:colcon.colcon_core.shell:Creating environment descriptor '/home/mtrn/MTRN4231_project/install/custom_interfaces/share/custom_interfaces/hook/cmake_prefix_path.dsv'
[1.288s] DEBUG:colcon.colcon_core.event_handler.log_command:Invoked command in '/home/mtrn/MTRN4231_project/build/custom_interfaces' returned '0': CMAKE_PREFIX_PATH=${CMAKE_PREFIX_PATH}:/opt/ros/humble /home/mtrn/.local/bin/cmake --install /home/mtrn/MTRN4231_project/build/custom_interfaces
[1.288s] INFO:colcon.colcon_core.shell:Creating environment hook '/home/mtrn/MTRN4231_project/install/custom_interfaces/share/custom_interfaces/hook/cmake_prefix_path.sh'
[1.289s] Level 1:colcon.colcon_core.environment:checking '/home/mtrn/MTRN4231_project/install/custom_interfaces/lib'
[1.290s] Level 1:colcon.colcon_core.shell:create_environment_hook('custom_interfaces', 'ld_library_path_lib')
[1.290s] INFO:colcon.colcon_core.shell:Creating environment hook '/home/mtrn/MTRN4231_project/install/custom_interfaces/share/custom_interfaces/hook/ld_library_path_lib.ps1'
[1.291s] INFO:colcon.colcon_core.shell:Creating environment descriptor '/home/mtrn/MTRN4231_project/install/custom_interfaces/share/custom_interfaces/hook/ld_library_path_lib.dsv'
[1.291s] INFO:colcon.colcon_core.shell:Creating environment hook '/home/mtrn/MTRN4231_project/install/custom_interfaces/share/custom_interfaces/hook/ld_library_path_lib.sh'
[1.292s] Level 1:colcon.colcon_core.environment:checking '/home/mtrn/MTRN4231_project/install/custom_interfaces/bin'
[1.292s] Level 1:colcon.colcon_core.environment:checking '/home/mtrn/MTRN4231_project/install/custom_interfaces/lib/pkgconfig/custom_interfaces.pc'
[1.292s] Level 1:colcon.colcon_core.environment:checking '/home/mtrn/MTRN4231_project/install/custom_interfaces/lib/python3.10/site-packages'
[1.292s] Level 1:colcon.colcon_core.environment:checking '/home/mtrn/MTRN4231_project/install/custom_interfaces/bin'
[1.293s] INFO:colcon.colcon_core.shell:Creating package script '/home/mtrn/MTRN4231_project/install/custom_interfaces/share/custom_interfaces/package.ps1'
[1.294s] INFO:colcon.colcon_core.shell:Creating package descriptor '/home/mtrn/MTRN4231_project/install/custom_interfaces/share/custom_interfaces/package.dsv'
[1.294s] INFO:colcon.colcon_core.shell:Creating package script '/home/mtrn/MTRN4231_project/install/custom_interfaces/share/custom_interfaces/package.sh'
[1.295s] INFO:colcon.colcon_core.shell:Creating package script '/home/mtrn/MTRN4231_project/install/custom_interfaces/share/custom_interfaces/package.bash'
[1.295s] INFO:colcon.colcon_core.shell:Creating package script '/home/mtrn/MTRN4231_project/install/custom_interfaces/share/custom_interfaces/package.zsh'
[1.296s] Level 1:colcon.colcon_core.environment:create_file_with_runtime_dependencies(/home/mtrn/MTRN4231_project/install/custom_interfaces/share/colcon-core/packages/custom_interfaces)
[1.482s] Level 1:colcon.colcon_core.environment:create_environment_scripts_only(custom_interfaces)
[1.482s] Level 1:colcon.colcon_core.environment:checking '/home/mtrn/MTRN4231_project/install/custom_interfaces' for CMake module files
[1.484s] Level 1:colcon.colcon_core.environment:checking '/home/mtrn/MTRN4231_project/install/custom_interfaces' for CMake config files
[1.484s] Level 1:colcon.colcon_core.shell:create_environment_hook('custom_interfaces', 'cmake_prefix_path')
[1.485s] INFO:colcon.colcon_core.shell:Creating environment hook '/home/mtrn/MTRN4231_project/install/custom_interfaces/share/custom_interfaces/hook/cmake_prefix_path.ps1'
[1.486s] INFO:colcon.colcon_core.shell:Creating environment descriptor '/home/mtrn/MTRN4231_project/install/custom_interfaces/share/custom_interfaces/hook/cmake_prefix_path.dsv'
[1.486s] INFO:colcon.colcon_core.shell:Creating environment hook '/home/mtrn/MTRN4231_project/install/custom_interfaces/share/custom_interfaces/hook/cmake_prefix_path.sh'
[1.487s] Level 1:colcon.colcon_core.environment:checking '/home/mtrn/MTRN4231_project/install/custom_interfaces/lib'
[1.487s] Level 1:colcon.colcon_core.shell:create_environment_hook('custom_interfaces', 'ld_library_path_lib')
[1.487s] INFO:colcon.colcon_core.shell:Creating environment hook '/home/mtrn/MTRN4231_project/install/custom_interfaces/share/custom_interfaces/hook/ld_library_path_lib.ps1'
[1.488s] INFO:colcon.colcon_core.shell:Creating environment descriptor '/home/mtrn/MTRN4231_project/install/custom_interfaces/share/custom_interfaces/hook/ld_library_path_lib.dsv'
[1.488s] INFO:colcon.colcon_core.shell:Creating environment hook '/home/mtrn/MTRN4231_project/install/custom_interfaces/share/custom_interfaces/hook/ld_library_path_lib.sh'
[1.490s] Level 1:colcon.colcon_core.environment:checking '/home/mtrn/MTRN4231_project/install/custom_interfaces/bin'
[1.490s] Level 1:colcon.colcon_core.environment:checking '/home/mtrn/MTRN4231_project/install/custom_interfaces/lib/pkgconfig/custom_interfaces.pc'
[1.490s] Level 1:colcon.colcon_core.environment:checking '/home/mtrn/MTRN4231_project/install/custom_interfaces/lib/python3.10/site-packages'
[1.491s] Level 1:colcon.colcon_core.environment:checking '/home/mtrn/MTRN4231_project/install/custom_interfaces/bin'
[1.491s] INFO:colcon.colcon_core.shell:Creating package script '/home/mtrn/MTRN4231_project/install/custom_interfaces/share/custom_interfaces/package.ps1'
[1.492s] INFO:colcon.colcon_core.shell:Creating package descriptor '/home/mtrn/MTRN4231_project/install/custom_interfaces/share/custom_interfaces/package.dsv'
[1.494s] INFO:colcon.colcon_core.shell:Creating package script '/home/mtrn/MTRN4231_project/install/custom_interfaces/share/custom_interfaces/package.sh'
[1.495s] INFO:colcon.colcon_core.shell:Creating package script '/home/mtrn/MTRN4231_project/install/custom_interfaces/share/custom_interfaces/package.bash'
[1.495s] INFO:colcon.colcon_core.shell:Creating package script '/home/mtrn/MTRN4231_project/install/custom_interfaces/share/custom_interfaces/package.zsh'
[1.496s] Level 1:colcon.colcon_core.environment:create_file_with_runtime_dependencies(/home/mtrn/MTRN4231_project/install/custom_interfaces/share/colcon-core/packages/custom_interfaces)
[1.496s] INFO:colcon.colcon_ros.task.ament_cmake.build:Building ROS package in '/home/mtrn/MTRN4231_project/src/arm_controller' with build type 'ament_cmake'
[1.496s] INFO:colcon.colcon_cmake.task.cmake.build:Building CMake package in '/home/mtrn/MTRN4231_project/src/arm_controller'
[1.497s] INFO:colcon.colcon_core.shell:Skip shell extension 'powershell' for command environment: Not usable outside of PowerShell
[1.497s] DEBUG:colcon.colcon_core.shell:Skip shell extension 'dsv' for command environment
[1.512s] DEBUG:colcon.colcon_core.event_handler.log_command:Invoking command in '/home/mtrn/MTRN4231_project/build/arm_controller': CMAKE_PREFIX_PATH=/home/mtrn/MTRN4231_project/install/custom_interfaces:/home/mtrn/MTRN4231_project/install/ur5e_custom_description:/home/mtrn/MTRN4231_project/install/move_to_marker:/home/mtrn/MTRN4231_project/install/end_effector_description:/home/mtrn/MTRN4231_project/install/arm_controller:/opt/ros/humble /home/mtrn/.local/bin/cmake --build /home/mtrn/MTRN4231_project/build/arm_controller -- -j12 -l12
[18.204s] DEBUG:colcon.colcon_core.event_handler.log_command:Invoked command in '/home/mtrn/MTRN4231_project/build/arm_controller' returned '0': CMAKE_PREFIX_PATH=/home/mtrn/MTRN4231_project/install/custom_interfaces:/home/mtrn/MTRN4231_project/install/ur5e_custom_description:/home/mtrn/MTRN4231_project/install/move_to_marker:/home/mtrn/MTRN4231_project/install/end_effector_description:/home/mtrn/MTRN4231_project/install/arm_controller:/opt/ros/humble /home/mtrn/.local/bin/cmake --build /home/mtrn/MTRN4231_project/build/arm_controller -- -j12 -l12
[18.293s] DEBUG:colcon.colcon_core.event_handler.log_command:Invoking command in '/home/mtrn/MTRN4231_project/build/arm_controller': CMAKE_PREFIX_PATH=/home/mtrn/MTRN4231_project/install/custom_interfaces:/home/mtrn/MTRN4231_project/install/ur5e_custom_description:/home/mtrn/MTRN4231_project/install/move_to_marker:/home/mtrn/MTRN4231_project/install/end_effector_description:/home/mtrn/MTRN4231_project/install/arm_controller:/opt/ros/humble /home/mtrn/.local/bin/cmake --install /home/mtrn/MTRN4231_project/build/arm_controller
[18.339s] Level 1:colcon.colcon_core.environment:create_environment_scripts_only(arm_controller)
[18.340s] Level 1:colcon.colcon_core.environment:checking '/home/mtrn/MTRN4231_project/install/arm_controller' for CMake module files
[18.342s] Level 1:colcon.colcon_core.environment:checking '/home/mtrn/MTRN4231_project/install/arm_controller' for CMake config files
[18.344s] DEBUG:colcon.colcon_core.event_handler.log_command:Invoked command in '/home/mtrn/MTRN4231_project/build/arm_controller' returned '0': CMAKE_PREFIX_PATH=/home/mtrn/MTRN4231_project/install/custom_interfaces:/home/mtrn/MTRN4231_project/install/ur5e_custom_description:/home/mtrn/MTRN4231_project/install/move_to_marker:/home/mtrn/MTRN4231_project/install/end_effector_description:/home/mtrn/MTRN4231_project/install/arm_controller:/opt/ros/humble /home/mtrn/.local/bin/cmake --install /home/mtrn/MTRN4231_project/build/arm_controller
[18.345s] Level 1:colcon.colcon_core.shell:create_environment_hook('arm_controller', 'cmake_prefix_path')
[18.346s] INFO:colcon.colcon_core.shell:Creating environment hook '/home/mtrn/MTRN4231_project/install/arm_controller/share/arm_controller/hook/cmake_prefix_path.ps1'
[18.347s] INFO:colcon.colcon_core.shell:Creating environment descriptor '/home/mtrn/MTRN4231_project/install/arm_controller/share/arm_controller/hook/cmake_prefix_path.dsv'
[18.348s] INFO:colcon.colcon_core.shell:Creating environment hook '/home/mtrn/MTRN4231_project/install/arm_controller/share/arm_controller/hook/cmake_prefix_path.sh'
[18.349s] Level 1:colcon.colcon_core.environment:checking '/home/mtrn/MTRN4231_project/install/arm_controller/lib'
[18.349s] Level 1:colcon.colcon_core.environment:checking '/home/mtrn/MTRN4231_project/install/arm_controller/bin'
[18.349s] Level 1:colcon.colcon_core.environment:checking '/home/mtrn/MTRN4231_project/install/arm_controller/lib/pkgconfig/arm_controller.pc'
[18.350s] Level 1:colcon.colcon_core.environment:checking '/home/mtrn/MTRN4231_project/install/arm_controller/lib/python3.10/site-packages'
[18.351s] Level 1:colcon.colcon_core.environment:checking '/home/mtrn/MTRN4231_project/install/arm_controller/bin'
[18.351s] INFO:colcon.colcon_core.shell:Creating package script '/home/mtrn/MTRN4231_project/install/arm_controller/share/arm_controller/package.ps1'
[18.353s] INFO:colcon.colcon_core.shell:Creating package descriptor '/home/mtrn/MTRN4231_project/install/arm_controller/share/arm_controller/package.dsv'
[18.354s] INFO:colcon.colcon_core.shell:Creating package script '/home/mtrn/MTRN4231_project/install/arm_controller/share/arm_controller/package.sh'
[18.354s] INFO:colcon.colcon_core.shell:Creating package script '/home/mtrn/MTRN4231_project/install/arm_controller/share/arm_controller/package.bash'
[18.355s] INFO:colcon.colcon_core.shell:Creating package script '/home/mtrn/MTRN4231_project/install/arm_controller/share/arm_controller/package.zsh'
[18.355s] Level 1:colcon.colcon_core.environment:create_file_with_runtime_dependencies(/home/mtrn/MTRN4231_project/install/arm_controller/share/colcon-core/packages/arm_controller)
[18.459s] Level 1:colcon.colcon_core.environment:create_environment_scripts_only(arm_controller)
[18.461s] Level 1:colcon.colcon_core.environment:checking '/home/mtrn/MTRN4231_project/install/arm_controller' for CMake module files
[18.462s] Level 1:colcon.colcon_core.environment:checking '/home/mtrn/MTRN4231_project/install/arm_controller' for CMake config files
[18.463s] Level 1:colcon.colcon_core.shell:create_environment_hook('arm_controller', 'cmake_prefix_path')
[18.464s] INFO:colcon.colcon_core.shell:Creating environment hook '/home/mtrn/MTRN4231_project/install/arm_controller/share/arm_controller/hook/cmake_prefix_path.ps1'
[18.465s] INFO:colcon.colcon_core.shell:Creating environment descriptor '/home/mtrn/MTRN4231_project/install/arm_controller/share/arm_controller/hook/cmake_prefix_path.dsv'
[18.466s] INFO:colcon.colcon_core.shell:Creating environment hook '/home/mtrn/MTRN4231_project/install/arm_controller/share/arm_controller/hook/cmake_prefix_path.sh'
[18.467s] Level 1:colcon.colcon_core.environment:checking '/home/mtrn/MTRN4231_project/install/arm_controller/lib'
[18.468s] Level 1:colcon.colcon_core.environment:checking '/home/mtrn/MTRN4231_project/install/arm_controller/bin'
[18.468s] Level 1:colcon.colcon_core.environment:checking '/home/mtrn/MTRN4231_project/install/arm_controller/lib/pkgconfig/arm_controller.pc'
[18.469s] Level 1:colcon.colcon_core.environment:checking '/home/mtrn/MTRN4231_project/install/arm_controller/lib/python3.10/site-packages'
[18.469s] Level 1:colcon.colcon_core.environment:checking '/home/mtrn/MTRN4231_project/install/arm_controller/bin'
[18.470s] INFO:colcon.colcon_core.shell:Creating package script '/home/mtrn/MTRN4231_project/install/arm_controller/share/arm_controller/package.ps1'
[18.471s] INFO:colcon.colcon_core.shell:Creating package descriptor '/home/mtrn/MTRN4231_project/install/arm_controller/share/arm_controller/package.dsv'
[18.472s] INFO:colcon.colcon_core.shell:Creating package script '/home/mtrn/MTRN4231_project/install/arm_controller/share/arm_controller/package.sh'
[18.473s] INFO:colcon.colcon_core.shell:Creating package script '/home/mtrn/MTRN4231_project/install/arm_controller/share/arm_controller/package.bash'
[18.474s] INFO:colcon.colcon_core.shell:Creating package script '/home/mtrn/MTRN4231_project/install/arm_controller/share/arm_controller/package.zsh'
[18.474s] Level 1:colcon.colcon_core.environment:create_file_with_runtime_dependencies(/home/mtrn/MTRN4231_project/install/arm_controller/share/colcon-core/packages/arm_controller)
[18.475s] DEBUG:colcon.colcon_parallel_executor.executor.parallel:closing loop
[18.475s] DEBUG:colcon.colcon_parallel_executor.executor.parallel:loop closed
[18.476s] DEBUG:colcon.colcon_parallel_executor.executor.parallel:run_until_complete finished with '0'
[18.476s] DEBUG:colcon.colcon_core.event_reactor:joining thread
[18.502s] INFO:colcon.colcon_core.plugin_system:Skipping extension 'colcon_notification.desktop_notification.terminal_notifier': Not used on non-Darwin systems
[18.502s] INFO:colcon.colcon_core.plugin_system:Skipping extension 'colcon_notification.desktop_notification.win32': Not used on non-Windows systems
[18.502s] INFO:colcon.colcon_notification.desktop_notification:Sending desktop notification using 'notify2'
[18.518s] DEBUG:colcon.colcon_core.event_reactor:joined thread
[18.519s] INFO:colcon.colcon_core.shell:Creating prefix script '/home/mtrn/MTRN4231_project/install/local_setup.ps1'
[18.520s] INFO:colcon.colcon_core.shell:Creating prefix util module '/home/mtrn/MTRN4231_project/install/_local_setup_util_ps1.py'
[18.522s] INFO:colcon.colcon_core.shell:Creating prefix chain script '/home/mtrn/MTRN4231_project/install/setup.ps1'
[18.525s] INFO:colcon.colcon_core.shell:Creating prefix script '/home/mtrn/MTRN4231_project/install/local_setup.sh'
[18.525s] INFO:colcon.colcon_core.shell:Creating prefix util module '/home/mtrn/MTRN4231_project/install/_local_setup_util_sh.py'
[18.526s] INFO:colcon.colcon_core.shell:Creating prefix chain script '/home/mtrn/MTRN4231_project/install/setup.sh'
[18.528s] INFO:colcon.colcon_core.shell:Creating prefix script '/home/mtrn/MTRN4231_project/install/local_setup.bash'
[18.528s] INFO:colcon.colcon_core.shell:Creating prefix chain script '/home/mtrn/MTRN4231_project/install/setup.bash'
[18.530s] INFO:colcon.colcon_core.shell:Creating prefix script '/home/mtrn/MTRN4231_project/install/local_setup.zsh'
[18.531s] INFO:colcon.colcon_core.shell:Creating prefix chain script '/home/mtrn/MTRN4231_project/install/setup.zsh'
