[0.090s] DEBUG:colcon:Command line arguments: ['/usr/bin/colcon', 'build']
[0.091s] DEBUG:colcon:Parsed command line arguments: Namespace(log_base=None, log_level=None, verb_name='build', build_base='build', install_base='install', merge_install=False, symlink_install=False, test_result_base=None, continue_on_error=False, executor='parallel', parallel_workers=12, event_handlers=None, ignore_user_meta=False, metas=['./colcon.meta'], base_paths=['.'], packages_ignore=None, packages_ignore_regex=None, paths=None, packages_up_to=None, packages_up_to_regex=None, packages_above=None, packages_above_and_dependencies=None, packages_above_depth=None, packages_select_by_dep=None, packages_skip_by_dep=None, packages_skip_up_to=None, packages_select_build_failed=False, packages_skip_build_finished=False, packages_select_test_failures=False, packages_skip_test_passed=False, packages_select=None, packages_skip=None, packages_select_regex=None, packages_skip_regex=None, packages_start=None, packages_end=None, allow_overriding=[], cmake_args=None, cmake_target=None, cmake_target_skip_unavailable=False, cmake_clean_cache=False, cmake_clean_first=False, cmake_force_configure=False, ament_cmake_args=None, catkin_cmake_args=None, catkin_skip_building_tests=False, verb_parser=<colcon_defaults.argument_parser.defaults.DefaultArgumentsDecorator object at 0x7f9c5672ffd0>, verb_extension=<colcon_core.verb.build.BuildVerb object at 0x7f9c5672f190>, main=<bound method BuildVerb.main of <colcon_core.verb.build.BuildVerb object at 0x7f9c5672f190>>)
[0.232s] Level 1:colcon.colcon_core.package_discovery:discover_packages(colcon_meta) check parameters
[0.232s] Level 1:colcon.colcon_core.package_discovery:discover_packages(recursive) check parameters
[0.232s] Level 1:colcon.colcon_core.package_discovery:discover_packages(ignore) check parameters
[0.232s] Level 1:colcon.colcon_core.package_discovery:discover_packages(path) check parameters
[0.232s] Level 1:colcon.colcon_core.package_discovery:discover_packages(colcon_meta) discover
[0.232s] Level 1:colcon.colcon_core.package_discovery:discover_packages(recursive) discover
[0.232s] INFO:colcon.colcon_core.package_discovery:Crawling recursively for packages in '/home/dev/Desktop/MTRN4231_Project'
[0.232s] Level 1:colcon.colcon_core.package_identification:_identify(.) by extensions ['ignore', 'ignore_ament_install']
[0.232s] Level 1:colcon.colcon_core.package_identification:_identify(.) by extension 'ignore'
[0.232s] Level 1:colcon.colcon_core.package_identification:_identify(.) by extension 'ignore_ament_install'
[0.232s] Level 1:colcon.colcon_core.package_identification:_identify(.) by extensions ['colcon_pkg']
[0.232s] Level 1:colcon.colcon_core.package_identification:_identify(.) by extension 'colcon_pkg'
[0.232s] Level 1:colcon.colcon_core.package_identification:_identify(.) by extensions ['colcon_meta']
[0.232s] Level 1:colcon.colcon_core.package_identification:_identify(.) by extension 'colcon_meta'
[0.233s] Level 1:colcon.colcon_core.package_identification:_identify(.) by extensions ['ros']
[0.233s] Level 1:colcon.colcon_core.package_identification:_identify(.) by extension 'ros'
[0.242s] Level 1:colcon.colcon_core.package_identification:_identify(.) by extensions ['cmake', 'python']
[0.242s] Level 1:colcon.colcon_core.package_identification:_identify(.) by extension 'cmake'
[0.242s] Level 1:colcon.colcon_core.package_identification:_identify(.) by extension 'python'
[0.242s] Level 1:colcon.colcon_core.package_identification:_identify(.) by extensions ['python_setup_py']
[0.242s] Level 1:colcon.colcon_core.package_identification:_identify(.) by extension 'python_setup_py'
[0.242s] Level 1:colcon.colcon_core.package_identification:_identify(build) by extensions ['ignore', 'ignore_ament_install']
[0.242s] Level 1:colcon.colcon_core.package_identification:_identify(build) by extension 'ignore'
[0.242s] Level 1:colcon.colcon_core.package_identification:_identify(build) ignored
[0.242s] Level 1:colcon.colcon_core.package_identification:_identify(install) by extensions ['ignore', 'ignore_ament_install']
[0.242s] Level 1:colcon.colcon_core.package_identification:_identify(install) by extension 'ignore'
[0.242s] Level 1:colcon.colcon_core.package_identification:_identify(install) ignored
[0.242s] Level 1:colcon.colcon_core.package_identification:_identify(log) by extensions ['ignore', 'ignore_ament_install']
[0.243s] Level 1:colcon.colcon_core.package_identification:_identify(log) by extension 'ignore'
[0.243s] Level 1:colcon.colcon_core.package_identification:_identify(log) ignored
[0.243s] Level 1:colcon.colcon_core.package_identification:_identify(src) by extensions ['ignore', 'ignore_ament_install']
[0.243s] Level 1:colcon.colcon_core.package_identification:_identify(src) by extension 'ignore'
[0.243s] Level 1:colcon.colcon_core.package_identification:_identify(src) by extension 'ignore_ament_install'
[0.243s] Level 1:colcon.colcon_core.package_identification:_identify(src) by extensions ['colcon_pkg']
[0.243s] Level 1:colcon.colcon_core.package_identification:_identify(src) by extension 'colcon_pkg'
[0.243s] Level 1:colcon.colcon_core.package_identification:_identify(src) by extensions ['colcon_meta']
[0.243s] Level 1:colcon.colcon_core.package_identification:_identify(src) by extension 'colcon_meta'
[0.243s] Level 1:colcon.colcon_core.package_identification:_identify(src) by extensions ['ros']
[0.243s] Level 1:colcon.colcon_core.package_identification:_identify(src) by extension 'ros'
[0.243s] Level 1:colcon.colcon_core.package_identification:_identify(src) by extensions ['cmake', 'python']
[0.243s] Level 1:colcon.colcon_core.package_identification:_identify(src) by extension 'cmake'
[0.243s] Level 1:colcon.colcon_core.package_identification:_identify(src) by extension 'python'
[0.243s] Level 1:colcon.colcon_core.package_identification:_identify(src) by extensions ['python_setup_py']
[0.243s] Level 1:colcon.colcon_core.package_identification:_identify(src) by extension 'python_setup_py'
[0.243s] Level 1:colcon.colcon_core.package_identification:_identify(src/arm_controller) by extensions ['ignore', 'ignore_ament_install']
[0.243s] Level 1:colcon.colcon_core.package_identification:_identify(src/arm_controller) by extension 'ignore'
[0.243s] Level 1:colcon.colcon_core.package_identification:_identify(src/arm_controller) by extension 'ignore_ament_install'
[0.243s] Level 1:colcon.colcon_core.package_identification:_identify(src/arm_controller) by extensions ['colcon_pkg']
[0.243s] Level 1:colcon.colcon_core.package_identification:_identify(src/arm_controller) by extension 'colcon_pkg'
[0.243s] Level 1:colcon.colcon_core.package_identification:_identify(src/arm_controller) by extensions ['colcon_meta']
[0.243s] Level 1:colcon.colcon_core.package_identification:_identify(src/arm_controller) by extension 'colcon_meta'
[0.244s] Level 1:colcon.colcon_core.package_identification:_identify(src/arm_controller) by extensions ['ros']
[0.244s] Level 1:colcon.colcon_core.package_identification:_identify(src/arm_controller) by extension 'ros'
[0.246s] DEBUG:colcon.colcon_core.package_identification:Package 'src/arm_controller' with type 'ros.ament_cmake' and name 'arm_controller'
[0.246s] Level 1:colcon.colcon_core.package_identification:_identify(src/custom_interfaces) by extensions ['ignore', 'ignore_ament_install']
[0.246s] Level 1:colcon.colcon_core.package_identification:_identify(src/custom_interfaces) by extension 'ignore'
[0.246s] Level 1:colcon.colcon_core.package_identification:_identify(src/custom_interfaces) by extension 'ignore_ament_install'
[0.246s] Level 1:colcon.colcon_core.package_identification:_identify(src/custom_interfaces) by extensions ['colcon_pkg']
[0.246s] Level 1:colcon.colcon_core.package_identification:_identify(src/custom_interfaces) by extension 'colcon_pkg'
[0.246s] Level 1:colcon.colcon_core.package_identification:_identify(src/custom_interfaces) by extensions ['colcon_meta']
[0.246s] Level 1:colcon.colcon_core.package_identification:_identify(src/custom_interfaces) by extension 'colcon_meta'
[0.247s] Level 1:colcon.colcon_core.package_identification:_identify(src/custom_interfaces) by extensions ['ros']
[0.247s] Level 1:colcon.colcon_core.package_identification:_identify(src/custom_interfaces) by extension 'ros'
[0.247s] DEBUG:colcon.colcon_core.package_identification:Package 'src/custom_interfaces' with type 'ros.ament_cmake' and name 'custom_interfaces'
[0.247s] Level 1:colcon.colcon_core.package_identification:_identify(src/end_effector_description) by extensions ['ignore', 'ignore_ament_install']
[0.247s] Level 1:colcon.colcon_core.package_identification:_identify(src/end_effector_description) by extension 'ignore'
[0.247s] Level 1:colcon.colcon_core.package_identification:_identify(src/end_effector_description) by extension 'ignore_ament_install'
[0.247s] Level 1:colcon.colcon_core.package_identification:_identify(src/end_effector_description) by extensions ['colcon_pkg']
[0.247s] Level 1:colcon.colcon_core.package_identification:_identify(src/end_effector_description) by extension 'colcon_pkg'
[0.247s] Level 1:colcon.colcon_core.package_identification:_identify(src/end_effector_description) by extensions ['colcon_meta']
[0.247s] Level 1:colcon.colcon_core.package_identification:_identify(src/end_effector_description) by extension 'colcon_meta'
[0.247s] Level 1:colcon.colcon_core.package_identification:_identify(src/end_effector_description) by extensions ['ros']
[0.247s] Level 1:colcon.colcon_core.package_identification:_identify(src/end_effector_description) by extension 'ros'
[0.248s] DEBUG:colcon.colcon_core.package_identification:Package 'src/end_effector_description' with type 'ros.ament_cmake' and name 'end_effector_description'
[0.248s] Level 1:colcon.colcon_core.package_identification:_identify(src/ur5e_custom_description) by extensions ['ignore', 'ignore_ament_install']
[0.248s] Level 1:colcon.colcon_core.package_identification:_identify(src/ur5e_custom_description) by extension 'ignore'
[0.248s] Level 1:colcon.colcon_core.package_identification:_identify(src/ur5e_custom_description) by extension 'ignore_ament_install'
[0.248s] Level 1:colcon.colcon_core.package_identification:_identify(src/ur5e_custom_description) by extensions ['colcon_pkg']
[0.248s] Level 1:colcon.colcon_core.package_identification:_identify(src/ur5e_custom_description) by extension 'colcon_pkg'
[0.248s] Level 1:colcon.colcon_core.package_identification:_identify(src/ur5e_custom_description) by extensions ['colcon_meta']
[0.248s] Level 1:colcon.colcon_core.package_identification:_identify(src/ur5e_custom_description) by extension 'colcon_meta'
[0.248s] Level 1:colcon.colcon_core.package_identification:_identify(src/ur5e_custom_description) by extensions ['ros']
[0.248s] Level 1:colcon.colcon_core.package_identification:_identify(src/ur5e_custom_description) by extension 'ros'
[0.249s] DEBUG:colcon.colcon_core.package_identification:Package 'src/ur5e_custom_description' with type 'ros.ament_cmake' and name 'ur5e_custom_description'
[0.249s] Level 1:colcon.colcon_core.package_identification:_identify(src/ur5e_moveit_config_custom) by extensions ['ignore', 'ignore_ament_install']
[0.249s] Level 1:colcon.colcon_core.package_identification:_identify(src/ur5e_moveit_config_custom) by extension 'ignore'
[0.249s] Level 1:colcon.colcon_core.package_identification:_identify(src/ur5e_moveit_config_custom) by extension 'ignore_ament_install'
[0.249s] Level 1:colcon.colcon_core.package_identification:_identify(src/ur5e_moveit_config_custom) by extensions ['colcon_pkg']
[0.249s] Level 1:colcon.colcon_core.package_identification:_identify(src/ur5e_moveit_config_custom) by extension 'colcon_pkg'
[0.249s] Level 1:colcon.colcon_core.package_identification:_identify(src/ur5e_moveit_config_custom) by extensions ['colcon_meta']
[0.249s] Level 1:colcon.colcon_core.package_identification:_identify(src/ur5e_moveit_config_custom) by extension 'colcon_meta'
[0.249s] Level 1:colcon.colcon_core.package_identification:_identify(src/ur5e_moveit_config_custom) by extensions ['ros']
[0.249s] Level 1:colcon.colcon_core.package_identification:_identify(src/ur5e_moveit_config_custom) by extension 'ros'
[0.250s] DEBUG:colcon.colcon_core.package_identification:Package 'src/ur5e_moveit_config_custom' with type 'ros.ament_cmake' and name 'ur5e_moveit_config_custom'
[0.250s] Level 1:colcon.colcon_core.package_discovery:discover_packages(recursive) using defaults
[0.250s] Level 1:colcon.colcon_core.package_discovery:discover_packages(ignore) discover
[0.250s] Level 1:colcon.colcon_core.package_discovery:discover_packages(ignore) using defaults
[0.250s] Level 1:colcon.colcon_core.package_discovery:discover_packages(path) discover
[0.250s] Level 1:colcon.colcon_core.package_discovery:discover_packages(path) using defaults
[0.277s] Level 1:colcon.colcon_core.package_discovery:discover_packages(prefix_path) check parameters
[0.277s] Level 1:colcon.colcon_core.package_discovery:discover_packages(prefix_path) discover
[0.278s] DEBUG:colcon.colcon_installed_package_information.package_discovery:Found 5 installed packages in /home/dev/Desktop/MTRN4231_Project/install
[0.280s] DEBUG:colcon.colcon_installed_package_information.package_discovery:Found 357 installed packages in /opt/ros/humble
[0.281s] Level 1:colcon.colcon_core.package_discovery:discover_packages(prefix_path) using defaults
[0.320s] Level 5:colcon.colcon_core.verb:set package 'custom_interfaces' build argument 'cmake_args' from command line to 'None'
[0.320s] Level 5:colcon.colcon_core.verb:set package 'custom_interfaces' build argument 'cmake_target' from command line to 'None'
[0.320s] Level 5:colcon.colcon_core.verb:set package 'custom_interfaces' build argument 'cmake_target_skip_unavailable' from command line to 'False'
[0.320s] Level 5:colcon.colcon_core.verb:set package 'custom_interfaces' build argument 'cmake_clean_cache' from command line to 'False'
[0.320s] Level 5:colcon.colcon_core.verb:set package 'custom_interfaces' build argument 'cmake_clean_first' from command line to 'False'
[0.320s] Level 5:colcon.colcon_core.verb:set package 'custom_interfaces' build argument 'cmake_force_configure' from command line to 'False'
[0.320s] Level 5:colcon.colcon_core.verb:set package 'custom_interfaces' build argument 'ament_cmake_args' from command line to 'None'
[0.320s] Level 5:colcon.colcon_core.verb:set package 'custom_interfaces' build argument 'catkin_cmake_args' from command line to 'None'
[0.320s] Level 5:colcon.colcon_core.verb:set package 'custom_interfaces' build argument 'catkin_skip_building_tests' from command line to 'False'
[0.320s] DEBUG:colcon.colcon_core.verb:Building package 'custom_interfaces' with the following arguments: {'ament_cmake_args': None, 'build_base': '/home/dev/Desktop/MTRN4231_Project/build/custom_interfaces', 'catkin_cmake_args': None, 'catkin_skip_building_tests': False, 'cmake_args': None, 'cmake_clean_cache': False, 'cmake_clean_first': False, 'cmake_force_configure': False, 'cmake_target': None, 'cmake_target_skip_unavailable': False, 'install_base': '/home/dev/Desktop/MTRN4231_Project/install/custom_interfaces', 'merge_install': False, 'path': '/home/dev/Desktop/MTRN4231_Project/src/custom_interfaces', 'symlink_install': False, 'test_result_base': None}
[0.320s] Level 5:colcon.colcon_core.verb:set package 'end_effector_description' build argument 'cmake_args' from command line to 'None'
[0.320s] Level 5:colcon.colcon_core.verb:set package 'end_effector_description' build argument 'cmake_target' from command line to 'None'
[0.320s] Level 5:colcon.colcon_core.verb:set package 'end_effector_description' build argument 'cmake_target_skip_unavailable' from command line to 'False'
[0.320s] Level 5:colcon.colcon_core.verb:set package 'end_effector_description' build argument 'cmake_clean_cache' from command line to 'False'
[0.320s] Level 5:colcon.colcon_core.verb:set package 'end_effector_description' build argument 'cmake_clean_first' from command line to 'False'
[0.320s] Level 5:colcon.colcon_core.verb:set package 'end_effector_description' build argument 'cmake_force_configure' from command line to 'False'
[0.320s] Level 5:colcon.colcon_core.verb:set package 'end_effector_description' build argument 'ament_cmake_args' from command line to 'None'
[0.320s] Level 5:colcon.colcon_core.verb:set package 'end_effector_description' build argument 'catkin_cmake_args' from command line to 'None'
[0.320s] Level 5:colcon.colcon_core.verb:set package 'end_effector_description' build argument 'catkin_skip_building_tests' from command line to 'False'
[0.321s] DEBUG:colcon.colcon_core.verb:Building package 'end_effector_description' with the following arguments: {'ament_cmake_args': None, 'build_base': '/home/dev/Desktop/MTRN4231_Project/build/end_effector_description', 'catkin_cmake_args': None, 'catkin_skip_building_tests': False, 'cmake_args': None, 'cmake_clean_cache': False, 'cmake_clean_first': False, 'cmake_force_configure': False, 'cmake_target': None, 'cmake_target_skip_unavailable': False, 'install_base': '/home/dev/Desktop/MTRN4231_Project/install/end_effector_description', 'merge_install': False, 'path': '/home/dev/Desktop/MTRN4231_Project/src/end_effector_description', 'symlink_install': False, 'test_result_base': None}
[0.321s] Level 5:colcon.colcon_core.verb:set package 'ur5e_moveit_config_custom' build argument 'cmake_args' from command line to 'None'
[0.321s] Level 5:colcon.colcon_core.verb:set package 'ur5e_moveit_config_custom' build argument 'cmake_target' from command line to 'None'
[0.321s] Level 5:colcon.colcon_core.verb:set package 'ur5e_moveit_config_custom' build argument 'cmake_target_skip_unavailable' from command line to 'False'
[0.321s] Level 5:colcon.colcon_core.verb:set package 'ur5e_moveit_config_custom' build argument 'cmake_clean_cache' from command line to 'False'
[0.321s] Level 5:colcon.colcon_core.verb:set package 'ur5e_moveit_config_custom' build argument 'cmake_clean_first' from command line to 'False'
[0.321s] Level 5:colcon.colcon_core.verb:set package 'ur5e_moveit_config_custom' build argument 'cmake_force_configure' from command line to 'False'
[0.321s] Level 5:colcon.colcon_core.verb:set package 'ur5e_moveit_config_custom' build argument 'ament_cmake_args' from command line to 'None'
[0.321s] Level 5:colcon.colcon_core.verb:set package 'ur5e_moveit_config_custom' build argument 'catkin_cmake_args' from command line to 'None'
[0.321s] Level 5:colcon.colcon_core.verb:set package 'ur5e_moveit_config_custom' build argument 'catkin_skip_building_tests' from command line to 'False'
[0.321s] DEBUG:colcon.colcon_core.verb:Building package 'ur5e_moveit_config_custom' with the following arguments: {'ament_cmake_args': None, 'build_base': '/home/dev/Desktop/MTRN4231_Project/build/ur5e_moveit_config_custom', 'catkin_cmake_args': None, 'catkin_skip_building_tests': False, 'cmake_args': None, 'cmake_clean_cache': False, 'cmake_clean_first': False, 'cmake_force_configure': False, 'cmake_target': None, 'cmake_target_skip_unavailable': False, 'install_base': '/home/dev/Desktop/MTRN4231_Project/install/ur5e_moveit_config_custom', 'merge_install': False, 'path': '/home/dev/Desktop/MTRN4231_Project/src/ur5e_moveit_config_custom', 'symlink_install': False, 'test_result_base': None}
[0.321s] Level 5:colcon.colcon_core.verb:set package 'arm_controller' build argument 'cmake_args' from command line to 'None'
[0.321s] Level 5:colcon.colcon_core.verb:set package 'arm_controller' build argument 'cmake_target' from command line to 'None'
[0.321s] Level 5:colcon.colcon_core.verb:set package 'arm_controller' build argument 'cmake_target_skip_unavailable' from command line to 'False'
[0.321s] Level 5:colcon.colcon_core.verb:set package 'arm_controller' build argument 'cmake_clean_cache' from command line to 'False'
[0.321s] Level 5:colcon.colcon_core.verb:set package 'arm_controller' build argument 'cmake_clean_first' from command line to 'False'
[0.321s] Level 5:colcon.colcon_core.verb:set package 'arm_controller' build argument 'cmake_force_configure' from command line to 'False'
[0.321s] Level 5:colcon.colcon_core.verb:set package 'arm_controller' build argument 'ament_cmake_args' from command line to 'None'
[0.321s] Level 5:colcon.colcon_core.verb:set package 'arm_controller' build argument 'catkin_cmake_args' from command line to 'None'
[0.321s] Level 5:colcon.colcon_core.verb:set package 'arm_controller' build argument 'catkin_skip_building_tests' from command line to 'False'
[0.321s] DEBUG:colcon.colcon_core.verb:Building package 'arm_controller' with the following arguments: {'ament_cmake_args': None, 'build_base': '/home/dev/Desktop/MTRN4231_Project/build/arm_controller', 'catkin_cmake_args': None, 'catkin_skip_building_tests': False, 'cmake_args': None, 'cmake_clean_cache': False, 'cmake_clean_first': False, 'cmake_force_configure': False, 'cmake_target': None, 'cmake_target_skip_unavailable': False, 'install_base': '/home/dev/Desktop/MTRN4231_Project/install/arm_controller', 'merge_install': False, 'path': '/home/dev/Desktop/MTRN4231_Project/src/arm_controller', 'symlink_install': False, 'test_result_base': None}
[0.322s] Level 5:colcon.colcon_core.verb:set package 'ur5e_custom_description' build argument 'cmake_args' from command line to 'None'
[0.322s] Level 5:colcon.colcon_core.verb:set package 'ur5e_custom_description' build argument 'cmake_target' from command line to 'None'
[0.322s] Level 5:colcon.colcon_core.verb:set package 'ur5e_custom_description' build argument 'cmake_target_skip_unavailable' from command line to 'False'
[0.322s] Level 5:colcon.colcon_core.verb:set package 'ur5e_custom_description' build argument 'cmake_clean_cache' from command line to 'False'
[0.322s] Level 5:colcon.colcon_core.verb:set package 'ur5e_custom_description' build argument 'cmake_clean_first' from command line to 'False'
[0.322s] Level 5:colcon.colcon_core.verb:set package 'ur5e_custom_description' build argument 'cmake_force_configure' from command line to 'False'
[0.322s] Level 5:colcon.colcon_core.verb:set package 'ur5e_custom_description' build argument 'ament_cmake_args' from command line to 'None'
[0.322s] Level 5:colcon.colcon_core.verb:set package 'ur5e_custom_description' build argument 'catkin_cmake_args' from command line to 'None'
[0.322s] Level 5:colcon.colcon_core.verb:set package 'ur5e_custom_description' build argument 'catkin_skip_building_tests' from command line to 'False'
[0.322s] DEBUG:colcon.colcon_core.verb:Building package 'ur5e_custom_description' with the following arguments: {'ament_cmake_args': None, 'build_base': '/home/dev/Desktop/MTRN4231_Project/build/ur5e_custom_description', 'catkin_cmake_args': None, 'catkin_skip_building_tests': False, 'cmake_args': None, 'cmake_clean_cache': False, 'cmake_clean_first': False, 'cmake_force_configure': False, 'cmake_target': None, 'cmake_target_skip_unavailable': False, 'install_base': '/home/dev/Desktop/MTRN4231_Project/install/ur5e_custom_description', 'merge_install': False, 'path': '/home/dev/Desktop/MTRN4231_Project/src/ur5e_custom_description', 'symlink_install': False, 'test_result_base': None}
[0.322s] INFO:colcon.colcon_core.executor:Executing jobs using 'parallel' executor
[0.323s] DEBUG:colcon.colcon_parallel_executor.executor.parallel:run_until_complete
[0.323s] INFO:colcon.colcon_ros.task.ament_cmake.build:Building ROS package in '/home/dev/Desktop/MTRN4231_Project/src/custom_interfaces' with build type 'ament_cmake'
[0.323s] INFO:colcon.colcon_cmake.task.cmake.build:Building CMake package in '/home/dev/Desktop/MTRN4231_Project/src/custom_interfaces'
[0.325s] INFO:colcon.colcon_core.plugin_system:Skipping extension 'colcon_core.shell.bat': Not used on non-Windows systems
[0.325s] INFO:colcon.colcon_core.shell:Skip shell extension 'powershell' for command environment: Not usable outside of PowerShell
[0.325s] DEBUG:colcon.colcon_core.shell:Skip shell extension 'dsv' for command environment
[0.329s] INFO:colcon.colcon_ros.task.ament_cmake.build:Building ROS package in '/home/dev/Desktop/MTRN4231_Project/src/end_effector_description' with build type 'ament_cmake'
[0.329s] INFO:colcon.colcon_cmake.task.cmake.build:Building CMake package in '/home/dev/Desktop/MTRN4231_Project/src/end_effector_description'
[0.329s] INFO:colcon.colcon_core.shell:Skip shell extension 'powershell' for command environment: Not usable outside of PowerShell
[0.329s] DEBUG:colcon.colcon_core.shell:Skip shell extension 'dsv' for command environment
[0.333s] INFO:colcon.colcon_ros.task.ament_cmake.build:Building ROS package in '/home/dev/Desktop/MTRN4231_Project/src/ur5e_moveit_config_custom' with build type 'ament_cmake'
[0.333s] INFO:colcon.colcon_cmake.task.cmake.build:Building CMake package in '/home/dev/Desktop/MTRN4231_Project/src/ur5e_moveit_config_custom'
[0.334s] INFO:colcon.colcon_core.shell:Skip shell extension 'powershell' for command environment: Not usable outside of PowerShell
[0.334s] DEBUG:colcon.colcon_core.shell:Skip shell extension 'dsv' for command environment
[0.343s] DEBUG:colcon.colcon_core.event_handler.log_command:Invoking command in '/home/dev/Desktop/MTRN4231_Project/build/custom_interfaces': CMAKE_PREFIX_PATH=${CMAKE_PREFIX_PATH}:/opt/ros/humble /usr/bin/cmake --build /home/dev/Desktop/MTRN4231_Project/build/custom_interfaces -- -j12 -l12
[0.347s] DEBUG:colcon.colcon_core.event_handler.log_command:Invoking command in '/home/dev/Desktop/MTRN4231_Project/build/end_effector_description': CMAKE_PREFIX_PATH=${CMAKE_PREFIX_PATH}:/opt/ros/humble /usr/bin/cmake --build /home/dev/Desktop/MTRN4231_Project/build/end_effector_description -- -j12 -l12
[0.349s] DEBUG:colcon.colcon_core.event_handler.log_command:Invoking command in '/home/dev/Desktop/MTRN4231_Project/build/ur5e_moveit_config_custom': CMAKE_PREFIX_PATH=${CMAKE_PREFIX_PATH}:/opt/ros/humble /usr/bin/cmake --build /home/dev/Desktop/MTRN4231_Project/build/ur5e_moveit_config_custom -- -j12 -l12
[0.385s] DEBUG:colcon.colcon_core.event_handler.log_command:Invoked command in '/home/dev/Desktop/MTRN4231_Project/build/end_effector_description' returned '0': CMAKE_PREFIX_PATH=${CMAKE_PREFIX_PATH}:/opt/ros/humble /usr/bin/cmake --build /home/dev/Desktop/MTRN4231_Project/build/end_effector_description -- -j12 -l12
[0.396s] DEBUG:colcon.colcon_core.event_handler.log_command:Invoking command in '/home/dev/Desktop/MTRN4231_Project/build/end_effector_description': CMAKE_PREFIX_PATH=${CMAKE_PREFIX_PATH}:/opt/ros/humble /usr/bin/cmake --install /home/dev/Desktop/MTRN4231_Project/build/end_effector_description
[0.406s] Level 1:colcon.colcon_core.environment:create_environment_scripts_only(end_effector_description)
[0.407s] DEBUG:colcon.colcon_core.event_handler.log_command:Invoked command in '/home/dev/Desktop/MTRN4231_Project/build/end_effector_description' returned '0': CMAKE_PREFIX_PATH=${CMAKE_PREFIX_PATH}:/opt/ros/humble /usr/bin/cmake --install /home/dev/Desktop/MTRN4231_Project/build/end_effector_description
[0.410s] Level 1:colcon.colcon_core.environment:checking '/home/dev/Desktop/MTRN4231_Project/install/end_effector_description' for CMake module files
[0.410s] Level 1:colcon.colcon_core.environment:checking '/home/dev/Desktop/MTRN4231_Project/install/end_effector_description' for CMake config files
[0.411s] Level 1:colcon.colcon_core.shell:create_environment_hook('end_effector_description', 'cmake_prefix_path')
[0.411s] INFO:colcon.colcon_core.shell:Creating environment hook '/home/dev/Desktop/MTRN4231_Project/install/end_effector_description/share/end_effector_description/hook/cmake_prefix_path.ps1'
[0.412s] INFO:colcon.colcon_core.shell:Creating environment descriptor '/home/dev/Desktop/MTRN4231_Project/install/end_effector_description/share/end_effector_description/hook/cmake_prefix_path.dsv'
[0.413s] INFO:colcon.colcon_core.shell:Creating environment hook '/home/dev/Desktop/MTRN4231_Project/install/end_effector_description/share/end_effector_description/hook/cmake_prefix_path.sh'
[0.414s] Level 1:colcon.colcon_core.environment:checking '/home/dev/Desktop/MTRN4231_Project/install/end_effector_description/bin'
[0.414s] Level 1:colcon.colcon_core.environment:checking '/home/dev/Desktop/MTRN4231_Project/install/end_effector_description/lib/pkgconfig/end_effector_description.pc'
[0.414s] Level 1:colcon.colcon_core.environment:checking '/home/dev/Desktop/MTRN4231_Project/install/end_effector_description/lib/python3.10/site-packages'
[0.415s] Level 1:colcon.colcon_core.environment:checking '/home/dev/Desktop/MTRN4231_Project/install/end_effector_description/bin'
[0.415s] INFO:colcon.colcon_core.shell:Creating package script '/home/dev/Desktop/MTRN4231_Project/install/end_effector_description/share/end_effector_description/package.ps1'
[0.416s] INFO:colcon.colcon_core.shell:Creating package descriptor '/home/dev/Desktop/MTRN4231_Project/install/end_effector_description/share/end_effector_description/package.dsv'
[0.416s] INFO:colcon.colcon_core.shell:Creating package script '/home/dev/Desktop/MTRN4231_Project/install/end_effector_description/share/end_effector_description/package.sh'
[0.418s] INFO:colcon.colcon_core.shell:Creating package script '/home/dev/Desktop/MTRN4231_Project/install/end_effector_description/share/end_effector_description/package.bash'
[0.419s] INFO:colcon.colcon_core.shell:Creating package script '/home/dev/Desktop/MTRN4231_Project/install/end_effector_description/share/end_effector_description/package.zsh'
[0.420s] Level 1:colcon.colcon_core.environment:create_file_with_runtime_dependencies(/home/dev/Desktop/MTRN4231_Project/install/end_effector_description/share/colcon-core/packages/end_effector_description)
[0.421s] Level 1:colcon.colcon_core.environment:create_environment_scripts_only(end_effector_description)
[0.421s] Level 1:colcon.colcon_core.environment:checking '/home/dev/Desktop/MTRN4231_Project/install/end_effector_description' for CMake module files
[0.422s] Level 1:colcon.colcon_core.environment:checking '/home/dev/Desktop/MTRN4231_Project/install/end_effector_description' for CMake config files
[0.423s] Level 1:colcon.colcon_core.shell:create_environment_hook('end_effector_description', 'cmake_prefix_path')
[0.423s] INFO:colcon.colcon_core.shell:Creating environment hook '/home/dev/Desktop/MTRN4231_Project/install/end_effector_description/share/end_effector_description/hook/cmake_prefix_path.ps1'
[0.424s] INFO:colcon.colcon_core.shell:Creating environment descriptor '/home/dev/Desktop/MTRN4231_Project/install/end_effector_description/share/end_effector_description/hook/cmake_prefix_path.dsv'
[0.425s] INFO:colcon.colcon_core.shell:Creating environment hook '/home/dev/Desktop/MTRN4231_Project/install/end_effector_description/share/end_effector_description/hook/cmake_prefix_path.sh'
[0.426s] Level 1:colcon.colcon_core.environment:checking '/home/dev/Desktop/MTRN4231_Project/install/end_effector_description/bin'
[0.426s] Level 1:colcon.colcon_core.environment:checking '/home/dev/Desktop/MTRN4231_Project/install/end_effector_description/lib/pkgconfig/end_effector_description.pc'
[0.426s] Level 1:colcon.colcon_core.environment:checking '/home/dev/Desktop/MTRN4231_Project/install/end_effector_description/lib/python3.10/site-packages'
[0.427s] Level 1:colcon.colcon_core.environment:checking '/home/dev/Desktop/MTRN4231_Project/install/end_effector_description/bin'
[0.427s] INFO:colcon.colcon_core.shell:Creating package script '/home/dev/Desktop/MTRN4231_Project/install/end_effector_description/share/end_effector_description/package.ps1'
[0.428s] INFO:colcon.colcon_core.shell:Creating package descriptor '/home/dev/Desktop/MTRN4231_Project/install/end_effector_description/share/end_effector_description/package.dsv'
[0.429s] INFO:colcon.colcon_core.shell:Creating package script '/home/dev/Desktop/MTRN4231_Project/install/end_effector_description/share/end_effector_description/package.sh'
[0.429s] INFO:colcon.colcon_core.shell:Creating package script '/home/dev/Desktop/MTRN4231_Project/install/end_effector_description/share/end_effector_description/package.bash'
[0.430s] INFO:colcon.colcon_core.shell:Creating package script '/home/dev/Desktop/MTRN4231_Project/install/end_effector_description/share/end_effector_description/package.zsh'
[0.430s] Level 1:colcon.colcon_core.environment:create_file_with_runtime_dependencies(/home/dev/Desktop/MTRN4231_Project/install/end_effector_description/share/colcon-core/packages/end_effector_description)
[0.431s] INFO:colcon.colcon_ros.task.ament_cmake.build:Building ROS package in '/home/dev/Desktop/MTRN4231_Project/src/ur5e_custom_description' with build type 'ament_cmake'
[0.431s] INFO:colcon.colcon_cmake.task.cmake.build:Building CMake package in '/home/dev/Desktop/MTRN4231_Project/src/ur5e_custom_description'
[0.431s] INFO:colcon.colcon_core.shell:Skip shell extension 'powershell' for command environment: Not usable outside of PowerShell
[0.432s] DEBUG:colcon.colcon_core.shell:Skip shell extension 'dsv' for command environment
[0.446s] DEBUG:colcon.colcon_core.event_handler.log_command:Invoking command in '/home/dev/Desktop/MTRN4231_Project/build/ur5e_custom_description': CMAKE_PREFIX_PATH=/home/dev/Desktop/MTRN4231_Project/install/end_effector_description:/home/dev/Desktop/MTRN4231_Project/install/ur5e_moveit_config_custom:/home/dev/Desktop/MTRN4231_Project/install/ur5e_custom_description:/home/dev/Desktop/MTRN4231_Project/install/arm_controller:/home/dev/Desktop/MTRN4231_Project/install/custom_interfaces:/opt/ros/humble /usr/bin/cmake --build /home/dev/Desktop/MTRN4231_Project/build/ur5e_custom_description -- -j12 -l12
[0.497s] DEBUG:colcon.colcon_core.event_handler.log_command:Invoked command in '/home/dev/Desktop/MTRN4231_Project/build/ur5e_custom_description' returned '0': CMAKE_PREFIX_PATH=/home/dev/Desktop/MTRN4231_Project/install/end_effector_description:/home/dev/Desktop/MTRN4231_Project/install/ur5e_moveit_config_custom:/home/dev/Desktop/MTRN4231_Project/install/ur5e_custom_description:/home/dev/Desktop/MTRN4231_Project/install/arm_controller:/home/dev/Desktop/MTRN4231_Project/install/custom_interfaces:/opt/ros/humble /usr/bin/cmake --build /home/dev/Desktop/MTRN4231_Project/build/ur5e_custom_description -- -j12 -l12
[0.499s] DEBUG:colcon.colcon_core.event_handler.log_command:Invoking command in '/home/dev/Desktop/MTRN4231_Project/build/ur5e_custom_description': CMAKE_PREFIX_PATH=/home/dev/Desktop/MTRN4231_Project/install/end_effector_description:/home/dev/Desktop/MTRN4231_Project/install/ur5e_moveit_config_custom:/home/dev/Desktop/MTRN4231_Project/install/ur5e_custom_description:/home/dev/Desktop/MTRN4231_Project/install/arm_controller:/home/dev/Desktop/MTRN4231_Project/install/custom_interfaces:/opt/ros/humble /usr/bin/cmake --install /home/dev/Desktop/MTRN4231_Project/build/ur5e_custom_description
[0.509s] Level 1:colcon.colcon_core.environment:create_environment_scripts_only(ur5e_custom_description)
[0.509s] Level 1:colcon.colcon_core.environment:checking '/home/dev/Desktop/MTRN4231_Project/install/ur5e_custom_description' for CMake module files
[0.509s] DEBUG:colcon.colcon_core.event_handler.log_command:Invoked command in '/home/dev/Desktop/MTRN4231_Project/build/ur5e_custom_description' returned '0': CMAKE_PREFIX_PATH=/home/dev/Desktop/MTRN4231_Project/install/end_effector_description:/home/dev/Desktop/MTRN4231_Project/install/ur5e_moveit_config_custom:/home/dev/Desktop/MTRN4231_Project/install/ur5e_custom_description:/home/dev/Desktop/MTRN4231_Project/install/arm_controller:/home/dev/Desktop/MTRN4231_Project/install/custom_interfaces:/opt/ros/humble /usr/bin/cmake --install /home/dev/Desktop/MTRN4231_Project/build/ur5e_custom_description
[0.510s] Level 1:colcon.colcon_core.environment:checking '/home/dev/Desktop/MTRN4231_Project/install/ur5e_custom_description' for CMake config files
[0.510s] Level 1:colcon.colcon_core.shell:create_environment_hook('ur5e_custom_description', 'cmake_prefix_path')
[0.510s] INFO:colcon.colcon_core.shell:Creating environment hook '/home/dev/Desktop/MTRN4231_Project/install/ur5e_custom_description/share/ur5e_custom_description/hook/cmake_prefix_path.ps1'
[0.511s] INFO:colcon.colcon_core.shell:Creating environment descriptor '/home/dev/Desktop/MTRN4231_Project/install/ur5e_custom_description/share/ur5e_custom_description/hook/cmake_prefix_path.dsv'
[0.511s] INFO:colcon.colcon_core.shell:Creating environment hook '/home/dev/Desktop/MTRN4231_Project/install/ur5e_custom_description/share/ur5e_custom_description/hook/cmake_prefix_path.sh'
[0.512s] Level 1:colcon.colcon_core.environment:checking '/home/dev/Desktop/MTRN4231_Project/install/ur5e_custom_description/bin'
[0.512s] Level 1:colcon.colcon_core.environment:checking '/home/dev/Desktop/MTRN4231_Project/install/ur5e_custom_description/lib/pkgconfig/ur5e_custom_description.pc'
[0.512s] Level 1:colcon.colcon_core.environment:checking '/home/dev/Desktop/MTRN4231_Project/install/ur5e_custom_description/lib/python3.10/site-packages'
[0.512s] Level 1:colcon.colcon_core.environment:checking '/home/dev/Desktop/MTRN4231_Project/install/ur5e_custom_description/bin'
[0.513s] INFO:colcon.colcon_core.shell:Creating package script '/home/dev/Desktop/MTRN4231_Project/install/ur5e_custom_description/share/ur5e_custom_description/package.ps1'
[0.513s] INFO:colcon.colcon_core.shell:Creating package descriptor '/home/dev/Desktop/MTRN4231_Project/install/ur5e_custom_description/share/ur5e_custom_description/package.dsv'
[0.514s] INFO:colcon.colcon_core.shell:Creating package script '/home/dev/Desktop/MTRN4231_Project/install/ur5e_custom_description/share/ur5e_custom_description/package.sh'
[0.514s] INFO:colcon.colcon_core.shell:Creating package script '/home/dev/Desktop/MTRN4231_Project/install/ur5e_custom_description/share/ur5e_custom_description/package.bash'
[0.514s] INFO:colcon.colcon_core.shell:Creating package script '/home/dev/Desktop/MTRN4231_Project/install/ur5e_custom_description/share/ur5e_custom_description/package.zsh'
[0.515s] Level 1:colcon.colcon_core.environment:create_file_with_runtime_dependencies(/home/dev/Desktop/MTRN4231_Project/install/ur5e_custom_description/share/colcon-core/packages/ur5e_custom_description)
[0.515s] Level 1:colcon.colcon_core.environment:create_environment_scripts_only(ur5e_custom_description)
[0.515s] Level 1:colcon.colcon_core.environment:checking '/home/dev/Desktop/MTRN4231_Project/install/ur5e_custom_description' for CMake module files
[0.516s] Level 1:colcon.colcon_core.environment:checking '/home/dev/Desktop/MTRN4231_Project/install/ur5e_custom_description' for CMake config files
[0.516s] Level 1:colcon.colcon_core.shell:create_environment_hook('ur5e_custom_description', 'cmake_prefix_path')
[0.516s] INFO:colcon.colcon_core.shell:Creating environment hook '/home/dev/Desktop/MTRN4231_Project/install/ur5e_custom_description/share/ur5e_custom_description/hook/cmake_prefix_path.ps1'
[0.517s] INFO:colcon.colcon_core.shell:Creating environment descriptor '/home/dev/Desktop/MTRN4231_Project/install/ur5e_custom_description/share/ur5e_custom_description/hook/cmake_prefix_path.dsv'
[0.517s] INFO:colcon.colcon_core.shell:Creating environment hook '/home/dev/Desktop/MTRN4231_Project/install/ur5e_custom_description/share/ur5e_custom_description/hook/cmake_prefix_path.sh'
[0.518s] Level 1:colcon.colcon_core.environment:checking '/home/dev/Desktop/MTRN4231_Project/install/ur5e_custom_description/bin'
[0.518s] Level 1:colcon.colcon_core.environment:checking '/home/dev/Desktop/MTRN4231_Project/install/ur5e_custom_description/lib/pkgconfig/ur5e_custom_description.pc'
[0.518s] Level 1:colcon.colcon_core.environment:checking '/home/dev/Desktop/MTRN4231_Project/install/ur5e_custom_description/lib/python3.10/site-packages'
[0.518s] Level 1:colcon.colcon_core.environment:checking '/home/dev/Desktop/MTRN4231_Project/install/ur5e_custom_description/bin'
[0.519s] INFO:colcon.colcon_core.shell:Creating package script '/home/dev/Desktop/MTRN4231_Project/install/ur5e_custom_description/share/ur5e_custom_description/package.ps1'
[0.519s] INFO:colcon.colcon_core.shell:Creating package descriptor '/home/dev/Desktop/MTRN4231_Project/install/ur5e_custom_description/share/ur5e_custom_description/package.dsv'
[0.520s] INFO:colcon.colcon_core.shell:Creating package script '/home/dev/Desktop/MTRN4231_Project/install/ur5e_custom_description/share/ur5e_custom_description/package.sh'
[0.520s] INFO:colcon.colcon_core.shell:Creating package script '/home/dev/Desktop/MTRN4231_Project/install/ur5e_custom_description/share/ur5e_custom_description/package.bash'
[0.520s] INFO:colcon.colcon_core.shell:Creating package script '/home/dev/Desktop/MTRN4231_Project/install/ur5e_custom_description/share/ur5e_custom_description/package.zsh'
[0.521s] Level 1:colcon.colcon_core.environment:create_file_with_runtime_dependencies(/home/dev/Desktop/MTRN4231_Project/install/ur5e_custom_description/share/colcon-core/packages/ur5e_custom_description)
[0.698s] DEBUG:colcon.colcon_core.event_handler.log_command:Invoked command in '/home/dev/Desktop/MTRN4231_Project/build/ur5e_moveit_config_custom' returned '0': CMAKE_PREFIX_PATH=${CMAKE_PREFIX_PATH}:/opt/ros/humble /usr/bin/cmake --build /home/dev/Desktop/MTRN4231_Project/build/ur5e_moveit_config_custom -- -j12 -l12
[0.699s] DEBUG:colcon.colcon_core.event_handler.log_command:Invoking command in '/home/dev/Desktop/MTRN4231_Project/build/ur5e_moveit_config_custom': CMAKE_PREFIX_PATH=${CMAKE_PREFIX_PATH}:/opt/ros/humble /usr/bin/cmake --install /home/dev/Desktop/MTRN4231_Project/build/ur5e_moveit_config_custom
[0.700s] DEBUG:colcon.colcon_core.event_handler.log_command:Invoked command in '/home/dev/Desktop/MTRN4231_Project/build/custom_interfaces' returned '0': CMAKE_PREFIX_PATH=${CMAKE_PREFIX_PATH}:/opt/ros/humble /usr/bin/cmake --build /home/dev/Desktop/MTRN4231_Project/build/custom_interfaces -- -j12 -l12
[0.701s] DEBUG:colcon.colcon_core.event_handler.log_command:Invoking command in '/home/dev/Desktop/MTRN4231_Project/build/custom_interfaces': CMAKE_PREFIX_PATH=${CMAKE_PREFIX_PATH}:/opt/ros/humble /usr/bin/cmake --install /home/dev/Desktop/MTRN4231_Project/build/custom_interfaces
[0.757s] Level 1:colcon.colcon_core.environment:create_environment_scripts_only(custom_interfaces)
[0.757s] Level 1:colcon.colcon_core.environment:checking '/home/dev/Desktop/MTRN4231_Project/install/custom_interfaces' for CMake module files
[0.758s] DEBUG:colcon.colcon_core.event_handler.log_command:Invoked command in '/home/dev/Desktop/MTRN4231_Project/build/custom_interfaces' returned '0': CMAKE_PREFIX_PATH=${CMAKE_PREFIX_PATH}:/opt/ros/humble /usr/bin/cmake --install /home/dev/Desktop/MTRN4231_Project/build/custom_interfaces
[0.759s] Level 1:colcon.colcon_core.environment:checking '/home/dev/Desktop/MTRN4231_Project/install/custom_interfaces' for CMake config files
[0.759s] Level 1:colcon.colcon_core.shell:create_environment_hook('custom_interfaces', 'cmake_prefix_path')
[0.760s] INFO:colcon.colcon_core.shell:Creating environment hook '/home/dev/Desktop/MTRN4231_Project/install/custom_interfaces/share/custom_interfaces/hook/cmake_prefix_path.ps1'
[0.760s] INFO:colcon.colcon_core.shell:Creating environment descriptor '/home/dev/Desktop/MTRN4231_Project/install/custom_interfaces/share/custom_interfaces/hook/cmake_prefix_path.dsv'
[0.761s] INFO:colcon.colcon_core.shell:Creating environment hook '/home/dev/Desktop/MTRN4231_Project/install/custom_interfaces/share/custom_interfaces/hook/cmake_prefix_path.sh'
[0.761s] Level 1:colcon.colcon_core.environment:checking '/home/dev/Desktop/MTRN4231_Project/install/custom_interfaces/lib'
[0.761s] Level 1:colcon.colcon_core.shell:create_environment_hook('custom_interfaces', 'ld_library_path_lib')
[0.762s] INFO:colcon.colcon_core.shell:Creating environment hook '/home/dev/Desktop/MTRN4231_Project/install/custom_interfaces/share/custom_interfaces/hook/ld_library_path_lib.ps1'
[0.762s] INFO:colcon.colcon_core.shell:Creating environment descriptor '/home/dev/Desktop/MTRN4231_Project/install/custom_interfaces/share/custom_interfaces/hook/ld_library_path_lib.dsv'
[0.762s] INFO:colcon.colcon_core.shell:Creating environment hook '/home/dev/Desktop/MTRN4231_Project/install/custom_interfaces/share/custom_interfaces/hook/ld_library_path_lib.sh'
[0.763s] Level 1:colcon.colcon_core.environment:checking '/home/dev/Desktop/MTRN4231_Project/install/custom_interfaces/bin'
[0.763s] Level 1:colcon.colcon_core.environment:checking '/home/dev/Desktop/MTRN4231_Project/install/custom_interfaces/lib/pkgconfig/custom_interfaces.pc'
[0.763s] Level 1:colcon.colcon_core.environment:checking '/home/dev/Desktop/MTRN4231_Project/install/custom_interfaces/lib/python3.10/site-packages'
[0.763s] Level 1:colcon.colcon_core.environment:checking '/home/dev/Desktop/MTRN4231_Project/install/custom_interfaces/bin'
[0.764s] INFO:colcon.colcon_core.shell:Creating package script '/home/dev/Desktop/MTRN4231_Project/install/custom_interfaces/share/custom_interfaces/package.ps1'
[0.764s] INFO:colcon.colcon_core.shell:Creating package descriptor '/home/dev/Desktop/MTRN4231_Project/install/custom_interfaces/share/custom_interfaces/package.dsv'
[0.764s] INFO:colcon.colcon_core.shell:Creating package script '/home/dev/Desktop/MTRN4231_Project/install/custom_interfaces/share/custom_interfaces/package.sh'
[0.765s] INFO:colcon.colcon_core.shell:Creating package script '/home/dev/Desktop/MTRN4231_Project/install/custom_interfaces/share/custom_interfaces/package.bash'
[0.765s] INFO:colcon.colcon_core.shell:Creating package script '/home/dev/Desktop/MTRN4231_Project/install/custom_interfaces/share/custom_interfaces/package.zsh'
[0.765s] Level 1:colcon.colcon_core.environment:create_file_with_runtime_dependencies(/home/dev/Desktop/MTRN4231_Project/install/custom_interfaces/share/colcon-core/packages/custom_interfaces)
[0.766s] Level 1:colcon.colcon_core.environment:create_environment_scripts_only(custom_interfaces)
[0.766s] Level 1:colcon.colcon_core.environment:checking '/home/dev/Desktop/MTRN4231_Project/install/custom_interfaces' for CMake module files
[0.767s] Level 1:colcon.colcon_core.environment:checking '/home/dev/Desktop/MTRN4231_Project/install/custom_interfaces' for CMake config files
[0.767s] Level 1:colcon.colcon_core.shell:create_environment_hook('custom_interfaces', 'cmake_prefix_path')
[0.768s] INFO:colcon.colcon_core.shell:Creating environment hook '/home/dev/Desktop/MTRN4231_Project/install/custom_interfaces/share/custom_interfaces/hook/cmake_prefix_path.ps1'
[0.768s] INFO:colcon.colcon_core.shell:Creating environment descriptor '/home/dev/Desktop/MTRN4231_Project/install/custom_interfaces/share/custom_interfaces/hook/cmake_prefix_path.dsv'
[0.768s] INFO:colcon.colcon_core.shell:Creating environment hook '/home/dev/Desktop/MTRN4231_Project/install/custom_interfaces/share/custom_interfaces/hook/cmake_prefix_path.sh'
[0.769s] Level 1:colcon.colcon_core.environment:checking '/home/dev/Desktop/MTRN4231_Project/install/custom_interfaces/lib'
[0.769s] Level 1:colcon.colcon_core.shell:create_environment_hook('custom_interfaces', 'ld_library_path_lib')
[0.769s] INFO:colcon.colcon_core.shell:Creating environment hook '/home/dev/Desktop/MTRN4231_Project/install/custom_interfaces/share/custom_interfaces/hook/ld_library_path_lib.ps1'
[0.769s] INFO:colcon.colcon_core.shell:Creating environment descriptor '/home/dev/Desktop/MTRN4231_Project/install/custom_interfaces/share/custom_interfaces/hook/ld_library_path_lib.dsv'
[0.769s] INFO:colcon.colcon_core.shell:Creating environment hook '/home/dev/Desktop/MTRN4231_Project/install/custom_interfaces/share/custom_interfaces/hook/ld_library_path_lib.sh'
[0.770s] Level 1:colcon.colcon_core.environment:checking '/home/dev/Desktop/MTRN4231_Project/install/custom_interfaces/bin'
[0.770s] Level 1:colcon.colcon_core.environment:checking '/home/dev/Desktop/MTRN4231_Project/install/custom_interfaces/lib/pkgconfig/custom_interfaces.pc'
[0.770s] Level 1:colcon.colcon_core.environment:checking '/home/dev/Desktop/MTRN4231_Project/install/custom_interfaces/lib/python3.10/site-packages'
[0.770s] Level 1:colcon.colcon_core.environment:checking '/home/dev/Desktop/MTRN4231_Project/install/custom_interfaces/bin'
[0.770s] INFO:colcon.colcon_core.shell:Creating package script '/home/dev/Desktop/MTRN4231_Project/install/custom_interfaces/share/custom_interfaces/package.ps1'
[0.771s] INFO:colcon.colcon_core.shell:Creating package descriptor '/home/dev/Desktop/MTRN4231_Project/install/custom_interfaces/share/custom_interfaces/package.dsv'
[0.771s] INFO:colcon.colcon_core.shell:Creating package script '/home/dev/Desktop/MTRN4231_Project/install/custom_interfaces/share/custom_interfaces/package.sh'
[0.772s] INFO:colcon.colcon_core.shell:Creating package script '/home/dev/Desktop/MTRN4231_Project/install/custom_interfaces/share/custom_interfaces/package.bash'
[0.772s] INFO:colcon.colcon_core.shell:Creating package script '/home/dev/Desktop/MTRN4231_Project/install/custom_interfaces/share/custom_interfaces/package.zsh'
[0.772s] Level 1:colcon.colcon_core.environment:create_file_with_runtime_dependencies(/home/dev/Desktop/MTRN4231_Project/install/custom_interfaces/share/colcon-core/packages/custom_interfaces)
[0.773s] INFO:colcon.colcon_ros.task.ament_cmake.build:Building ROS package in '/home/dev/Desktop/MTRN4231_Project/src/arm_controller' with build type 'ament_cmake'
[0.773s] INFO:colcon.colcon_cmake.task.cmake.build:Building CMake package in '/home/dev/Desktop/MTRN4231_Project/src/arm_controller'
[0.773s] INFO:colcon.colcon_core.shell:Skip shell extension 'powershell' for command environment: Not usable outside of PowerShell
[0.773s] DEBUG:colcon.colcon_core.shell:Skip shell extension 'dsv' for command environment
[0.780s] Level 1:colcon.colcon_core.environment:create_environment_scripts_only(ur5e_moveit_config_custom)
[0.780s] Level 1:colcon.colcon_core.environment:checking '/home/dev/Desktop/MTRN4231_Project/install/ur5e_moveit_config_custom' for CMake module files
[0.781s] DEBUG:colcon.colcon_core.event_handler.log_command:Invoked command in '/home/dev/Desktop/MTRN4231_Project/build/ur5e_moveit_config_custom' returned '0': CMAKE_PREFIX_PATH=${CMAKE_PREFIX_PATH}:/opt/ros/humble /usr/bin/cmake --install /home/dev/Desktop/MTRN4231_Project/build/ur5e_moveit_config_custom
[0.781s] Level 1:colcon.colcon_core.environment:checking '/home/dev/Desktop/MTRN4231_Project/install/ur5e_moveit_config_custom' for CMake config files
[0.782s] Level 1:colcon.colcon_core.shell:create_environment_hook('ur5e_moveit_config_custom', 'cmake_prefix_path')
[0.782s] INFO:colcon.colcon_core.shell:Creating environment hook '/home/dev/Desktop/MTRN4231_Project/install/ur5e_moveit_config_custom/share/ur5e_moveit_config_custom/hook/cmake_prefix_path.ps1'
[0.782s] INFO:colcon.colcon_core.shell:Creating environment descriptor '/home/dev/Desktop/MTRN4231_Project/install/ur5e_moveit_config_custom/share/ur5e_moveit_config_custom/hook/cmake_prefix_path.dsv'
[0.783s] INFO:colcon.colcon_core.shell:Creating environment hook '/home/dev/Desktop/MTRN4231_Project/install/ur5e_moveit_config_custom/share/ur5e_moveit_config_custom/hook/cmake_prefix_path.sh'
[0.783s] Level 1:colcon.colcon_core.environment:checking '/home/dev/Desktop/MTRN4231_Project/install/ur5e_moveit_config_custom/bin'
[0.783s] Level 1:colcon.colcon_core.environment:checking '/home/dev/Desktop/MTRN4231_Project/install/ur5e_moveit_config_custom/lib/pkgconfig/ur5e_moveit_config_custom.pc'
[0.783s] Level 1:colcon.colcon_core.environment:checking '/home/dev/Desktop/MTRN4231_Project/install/ur5e_moveit_config_custom/lib/python3.10/site-packages'
[0.784s] Level 1:colcon.colcon_core.environment:checking '/home/dev/Desktop/MTRN4231_Project/install/ur5e_moveit_config_custom/bin'
[0.784s] INFO:colcon.colcon_core.shell:Creating package script '/home/dev/Desktop/MTRN4231_Project/install/ur5e_moveit_config_custom/share/ur5e_moveit_config_custom/package.ps1'
[0.784s] INFO:colcon.colcon_core.shell:Creating package descriptor '/home/dev/Desktop/MTRN4231_Project/install/ur5e_moveit_config_custom/share/ur5e_moveit_config_custom/package.dsv'
[0.785s] INFO:colcon.colcon_core.shell:Creating package script '/home/dev/Desktop/MTRN4231_Project/install/ur5e_moveit_config_custom/share/ur5e_moveit_config_custom/package.sh'
[0.785s] INFO:colcon.colcon_core.shell:Creating package script '/home/dev/Desktop/MTRN4231_Project/install/ur5e_moveit_config_custom/share/ur5e_moveit_config_custom/package.bash'
[0.785s] INFO:colcon.colcon_core.shell:Creating package script '/home/dev/Desktop/MTRN4231_Project/install/ur5e_moveit_config_custom/share/ur5e_moveit_config_custom/package.zsh'
[0.786s] Level 1:colcon.colcon_core.environment:create_file_with_runtime_dependencies(/home/dev/Desktop/MTRN4231_Project/install/ur5e_moveit_config_custom/share/colcon-core/packages/ur5e_moveit_config_custom)
[0.786s] Level 1:colcon.colcon_core.environment:create_environment_scripts_only(ur5e_moveit_config_custom)
[0.786s] Level 1:colcon.colcon_core.environment:checking '/home/dev/Desktop/MTRN4231_Project/install/ur5e_moveit_config_custom' for CMake module files
[0.787s] Level 1:colcon.colcon_core.environment:checking '/home/dev/Desktop/MTRN4231_Project/install/ur5e_moveit_config_custom' for CMake config files
[0.787s] Level 1:colcon.colcon_core.shell:create_environment_hook('ur5e_moveit_config_custom', 'cmake_prefix_path')
[0.787s] INFO:colcon.colcon_core.shell:Creating environment hook '/home/dev/Desktop/MTRN4231_Project/install/ur5e_moveit_config_custom/share/ur5e_moveit_config_custom/hook/cmake_prefix_path.ps1'
[0.788s] INFO:colcon.colcon_core.shell:Creating environment descriptor '/home/dev/Desktop/MTRN4231_Project/install/ur5e_moveit_config_custom/share/ur5e_moveit_config_custom/hook/cmake_prefix_path.dsv'
[0.788s] INFO:colcon.colcon_core.shell:Creating environment hook '/home/dev/Desktop/MTRN4231_Project/install/ur5e_moveit_config_custom/share/ur5e_moveit_config_custom/hook/cmake_prefix_path.sh'
[0.788s] Level 1:colcon.colcon_core.environment:checking '/home/dev/Desktop/MTRN4231_Project/install/ur5e_moveit_config_custom/bin'
[0.789s] Level 1:colcon.colcon_core.environment:checking '/home/dev/Desktop/MTRN4231_Project/install/ur5e_moveit_config_custom/lib/pkgconfig/ur5e_moveit_config_custom.pc'
[0.789s] Level 1:colcon.colcon_core.environment:checking '/home/dev/Desktop/MTRN4231_Project/install/ur5e_moveit_config_custom/lib/python3.10/site-packages'
[0.789s] Level 1:colcon.colcon_core.environment:checking '/home/dev/Desktop/MTRN4231_Project/install/ur5e_moveit_config_custom/bin'
[0.789s] INFO:colcon.colcon_core.shell:Creating package script '/home/dev/Desktop/MTRN4231_Project/install/ur5e_moveit_config_custom/share/ur5e_moveit_config_custom/package.ps1'
[0.789s] INFO:colcon.colcon_core.shell:Creating package descriptor '/home/dev/Desktop/MTRN4231_Project/install/ur5e_moveit_config_custom/share/ur5e_moveit_config_custom/package.dsv'
[0.790s] INFO:colcon.colcon_core.shell:Creating package script '/home/dev/Desktop/MTRN4231_Project/install/ur5e_moveit_config_custom/share/ur5e_moveit_config_custom/package.sh'
[0.790s] INFO:colcon.colcon_core.shell:Creating package script '/home/dev/Desktop/MTRN4231_Project/install/ur5e_moveit_config_custom/share/ur5e_moveit_config_custom/package.bash'
[0.791s] INFO:colcon.colcon_core.shell:Creating package script '/home/dev/Desktop/MTRN4231_Project/install/ur5e_moveit_config_custom/share/ur5e_moveit_config_custom/package.zsh'
[0.791s] Level 1:colcon.colcon_core.environment:create_file_with_runtime_dependencies(/home/dev/Desktop/MTRN4231_Project/install/ur5e_moveit_config_custom/share/colcon-core/packages/ur5e_moveit_config_custom)
[0.794s] DEBUG:colcon.colcon_core.event_handler.log_command:Invoking command in '/home/dev/Desktop/MTRN4231_Project/build/arm_controller': CMAKE_PREFIX_PATH=/home/dev/Desktop/MTRN4231_Project/install/custom_interfaces:/home/dev/Desktop/MTRN4231_Project/install/ur5e_moveit_config_custom:/home/dev/Desktop/MTRN4231_Project/install/ur5e_custom_description:/home/dev/Desktop/MTRN4231_Project/install/end_effector_description:/home/dev/Desktop/MTRN4231_Project/install/arm_controller:/opt/ros/humble /usr/bin/cmake --build /home/dev/Desktop/MTRN4231_Project/build/arm_controller -- -j12 -l12
[0.887s] DEBUG:colcon.colcon_core.event_handler.log_command:Invoked command in '/home/dev/Desktop/MTRN4231_Project/build/arm_controller' returned '0': CMAKE_PREFIX_PATH=/home/dev/Desktop/MTRN4231_Project/install/custom_interfaces:/home/dev/Desktop/MTRN4231_Project/install/ur5e_moveit_config_custom:/home/dev/Desktop/MTRN4231_Project/install/ur5e_custom_description:/home/dev/Desktop/MTRN4231_Project/install/end_effector_description:/home/dev/Desktop/MTRN4231_Project/install/arm_controller:/opt/ros/humble /usr/bin/cmake --build /home/dev/Desktop/MTRN4231_Project/build/arm_controller -- -j12 -l12
[0.888s] DEBUG:colcon.colcon_core.event_handler.log_command:Invoking command in '/home/dev/Desktop/MTRN4231_Project/build/arm_controller': CMAKE_PREFIX_PATH=/home/dev/Desktop/MTRN4231_Project/install/custom_interfaces:/home/dev/Desktop/MTRN4231_Project/install/ur5e_moveit_config_custom:/home/dev/Desktop/MTRN4231_Project/install/ur5e_custom_description:/home/dev/Desktop/MTRN4231_Project/install/end_effector_description:/home/dev/Desktop/MTRN4231_Project/install/arm_controller:/opt/ros/humble /usr/bin/cmake --install /home/dev/Desktop/MTRN4231_Project/build/arm_controller
[0.899s] Level 1:colcon.colcon_core.environment:create_environment_scripts_only(arm_controller)
[0.899s] Level 1:colcon.colcon_core.environment:checking '/home/dev/Desktop/MTRN4231_Project/install/arm_controller' for CMake module files
[0.900s] DEBUG:colcon.colcon_core.event_handler.log_command:Invoked command in '/home/dev/Desktop/MTRN4231_Project/build/arm_controller' returned '0': CMAKE_PREFIX_PATH=/home/dev/Desktop/MTRN4231_Project/install/custom_interfaces:/home/dev/Desktop/MTRN4231_Project/install/ur5e_moveit_config_custom:/home/dev/Desktop/MTRN4231_Project/install/ur5e_custom_description:/home/dev/Desktop/MTRN4231_Project/install/end_effector_description:/home/dev/Desktop/MTRN4231_Project/install/arm_controller:/opt/ros/humble /usr/bin/cmake --install /home/dev/Desktop/MTRN4231_Project/build/arm_controller
[0.900s] Level 1:colcon.colcon_core.environment:checking '/home/dev/Desktop/MTRN4231_Project/install/arm_controller' for CMake config files
[0.900s] Level 1:colcon.colcon_core.shell:create_environment_hook('arm_controller', 'cmake_prefix_path')
[0.901s] INFO:colcon.colcon_core.shell:Creating environment hook '/home/dev/Desktop/MTRN4231_Project/install/arm_controller/share/arm_controller/hook/cmake_prefix_path.ps1'
[0.901s] INFO:colcon.colcon_core.shell:Creating environment descriptor '/home/dev/Desktop/MTRN4231_Project/install/arm_controller/share/arm_controller/hook/cmake_prefix_path.dsv'
[0.901s] INFO:colcon.colcon_core.shell:Creating environment hook '/home/dev/Desktop/MTRN4231_Project/install/arm_controller/share/arm_controller/hook/cmake_prefix_path.sh'
[0.902s] Level 1:colcon.colcon_core.environment:checking '/home/dev/Desktop/MTRN4231_Project/install/arm_controller/lib'
[0.902s] Level 1:colcon.colcon_core.environment:checking '/home/dev/Desktop/MTRN4231_Project/install/arm_controller/bin'
[0.902s] Level 1:colcon.colcon_core.environment:checking '/home/dev/Desktop/MTRN4231_Project/install/arm_controller/lib/pkgconfig/arm_controller.pc'
[0.902s] Level 1:colcon.colcon_core.environment:checking '/home/dev/Desktop/MTRN4231_Project/install/arm_controller/lib/python3.10/site-packages'
[0.902s] Level 1:colcon.colcon_core.environment:checking '/home/dev/Desktop/MTRN4231_Project/install/arm_controller/bin'
[0.902s] INFO:colcon.colcon_core.shell:Creating package script '/home/dev/Desktop/MTRN4231_Project/install/arm_controller/share/arm_controller/package.ps1'
[0.903s] INFO:colcon.colcon_core.shell:Creating package descriptor '/home/dev/Desktop/MTRN4231_Project/install/arm_controller/share/arm_controller/package.dsv'
[0.903s] INFO:colcon.colcon_core.shell:Creating package script '/home/dev/Desktop/MTRN4231_Project/install/arm_controller/share/arm_controller/package.sh'
[0.903s] INFO:colcon.colcon_core.shell:Creating package script '/home/dev/Desktop/MTRN4231_Project/install/arm_controller/share/arm_controller/package.bash'
[0.904s] INFO:colcon.colcon_core.shell:Creating package script '/home/dev/Desktop/MTRN4231_Project/install/arm_controller/share/arm_controller/package.zsh'
[0.904s] Level 1:colcon.colcon_core.environment:create_file_with_runtime_dependencies(/home/dev/Desktop/MTRN4231_Project/install/arm_controller/share/colcon-core/packages/arm_controller)
[0.904s] Level 1:colcon.colcon_core.environment:create_environment_scripts_only(arm_controller)
[0.905s] Level 1:colcon.colcon_core.environment:checking '/home/dev/Desktop/MTRN4231_Project/install/arm_controller' for CMake module files
[0.905s] Level 1:colcon.colcon_core.environment:checking '/home/dev/Desktop/MTRN4231_Project/install/arm_controller' for CMake config files
[0.905s] Level 1:colcon.colcon_core.shell:create_environment_hook('arm_controller', 'cmake_prefix_path')
[0.905s] INFO:colcon.colcon_core.shell:Creating environment hook '/home/dev/Desktop/MTRN4231_Project/install/arm_controller/share/arm_controller/hook/cmake_prefix_path.ps1'
[0.905s] INFO:colcon.colcon_core.shell:Creating environment descriptor '/home/dev/Desktop/MTRN4231_Project/install/arm_controller/share/arm_controller/hook/cmake_prefix_path.dsv'
[0.906s] INFO:colcon.colcon_core.shell:Creating environment hook '/home/dev/Desktop/MTRN4231_Project/install/arm_controller/share/arm_controller/hook/cmake_prefix_path.sh'
[0.906s] Level 1:colcon.colcon_core.environment:checking '/home/dev/Desktop/MTRN4231_Project/install/arm_controller/lib'
[0.906s] Level 1:colcon.colcon_core.environment:checking '/home/dev/Desktop/MTRN4231_Project/install/arm_controller/bin'
[0.906s] Level 1:colcon.colcon_core.environment:checking '/home/dev/Desktop/MTRN4231_Project/install/arm_controller/lib/pkgconfig/arm_controller.pc'
[0.906s] Level 1:colcon.colcon_core.environment:checking '/home/dev/Desktop/MTRN4231_Project/install/arm_controller/lib/python3.10/site-packages'
[0.907s] Level 1:colcon.colcon_core.environment:checking '/home/dev/Desktop/MTRN4231_Project/install/arm_controller/bin'
[0.907s] INFO:colcon.colcon_core.shell:Creating package script '/home/dev/Desktop/MTRN4231_Project/install/arm_controller/share/arm_controller/package.ps1'
[0.907s] INFO:colcon.colcon_core.shell:Creating package descriptor '/home/dev/Desktop/MTRN4231_Project/install/arm_controller/share/arm_controller/package.dsv'
[0.908s] INFO:colcon.colcon_core.shell:Creating package script '/home/dev/Desktop/MTRN4231_Project/install/arm_controller/share/arm_controller/package.sh'
[0.908s] INFO:colcon.colcon_core.shell:Creating package script '/home/dev/Desktop/MTRN4231_Project/install/arm_controller/share/arm_controller/package.bash'
[0.908s] INFO:colcon.colcon_core.shell:Creating package script '/home/dev/Desktop/MTRN4231_Project/install/arm_controller/share/arm_controller/package.zsh'
[0.909s] Level 1:colcon.colcon_core.environment:create_file_with_runtime_dependencies(/home/dev/Desktop/MTRN4231_Project/install/arm_controller/share/colcon-core/packages/arm_controller)
[0.909s] DEBUG:colcon.colcon_parallel_executor.executor.parallel:closing loop
[0.909s] DEBUG:colcon.colcon_parallel_executor.executor.parallel:loop closed
[0.909s] DEBUG:colcon.colcon_parallel_executor.executor.parallel:run_until_complete finished with '0'
[0.909s] DEBUG:colcon.colcon_core.event_reactor:joining thread
[0.914s] INFO:colcon.colcon_core.plugin_system:Skipping extension 'colcon_notification.desktop_notification.terminal_notifier': Not used on non-Darwin systems
[0.914s] INFO:colcon.colcon_core.plugin_system:Skipping extension 'colcon_notification.desktop_notification.win32': Not used on non-Windows systems
[0.914s] INFO:colcon.colcon_notification.desktop_notification:Sending desktop notification using 'notify2'
[0.925s] DEBUG:colcon.colcon_core.event_reactor:joined thread
[0.925s] INFO:colcon.colcon_core.shell:Creating prefix script '/home/dev/Desktop/MTRN4231_Project/install/local_setup.ps1'
[0.927s] INFO:colcon.colcon_core.shell:Creating prefix util module '/home/dev/Desktop/MTRN4231_Project/install/_local_setup_util_ps1.py'
[0.928s] INFO:colcon.colcon_core.shell:Creating prefix chain script '/home/dev/Desktop/MTRN4231_Project/install/setup.ps1'
[0.930s] INFO:colcon.colcon_core.shell:Creating prefix script '/home/dev/Desktop/MTRN4231_Project/install/local_setup.sh'
[0.930s] INFO:colcon.colcon_core.shell:Creating prefix util module '/home/dev/Desktop/MTRN4231_Project/install/_local_setup_util_sh.py'
[0.931s] INFO:colcon.colcon_core.shell:Creating prefix chain script '/home/dev/Desktop/MTRN4231_Project/install/setup.sh'
[0.932s] INFO:colcon.colcon_core.shell:Creating prefix script '/home/dev/Desktop/MTRN4231_Project/install/local_setup.bash'
[0.933s] INFO:colcon.colcon_core.shell:Creating prefix chain script '/home/dev/Desktop/MTRN4231_Project/install/setup.bash'
[0.934s] INFO:colcon.colcon_core.shell:Creating prefix script '/home/dev/Desktop/MTRN4231_Project/install/local_setup.zsh'
[0.935s] INFO:colcon.colcon_core.shell:Creating prefix chain script '/home/dev/Desktop/MTRN4231_Project/install/setup.zsh'
