[0.086s] DEBUG:colcon:Command line arguments: ['/usr/bin/colcon', 'build']
[0.086s] DEBUG:colcon:Parsed command line arguments: Namespace(log_base=None, log_level=None, verb_name='build', build_base='build', install_base='install', merge_install=False, symlink_install=False, test_result_base=None, continue_on_error=False, executor='parallel', parallel_workers=12, event_handlers=None, ignore_user_meta=False, metas=['./colcon.meta'], base_paths=['.'], packages_ignore=None, packages_ignore_regex=None, paths=None, packages_up_to=None, packages_up_to_regex=None, packages_above=None, packages_above_and_dependencies=None, packages_above_depth=None, packages_select_by_dep=None, packages_skip_by_dep=None, packages_skip_up_to=None, packages_select_build_failed=False, packages_skip_build_finished=False, packages_select_test_failures=False, packages_skip_test_passed=False, packages_select=None, packages_skip=None, packages_select_regex=None, packages_skip_regex=None, packages_start=None, packages_end=None, allow_overriding=[], cmake_args=None, cmake_target=None, cmake_target_skip_unavailable=False, cmake_clean_cache=False, cmake_clean_first=False, cmake_force_configure=False, ament_cmake_args=None, catkin_cmake_args=None, catkin_skip_building_tests=False, verb_parser=<colcon_defaults.argument_parser.defaults.DefaultArgumentsDecorator object at 0x73a6b10235b0>, verb_extension=<colcon_core.verb.build.BuildVerb object at 0x73a6b1022770>, main=<bound method BuildVerb.main of <colcon_core.verb.build.BuildVerb object at 0x73a6b1022770>>)
[0.220s] Level 1:colcon.colcon_core.package_discovery:discover_packages(colcon_meta) check parameters
[0.220s] Level 1:colcon.colcon_core.package_discovery:discover_packages(recursive) check parameters
[0.220s] Level 1:colcon.colcon_core.package_discovery:discover_packages(ignore) check parameters
[0.220s] Level 1:colcon.colcon_core.package_discovery:discover_packages(path) check parameters
[0.220s] Level 1:colcon.colcon_core.package_discovery:discover_packages(colcon_meta) discover
[0.220s] Level 1:colcon.colcon_core.package_discovery:discover_packages(recursive) discover
[0.220s] INFO:colcon.colcon_core.package_discovery:Crawling recursively for packages in '/home/dev/Desktop/MTRN4231_Project'
[0.220s] Level 1:colcon.colcon_core.package_identification:_identify(.) by extensions ['ignore', 'ignore_ament_install']
[0.220s] Level 1:colcon.colcon_core.package_identification:_identify(.) by extension 'ignore'
[0.220s] Level 1:colcon.colcon_core.package_identification:_identify(.) by extension 'ignore_ament_install'
[0.221s] Level 1:colcon.colcon_core.package_identification:_identify(.) by extensions ['colcon_pkg']
[0.221s] Level 1:colcon.colcon_core.package_identification:_identify(.) by extension 'colcon_pkg'
[0.221s] Level 1:colcon.colcon_core.package_identification:_identify(.) by extensions ['colcon_meta']
[0.221s] Level 1:colcon.colcon_core.package_identification:_identify(.) by extension 'colcon_meta'
[0.221s] Level 1:colcon.colcon_core.package_identification:_identify(.) by extensions ['ros']
[0.221s] Level 1:colcon.colcon_core.package_identification:_identify(.) by extension 'ros'
[0.230s] Level 1:colcon.colcon_core.package_identification:_identify(.) by extensions ['cmake', 'python']
[0.230s] Level 1:colcon.colcon_core.package_identification:_identify(.) by extension 'cmake'
[0.230s] Level 1:colcon.colcon_core.package_identification:_identify(.) by extension 'python'
[0.230s] Level 1:colcon.colcon_core.package_identification:_identify(.) by extensions ['python_setup_py']
[0.230s] Level 1:colcon.colcon_core.package_identification:_identify(.) by extension 'python_setup_py'
[0.230s] Level 1:colcon.colcon_core.package_identification:_identify(build) by extensions ['ignore', 'ignore_ament_install']
[0.230s] Level 1:colcon.colcon_core.package_identification:_identify(build) by extension 'ignore'
[0.230s] Level 1:colcon.colcon_core.package_identification:_identify(build) ignored
[0.230s] Level 1:colcon.colcon_core.package_identification:_identify(install) by extensions ['ignore', 'ignore_ament_install']
[0.230s] Level 1:colcon.colcon_core.package_identification:_identify(install) by extension 'ignore'
[0.230s] Level 1:colcon.colcon_core.package_identification:_identify(install) ignored
[0.230s] Level 1:colcon.colcon_core.package_identification:_identify(log) by extensions ['ignore', 'ignore_ament_install']
[0.230s] Level 1:colcon.colcon_core.package_identification:_identify(log) by extension 'ignore'
[0.230s] Level 1:colcon.colcon_core.package_identification:_identify(log) ignored
[0.231s] Level 1:colcon.colcon_core.package_identification:_identify(src) by extensions ['ignore', 'ignore_ament_install']
[0.231s] Level 1:colcon.colcon_core.package_identification:_identify(src) by extension 'ignore'
[0.231s] Level 1:colcon.colcon_core.package_identification:_identify(src) by extension 'ignore_ament_install'
[0.231s] Level 1:colcon.colcon_core.package_identification:_identify(src) by extensions ['colcon_pkg']
[0.231s] Level 1:colcon.colcon_core.package_identification:_identify(src) by extension 'colcon_pkg'
[0.231s] Level 1:colcon.colcon_core.package_identification:_identify(src) by extensions ['colcon_meta']
[0.231s] Level 1:colcon.colcon_core.package_identification:_identify(src) by extension 'colcon_meta'
[0.231s] Level 1:colcon.colcon_core.package_identification:_identify(src) by extensions ['ros']
[0.231s] Level 1:colcon.colcon_core.package_identification:_identify(src) by extension 'ros'
[0.231s] Level 1:colcon.colcon_core.package_identification:_identify(src) by extensions ['cmake', 'python']
[0.231s] Level 1:colcon.colcon_core.package_identification:_identify(src) by extension 'cmake'
[0.231s] Level 1:colcon.colcon_core.package_identification:_identify(src) by extension 'python'
[0.231s] Level 1:colcon.colcon_core.package_identification:_identify(src) by extensions ['python_setup_py']
[0.231s] Level 1:colcon.colcon_core.package_identification:_identify(src) by extension 'python_setup_py'
[0.231s] Level 1:colcon.colcon_core.package_identification:_identify(src/arm_controller) by extensions ['ignore', 'ignore_ament_install']
[0.231s] Level 1:colcon.colcon_core.package_identification:_identify(src/arm_controller) by extension 'ignore'
[0.231s] Level 1:colcon.colcon_core.package_identification:_identify(src/arm_controller) by extension 'ignore_ament_install'
[0.231s] Level 1:colcon.colcon_core.package_identification:_identify(src/arm_controller) by extensions ['colcon_pkg']
[0.231s] Level 1:colcon.colcon_core.package_identification:_identify(src/arm_controller) by extension 'colcon_pkg'
[0.231s] Level 1:colcon.colcon_core.package_identification:_identify(src/arm_controller) by extensions ['colcon_meta']
[0.231s] Level 1:colcon.colcon_core.package_identification:_identify(src/arm_controller) by extension 'colcon_meta'
[0.231s] Level 1:colcon.colcon_core.package_identification:_identify(src/arm_controller) by extensions ['ros']
[0.231s] Level 1:colcon.colcon_core.package_identification:_identify(src/arm_controller) by extension 'ros'
[0.234s] DEBUG:colcon.colcon_core.package_identification:Package 'src/arm_controller' with type 'ros.ament_cmake' and name 'arm_controller'
[0.234s] Level 1:colcon.colcon_core.package_identification:_identify(src/custom_interfaces) by extensions ['ignore', 'ignore_ament_install']
[0.234s] Level 1:colcon.colcon_core.package_identification:_identify(src/custom_interfaces) by extension 'ignore'
[0.234s] Level 1:colcon.colcon_core.package_identification:_identify(src/custom_interfaces) by extension 'ignore_ament_install'
[0.234s] Level 1:colcon.colcon_core.package_identification:_identify(src/custom_interfaces) by extensions ['colcon_pkg']
[0.234s] Level 1:colcon.colcon_core.package_identification:_identify(src/custom_interfaces) by extension 'colcon_pkg'
[0.234s] Level 1:colcon.colcon_core.package_identification:_identify(src/custom_interfaces) by extensions ['colcon_meta']
[0.234s] Level 1:colcon.colcon_core.package_identification:_identify(src/custom_interfaces) by extension 'colcon_meta'
[0.234s] Level 1:colcon.colcon_core.package_identification:_identify(src/custom_interfaces) by extensions ['ros']
[0.234s] Level 1:colcon.colcon_core.package_identification:_identify(src/custom_interfaces) by extension 'ros'
[0.235s] DEBUG:colcon.colcon_core.package_identification:Package 'src/custom_interfaces' with type 'ros.ament_cmake' and name 'custom_interfaces'
[0.235s] Level 1:colcon.colcon_core.package_identification:_identify(src/end_effector_description) by extensions ['ignore', 'ignore_ament_install']
[0.235s] Level 1:colcon.colcon_core.package_identification:_identify(src/end_effector_description) by extension 'ignore'
[0.235s] Level 1:colcon.colcon_core.package_identification:_identify(src/end_effector_description) by extension 'ignore_ament_install'
[0.235s] Level 1:colcon.colcon_core.package_identification:_identify(src/end_effector_description) by extensions ['colcon_pkg']
[0.235s] Level 1:colcon.colcon_core.package_identification:_identify(src/end_effector_description) by extension 'colcon_pkg'
[0.235s] Level 1:colcon.colcon_core.package_identification:_identify(src/end_effector_description) by extensions ['colcon_meta']
[0.235s] Level 1:colcon.colcon_core.package_identification:_identify(src/end_effector_description) by extension 'colcon_meta'
[0.235s] Level 1:colcon.colcon_core.package_identification:_identify(src/end_effector_description) by extensions ['ros']
[0.235s] Level 1:colcon.colcon_core.package_identification:_identify(src/end_effector_description) by extension 'ros'
[0.236s] DEBUG:colcon.colcon_core.package_identification:Package 'src/end_effector_description' with type 'ros.ament_cmake' and name 'end_effector_description'
[0.236s] Level 1:colcon.colcon_core.package_identification:_identify(src/ur5e_custom_description) by extensions ['ignore', 'ignore_ament_install']
[0.236s] Level 1:colcon.colcon_core.package_identification:_identify(src/ur5e_custom_description) by extension 'ignore'
[0.236s] Level 1:colcon.colcon_core.package_identification:_identify(src/ur5e_custom_description) by extension 'ignore_ament_install'
[0.236s] Level 1:colcon.colcon_core.package_identification:_identify(src/ur5e_custom_description) by extensions ['colcon_pkg']
[0.236s] Level 1:colcon.colcon_core.package_identification:_identify(src/ur5e_custom_description) by extension 'colcon_pkg'
[0.236s] Level 1:colcon.colcon_core.package_identification:_identify(src/ur5e_custom_description) by extensions ['colcon_meta']
[0.236s] Level 1:colcon.colcon_core.package_identification:_identify(src/ur5e_custom_description) by extension 'colcon_meta'
[0.236s] Level 1:colcon.colcon_core.package_identification:_identify(src/ur5e_custom_description) by extensions ['ros']
[0.236s] Level 1:colcon.colcon_core.package_identification:_identify(src/ur5e_custom_description) by extension 'ros'
[0.236s] DEBUG:colcon.colcon_core.package_identification:Package 'src/ur5e_custom_description' with type 'ros.ament_cmake' and name 'ur5e_custom_description'
[0.237s] Level 1:colcon.colcon_core.package_identification:_identify(src/ur5e_moveit_config_custom) by extensions ['ignore', 'ignore_ament_install']
[0.237s] Level 1:colcon.colcon_core.package_identification:_identify(src/ur5e_moveit_config_custom) by extension 'ignore'
[0.237s] Level 1:colcon.colcon_core.package_identification:_identify(src/ur5e_moveit_config_custom) by extension 'ignore_ament_install'
[0.237s] Level 1:colcon.colcon_core.package_identification:_identify(src/ur5e_moveit_config_custom) by extensions ['colcon_pkg']
[0.237s] Level 1:colcon.colcon_core.package_identification:_identify(src/ur5e_moveit_config_custom) by extension 'colcon_pkg'
[0.237s] Level 1:colcon.colcon_core.package_identification:_identify(src/ur5e_moveit_config_custom) by extensions ['colcon_meta']
[0.237s] Level 1:colcon.colcon_core.package_identification:_identify(src/ur5e_moveit_config_custom) by extension 'colcon_meta'
[0.237s] Level 1:colcon.colcon_core.package_identification:_identify(src/ur5e_moveit_config_custom) by extensions ['ros']
[0.237s] Level 1:colcon.colcon_core.package_identification:_identify(src/ur5e_moveit_config_custom) by extension 'ros'
[0.237s] DEBUG:colcon.colcon_core.package_identification:Package 'src/ur5e_moveit_config_custom' with type 'ros.ament_cmake' and name 'ur5e_moveit_config_custom'
[0.237s] Level 1:colcon.colcon_core.package_discovery:discover_packages(recursive) using defaults
[0.237s] Level 1:colcon.colcon_core.package_discovery:discover_packages(ignore) discover
[0.237s] Level 1:colcon.colcon_core.package_discovery:discover_packages(ignore) using defaults
[0.237s] Level 1:colcon.colcon_core.package_discovery:discover_packages(path) discover
[0.237s] Level 1:colcon.colcon_core.package_discovery:discover_packages(path) using defaults
[0.254s] Level 1:colcon.colcon_core.package_discovery:discover_packages(prefix_path) check parameters
[0.254s] Level 1:colcon.colcon_core.package_discovery:discover_packages(prefix_path) discover
[0.257s] DEBUG:colcon.colcon_installed_package_information.package_discovery:Found 328 installed packages in /opt/ros/humble
[0.267s] Level 1:colcon.colcon_core.package_discovery:discover_packages(prefix_path) using defaults
[0.303s] Level 5:colcon.colcon_core.verb:set package 'custom_interfaces' build argument 'cmake_args' from command line to 'None'
[0.303s] Level 5:colcon.colcon_core.verb:set package 'custom_interfaces' build argument 'cmake_target' from command line to 'None'
[0.303s] Level 5:colcon.colcon_core.verb:set package 'custom_interfaces' build argument 'cmake_target_skip_unavailable' from command line to 'False'
[0.303s] Level 5:colcon.colcon_core.verb:set package 'custom_interfaces' build argument 'cmake_clean_cache' from command line to 'False'
[0.303s] Level 5:colcon.colcon_core.verb:set package 'custom_interfaces' build argument 'cmake_clean_first' from command line to 'False'
[0.303s] Level 5:colcon.colcon_core.verb:set package 'custom_interfaces' build argument 'cmake_force_configure' from command line to 'False'
[0.303s] Level 5:colcon.colcon_core.verb:set package 'custom_interfaces' build argument 'ament_cmake_args' from command line to 'None'
[0.303s] Level 5:colcon.colcon_core.verb:set package 'custom_interfaces' build argument 'catkin_cmake_args' from command line to 'None'
[0.303s] Level 5:colcon.colcon_core.verb:set package 'custom_interfaces' build argument 'catkin_skip_building_tests' from command line to 'False'
[0.303s] DEBUG:colcon.colcon_core.verb:Building package 'custom_interfaces' with the following arguments: {'ament_cmake_args': None, 'build_base': '/home/dev/Desktop/MTRN4231_Project/build/custom_interfaces', 'catkin_cmake_args': None, 'catkin_skip_building_tests': False, 'cmake_args': None, 'cmake_clean_cache': False, 'cmake_clean_first': False, 'cmake_force_configure': False, 'cmake_target': None, 'cmake_target_skip_unavailable': False, 'install_base': '/home/dev/Desktop/MTRN4231_Project/install/custom_interfaces', 'merge_install': False, 'path': '/home/dev/Desktop/MTRN4231_Project/src/custom_interfaces', 'symlink_install': False, 'test_result_base': None}
[0.303s] Level 5:colcon.colcon_core.verb:set package 'end_effector_description' build argument 'cmake_args' from command line to 'None'
[0.303s] Level 5:colcon.colcon_core.verb:set package 'end_effector_description' build argument 'cmake_target' from command line to 'None'
[0.303s] Level 5:colcon.colcon_core.verb:set package 'end_effector_description' build argument 'cmake_target_skip_unavailable' from command line to 'False'
[0.303s] Level 5:colcon.colcon_core.verb:set package 'end_effector_description' build argument 'cmake_clean_cache' from command line to 'False'
[0.303s] Level 5:colcon.colcon_core.verb:set package 'end_effector_description' build argument 'cmake_clean_first' from command line to 'False'
[0.303s] Level 5:colcon.colcon_core.verb:set package 'end_effector_description' build argument 'cmake_force_configure' from command line to 'False'
[0.303s] Level 5:colcon.colcon_core.verb:set package 'end_effector_description' build argument 'ament_cmake_args' from command line to 'None'
[0.304s] Level 5:colcon.colcon_core.verb:set package 'end_effector_description' build argument 'catkin_cmake_args' from command line to 'None'
[0.304s] Level 5:colcon.colcon_core.verb:set package 'end_effector_description' build argument 'catkin_skip_building_tests' from command line to 'False'
[0.304s] DEBUG:colcon.colcon_core.verb:Building package 'end_effector_description' with the following arguments: {'ament_cmake_args': None, 'build_base': '/home/dev/Desktop/MTRN4231_Project/build/end_effector_description', 'catkin_cmake_args': None, 'catkin_skip_building_tests': False, 'cmake_args': None, 'cmake_clean_cache': False, 'cmake_clean_first': False, 'cmake_force_configure': False, 'cmake_target': None, 'cmake_target_skip_unavailable': False, 'install_base': '/home/dev/Desktop/MTRN4231_Project/install/end_effector_description', 'merge_install': False, 'path': '/home/dev/Desktop/MTRN4231_Project/src/end_effector_description', 'symlink_install': False, 'test_result_base': None}
[0.304s] Level 5:colcon.colcon_core.verb:set package 'ur5e_moveit_config_custom' build argument 'cmake_args' from command line to 'None'
[0.304s] Level 5:colcon.colcon_core.verb:set package 'ur5e_moveit_config_custom' build argument 'cmake_target' from command line to 'None'
[0.304s] Level 5:colcon.colcon_core.verb:set package 'ur5e_moveit_config_custom' build argument 'cmake_target_skip_unavailable' from command line to 'False'
[0.304s] Level 5:colcon.colcon_core.verb:set package 'ur5e_moveit_config_custom' build argument 'cmake_clean_cache' from command line to 'False'
[0.304s] Level 5:colcon.colcon_core.verb:set package 'ur5e_moveit_config_custom' build argument 'cmake_clean_first' from command line to 'False'
[0.304s] Level 5:colcon.colcon_core.verb:set package 'ur5e_moveit_config_custom' build argument 'cmake_force_configure' from command line to 'False'
[0.304s] Level 5:colcon.colcon_core.verb:set package 'ur5e_moveit_config_custom' build argument 'ament_cmake_args' from command line to 'None'
[0.304s] Level 5:colcon.colcon_core.verb:set package 'ur5e_moveit_config_custom' build argument 'catkin_cmake_args' from command line to 'None'
[0.304s] Level 5:colcon.colcon_core.verb:set package 'ur5e_moveit_config_custom' build argument 'catkin_skip_building_tests' from command line to 'False'
[0.304s] DEBUG:colcon.colcon_core.verb:Building package 'ur5e_moveit_config_custom' with the following arguments: {'ament_cmake_args': None, 'build_base': '/home/dev/Desktop/MTRN4231_Project/build/ur5e_moveit_config_custom', 'catkin_cmake_args': None, 'catkin_skip_building_tests': False, 'cmake_args': None, 'cmake_clean_cache': False, 'cmake_clean_first': False, 'cmake_force_configure': False, 'cmake_target': None, 'cmake_target_skip_unavailable': False, 'install_base': '/home/dev/Desktop/MTRN4231_Project/install/ur5e_moveit_config_custom', 'merge_install': False, 'path': '/home/dev/Desktop/MTRN4231_Project/src/ur5e_moveit_config_custom', 'symlink_install': False, 'test_result_base': None}
[0.304s] Level 5:colcon.colcon_core.verb:set package 'arm_controller' build argument 'cmake_args' from command line to 'None'
[0.304s] Level 5:colcon.colcon_core.verb:set package 'arm_controller' build argument 'cmake_target' from command line to 'None'
[0.304s] Level 5:colcon.colcon_core.verb:set package 'arm_controller' build argument 'cmake_target_skip_unavailable' from command line to 'False'
[0.304s] Level 5:colcon.colcon_core.verb:set package 'arm_controller' build argument 'cmake_clean_cache' from command line to 'False'
[0.304s] Level 5:colcon.colcon_core.verb:set package 'arm_controller' build argument 'cmake_clean_first' from command line to 'False'
[0.304s] Level 5:colcon.colcon_core.verb:set package 'arm_controller' build argument 'cmake_force_configure' from command line to 'False'
[0.304s] Level 5:colcon.colcon_core.verb:set package 'arm_controller' build argument 'ament_cmake_args' from command line to 'None'
[0.304s] Level 5:colcon.colcon_core.verb:set package 'arm_controller' build argument 'catkin_cmake_args' from command line to 'None'
[0.304s] Level 5:colcon.colcon_core.verb:set package 'arm_controller' build argument 'catkin_skip_building_tests' from command line to 'False'
[0.304s] DEBUG:colcon.colcon_core.verb:Building package 'arm_controller' with the following arguments: {'ament_cmake_args': None, 'build_base': '/home/dev/Desktop/MTRN4231_Project/build/arm_controller', 'catkin_cmake_args': None, 'catkin_skip_building_tests': False, 'cmake_args': None, 'cmake_clean_cache': False, 'cmake_clean_first': False, 'cmake_force_configure': False, 'cmake_target': None, 'cmake_target_skip_unavailable': False, 'install_base': '/home/dev/Desktop/MTRN4231_Project/install/arm_controller', 'merge_install': False, 'path': '/home/dev/Desktop/MTRN4231_Project/src/arm_controller', 'symlink_install': False, 'test_result_base': None}
[0.305s] Level 5:colcon.colcon_core.verb:set package 'ur5e_custom_description' build argument 'cmake_args' from command line to 'None'
[0.305s] Level 5:colcon.colcon_core.verb:set package 'ur5e_custom_description' build argument 'cmake_target' from command line to 'None'
[0.305s] Level 5:colcon.colcon_core.verb:set package 'ur5e_custom_description' build argument 'cmake_target_skip_unavailable' from command line to 'False'
[0.305s] Level 5:colcon.colcon_core.verb:set package 'ur5e_custom_description' build argument 'cmake_clean_cache' from command line to 'False'
[0.305s] Level 5:colcon.colcon_core.verb:set package 'ur5e_custom_description' build argument 'cmake_clean_first' from command line to 'False'
[0.305s] Level 5:colcon.colcon_core.verb:set package 'ur5e_custom_description' build argument 'cmake_force_configure' from command line to 'False'
[0.305s] Level 5:colcon.colcon_core.verb:set package 'ur5e_custom_description' build argument 'ament_cmake_args' from command line to 'None'
[0.305s] Level 5:colcon.colcon_core.verb:set package 'ur5e_custom_description' build argument 'catkin_cmake_args' from command line to 'None'
[0.305s] Level 5:colcon.colcon_core.verb:set package 'ur5e_custom_description' build argument 'catkin_skip_building_tests' from command line to 'False'
[0.305s] DEBUG:colcon.colcon_core.verb:Building package 'ur5e_custom_description' with the following arguments: {'ament_cmake_args': None, 'build_base': '/home/dev/Desktop/MTRN4231_Project/build/ur5e_custom_description', 'catkin_cmake_args': None, 'catkin_skip_building_tests': False, 'cmake_args': None, 'cmake_clean_cache': False, 'cmake_clean_first': False, 'cmake_force_configure': False, 'cmake_target': None, 'cmake_target_skip_unavailable': False, 'install_base': '/home/dev/Desktop/MTRN4231_Project/install/ur5e_custom_description', 'merge_install': False, 'path': '/home/dev/Desktop/MTRN4231_Project/src/ur5e_custom_description', 'symlink_install': False, 'test_result_base': None}
[0.305s] INFO:colcon.colcon_core.executor:Executing jobs using 'parallel' executor
[0.306s] DEBUG:colcon.colcon_parallel_executor.executor.parallel:run_until_complete
[0.306s] INFO:colcon.colcon_ros.task.ament_cmake.build:Building ROS package in '/home/dev/Desktop/MTRN4231_Project/src/custom_interfaces' with build type 'ament_cmake'
[0.306s] INFO:colcon.colcon_cmake.task.cmake.build:Building CMake package in '/home/dev/Desktop/MTRN4231_Project/src/custom_interfaces'
[0.308s] INFO:colcon.colcon_core.plugin_system:Skipping extension 'colcon_core.shell.bat': Not used on non-Windows systems
[0.308s] INFO:colcon.colcon_core.shell:Skip shell extension 'powershell' for command environment: Not usable outside of PowerShell
[0.308s] DEBUG:colcon.colcon_core.shell:Skip shell extension 'dsv' for command environment
[0.311s] INFO:colcon.colcon_ros.task.ament_cmake.build:Building ROS package in '/home/dev/Desktop/MTRN4231_Project/src/end_effector_description' with build type 'ament_cmake'
[0.311s] INFO:colcon.colcon_cmake.task.cmake.build:Building CMake package in '/home/dev/Desktop/MTRN4231_Project/src/end_effector_description'
[0.311s] INFO:colcon.colcon_core.shell:Skip shell extension 'powershell' for command environment: Not usable outside of PowerShell
[0.312s] DEBUG:colcon.colcon_core.shell:Skip shell extension 'dsv' for command environment
[0.314s] INFO:colcon.colcon_ros.task.ament_cmake.build:Building ROS package in '/home/dev/Desktop/MTRN4231_Project/src/ur5e_moveit_config_custom' with build type 'ament_cmake'
[0.315s] INFO:colcon.colcon_cmake.task.cmake.build:Building CMake package in '/home/dev/Desktop/MTRN4231_Project/src/ur5e_moveit_config_custom'
[0.315s] INFO:colcon.colcon_core.shell:Skip shell extension 'powershell' for command environment: Not usable outside of PowerShell
[0.315s] DEBUG:colcon.colcon_core.shell:Skip shell extension 'dsv' for command environment
[0.323s] DEBUG:colcon.colcon_core.event_handler.log_command:Invoking command in '/home/dev/Desktop/MTRN4231_Project/build/custom_interfaces': CMAKE_PREFIX_PATH=/opt/ros/humble /usr/bin/cmake /home/dev/Desktop/MTRN4231_Project/src/custom_interfaces -DCMAKE_INSTALL_PREFIX=/home/dev/Desktop/MTRN4231_Project/install/custom_interfaces
[0.327s] DEBUG:colcon.colcon_core.event_handler.log_command:Invoking command in '/home/dev/Desktop/MTRN4231_Project/build/end_effector_description': CMAKE_PREFIX_PATH=/opt/ros/humble /usr/bin/cmake /home/dev/Desktop/MTRN4231_Project/src/end_effector_description -DCMAKE_INSTALL_PREFIX=/home/dev/Desktop/MTRN4231_Project/install/end_effector_description
[0.330s] DEBUG:colcon.colcon_core.event_handler.log_command:Invoking command in '/home/dev/Desktop/MTRN4231_Project/build/ur5e_moveit_config_custom': CMAKE_PREFIX_PATH=/opt/ros/humble /usr/bin/cmake --build /home/dev/Desktop/MTRN4231_Project/build/ur5e_moveit_config_custom -- -j12 -l12
[0.655s] DEBUG:colcon.colcon_core.event_handler.log_command:Invoked command in '/home/dev/Desktop/MTRN4231_Project/build/ur5e_moveit_config_custom' returned '0': CMAKE_PREFIX_PATH=/opt/ros/humble /usr/bin/cmake --build /home/dev/Desktop/MTRN4231_Project/build/ur5e_moveit_config_custom -- -j12 -l12
[0.667s] DEBUG:colcon.colcon_core.event_handler.log_command:Invoking command in '/home/dev/Desktop/MTRN4231_Project/build/ur5e_moveit_config_custom': CMAKE_PREFIX_PATH=/opt/ros/humble /usr/bin/cmake --install /home/dev/Desktop/MTRN4231_Project/build/ur5e_moveit_config_custom
[0.749s] Level 1:colcon.colcon_core.environment:create_environment_scripts_only(ur5e_moveit_config_custom)
[0.749s] DEBUG:colcon.colcon_core.event_handler.log_command:Invoked command in '/home/dev/Desktop/MTRN4231_Project/build/ur5e_moveit_config_custom' returned '0': CMAKE_PREFIX_PATH=/opt/ros/humble /usr/bin/cmake --install /home/dev/Desktop/MTRN4231_Project/build/ur5e_moveit_config_custom
[0.751s] Level 1:colcon.colcon_core.environment:checking '/home/dev/Desktop/MTRN4231_Project/install/ur5e_moveit_config_custom' for CMake module files
[0.752s] Level 1:colcon.colcon_core.environment:checking '/home/dev/Desktop/MTRN4231_Project/install/ur5e_moveit_config_custom' for CMake config files
[0.752s] Level 1:colcon.colcon_core.shell:create_environment_hook('ur5e_moveit_config_custom', 'cmake_prefix_path')
[0.752s] INFO:colcon.colcon_core.shell:Creating environment hook '/home/dev/Desktop/MTRN4231_Project/install/ur5e_moveit_config_custom/share/ur5e_moveit_config_custom/hook/cmake_prefix_path.ps1'
[0.753s] INFO:colcon.colcon_core.shell:Creating environment descriptor '/home/dev/Desktop/MTRN4231_Project/install/ur5e_moveit_config_custom/share/ur5e_moveit_config_custom/hook/cmake_prefix_path.dsv'
[0.753s] INFO:colcon.colcon_core.shell:Creating environment hook '/home/dev/Desktop/MTRN4231_Project/install/ur5e_moveit_config_custom/share/ur5e_moveit_config_custom/hook/cmake_prefix_path.sh'
[0.754s] Level 1:colcon.colcon_core.environment:checking '/home/dev/Desktop/MTRN4231_Project/install/ur5e_moveit_config_custom/bin'
[0.754s] Level 1:colcon.colcon_core.environment:checking '/home/dev/Desktop/MTRN4231_Project/install/ur5e_moveit_config_custom/lib/pkgconfig/ur5e_moveit_config_custom.pc'
[0.755s] Level 1:colcon.colcon_core.environment:checking '/home/dev/Desktop/MTRN4231_Project/install/ur5e_moveit_config_custom/lib/python3.10/site-packages'
[0.755s] Level 1:colcon.colcon_core.environment:checking '/home/dev/Desktop/MTRN4231_Project/install/ur5e_moveit_config_custom/bin'
[0.755s] INFO:colcon.colcon_core.shell:Creating package script '/home/dev/Desktop/MTRN4231_Project/install/ur5e_moveit_config_custom/share/ur5e_moveit_config_custom/package.ps1'
[0.756s] INFO:colcon.colcon_core.shell:Creating package descriptor '/home/dev/Desktop/MTRN4231_Project/install/ur5e_moveit_config_custom/share/ur5e_moveit_config_custom/package.dsv'
[0.756s] INFO:colcon.colcon_core.shell:Creating package script '/home/dev/Desktop/MTRN4231_Project/install/ur5e_moveit_config_custom/share/ur5e_moveit_config_custom/package.sh'
[0.757s] INFO:colcon.colcon_core.shell:Creating package script '/home/dev/Desktop/MTRN4231_Project/install/ur5e_moveit_config_custom/share/ur5e_moveit_config_custom/package.bash'
[0.757s] INFO:colcon.colcon_core.shell:Creating package script '/home/dev/Desktop/MTRN4231_Project/install/ur5e_moveit_config_custom/share/ur5e_moveit_config_custom/package.zsh'
[0.758s] Level 1:colcon.colcon_core.environment:create_file_with_runtime_dependencies(/home/dev/Desktop/MTRN4231_Project/install/ur5e_moveit_config_custom/share/colcon-core/packages/ur5e_moveit_config_custom)
[0.759s] Level 1:colcon.colcon_core.environment:create_environment_scripts_only(ur5e_moveit_config_custom)
[0.759s] Level 1:colcon.colcon_core.environment:checking '/home/dev/Desktop/MTRN4231_Project/install/ur5e_moveit_config_custom' for CMake module files
[0.759s] Level 1:colcon.colcon_core.environment:checking '/home/dev/Desktop/MTRN4231_Project/install/ur5e_moveit_config_custom' for CMake config files
[0.760s] Level 1:colcon.colcon_core.shell:create_environment_hook('ur5e_moveit_config_custom', 'cmake_prefix_path')
[0.760s] INFO:colcon.colcon_core.shell:Creating environment hook '/home/dev/Desktop/MTRN4231_Project/install/ur5e_moveit_config_custom/share/ur5e_moveit_config_custom/hook/cmake_prefix_path.ps1'
[0.760s] INFO:colcon.colcon_core.shell:Creating environment descriptor '/home/dev/Desktop/MTRN4231_Project/install/ur5e_moveit_config_custom/share/ur5e_moveit_config_custom/hook/cmake_prefix_path.dsv'
[0.760s] INFO:colcon.colcon_core.shell:Creating environment hook '/home/dev/Desktop/MTRN4231_Project/install/ur5e_moveit_config_custom/share/ur5e_moveit_config_custom/hook/cmake_prefix_path.sh'
[0.761s] Level 1:colcon.colcon_core.environment:checking '/home/dev/Desktop/MTRN4231_Project/install/ur5e_moveit_config_custom/bin'
[0.761s] Level 1:colcon.colcon_core.environment:checking '/home/dev/Desktop/MTRN4231_Project/install/ur5e_moveit_config_custom/lib/pkgconfig/ur5e_moveit_config_custom.pc'
[0.761s] Level 1:colcon.colcon_core.environment:checking '/home/dev/Desktop/MTRN4231_Project/install/ur5e_moveit_config_custom/lib/python3.10/site-packages'
[0.761s] Level 1:colcon.colcon_core.environment:checking '/home/dev/Desktop/MTRN4231_Project/install/ur5e_moveit_config_custom/bin'
[0.762s] INFO:colcon.colcon_core.shell:Creating package script '/home/dev/Desktop/MTRN4231_Project/install/ur5e_moveit_config_custom/share/ur5e_moveit_config_custom/package.ps1'
[0.762s] INFO:colcon.colcon_core.shell:Creating package descriptor '/home/dev/Desktop/MTRN4231_Project/install/ur5e_moveit_config_custom/share/ur5e_moveit_config_custom/package.dsv'
[0.762s] INFO:colcon.colcon_core.shell:Creating package script '/home/dev/Desktop/MTRN4231_Project/install/ur5e_moveit_config_custom/share/ur5e_moveit_config_custom/package.sh'
[0.763s] INFO:colcon.colcon_core.shell:Creating package script '/home/dev/Desktop/MTRN4231_Project/install/ur5e_moveit_config_custom/share/ur5e_moveit_config_custom/package.bash'
[0.763s] INFO:colcon.colcon_core.shell:Creating package script '/home/dev/Desktop/MTRN4231_Project/install/ur5e_moveit_config_custom/share/ur5e_moveit_config_custom/package.zsh'
[0.764s] Level 1:colcon.colcon_core.environment:create_file_with_runtime_dependencies(/home/dev/Desktop/MTRN4231_Project/install/ur5e_moveit_config_custom/share/colcon-core/packages/ur5e_moveit_config_custom)
[0.885s] DEBUG:colcon.colcon_core.event_handler.log_command:Invoked command in '/home/dev/Desktop/MTRN4231_Project/build/end_effector_description' returned '0': CMAKE_PREFIX_PATH=/opt/ros/humble /usr/bin/cmake /home/dev/Desktop/MTRN4231_Project/src/end_effector_description -DCMAKE_INSTALL_PREFIX=/home/dev/Desktop/MTRN4231_Project/install/end_effector_description
[0.886s] DEBUG:colcon.colcon_core.event_handler.log_command:Invoking command in '/home/dev/Desktop/MTRN4231_Project/build/end_effector_description': CMAKE_PREFIX_PATH=/opt/ros/humble /usr/bin/cmake --build /home/dev/Desktop/MTRN4231_Project/build/end_effector_description -- -j12 -l12
[0.928s] DEBUG:colcon.colcon_core.event_handler.log_command:Invoked command in '/home/dev/Desktop/MTRN4231_Project/build/end_effector_description' returned '0': CMAKE_PREFIX_PATH=/opt/ros/humble /usr/bin/cmake --build /home/dev/Desktop/MTRN4231_Project/build/end_effector_description -- -j12 -l12
[0.929s] DEBUG:colcon.colcon_core.event_handler.log_command:Invoking command in '/home/dev/Desktop/MTRN4231_Project/build/end_effector_description': CMAKE_PREFIX_PATH=/opt/ros/humble /usr/bin/cmake --install /home/dev/Desktop/MTRN4231_Project/build/end_effector_description
[0.944s] Level 1:colcon.colcon_core.environment:create_environment_scripts_only(end_effector_description)
[0.944s] Level 1:colcon.colcon_core.environment:checking '/home/dev/Desktop/MTRN4231_Project/install/end_effector_description' for CMake module files
[0.944s] DEBUG:colcon.colcon_core.event_handler.log_command:Invoked command in '/home/dev/Desktop/MTRN4231_Project/build/end_effector_description' returned '0': CMAKE_PREFIX_PATH=/opt/ros/humble /usr/bin/cmake --install /home/dev/Desktop/MTRN4231_Project/build/end_effector_description
[0.945s] Level 1:colcon.colcon_core.environment:checking '/home/dev/Desktop/MTRN4231_Project/install/end_effector_description' for CMake config files
[0.945s] Level 1:colcon.colcon_core.shell:create_environment_hook('end_effector_description', 'cmake_prefix_path')
[0.945s] INFO:colcon.colcon_core.shell:Creating environment hook '/home/dev/Desktop/MTRN4231_Project/install/end_effector_description/share/end_effector_description/hook/cmake_prefix_path.ps1'
[0.945s] INFO:colcon.colcon_core.shell:Creating environment descriptor '/home/dev/Desktop/MTRN4231_Project/install/end_effector_description/share/end_effector_description/hook/cmake_prefix_path.dsv'
[0.946s] INFO:colcon.colcon_core.shell:Creating environment hook '/home/dev/Desktop/MTRN4231_Project/install/end_effector_description/share/end_effector_description/hook/cmake_prefix_path.sh'
[0.946s] Level 1:colcon.colcon_core.environment:checking '/home/dev/Desktop/MTRN4231_Project/install/end_effector_description/bin'
[0.946s] Level 1:colcon.colcon_core.environment:checking '/home/dev/Desktop/MTRN4231_Project/install/end_effector_description/lib/pkgconfig/end_effector_description.pc'
[0.946s] Level 1:colcon.colcon_core.environment:checking '/home/dev/Desktop/MTRN4231_Project/install/end_effector_description/lib/python3.10/site-packages'
[0.946s] Level 1:colcon.colcon_core.environment:checking '/home/dev/Desktop/MTRN4231_Project/install/end_effector_description/bin'
[0.947s] INFO:colcon.colcon_core.shell:Creating package script '/home/dev/Desktop/MTRN4231_Project/install/end_effector_description/share/end_effector_description/package.ps1'
[0.947s] INFO:colcon.colcon_core.shell:Creating package descriptor '/home/dev/Desktop/MTRN4231_Project/install/end_effector_description/share/end_effector_description/package.dsv'
[0.947s] INFO:colcon.colcon_core.shell:Creating package script '/home/dev/Desktop/MTRN4231_Project/install/end_effector_description/share/end_effector_description/package.sh'
[0.948s] INFO:colcon.colcon_core.shell:Creating package script '/home/dev/Desktop/MTRN4231_Project/install/end_effector_description/share/end_effector_description/package.bash'
[0.948s] INFO:colcon.colcon_core.shell:Creating package script '/home/dev/Desktop/MTRN4231_Project/install/end_effector_description/share/end_effector_description/package.zsh'
[0.948s] Level 1:colcon.colcon_core.environment:create_file_with_runtime_dependencies(/home/dev/Desktop/MTRN4231_Project/install/end_effector_description/share/colcon-core/packages/end_effector_description)
[0.949s] Level 1:colcon.colcon_core.environment:create_environment_scripts_only(end_effector_description)
[0.949s] Level 1:colcon.colcon_core.environment:checking '/home/dev/Desktop/MTRN4231_Project/install/end_effector_description' for CMake module files
[0.949s] Level 1:colcon.colcon_core.environment:checking '/home/dev/Desktop/MTRN4231_Project/install/end_effector_description' for CMake config files
[0.949s] Level 1:colcon.colcon_core.shell:create_environment_hook('end_effector_description', 'cmake_prefix_path')
[0.949s] INFO:colcon.colcon_core.shell:Creating environment hook '/home/dev/Desktop/MTRN4231_Project/install/end_effector_description/share/end_effector_description/hook/cmake_prefix_path.ps1'
[0.950s] INFO:colcon.colcon_core.shell:Creating environment descriptor '/home/dev/Desktop/MTRN4231_Project/install/end_effector_description/share/end_effector_description/hook/cmake_prefix_path.dsv'
[0.950s] INFO:colcon.colcon_core.shell:Creating environment hook '/home/dev/Desktop/MTRN4231_Project/install/end_effector_description/share/end_effector_description/hook/cmake_prefix_path.sh'
[0.950s] Level 1:colcon.colcon_core.environment:checking '/home/dev/Desktop/MTRN4231_Project/install/end_effector_description/bin'
[0.951s] Level 1:colcon.colcon_core.environment:checking '/home/dev/Desktop/MTRN4231_Project/install/end_effector_description/lib/pkgconfig/end_effector_description.pc'
[0.951s] Level 1:colcon.colcon_core.environment:checking '/home/dev/Desktop/MTRN4231_Project/install/end_effector_description/lib/python3.10/site-packages'
[0.951s] Level 1:colcon.colcon_core.environment:checking '/home/dev/Desktop/MTRN4231_Project/install/end_effector_description/bin'
[0.951s] INFO:colcon.colcon_core.shell:Creating package script '/home/dev/Desktop/MTRN4231_Project/install/end_effector_description/share/end_effector_description/package.ps1'
[0.952s] INFO:colcon.colcon_core.shell:Creating package descriptor '/home/dev/Desktop/MTRN4231_Project/install/end_effector_description/share/end_effector_description/package.dsv'
[0.952s] INFO:colcon.colcon_core.shell:Creating package script '/home/dev/Desktop/MTRN4231_Project/install/end_effector_description/share/end_effector_description/package.sh'
[0.952s] INFO:colcon.colcon_core.shell:Creating package script '/home/dev/Desktop/MTRN4231_Project/install/end_effector_description/share/end_effector_description/package.bash'
[0.953s] INFO:colcon.colcon_core.shell:Creating package script '/home/dev/Desktop/MTRN4231_Project/install/end_effector_description/share/end_effector_description/package.zsh'
[0.953s] Level 1:colcon.colcon_core.environment:create_file_with_runtime_dependencies(/home/dev/Desktop/MTRN4231_Project/install/end_effector_description/share/colcon-core/packages/end_effector_description)
[0.953s] INFO:colcon.colcon_ros.task.ament_cmake.build:Building ROS package in '/home/dev/Desktop/MTRN4231_Project/src/ur5e_custom_description' with build type 'ament_cmake'
[0.953s] INFO:colcon.colcon_cmake.task.cmake.build:Building CMake package in '/home/dev/Desktop/MTRN4231_Project/src/ur5e_custom_description'
[0.954s] INFO:colcon.colcon_core.shell:Skip shell extension 'powershell' for command environment: Not usable outside of PowerShell
[0.954s] DEBUG:colcon.colcon_core.shell:Skip shell extension 'dsv' for command environment
[0.962s] DEBUG:colcon.colcon_core.event_handler.log_command:Invoking command in '/home/dev/Desktop/MTRN4231_Project/build/ur5e_custom_description': AMENT_PREFIX_PATH=/home/dev/Desktop/MTRN4231_Project/install/end_effector_description:${AMENT_PREFIX_PATH} CMAKE_PREFIX_PATH=/home/dev/Desktop/MTRN4231_Project/install/end_effector_description:/opt/ros/humble /usr/bin/cmake /home/dev/Desktop/MTRN4231_Project/src/ur5e_custom_description -DCMAKE_INSTALL_PREFIX=/home/dev/Desktop/MTRN4231_Project/install/ur5e_custom_description
[1.923s] DEBUG:colcon.colcon_core.event_handler.log_command:Invoked command in '/home/dev/Desktop/MTRN4231_Project/build/custom_interfaces' returned '0': CMAKE_PREFIX_PATH=/opt/ros/humble /usr/bin/cmake /home/dev/Desktop/MTRN4231_Project/src/custom_interfaces -DCMAKE_INSTALL_PREFIX=/home/dev/Desktop/MTRN4231_Project/install/custom_interfaces
[1.924s] DEBUG:colcon.colcon_core.event_handler.log_command:Invoking command in '/home/dev/Desktop/MTRN4231_Project/build/custom_interfaces': CMAKE_PREFIX_PATH=/opt/ros/humble /usr/bin/cmake --build /home/dev/Desktop/MTRN4231_Project/build/custom_interfaces -- -j12 -l12
[3.599s] DEBUG:colcon.colcon_core.event_handler.log_command:Invoked command in '/home/dev/Desktop/MTRN4231_Project/build/ur5e_custom_description' returned '0': AMENT_PREFIX_PATH=/home/dev/Desktop/MTRN4231_Project/install/end_effector_description:${AMENT_PREFIX_PATH} CMAKE_PREFIX_PATH=/home/dev/Desktop/MTRN4231_Project/install/end_effector_description:/opt/ros/humble /usr/bin/cmake /home/dev/Desktop/MTRN4231_Project/src/ur5e_custom_description -DCMAKE_INSTALL_PREFIX=/home/dev/Desktop/MTRN4231_Project/install/ur5e_custom_description
[3.602s] DEBUG:colcon.colcon_core.event_handler.log_command:Invoking command in '/home/dev/Desktop/MTRN4231_Project/build/ur5e_custom_description': AMENT_PREFIX_PATH=/home/dev/Desktop/MTRN4231_Project/install/end_effector_description:${AMENT_PREFIX_PATH} CMAKE_PREFIX_PATH=/home/dev/Desktop/MTRN4231_Project/install/end_effector_description:/opt/ros/humble /usr/bin/cmake --build /home/dev/Desktop/MTRN4231_Project/build/ur5e_custom_description -- -j12 -l12
[3.669s] DEBUG:colcon.colcon_core.event_handler.log_command:Invoked command in '/home/dev/Desktop/MTRN4231_Project/build/ur5e_custom_description' returned '0': AMENT_PREFIX_PATH=/home/dev/Desktop/MTRN4231_Project/install/end_effector_description:${AMENT_PREFIX_PATH} CMAKE_PREFIX_PATH=/home/dev/Desktop/MTRN4231_Project/install/end_effector_description:/opt/ros/humble /usr/bin/cmake --build /home/dev/Desktop/MTRN4231_Project/build/ur5e_custom_description -- -j12 -l12
[3.672s] DEBUG:colcon.colcon_core.event_handler.log_command:Invoking command in '/home/dev/Desktop/MTRN4231_Project/build/ur5e_custom_description': AMENT_PREFIX_PATH=/home/dev/Desktop/MTRN4231_Project/install/end_effector_description:${AMENT_PREFIX_PATH} CMAKE_PREFIX_PATH=/home/dev/Desktop/MTRN4231_Project/install/end_effector_description:/opt/ros/humble /usr/bin/cmake --install /home/dev/Desktop/MTRN4231_Project/build/ur5e_custom_description
[3.687s] Level 1:colcon.colcon_core.environment:create_environment_scripts_only(ur5e_custom_description)
[3.687s] Level 1:colcon.colcon_core.environment:checking '/home/dev/Desktop/MTRN4231_Project/install/ur5e_custom_description' for CMake module files
[3.688s] DEBUG:colcon.colcon_core.event_handler.log_command:Invoked command in '/home/dev/Desktop/MTRN4231_Project/build/ur5e_custom_description' returned '0': AMENT_PREFIX_PATH=/home/dev/Desktop/MTRN4231_Project/install/end_effector_description:${AMENT_PREFIX_PATH} CMAKE_PREFIX_PATH=/home/dev/Desktop/MTRN4231_Project/install/end_effector_description:/opt/ros/humble /usr/bin/cmake --install /home/dev/Desktop/MTRN4231_Project/build/ur5e_custom_description
[3.688s] Level 1:colcon.colcon_core.environment:checking '/home/dev/Desktop/MTRN4231_Project/install/ur5e_custom_description' for CMake config files
[3.689s] Level 1:colcon.colcon_core.shell:create_environment_hook('ur5e_custom_description', 'cmake_prefix_path')
[3.689s] INFO:colcon.colcon_core.shell:Creating environment hook '/home/dev/Desktop/MTRN4231_Project/install/ur5e_custom_description/share/ur5e_custom_description/hook/cmake_prefix_path.ps1'
[3.690s] INFO:colcon.colcon_core.shell:Creating environment descriptor '/home/dev/Desktop/MTRN4231_Project/install/ur5e_custom_description/share/ur5e_custom_description/hook/cmake_prefix_path.dsv'
[3.690s] INFO:colcon.colcon_core.shell:Creating environment hook '/home/dev/Desktop/MTRN4231_Project/install/ur5e_custom_description/share/ur5e_custom_description/hook/cmake_prefix_path.sh'
[3.691s] Level 1:colcon.colcon_core.environment:checking '/home/dev/Desktop/MTRN4231_Project/install/ur5e_custom_description/bin'
[3.691s] Level 1:colcon.colcon_core.environment:checking '/home/dev/Desktop/MTRN4231_Project/install/ur5e_custom_description/lib/pkgconfig/ur5e_custom_description.pc'
[3.691s] Level 1:colcon.colcon_core.environment:checking '/home/dev/Desktop/MTRN4231_Project/install/ur5e_custom_description/lib/python3.10/site-packages'
[3.691s] Level 1:colcon.colcon_core.environment:checking '/home/dev/Desktop/MTRN4231_Project/install/ur5e_custom_description/bin'
[3.692s] INFO:colcon.colcon_core.shell:Creating package script '/home/dev/Desktop/MTRN4231_Project/install/ur5e_custom_description/share/ur5e_custom_description/package.ps1'
[3.692s] INFO:colcon.colcon_core.shell:Creating package descriptor '/home/dev/Desktop/MTRN4231_Project/install/ur5e_custom_description/share/ur5e_custom_description/package.dsv'
[3.693s] INFO:colcon.colcon_core.shell:Creating package script '/home/dev/Desktop/MTRN4231_Project/install/ur5e_custom_description/share/ur5e_custom_description/package.sh'
[3.693s] INFO:colcon.colcon_core.shell:Creating package script '/home/dev/Desktop/MTRN4231_Project/install/ur5e_custom_description/share/ur5e_custom_description/package.bash'
[3.693s] INFO:colcon.colcon_core.shell:Creating package script '/home/dev/Desktop/MTRN4231_Project/install/ur5e_custom_description/share/ur5e_custom_description/package.zsh'
[3.694s] Level 1:colcon.colcon_core.environment:create_file_with_runtime_dependencies(/home/dev/Desktop/MTRN4231_Project/install/ur5e_custom_description/share/colcon-core/packages/ur5e_custom_description)
[3.694s] Level 1:colcon.colcon_core.environment:create_environment_scripts_only(ur5e_custom_description)
[3.695s] Level 1:colcon.colcon_core.environment:checking '/home/dev/Desktop/MTRN4231_Project/install/ur5e_custom_description' for CMake module files
[3.695s] Level 1:colcon.colcon_core.environment:checking '/home/dev/Desktop/MTRN4231_Project/install/ur5e_custom_description' for CMake config files
[3.695s] Level 1:colcon.colcon_core.shell:create_environment_hook('ur5e_custom_description', 'cmake_prefix_path')
[3.696s] INFO:colcon.colcon_core.shell:Creating environment hook '/home/dev/Desktop/MTRN4231_Project/install/ur5e_custom_description/share/ur5e_custom_description/hook/cmake_prefix_path.ps1'
[3.696s] INFO:colcon.colcon_core.shell:Creating environment descriptor '/home/dev/Desktop/MTRN4231_Project/install/ur5e_custom_description/share/ur5e_custom_description/hook/cmake_prefix_path.dsv'
[3.697s] INFO:colcon.colcon_core.shell:Creating environment hook '/home/dev/Desktop/MTRN4231_Project/install/ur5e_custom_description/share/ur5e_custom_description/hook/cmake_prefix_path.sh'
[3.698s] Level 1:colcon.colcon_core.environment:checking '/home/dev/Desktop/MTRN4231_Project/install/ur5e_custom_description/bin'
[3.698s] Level 1:colcon.colcon_core.environment:checking '/home/dev/Desktop/MTRN4231_Project/install/ur5e_custom_description/lib/pkgconfig/ur5e_custom_description.pc'
[3.698s] Level 1:colcon.colcon_core.environment:checking '/home/dev/Desktop/MTRN4231_Project/install/ur5e_custom_description/lib/python3.10/site-packages'
[3.698s] Level 1:colcon.colcon_core.environment:checking '/home/dev/Desktop/MTRN4231_Project/install/ur5e_custom_description/bin'
[3.699s] INFO:colcon.colcon_core.shell:Creating package script '/home/dev/Desktop/MTRN4231_Project/install/ur5e_custom_description/share/ur5e_custom_description/package.ps1'
[3.699s] INFO:colcon.colcon_core.shell:Creating package descriptor '/home/dev/Desktop/MTRN4231_Project/install/ur5e_custom_description/share/ur5e_custom_description/package.dsv'
[3.700s] INFO:colcon.colcon_core.shell:Creating package script '/home/dev/Desktop/MTRN4231_Project/install/ur5e_custom_description/share/ur5e_custom_description/package.sh'
[3.700s] INFO:colcon.colcon_core.shell:Creating package script '/home/dev/Desktop/MTRN4231_Project/install/ur5e_custom_description/share/ur5e_custom_description/package.bash'
[3.701s] INFO:colcon.colcon_core.shell:Creating package script '/home/dev/Desktop/MTRN4231_Project/install/ur5e_custom_description/share/ur5e_custom_description/package.zsh'
[3.701s] Level 1:colcon.colcon_core.environment:create_file_with_runtime_dependencies(/home/dev/Desktop/MTRN4231_Project/install/ur5e_custom_description/share/colcon-core/packages/ur5e_custom_description)
[5.566s] DEBUG:colcon.colcon_core.event_handler.log_command:Invoked command in '/home/dev/Desktop/MTRN4231_Project/build/custom_interfaces' returned '0': CMAKE_PREFIX_PATH=/opt/ros/humble /usr/bin/cmake --build /home/dev/Desktop/MTRN4231_Project/build/custom_interfaces -- -j12 -l12
[5.568s] DEBUG:colcon.colcon_core.event_handler.log_command:Invoking command in '/home/dev/Desktop/MTRN4231_Project/build/custom_interfaces': CMAKE_PREFIX_PATH=/opt/ros/humble /usr/bin/cmake --install /home/dev/Desktop/MTRN4231_Project/build/custom_interfaces
[5.649s] Level 1:colcon.colcon_core.environment:create_environment_scripts_only(custom_interfaces)
[5.649s] Level 1:colcon.colcon_core.environment:checking '/home/dev/Desktop/MTRN4231_Project/install/custom_interfaces' for CMake module files
[5.650s] DEBUG:colcon.colcon_core.event_handler.log_command:Invoked command in '/home/dev/Desktop/MTRN4231_Project/build/custom_interfaces' returned '0': CMAKE_PREFIX_PATH=/opt/ros/humble /usr/bin/cmake --install /home/dev/Desktop/MTRN4231_Project/build/custom_interfaces
[5.650s] Level 1:colcon.colcon_core.environment:checking '/home/dev/Desktop/MTRN4231_Project/install/custom_interfaces' for CMake config files
[5.651s] Level 1:colcon.colcon_core.shell:create_environment_hook('custom_interfaces', 'cmake_prefix_path')
[5.651s] INFO:colcon.colcon_core.shell:Creating environment hook '/home/dev/Desktop/MTRN4231_Project/install/custom_interfaces/share/custom_interfaces/hook/cmake_prefix_path.ps1'
[5.651s] INFO:colcon.colcon_core.shell:Creating environment descriptor '/home/dev/Desktop/MTRN4231_Project/install/custom_interfaces/share/custom_interfaces/hook/cmake_prefix_path.dsv'
[5.651s] INFO:colcon.colcon_core.shell:Creating environment hook '/home/dev/Desktop/MTRN4231_Project/install/custom_interfaces/share/custom_interfaces/hook/cmake_prefix_path.sh'
[5.652s] Level 1:colcon.colcon_core.environment:checking '/home/dev/Desktop/MTRN4231_Project/install/custom_interfaces/lib'
[5.652s] Level 1:colcon.colcon_core.shell:create_environment_hook('custom_interfaces', 'ld_library_path_lib')
[5.652s] INFO:colcon.colcon_core.shell:Creating environment hook '/home/dev/Desktop/MTRN4231_Project/install/custom_interfaces/share/custom_interfaces/hook/ld_library_path_lib.ps1'
[5.653s] INFO:colcon.colcon_core.shell:Creating environment descriptor '/home/dev/Desktop/MTRN4231_Project/install/custom_interfaces/share/custom_interfaces/hook/ld_library_path_lib.dsv'
[5.653s] INFO:colcon.colcon_core.shell:Creating environment hook '/home/dev/Desktop/MTRN4231_Project/install/custom_interfaces/share/custom_interfaces/hook/ld_library_path_lib.sh'
[5.653s] Level 1:colcon.colcon_core.environment:checking '/home/dev/Desktop/MTRN4231_Project/install/custom_interfaces/bin'
[5.653s] Level 1:colcon.colcon_core.environment:checking '/home/dev/Desktop/MTRN4231_Project/install/custom_interfaces/lib/pkgconfig/custom_interfaces.pc'
[5.653s] Level 1:colcon.colcon_core.environment:checking '/home/dev/Desktop/MTRN4231_Project/install/custom_interfaces/lib/python3.10/site-packages'
[5.654s] Level 1:colcon.colcon_core.environment:checking '/home/dev/Desktop/MTRN4231_Project/install/custom_interfaces/bin'
[5.654s] INFO:colcon.colcon_core.shell:Creating package script '/home/dev/Desktop/MTRN4231_Project/install/custom_interfaces/share/custom_interfaces/package.ps1'
[5.654s] INFO:colcon.colcon_core.shell:Creating package descriptor '/home/dev/Desktop/MTRN4231_Project/install/custom_interfaces/share/custom_interfaces/package.dsv'
[5.655s] INFO:colcon.colcon_core.shell:Creating package script '/home/dev/Desktop/MTRN4231_Project/install/custom_interfaces/share/custom_interfaces/package.sh'
[5.655s] INFO:colcon.colcon_core.shell:Creating package script '/home/dev/Desktop/MTRN4231_Project/install/custom_interfaces/share/custom_interfaces/package.bash'
[5.655s] INFO:colcon.colcon_core.shell:Creating package script '/home/dev/Desktop/MTRN4231_Project/install/custom_interfaces/share/custom_interfaces/package.zsh'
[5.656s] Level 1:colcon.colcon_core.environment:create_file_with_runtime_dependencies(/home/dev/Desktop/MTRN4231_Project/install/custom_interfaces/share/colcon-core/packages/custom_interfaces)
[5.656s] Level 1:colcon.colcon_core.environment:create_environment_scripts_only(custom_interfaces)
[5.656s] Level 1:colcon.colcon_core.environment:checking '/home/dev/Desktop/MTRN4231_Project/install/custom_interfaces' for CMake module files
[5.657s] Level 1:colcon.colcon_core.environment:checking '/home/dev/Desktop/MTRN4231_Project/install/custom_interfaces' for CMake config files
[5.657s] Level 1:colcon.colcon_core.shell:create_environment_hook('custom_interfaces', 'cmake_prefix_path')
[5.658s] INFO:colcon.colcon_core.shell:Creating environment hook '/home/dev/Desktop/MTRN4231_Project/install/custom_interfaces/share/custom_interfaces/hook/cmake_prefix_path.ps1'
[5.658s] INFO:colcon.colcon_core.shell:Creating environment descriptor '/home/dev/Desktop/MTRN4231_Project/install/custom_interfaces/share/custom_interfaces/hook/cmake_prefix_path.dsv'
[5.658s] INFO:colcon.colcon_core.shell:Creating environment hook '/home/dev/Desktop/MTRN4231_Project/install/custom_interfaces/share/custom_interfaces/hook/cmake_prefix_path.sh'
[5.659s] Level 1:colcon.colcon_core.environment:checking '/home/dev/Desktop/MTRN4231_Project/install/custom_interfaces/lib'
[5.659s] Level 1:colcon.colcon_core.shell:create_environment_hook('custom_interfaces', 'ld_library_path_lib')
[5.659s] INFO:colcon.colcon_core.shell:Creating environment hook '/home/dev/Desktop/MTRN4231_Project/install/custom_interfaces/share/custom_interfaces/hook/ld_library_path_lib.ps1'
[5.659s] INFO:colcon.colcon_core.shell:Creating environment descriptor '/home/dev/Desktop/MTRN4231_Project/install/custom_interfaces/share/custom_interfaces/hook/ld_library_path_lib.dsv'
[5.659s] INFO:colcon.colcon_core.shell:Creating environment hook '/home/dev/Desktop/MTRN4231_Project/install/custom_interfaces/share/custom_interfaces/hook/ld_library_path_lib.sh'
[5.660s] Level 1:colcon.colcon_core.environment:checking '/home/dev/Desktop/MTRN4231_Project/install/custom_interfaces/bin'
[5.660s] Level 1:colcon.colcon_core.environment:checking '/home/dev/Desktop/MTRN4231_Project/install/custom_interfaces/lib/pkgconfig/custom_interfaces.pc'
[5.660s] Level 1:colcon.colcon_core.environment:checking '/home/dev/Desktop/MTRN4231_Project/install/custom_interfaces/lib/python3.10/site-packages'
[5.660s] Level 1:colcon.colcon_core.environment:checking '/home/dev/Desktop/MTRN4231_Project/install/custom_interfaces/bin'
[5.660s] INFO:colcon.colcon_core.shell:Creating package script '/home/dev/Desktop/MTRN4231_Project/install/custom_interfaces/share/custom_interfaces/package.ps1'
[5.661s] INFO:colcon.colcon_core.shell:Creating package descriptor '/home/dev/Desktop/MTRN4231_Project/install/custom_interfaces/share/custom_interfaces/package.dsv'
[5.661s] INFO:colcon.colcon_core.shell:Creating package script '/home/dev/Desktop/MTRN4231_Project/install/custom_interfaces/share/custom_interfaces/package.sh'
[5.662s] INFO:colcon.colcon_core.shell:Creating package script '/home/dev/Desktop/MTRN4231_Project/install/custom_interfaces/share/custom_interfaces/package.bash'
[5.662s] INFO:colcon.colcon_core.shell:Creating package script '/home/dev/Desktop/MTRN4231_Project/install/custom_interfaces/share/custom_interfaces/package.zsh'
[5.662s] Level 1:colcon.colcon_core.environment:create_file_with_runtime_dependencies(/home/dev/Desktop/MTRN4231_Project/install/custom_interfaces/share/colcon-core/packages/custom_interfaces)
[5.663s] INFO:colcon.colcon_ros.task.ament_cmake.build:Building ROS package in '/home/dev/Desktop/MTRN4231_Project/src/arm_controller' with build type 'ament_cmake'
[5.663s] INFO:colcon.colcon_cmake.task.cmake.build:Building CMake package in '/home/dev/Desktop/MTRN4231_Project/src/arm_controller'
[5.663s] INFO:colcon.colcon_core.shell:Skip shell extension 'powershell' for command environment: Not usable outside of PowerShell
[5.663s] DEBUG:colcon.colcon_core.shell:Skip shell extension 'dsv' for command environment
[5.673s] DEBUG:colcon.colcon_core.event_handler.log_command:Invoking command in '/home/dev/Desktop/MTRN4231_Project/build/arm_controller': AMENT_PREFIX_PATH=/home/dev/Desktop/MTRN4231_Project/install/custom_interfaces:${AMENT_PREFIX_PATH} CMAKE_PREFIX_PATH=/home/dev/Desktop/MTRN4231_Project/install/custom_interfaces:/opt/ros/humble LD_LIBRARY_PATH=/home/dev/Desktop/MTRN4231_Project/install/custom_interfaces/lib:${LD_LIBRARY_PATH} PYTHONPATH=/home/dev/Desktop/MTRN4231_Project/install/custom_interfaces/local/lib/python3.10/dist-packages:${PYTHONPATH} /usr/bin/cmake /home/dev/Desktop/MTRN4231_Project/src/arm_controller -DCMAKE_INSTALL_PREFIX=/home/dev/Desktop/MTRN4231_Project/install/arm_controller
[7.964s] DEBUG:colcon.colcon_core.event_handler.log_command:Invoked command in '/home/dev/Desktop/MTRN4231_Project/build/arm_controller' returned '0': AMENT_PREFIX_PATH=/home/dev/Desktop/MTRN4231_Project/install/custom_interfaces:${AMENT_PREFIX_PATH} CMAKE_PREFIX_PATH=/home/dev/Desktop/MTRN4231_Project/install/custom_interfaces:/opt/ros/humble LD_LIBRARY_PATH=/home/dev/Desktop/MTRN4231_Project/install/custom_interfaces/lib:${LD_LIBRARY_PATH} PYTHONPATH=/home/dev/Desktop/MTRN4231_Project/install/custom_interfaces/local/lib/python3.10/dist-packages:${PYTHONPATH} /usr/bin/cmake /home/dev/Desktop/MTRN4231_Project/src/arm_controller -DCMAKE_INSTALL_PREFIX=/home/dev/Desktop/MTRN4231_Project/install/arm_controller
[7.965s] DEBUG:colcon.colcon_core.event_handler.log_command:Invoking command in '/home/dev/Desktop/MTRN4231_Project/build/arm_controller': AMENT_PREFIX_PATH=/home/dev/Desktop/MTRN4231_Project/install/custom_interfaces:${AMENT_PREFIX_PATH} CMAKE_PREFIX_PATH=/home/dev/Desktop/MTRN4231_Project/install/custom_interfaces:/opt/ros/humble LD_LIBRARY_PATH=/home/dev/Desktop/MTRN4231_Project/install/custom_interfaces/lib:${LD_LIBRARY_PATH} PYTHONPATH=/home/dev/Desktop/MTRN4231_Project/install/custom_interfaces/local/lib/python3.10/dist-packages:${PYTHONPATH} /usr/bin/cmake --build /home/dev/Desktop/MTRN4231_Project/build/arm_controller -- -j12 -l12
[19.929s] DEBUG:colcon.colcon_core.event_handler.log_command:Invoked command in '/home/dev/Desktop/MTRN4231_Project/build/arm_controller' returned '0': AMENT_PREFIX_PATH=/home/dev/Desktop/MTRN4231_Project/install/custom_interfaces:${AMENT_PREFIX_PATH} CMAKE_PREFIX_PATH=/home/dev/Desktop/MTRN4231_Project/install/custom_interfaces:/opt/ros/humble LD_LIBRARY_PATH=/home/dev/Desktop/MTRN4231_Project/install/custom_interfaces/lib:${LD_LIBRARY_PATH} PYTHONPATH=/home/dev/Desktop/MTRN4231_Project/install/custom_interfaces/local/lib/python3.10/dist-packages:${PYTHONPATH} /usr/bin/cmake --build /home/dev/Desktop/MTRN4231_Project/build/arm_controller -- -j12 -l12
[19.931s] DEBUG:colcon.colcon_core.event_handler.log_command:Invoking command in '/home/dev/Desktop/MTRN4231_Project/build/arm_controller': AMENT_PREFIX_PATH=/home/dev/Desktop/MTRN4231_Project/install/custom_interfaces:${AMENT_PREFIX_PATH} CMAKE_PREFIX_PATH=/home/dev/Desktop/MTRN4231_Project/install/custom_interfaces:/opt/ros/humble LD_LIBRARY_PATH=/home/dev/Desktop/MTRN4231_Project/install/custom_interfaces/lib:${LD_LIBRARY_PATH} PYTHONPATH=/home/dev/Desktop/MTRN4231_Project/install/custom_interfaces/local/lib/python3.10/dist-packages:${PYTHONPATH} /usr/bin/cmake --install /home/dev/Desktop/MTRN4231_Project/build/arm_controller
[19.946s] Level 1:colcon.colcon_core.environment:create_environment_scripts_only(arm_controller)
[19.946s] Level 1:colcon.colcon_core.environment:checking '/home/dev/Desktop/MTRN4231_Project/install/arm_controller' for CMake module files
[19.947s] DEBUG:colcon.colcon_core.event_handler.log_command:Invoked command in '/home/dev/Desktop/MTRN4231_Project/build/arm_controller' returned '0': AMENT_PREFIX_PATH=/home/dev/Desktop/MTRN4231_Project/install/custom_interfaces:${AMENT_PREFIX_PATH} CMAKE_PREFIX_PATH=/home/dev/Desktop/MTRN4231_Project/install/custom_interfaces:/opt/ros/humble LD_LIBRARY_PATH=/home/dev/Desktop/MTRN4231_Project/install/custom_interfaces/lib:${LD_LIBRARY_PATH} PYTHONPATH=/home/dev/Desktop/MTRN4231_Project/install/custom_interfaces/local/lib/python3.10/dist-packages:${PYTHONPATH} /usr/bin/cmake --install /home/dev/Desktop/MTRN4231_Project/build/arm_controller
[19.947s] Level 1:colcon.colcon_core.environment:checking '/home/dev/Desktop/MTRN4231_Project/install/arm_controller' for CMake config files
[19.947s] Level 1:colcon.colcon_core.shell:create_environment_hook('arm_controller', 'cmake_prefix_path')
[19.947s] INFO:colcon.colcon_core.shell:Creating environment hook '/home/dev/Desktop/MTRN4231_Project/install/arm_controller/share/arm_controller/hook/cmake_prefix_path.ps1'
[19.948s] INFO:colcon.colcon_core.shell:Creating environment descriptor '/home/dev/Desktop/MTRN4231_Project/install/arm_controller/share/arm_controller/hook/cmake_prefix_path.dsv'
[19.948s] INFO:colcon.colcon_core.shell:Creating environment hook '/home/dev/Desktop/MTRN4231_Project/install/arm_controller/share/arm_controller/hook/cmake_prefix_path.sh'
[19.948s] Level 1:colcon.colcon_core.environment:checking '/home/dev/Desktop/MTRN4231_Project/install/arm_controller/lib'
[19.948s] Level 1:colcon.colcon_core.environment:checking '/home/dev/Desktop/MTRN4231_Project/install/arm_controller/bin'
[19.948s] Level 1:colcon.colcon_core.environment:checking '/home/dev/Desktop/MTRN4231_Project/install/arm_controller/lib/pkgconfig/arm_controller.pc'
[19.949s] Level 1:colcon.colcon_core.environment:checking '/home/dev/Desktop/MTRN4231_Project/install/arm_controller/lib/python3.10/site-packages'
[19.949s] Level 1:colcon.colcon_core.environment:checking '/home/dev/Desktop/MTRN4231_Project/install/arm_controller/bin'
[19.949s] INFO:colcon.colcon_core.shell:Creating package script '/home/dev/Desktop/MTRN4231_Project/install/arm_controller/share/arm_controller/package.ps1'
[19.949s] INFO:colcon.colcon_core.shell:Creating package descriptor '/home/dev/Desktop/MTRN4231_Project/install/arm_controller/share/arm_controller/package.dsv'
[19.950s] INFO:colcon.colcon_core.shell:Creating package script '/home/dev/Desktop/MTRN4231_Project/install/arm_controller/share/arm_controller/package.sh'
[19.950s] INFO:colcon.colcon_core.shell:Creating package script '/home/dev/Desktop/MTRN4231_Project/install/arm_controller/share/arm_controller/package.bash'
[19.950s] INFO:colcon.colcon_core.shell:Creating package script '/home/dev/Desktop/MTRN4231_Project/install/arm_controller/share/arm_controller/package.zsh'
[19.950s] Level 1:colcon.colcon_core.environment:create_file_with_runtime_dependencies(/home/dev/Desktop/MTRN4231_Project/install/arm_controller/share/colcon-core/packages/arm_controller)
[19.951s] Level 1:colcon.colcon_core.environment:create_environment_scripts_only(arm_controller)
[19.951s] Level 1:colcon.colcon_core.environment:checking '/home/dev/Desktop/MTRN4231_Project/install/arm_controller' for CMake module files
[19.951s] Level 1:colcon.colcon_core.environment:checking '/home/dev/Desktop/MTRN4231_Project/install/arm_controller' for CMake config files
[19.952s] Level 1:colcon.colcon_core.shell:create_environment_hook('arm_controller', 'cmake_prefix_path')
[19.952s] INFO:colcon.colcon_core.shell:Creating environment hook '/home/dev/Desktop/MTRN4231_Project/install/arm_controller/share/arm_controller/hook/cmake_prefix_path.ps1'
[19.952s] INFO:colcon.colcon_core.shell:Creating environment descriptor '/home/dev/Desktop/MTRN4231_Project/install/arm_controller/share/arm_controller/hook/cmake_prefix_path.dsv'
[19.952s] INFO:colcon.colcon_core.shell:Creating environment hook '/home/dev/Desktop/MTRN4231_Project/install/arm_controller/share/arm_controller/hook/cmake_prefix_path.sh'
[19.953s] Level 1:colcon.colcon_core.environment:checking '/home/dev/Desktop/MTRN4231_Project/install/arm_controller/lib'
[19.953s] Level 1:colcon.colcon_core.environment:checking '/home/dev/Desktop/MTRN4231_Project/install/arm_controller/bin'
[19.953s] Level 1:colcon.colcon_core.environment:checking '/home/dev/Desktop/MTRN4231_Project/install/arm_controller/lib/pkgconfig/arm_controller.pc'
[19.953s] Level 1:colcon.colcon_core.environment:checking '/home/dev/Desktop/MTRN4231_Project/install/arm_controller/lib/python3.10/site-packages'
[19.953s] Level 1:colcon.colcon_core.environment:checking '/home/dev/Desktop/MTRN4231_Project/install/arm_controller/bin'
[19.954s] INFO:colcon.colcon_core.shell:Creating package script '/home/dev/Desktop/MTRN4231_Project/install/arm_controller/share/arm_controller/package.ps1'
[19.954s] INFO:colcon.colcon_core.shell:Creating package descriptor '/home/dev/Desktop/MTRN4231_Project/install/arm_controller/share/arm_controller/package.dsv'
[19.954s] INFO:colcon.colcon_core.shell:Creating package script '/home/dev/Desktop/MTRN4231_Project/install/arm_controller/share/arm_controller/package.sh'
[19.955s] INFO:colcon.colcon_core.shell:Creating package script '/home/dev/Desktop/MTRN4231_Project/install/arm_controller/share/arm_controller/package.bash'
[19.955s] INFO:colcon.colcon_core.shell:Creating package script '/home/dev/Desktop/MTRN4231_Project/install/arm_controller/share/arm_controller/package.zsh'
[19.955s] Level 1:colcon.colcon_core.environment:create_file_with_runtime_dependencies(/home/dev/Desktop/MTRN4231_Project/install/arm_controller/share/colcon-core/packages/arm_controller)
[19.956s] DEBUG:colcon.colcon_parallel_executor.executor.parallel:closing loop
[19.956s] DEBUG:colcon.colcon_parallel_executor.executor.parallel:loop closed
[19.956s] DEBUG:colcon.colcon_parallel_executor.executor.parallel:run_until_complete finished with '0'
[19.956s] DEBUG:colcon.colcon_core.event_reactor:joining thread
[19.961s] INFO:colcon.colcon_core.plugin_system:Skipping extension 'colcon_notification.desktop_notification.terminal_notifier': Not used on non-Darwin systems
[19.961s] INFO:colcon.colcon_core.plugin_system:Skipping extension 'colcon_notification.desktop_notification.win32': Not used on non-Windows systems
[19.961s] INFO:colcon.colcon_notification.desktop_notification:Sending desktop notification using 'notify2'
[19.972s] DEBUG:colcon.colcon_core.event_reactor:joined thread
[19.973s] INFO:colcon.colcon_core.shell:Creating prefix script '/home/dev/Desktop/MTRN4231_Project/install/local_setup.ps1'
[19.974s] INFO:colcon.colcon_core.shell:Creating prefix util module '/home/dev/Desktop/MTRN4231_Project/install/_local_setup_util_ps1.py'
[19.975s] INFO:colcon.colcon_core.shell:Creating prefix chain script '/home/dev/Desktop/MTRN4231_Project/install/setup.ps1'
[19.976s] INFO:colcon.colcon_core.shell:Creating prefix script '/home/dev/Desktop/MTRN4231_Project/install/local_setup.sh'
[19.976s] INFO:colcon.colcon_core.shell:Creating prefix util module '/home/dev/Desktop/MTRN4231_Project/install/_local_setup_util_sh.py'
[19.977s] INFO:colcon.colcon_core.shell:Creating prefix chain script '/home/dev/Desktop/MTRN4231_Project/install/setup.sh'
[19.978s] INFO:colcon.colcon_core.shell:Creating prefix script '/home/dev/Desktop/MTRN4231_Project/install/local_setup.bash'
[19.979s] INFO:colcon.colcon_core.shell:Creating prefix chain script '/home/dev/Desktop/MTRN4231_Project/install/setup.bash'
[19.980s] INFO:colcon.colcon_core.shell:Creating prefix script '/home/dev/Desktop/MTRN4231_Project/install/local_setup.zsh'
[19.980s] INFO:colcon.colcon_core.shell:Creating prefix chain script '/home/dev/Desktop/MTRN4231_Project/install/setup.zsh'
