[0.015s] Invoking command in '/home/dev/Desktop/MTRN4231_Project/build/arm_controller': CMAKE_PREFIX_PATH=/home/dev/Desktop/MTRN4231_Project/install/custom_interfaces:/home/dev/Desktop/MTRN4231_Project/install/ur5e_moveit_config_custom:/home/dev/Desktop/MTRN4231_Project/install/ur5e_custom_description:/home/dev/Desktop/MTRN4231_Project/install/end_effector_description:/home/dev/Desktop/MTRN4231_Project/install/arm_controller:/opt/ros/humble /usr/bin/cmake --build /home/dev/Desktop/MTRN4231_Project/build/arm_controller -- -j12 -l12
[0.068s] [35m[1mConsolidate compiler generated dependencies of target arm_controller_node[0m
[0.068s] [35m[1mConsolidate compiler generated dependencies of target moveit_constrain_ur[0m
[0.105s] [100%] Built target arm_controller_node
[0.106s] [100%] Built target moveit_constrain_ur
[0.118s] Invoked command in '/home/dev/Desktop/MTRN4231_Project/build/arm_controller' returned '0': CMAKE_PREFIX_PATH=/home/dev/Desktop/MTRN4231_Project/install/custom_interfaces:/home/dev/Desktop/MTRN4231_Project/install/ur5e_moveit_config_custom:/home/dev/Desktop/MTRN4231_Project/install/ur5e_custom_description:/home/dev/Desktop/MTRN4231_Project/install/end_effector_description:/home/dev/Desktop/MTRN4231_Project/install/arm_controller:/opt/ros/humble /usr/bin/cmake --build /home/dev/Desktop/MTRN4231_Project/build/arm_controller -- -j12 -l12
[0.119s] Invoking command in '/home/dev/Desktop/MTRN4231_Project/build/arm_controller': CMAKE_PREFIX_PATH=/home/dev/Desktop/MTRN4231_Project/install/custom_interfaces:/home/dev/Desktop/MTRN4231_Project/install/ur5e_moveit_config_custom:/home/dev/Desktop/MTRN4231_Project/install/ur5e_custom_description:/home/dev/Desktop/MTRN4231_Project/install/end_effector_description:/home/dev/Desktop/MTRN4231_Project/install/arm_controller:/opt/ros/humble /usr/bin/cmake --install /home/dev/Desktop/MTRN4231_Project/build/arm_controller
[0.127s] -- Install configuration: ""
[0.127s] -- Up-to-date: /home/dev/Desktop/MTRN4231_Project/install/arm_controller/lib/arm_controller/arm_controller_node
[0.127s] -- Up-to-date: /home/dev/Desktop/MTRN4231_Project/install/arm_controller/share/arm_controller/launch
[0.127s] -- Up-to-date: /home/dev/Desktop/MTRN4231_Project/install/arm_controller/share/arm_controller/launch/arm_controller.launch.py
[0.127s] -- Up-to-date: /home/dev/Desktop/MTRN4231_Project/install/arm_controller/share/arm_controller/launch/view_combined.launch.py
[0.127s] -- Up-to-date: /home/dev/Desktop/MTRN4231_Project/install/arm_controller/share/arm_controller/urdf
[0.127s] -- Up-to-date: /home/dev/Desktop/MTRN4231_Project/install/arm_controller/share/arm_controller/urdf/ur5e_with_tool.urdf.xacro
[0.127s] -- Up-to-date: /home/dev/Desktop/MTRN4231_Project/install/arm_controller/share/arm_controller/config
[0.127s] -- Up-to-date: /home/dev/Desktop/MTRN4231_Project/install/arm_controller/share/arm_controller/config/joint_limits.yaml
[0.127s] -- Up-to-date: /home/dev/Desktop/MTRN4231_Project/install/arm_controller/share/arm_controller/config/moveit.rviz
[0.128s] -- Up-to-date: /home/dev/Desktop/MTRN4231_Project/install/arm_controller/share/arm_controller/config/moveit_controllers.yaml
[0.128s] -- Up-to-date: /home/dev/Desktop/MTRN4231_Project/install/arm_controller/share/arm_controller/config/end_effector_withDriverSupport.srdf
[0.128s] -- Up-to-date: /home/dev/Desktop/MTRN4231_Project/install/arm_controller/share/arm_controller/config/kinematics.yaml
[0.128s] -- Up-to-date: /home/dev/Desktop/MTRN4231_Project/install/arm_controller/share/arm_controller/config/controllers.yaml
[0.128s] -- Up-to-date: /home/dev/Desktop/MTRN4231_Project/install/arm_controller/share/arm_controller/config/params.yaml
[0.128s] -- Up-to-date: /home/dev/Desktop/MTRN4231_Project/install/arm_controller/share/arm_controller/config/pilz_cartesian_limits.yaml
[0.128s] -- Up-to-date: /home/dev/Desktop/MTRN4231_Project/install/arm_controller/share/arm_controller/rviz
[0.128s] -- Up-to-date: /home/dev/Desktop/MTRN4231_Project/install/arm_controller/share/arm_controller/rviz/display.rviz
[0.128s] -- Up-to-date: /home/dev/Desktop/MTRN4231_Project/install/arm_controller/share/ament_index/resource_index/package_run_dependencies/arm_controller
[0.128s] -- Up-to-date: /home/dev/Desktop/MTRN4231_Project/install/arm_controller/share/ament_index/resource_index/parent_prefix_path/arm_controller
[0.128s] -- Up-to-date: /home/dev/Desktop/MTRN4231_Project/install/arm_controller/share/arm_controller/environment/ament_prefix_path.sh
[0.128s] -- Up-to-date: /home/dev/Desktop/MTRN4231_Project/install/arm_controller/share/arm_controller/environment/ament_prefix_path.dsv
[0.128s] -- Up-to-date: /home/dev/Desktop/MTRN4231_Project/install/arm_controller/share/arm_controller/environment/path.sh
[0.129s] -- Up-to-date: /home/dev/Desktop/MTRN4231_Project/install/arm_controller/share/arm_controller/environment/path.dsv
[0.129s] -- Up-to-date: /home/dev/Desktop/MTRN4231_Project/install/arm_controller/share/arm_controller/local_setup.bash
[0.129s] -- Up-to-date: /home/dev/Desktop/MTRN4231_Project/install/arm_controller/share/arm_controller/local_setup.sh
[0.129s] -- Up-to-date: /home/dev/Desktop/MTRN4231_Project/install/arm_controller/share/arm_controller/local_setup.zsh
[0.129s] -- Up-to-date: /home/dev/Desktop/MTRN4231_Project/install/arm_controller/share/arm_controller/local_setup.dsv
[0.129s] -- Installing: /home/dev/Desktop/MTRN4231_Project/install/arm_controller/share/arm_controller/package.dsv
[0.129s] -- Up-to-date: /home/dev/Desktop/MTRN4231_Project/install/arm_controller/share/ament_index/resource_index/packages/arm_controller
[0.129s] -- Up-to-date: /home/dev/Desktop/MTRN4231_Project/install/arm_controller/share/arm_controller/cmake/arm_controllerConfig.cmake
[0.129s] -- Up-to-date: /home/dev/Desktop/MTRN4231_Project/install/arm_controller/share/arm_controller/cmake/arm_controllerConfig-version.cmake
[0.130s] -- Up-to-date: /home/dev/Desktop/MTRN4231_Project/install/arm_controller/share/arm_controller/package.xml
[0.131s] Invoked command in '/home/dev/Desktop/MTRN4231_Project/build/arm_controller' returned '0': CMAKE_PREFIX_PATH=/home/dev/Desktop/MTRN4231_Project/install/custom_interfaces:/home/dev/Desktop/MTRN4231_Project/install/ur5e_moveit_config_custom:/home/dev/Desktop/MTRN4231_Project/install/ur5e_custom_description:/home/dev/Desktop/MTRN4231_Project/install/end_effector_description:/home/dev/Desktop/MTRN4231_Project/install/arm_controller:/opt/ros/humble /usr/bin/cmake --install /home/dev/Desktop/MTRN4231_Project/build/arm_controller
