[0.015s] Invoking command in '/home/dev/Desktop/MTRN4231_Project/build/end_effector_description': CMAKE_PREFIX_PATH=/opt/ros/humble /usr/bin/cmake /home/dev/Desktop/MTRN4231_Project/src/end_effector_description -DCMAKE_INSTALL_PREFIX=/home/dev/Desktop/MTRN4231_Project/install/end_effector_description
[0.065s] -- The C compiler identification is GNU 11.4.0
[0.119s] -- The CXX compiler identification is GNU 11.4.0
[0.126s] -- Detecting C compiler ABI info
[0.189s] -- Detecting C compiler ABI info - done
[0.195s] -- Check for working C compiler: /usr/bin/cc - skipped
[0.195s] -- Detecting C compile features
[0.195s] -- Detecting C compile features - done
[0.198s] -- Detecting CXX compiler ABI info
[0.272s] -- Detecting CXX compiler ABI info - done
[0.278s] -- Check for working CXX compiler: /usr/bin/c++ - skipped
[0.278s] -- Detecting CXX compile features
[0.279s] -- Detecting CXX compile features - done
[0.281s] -- Found ament_cmake: 1.3.12 (/opt/ros/humble/share/ament_cmake/cmake)
[0.420s] -- Found Python3: /usr/bin/python3 (found version "3.10.12") found components: Interpreter 
[0.564s] -- Configuring done
[0.567s] -- Generating done
[0.569s] -- Build files have been written to: /home/dev/Desktop/MTRN4231_Project/build/end_effector_description
[0.573s] Invoked command in '/home/dev/Desktop/MTRN4231_Project/build/end_effector_description' returned '0': CMAKE_PREFIX_PATH=/opt/ros/humble /usr/bin/cmake /home/dev/Desktop/MTRN4231_Project/src/end_effector_description -DCMAKE_INSTALL_PREFIX=/home/dev/Desktop/MTRN4231_Project/install/end_effector_description
[0.574s] Invoking command in '/home/dev/Desktop/MTRN4231_Project/build/end_effector_description': CMAKE_PREFIX_PATH=/opt/ros/humble /usr/bin/cmake --build /home/dev/Desktop/MTRN4231_Project/build/end_effector_description -- -j12 -l12
[0.616s] Invoked command in '/home/dev/Desktop/MTRN4231_Project/build/end_effector_description' returned '0': CMAKE_PREFIX_PATH=/opt/ros/humble /usr/bin/cmake --build /home/dev/Desktop/MTRN4231_Project/build/end_effector_description -- -j12 -l12
[0.617s] Invoking command in '/home/dev/Desktop/MTRN4231_Project/build/end_effector_description': CMAKE_PREFIX_PATH=/opt/ros/humble /usr/bin/cmake --install /home/dev/Desktop/MTRN4231_Project/build/end_effector_description
[0.625s] -- Install configuration: ""
[0.625s] -- Installing: /home/dev/Desktop/MTRN4231_Project/install/end_effector_description/share/end_effector_description/launch
[0.625s] -- Installing: /home/dev/Desktop/MTRN4231_Project/install/end_effector_description/share/end_effector_description/launch/display_ee.launch.py
[0.625s] -- Installing: /home/dev/Desktop/MTRN4231_Project/install/end_effector_description/share/end_effector_description/rviz
[0.625s] -- Installing: /home/dev/Desktop/MTRN4231_Project/install/end_effector_description/share/end_effector_description/rviz/ee.rviz
[0.625s] -- Installing: /home/dev/Desktop/MTRN4231_Project/install/end_effector_description/share/end_effector_description/urdf
[0.625s] -- Installing: /home/dev/Desktop/MTRN4231_Project/install/end_effector_description/share/end_effector_description/urdf/end_effector.xacro
[0.626s] -- Installing: /home/dev/Desktop/MTRN4231_Project/install/end_effector_description/share/end_effector_description/urdf/end_effector.urdf
[0.626s] -- Installing: /home/dev/Desktop/MTRN4231_Project/install/end_effector_description/share/end_effector_description/meshes
[0.626s] -- Installing: /home/dev/Desktop/MTRN4231_Project/install/end_effector_description/share/end_effector_description/meshes/claw_assembly.stl
[0.628s] -- Installing: /home/dev/Desktop/MTRN4231_Project/install/end_effector_description/share/ament_index/resource_index/package_run_dependencies/end_effector_description
[0.628s] -- Installing: /home/dev/Desktop/MTRN4231_Project/install/end_effector_description/share/ament_index/resource_index/parent_prefix_path/end_effector_description
[0.628s] -- Installing: /home/dev/Desktop/MTRN4231_Project/install/end_effector_description/share/end_effector_description/environment/ament_prefix_path.sh
[0.628s] -- Installing: /home/dev/Desktop/MTRN4231_Project/install/end_effector_description/share/end_effector_description/environment/ament_prefix_path.dsv
[0.628s] -- Installing: /home/dev/Desktop/MTRN4231_Project/install/end_effector_description/share/end_effector_description/environment/path.sh
[0.628s] -- Installing: /home/dev/Desktop/MTRN4231_Project/install/end_effector_description/share/end_effector_description/environment/path.dsv
[0.629s] -- Installing: /home/dev/Desktop/MTRN4231_Project/install/end_effector_description/share/end_effector_description/local_setup.bash
[0.629s] -- Installing: /home/dev/Desktop/MTRN4231_Project/install/end_effector_description/share/end_effector_description/local_setup.sh
[0.629s] -- Installing: /home/dev/Desktop/MTRN4231_Project/install/end_effector_description/share/end_effector_description/local_setup.zsh
[0.629s] -- Installing: /home/dev/Desktop/MTRN4231_Project/install/end_effector_description/share/end_effector_description/local_setup.dsv
[0.629s] -- Installing: /home/dev/Desktop/MTRN4231_Project/install/end_effector_description/share/end_effector_description/package.dsv
[0.629s] -- Installing: /home/dev/Desktop/MTRN4231_Project/install/end_effector_description/share/ament_index/resource_index/packages/end_effector_description
[0.630s] -- Installing: /home/dev/Desktop/MTRN4231_Project/install/end_effector_description/share/end_effector_description/cmake/end_effector_descriptionConfig.cmake
[0.630s] -- Installing: /home/dev/Desktop/MTRN4231_Project/install/end_effector_description/share/end_effector_description/cmake/end_effector_descriptionConfig-version.cmake
[0.630s] -- Installing: /home/dev/Desktop/MTRN4231_Project/install/end_effector_description/share/end_effector_description/package.xml
[0.633s] Invoked command in '/home/dev/Desktop/MTRN4231_Project/build/end_effector_description' returned '0': CMAKE_PREFIX_PATH=/opt/ros/humble /usr/bin/cmake --install /home/dev/Desktop/MTRN4231_Project/build/end_effector_description
