[0.116s] Invoking command in '/home/ryanl/4231/MTRN4231_Project/build/ur5e_custom_description': CMAKE_PREFIX_PATH=/home/ryanl/4231/MTRN4231_Project/install/end_effector_description:/home/ryanl/4231/MTRN4231_Project/install/ur5e_custom_description:/home/ryanl/4231/MTRN4231_Project/install/move_to_marker:/home/ryanl/4231/MTRN4231_Project/install/interfaces:/home/ryanl/4231/MTRN4231_Project/install/arm_controller:/home/ryanl/4231/MTRN4231_Project/install/custom_interfaces:/home/ryanl/4231/MTRN4231_Project/install/ui:/home/ryanl/4231/MTRN4231_Project/install/chess_master:/home/ryanl/4231/MTRN4231_Project/install/brain:/opt/ros/humble /usr/bin/cmake --build /home/ryanl/4231/MTRN4231_Project/build/ur5e_custom_description -- -j16 -l16
[0.202s] Invoked command in '/home/ryanl/4231/MTRN4231_Project/build/ur5e_custom_description' returned '0': CMAKE_PREFIX_PATH=/home/ryanl/4231/MTRN4231_Project/install/end_effector_description:/home/ryanl/4231/MTRN4231_Project/install/ur5e_custom_description:/home/ryanl/4231/MTRN4231_Project/install/move_to_marker:/home/ryanl/4231/MTRN4231_Project/install/interfaces:/home/ryanl/4231/MTRN4231_Project/install/arm_controller:/home/ryanl/4231/MTRN4231_Project/install/custom_interfaces:/home/ryanl/4231/MTRN4231_Project/install/ui:/home/ryanl/4231/MTRN4231_Project/install/chess_master:/home/ryanl/4231/MTRN4231_Project/install/brain:/opt/ros/humble /usr/bin/cmake --build /home/ryanl/4231/MTRN4231_Project/build/ur5e_custom_description -- -j16 -l16
[0.205s] Invoking command in '/home/ryanl/4231/MTRN4231_Project/build/ur5e_custom_description': CMAKE_PREFIX_PATH=/home/ryanl/4231/MTRN4231_Project/install/end_effector_description:/home/ryanl/4231/MTRN4231_Project/install/ur5e_custom_description:/home/ryanl/4231/MTRN4231_Project/install/move_to_marker:/home/ryanl/4231/MTRN4231_Project/install/interfaces:/home/ryanl/4231/MTRN4231_Project/install/arm_controller:/home/ryanl/4231/MTRN4231_Project/install/custom_interfaces:/home/ryanl/4231/MTRN4231_Project/install/ui:/home/ryanl/4231/MTRN4231_Project/install/chess_master:/home/ryanl/4231/MTRN4231_Project/install/brain:/opt/ros/humble /usr/bin/cmake --install /home/ryanl/4231/MTRN4231_Project/build/ur5e_custom_description
[0.218s] -- Install configuration: ""
[0.219s] -- Up-to-date: /home/ryanl/4231/MTRN4231_Project/install/ur5e_custom_description/share/ur5e_custom_description/urdf
[0.219s] -- Installing: /home/ryanl/4231/MTRN4231_Project/install/ur5e_custom_description/share/ur5e_custom_description/urdf/ur5e_with_tool.urdf.xacro
[0.219s] -- Up-to-date: /home/ryanl/4231/MTRN4231_Project/install/ur5e_custom_description/share/ur5e_custom_description/meshes
[0.220s] -- Up-to-date: /home/ryanl/4231/MTRN4231_Project/install/ur5e_custom_description/share/ur5e_custom_description/launch
[0.220s] -- Installing: /home/ryanl/4231/MTRN4231_Project/install/ur5e_custom_description/share/ur5e_custom_description/launch/display.launch.py
[0.220s] -- Up-to-date: /home/ryanl/4231/MTRN4231_Project/install/ur5e_custom_description/share/ur5e_custom_description/rviz
[0.220s] -- Up-to-date: /home/ryanl/4231/MTRN4231_Project/install/ur5e_custom_description/share/ur5e_custom_description/rviz/moveit_planning.rviz
[0.220s] -- Up-to-date: /home/ryanl/4231/MTRN4231_Project/install/ur5e_custom_description/share/ament_index/resource_index/package_run_dependencies/ur5e_custom_description
[0.221s] -- Up-to-date: /home/ryanl/4231/MTRN4231_Project/install/ur5e_custom_description/share/ament_index/resource_index/parent_prefix_path/ur5e_custom_description
[0.221s] -- Up-to-date: /home/ryanl/4231/MTRN4231_Project/install/ur5e_custom_description/share/ur5e_custom_description/environment/ament_prefix_path.sh
[0.221s] -- Up-to-date: /home/ryanl/4231/MTRN4231_Project/install/ur5e_custom_description/share/ur5e_custom_description/environment/ament_prefix_path.dsv
[0.221s] -- Up-to-date: /home/ryanl/4231/MTRN4231_Project/install/ur5e_custom_description/share/ur5e_custom_description/environment/path.sh
[0.222s] -- Up-to-date: /home/ryanl/4231/MTRN4231_Project/install/ur5e_custom_description/share/ur5e_custom_description/environment/path.dsv
[0.222s] -- Up-to-date: /home/ryanl/4231/MTRN4231_Project/install/ur5e_custom_description/share/ur5e_custom_description/local_setup.bash
[0.222s] -- Up-to-date: /home/ryanl/4231/MTRN4231_Project/install/ur5e_custom_description/share/ur5e_custom_description/local_setup.sh
[0.222s] -- Up-to-date: /home/ryanl/4231/MTRN4231_Project/install/ur5e_custom_description/share/ur5e_custom_description/local_setup.zsh
[0.222s] -- Up-to-date: /home/ryanl/4231/MTRN4231_Project/install/ur5e_custom_description/share/ur5e_custom_description/local_setup.dsv
[0.222s] -- Installing: /home/ryanl/4231/MTRN4231_Project/install/ur5e_custom_description/share/ur5e_custom_description/package.dsv
[0.222s] -- Up-to-date: /home/ryanl/4231/MTRN4231_Project/install/ur5e_custom_description/share/ament_index/resource_index/packages/ur5e_custom_description
[0.222s] -- Up-to-date: /home/ryanl/4231/MTRN4231_Project/install/ur5e_custom_description/share/ur5e_custom_description/cmake/ur5e_custom_descriptionConfig.cmake
[0.222s] -- Up-to-date: /home/ryanl/4231/MTRN4231_Project/install/ur5e_custom_description/share/ur5e_custom_description/cmake/ur5e_custom_descriptionConfig-version.cmake
[0.222s] -- Up-to-date: /home/ryanl/4231/MTRN4231_Project/install/ur5e_custom_description/share/ur5e_custom_description/package.xml
[0.226s] Invoked command in '/home/ryanl/4231/MTRN4231_Project/build/ur5e_custom_description' returned '0': CMAKE_PREFIX_PATH=/home/ryanl/4231/MTRN4231_Project/install/end_effector_description:/home/ryanl/4231/MTRN4231_Project/install/ur5e_custom_description:/home/ryanl/4231/MTRN4231_Project/install/move_to_marker:/home/ryanl/4231/MTRN4231_Project/install/interfaces:/home/ryanl/4231/MTRN4231_Project/install/arm_controller:/home/ryanl/4231/MTRN4231_Project/install/custom_interfaces:/home/ryanl/4231/MTRN4231_Project/install/ui:/home/ryanl/4231/MTRN4231_Project/install/chess_master:/home/ryanl/4231/MTRN4231_Project/install/brain:/opt/ros/humble /usr/bin/cmake --install /home/ryanl/4231/MTRN4231_Project/build/ur5e_custom_description
