[0.151s] Invoking command in '/home/mtrn/Downloads/MTRN4231_Project/build/end_effector_description': CMAKE_PREFIX_PATH=${CMAKE_PREFIX_PATH}:/home/mtrn/4231/ws_moveit2/install/moveit_configs_utils:/home/mtrn/4231/ws_moveit2/install/launch_param_builder:/opt/ros/humble /usr/bin/cmake /home/mtrn/Downloads/MTRN4231_Project/src/end_effector_description -DCMAKE_INSTALL_PREFIX=/home/mtrn/Downloads/MTRN4231_Project/install/end_effector_description
[1.574s] -- The C compiler identification is GNU 11.4.0
[2.616s] -- The CXX compiler identification is GNU 11.4.0
[2.659s] -- Detecting C compiler ABI info
[3.255s] -- Detecting C compiler ABI info - done
[3.294s] -- Check for working C compiler: /usr/bin/cc - skipped
[3.296s] -- Detecting C compile features
[3.303s] -- Detecting C compile features - done
[3.334s] -- Detecting CXX compiler ABI info
[4.115s] -- Detecting CXX compiler ABI info - done
[4.115s] -- Check for working CXX compiler: /usr/bin/c++ - skipped
[4.115s] -- Detecting CXX compile features
[4.115s] -- Detecting CXX compile features - done
[4.156s] -- Found ament_cmake: 1.3.5 (/opt/ros/humble/share/ament_cmake/cmake)
[5.120s] -- Found Python3: /usr/bin/python3.10 (found version "3.10.12") found components: Interpreter 
[7.220s] -- Configuring done
[7.220s] -- Generating done
[7.223s] -- Build files have been written to: /home/mtrn/Downloads/MTRN4231_Project/build/end_effector_description
[7.313s] Invoked command in '/home/mtrn/Downloads/MTRN4231_Project/build/end_effector_description' returned '0': CMAKE_PREFIX_PATH=${CMAKE_PREFIX_PATH}:/home/mtrn/4231/ws_moveit2/install/moveit_configs_utils:/home/mtrn/4231/ws_moveit2/install/launch_param_builder:/opt/ros/humble /usr/bin/cmake /home/mtrn/Downloads/MTRN4231_Project/src/end_effector_description -DCMAKE_INSTALL_PREFIX=/home/mtrn/Downloads/MTRN4231_Project/install/end_effector_description
[7.330s] Invoking command in '/home/mtrn/Downloads/MTRN4231_Project/build/end_effector_description': CMAKE_PREFIX_PATH=${CMAKE_PREFIX_PATH}:/home/mtrn/4231/ws_moveit2/install/moveit_configs_utils:/home/mtrn/4231/ws_moveit2/install/launch_param_builder:/opt/ros/humble /usr/bin/cmake --build /home/mtrn/Downloads/MTRN4231_Project/build/end_effector_description -- -j4 -l4
[7.709s] Invoked command in '/home/mtrn/Downloads/MTRN4231_Project/build/end_effector_description' returned '0': CMAKE_PREFIX_PATH=${CMAKE_PREFIX_PATH}:/home/mtrn/4231/ws_moveit2/install/moveit_configs_utils:/home/mtrn/4231/ws_moveit2/install/launch_param_builder:/opt/ros/humble /usr/bin/cmake --build /home/mtrn/Downloads/MTRN4231_Project/build/end_effector_description -- -j4 -l4
[8.128s] Invoking command in '/home/mtrn/Downloads/MTRN4231_Project/build/end_effector_description': CMAKE_PREFIX_PATH=${CMAKE_PREFIX_PATH}:/home/mtrn/4231/ws_moveit2/install/moveit_configs_utils:/home/mtrn/4231/ws_moveit2/install/launch_param_builder:/opt/ros/humble /usr/bin/cmake --install /home/mtrn/Downloads/MTRN4231_Project/build/end_effector_description
[8.217s] -- Install configuration: ""
[8.220s] -- Installing: /home/mtrn/Downloads/MTRN4231_Project/install/end_effector_description/share/end_effector_description/launch
[8.221s] -- Installing: /home/mtrn/Downloads/MTRN4231_Project/install/end_effector_description/share/end_effector_description/launch/display_ee.launch.py
[8.221s] -- Installing: /home/mtrn/Downloads/MTRN4231_Project/install/end_effector_description/share/end_effector_description/rviz
[8.222s] -- Installing: /home/mtrn/Downloads/MTRN4231_Project/install/end_effector_description/share/end_effector_description/rviz/ee.rviz
[8.273s] -- Installing: /home/mtrn/Downloads/MTRN4231_Project/install/end_effector_description/share/end_effector_description/urdf
[8.274s] -- Installing: /home/mtrn/Downloads/MTRN4231_Project/install/end_effector_description/share/end_effector_description/urdf/end_effector.urdf.xacro
[8.274s] -- Installing: /home/mtrn/Downloads/MTRN4231_Project/install/end_effector_description/share/end_effector_description/urdf/end_effector_withDriverSupport.xacro
[8.274s] -- Installing: /home/mtrn/Downloads/MTRN4231_Project/install/end_effector_description/share/end_effector_description/urdf/end_effector_only.urdf.xacro
[8.274s] -- Installing: /home/mtrn/Downloads/MTRN4231_Project/install/end_effector_description/share/end_effector_description/meshes
[8.274s] -- Installing: /home/mtrn/Downloads/MTRN4231_Project/install/end_effector_description/share/end_effector_description/meshes/claw_assembly.stl
[8.300s] -- Installing: /home/mtrn/Downloads/MTRN4231_Project/install/end_effector_description/share/end_effector_description/etc
[8.301s] -- Installing: /home/mtrn/Downloads/MTRN4231_Project/install/end_effector_description/share/end_effector_description/etc/robot_calibration.yaml
[8.301s] -- Installing: /home/mtrn/Downloads/MTRN4231_Project/install/end_effector_description/share/ament_index/resource_index/package_run_dependencies/end_effector_description
[8.301s] -- Installing: /home/mtrn/Downloads/MTRN4231_Project/install/end_effector_description/share/ament_index/resource_index/parent_prefix_path/end_effector_description
[8.301s] -- Installing: /home/mtrn/Downloads/MTRN4231_Project/install/end_effector_description/share/end_effector_description/environment/ament_prefix_path.sh
[8.307s] -- Installing: /home/mtrn/Downloads/MTRN4231_Project/install/end_effector_description/share/end_effector_description/environment/ament_prefix_path.dsv
[8.307s] -- Installing: /home/mtrn/Downloads/MTRN4231_Project/install/end_effector_description/share/end_effector_description/environment/path.sh
[8.307s] -- Installing: /home/mtrn/Downloads/MTRN4231_Project/install/end_effector_description/share/end_effector_description/environment/path.dsv
[8.337s] -- Installing: /home/mtrn/Downloads/MTRN4231_Project/install/end_effector_description/share/end_effector_description/local_setup.bash
[8.338s] -- Installing: /home/mtrn/Downloads/MTRN4231_Project/install/end_effector_description/share/end_effector_description/local_setup.sh
[8.339s] -- Installing: /home/mtrn/Downloads/MTRN4231_Project/install/end_effector_description/share/end_effector_description/local_setup.zsh
[8.340s] -- Installing: /home/mtrn/Downloads/MTRN4231_Project/install/end_effector_description/share/end_effector_description/local_setup.dsv
[8.341s] -- Installing: /home/mtrn/Downloads/MTRN4231_Project/install/end_effector_description/share/end_effector_description/package.dsv
[8.342s] -- Installing: /home/mtrn/Downloads/MTRN4231_Project/install/end_effector_description/share/ament_index/resource_index/packages/end_effector_description
[8.343s] -- Installing: /home/mtrn/Downloads/MTRN4231_Project/install/end_effector_description/share/end_effector_description/cmake/end_effector_descriptionConfig.cmake
[8.344s] -- Installing: /home/mtrn/Downloads/MTRN4231_Project/install/end_effector_description/share/end_effector_description/cmake/end_effector_descriptionConfig-version.cmake
[8.349s] -- Installing: /home/mtrn/Downloads/MTRN4231_Project/install/end_effector_description/share/end_effector_description/package.xml
[8.392s] Invoked command in '/home/mtrn/Downloads/MTRN4231_Project/build/end_effector_description' returned '0': CMAKE_PREFIX_PATH=${CMAKE_PREFIX_PATH}:/home/mtrn/4231/ws_moveit2/install/moveit_configs_utils:/home/mtrn/4231/ws_moveit2/install/launch_param_builder:/opt/ros/humble /usr/bin/cmake --install /home/mtrn/Downloads/MTRN4231_Project/build/end_effector_description
