[0.020s] Invoking command in '/home/dev/Desktop/MTRN4231_Project/build/end_effector_description': CMAKE_PREFIX_PATH=${CMAKE_PREFIX_PATH}:/opt/ros/humble /usr/bin/cmake --build /home/dev/Desktop/MTRN4231_Project/build/end_effector_description -- -j12 -l12
[0.040s] -- Found ament_cmake: 1.3.12 (/opt/ros/humble/share/ament_cmake/cmake)
[0.234s] -- Configuring done
[0.237s] -- Generating done
[0.239s] -- Build files have been written to: /home/dev/Desktop/MTRN4231_Project/build/end_effector_description
[0.262s] Invoked command in '/home/dev/Desktop/MTRN4231_Project/build/end_effector_description' returned '0': CMAKE_PREFIX_PATH=${CMAKE_PREFIX_PATH}:/opt/ros/humble /usr/bin/cmake --build /home/dev/Desktop/MTRN4231_Project/build/end_effector_description -- -j12 -l12
[0.272s] Invoking command in '/home/dev/Desktop/MTRN4231_Project/build/end_effector_description': CMAKE_PREFIX_PATH=${CMAKE_PREFIX_PATH}:/opt/ros/humble /usr/bin/cmake --install /home/dev/Desktop/MTRN4231_Project/build/end_effector_description
[0.279s] -- Install configuration: ""
[0.280s] -- Up-to-date: /home/dev/Desktop/MTRN4231_Project/install/end_effector_description/share/end_effector_description/launch
[0.280s] -- Up-to-date: /home/dev/Desktop/MTRN4231_Project/install/end_effector_description/share/end_effector_description/launch/display.launch.py
[0.280s] -- Up-to-date: /home/dev/Desktop/MTRN4231_Project/install/end_effector_description/share/end_effector_description/launch/display_ee.launch.py
[0.280s] -- Up-to-date: /home/dev/Desktop/MTRN4231_Project/install/end_effector_description/share/end_effector_description/rviz
[0.280s] -- Up-to-date: /home/dev/Desktop/MTRN4231_Project/install/end_effector_description/share/end_effector_description/rviz/ee.rviz
[0.280s] -- Up-to-date: /home/dev/Desktop/MTRN4231_Project/install/end_effector_description/share/end_effector_description/urdf
[0.280s] -- Up-to-date: /home/dev/Desktop/MTRN4231_Project/install/end_effector_description/share/end_effector_description/urdf/end_effector.urdf.xacro
[0.280s] -- Up-to-date: /home/dev/Desktop/MTRN4231_Project/install/end_effector_description/share/end_effector_description/urdf/end_effector_withDriverSupport.xacro
[0.280s] -- Up-to-date: /home/dev/Desktop/MTRN4231_Project/install/end_effector_description/share/end_effector_description/urdf/end_effector_only.urdf.xacro
[0.280s] -- Up-to-date: /home/dev/Desktop/MTRN4231_Project/install/end_effector_description/share/end_effector_description/meshes
[0.280s] -- Up-to-date: /home/dev/Desktop/MTRN4231_Project/install/end_effector_description/share/end_effector_description/meshes/claw_assembly.stl
[0.280s] -- Up-to-date: /home/dev/Desktop/MTRN4231_Project/install/end_effector_description/share/end_effector_description/etc
[0.281s] -- Up-to-date: /home/dev/Desktop/MTRN4231_Project/install/end_effector_description/share/end_effector_description/etc/robot_calibration.yaml
[0.281s] -- Installing: /home/dev/Desktop/MTRN4231_Project/install/end_effector_description/share/end_effector_description/config
[0.281s] -- Installing: /home/dev/Desktop/MTRN4231_Project/install/end_effector_description/share/end_effector_description/config/joint_limits.yaml
[0.281s] -- Installing: /home/dev/Desktop/MTRN4231_Project/install/end_effector_description/share/end_effector_description/config/moveit.rviz
[0.281s] -- Installing: /home/dev/Desktop/MTRN4231_Project/install/end_effector_description/share/end_effector_description/config/moveit_controllers.yaml
[0.281s] -- Installing: /home/dev/Desktop/MTRN4231_Project/install/end_effector_description/share/end_effector_description/config/end_effector_withDriverSupport.srdf
[0.281s] -- Installing: /home/dev/Desktop/MTRN4231_Project/install/end_effector_description/share/end_effector_description/config/initial_positions.yaml
[0.281s] -- Installing: /home/dev/Desktop/MTRN4231_Project/install/end_effector_description/share/end_effector_description/config/kinematics.yaml
[0.281s] -- Installing: /home/dev/Desktop/MTRN4231_Project/install/end_effector_description/share/end_effector_description/config/end_effector_withDriverSupport.urdf.xacro
[0.281s] -- Installing: /home/dev/Desktop/MTRN4231_Project/install/end_effector_description/share/end_effector_description/config/end_effector_withDriverSupport.ros2_control.xacro
[0.282s] -- Installing: /home/dev/Desktop/MTRN4231_Project/install/end_effector_description/share/end_effector_description/config/pilz_cartesian_limits.yaml
[0.282s] -- Up-to-date: /home/dev/Desktop/MTRN4231_Project/install/end_effector_description/share/ament_index/resource_index/package_run_dependencies/end_effector_description
[0.282s] -- Up-to-date: /home/dev/Desktop/MTRN4231_Project/install/end_effector_description/share/ament_index/resource_index/parent_prefix_path/end_effector_description
[0.282s] -- Up-to-date: /home/dev/Desktop/MTRN4231_Project/install/end_effector_description/share/end_effector_description/environment/ament_prefix_path.sh
[0.282s] -- Installing: /home/dev/Desktop/MTRN4231_Project/install/end_effector_description/share/end_effector_description/environment/ament_prefix_path.dsv
[0.282s] -- Up-to-date: /home/dev/Desktop/MTRN4231_Project/install/end_effector_description/share/end_effector_description/environment/path.sh
[0.282s] -- Installing: /home/dev/Desktop/MTRN4231_Project/install/end_effector_description/share/end_effector_description/environment/path.dsv
[0.282s] -- Up-to-date: /home/dev/Desktop/MTRN4231_Project/install/end_effector_description/share/end_effector_description/local_setup.bash
[0.283s] -- Up-to-date: /home/dev/Desktop/MTRN4231_Project/install/end_effector_description/share/end_effector_description/local_setup.sh
[0.283s] -- Up-to-date: /home/dev/Desktop/MTRN4231_Project/install/end_effector_description/share/end_effector_description/local_setup.zsh
[0.283s] -- Installing: /home/dev/Desktop/MTRN4231_Project/install/end_effector_description/share/end_effector_description/local_setup.dsv
[0.283s] -- Installing: /home/dev/Desktop/MTRN4231_Project/install/end_effector_description/share/end_effector_description/package.dsv
[0.283s] -- Up-to-date: /home/dev/Desktop/MTRN4231_Project/install/end_effector_description/share/ament_index/resource_index/packages/end_effector_description
[0.283s] -- Up-to-date: /home/dev/Desktop/MTRN4231_Project/install/end_effector_description/share/end_effector_description/cmake/end_effector_descriptionConfig.cmake
[0.283s] -- Up-to-date: /home/dev/Desktop/MTRN4231_Project/install/end_effector_description/share/end_effector_description/cmake/end_effector_descriptionConfig-version.cmake
[0.283s] -- Up-to-date: /home/dev/Desktop/MTRN4231_Project/install/end_effector_description/share/end_effector_description/package.xml
[0.285s] Invoked command in '/home/dev/Desktop/MTRN4231_Project/build/end_effector_description' returned '0': CMAKE_PREFIX_PATH=${CMAKE_PREFIX_PATH}:/opt/ros/humble /usr/bin/cmake --install /home/dev/Desktop/MTRN4231_Project/build/end_effector_description
