[0.014s] Invoking command in '/home/dev/Desktop/MTRN4231_Project/build/ur5e_moveit_config_custom': CMAKE_PREFIX_PATH=/opt/ros/humble /usr/bin/cmake --build /home/dev/Desktop/MTRN4231_Project/build/ur5e_moveit_config_custom -- -j12 -l12
[0.089s] Built target ament_cmake_python_copy_ur5e_moveit_config_custom
[0.301s] running egg_info
[0.301s] writing ur5e_moveit_config_custom.egg-info/PKG-INFO
[0.301s] writing dependency_links to ur5e_moveit_config_custom.egg-info/dependency_links.txt
[0.302s] writing top-level names to ur5e_moveit_config_custom.egg-info/top_level.txt
[0.304s] reading manifest file 'ur5e_moveit_config_custom.egg-info/SOURCES.txt'
[0.305s] writing manifest file 'ur5e_moveit_config_custom.egg-info/SOURCES.txt'
[0.337s] Built target ament_cmake_python_build_ur5e_moveit_config_custom_egg
[0.348s] Invoked command in '/home/dev/Desktop/MTRN4231_Project/build/ur5e_moveit_config_custom' returned '0': CMAKE_PREFIX_PATH=/opt/ros/humble /usr/bin/cmake --build /home/dev/Desktop/MTRN4231_Project/build/ur5e_moveit_config_custom -- -j12 -l12
[0.349s] Invoking command in '/home/dev/Desktop/MTRN4231_Project/build/ur5e_moveit_config_custom': CMAKE_PREFIX_PATH=/opt/ros/humble /usr/bin/cmake --install /home/dev/Desktop/MTRN4231_Project/build/ur5e_moveit_config_custom
[0.357s] -- Install configuration: ""
[0.357s] -- Up-to-date: /home/dev/Desktop/MTRN4231_Project/install/ur5e_moveit_config_custom/share/ur5e_moveit_config_custom/config
[0.357s] -- Up-to-date: /home/dev/Desktop/MTRN4231_Project/install/ur5e_moveit_config_custom/share/ur5e_moveit_config_custom/config/ur_servo.yaml
[0.357s] -- Up-to-date: /home/dev/Desktop/MTRN4231_Project/install/ur5e_moveit_config_custom/share/ur5e_moveit_config_custom/config/kinematics.yaml
[0.357s] -- Up-to-date: /home/dev/Desktop/MTRN4231_Project/install/ur5e_moveit_config_custom/share/ur5e_moveit_config_custom/config/controllers.yaml
[0.357s] -- Up-to-date: /home/dev/Desktop/MTRN4231_Project/install/ur5e_moveit_config_custom/share/ur5e_moveit_config_custom/config/ompl_planning.yaml
[0.357s] -- Up-to-date: /home/dev/Desktop/MTRN4231_Project/install/ur5e_moveit_config_custom/share/ur5e_moveit_config_custom/launch
[0.357s] -- Up-to-date: /home/dev/Desktop/MTRN4231_Project/install/ur5e_moveit_config_custom/share/ur5e_moveit_config_custom/launch/ur_moveit.launch.py
[0.358s] -- Up-to-date: /home/dev/Desktop/MTRN4231_Project/install/ur5e_moveit_config_custom/share/ur5e_moveit_config_custom/rviz
[0.358s] -- Up-to-date: /home/dev/Desktop/MTRN4231_Project/install/ur5e_moveit_config_custom/share/ur5e_moveit_config_custom/rviz/view_robot.rviz
[0.358s] -- Up-to-date: /home/dev/Desktop/MTRN4231_Project/install/ur5e_moveit_config_custom/share/ur5e_moveit_config_custom/environment/pythonpath.sh
[0.358s] -- Up-to-date: /home/dev/Desktop/MTRN4231_Project/install/ur5e_moveit_config_custom/share/ur5e_moveit_config_custom/environment/pythonpath.dsv
[0.358s] -- Up-to-date: /home/dev/Desktop/MTRN4231_Project/install/ur5e_moveit_config_custom/local/lib/python3.10/dist-packages/ur5e_moveit_config_custom-0.0.1-py3.10.egg-info
[0.359s] -- Installing: /home/dev/Desktop/MTRN4231_Project/install/ur5e_moveit_config_custom/local/lib/python3.10/dist-packages/ur5e_moveit_config_custom-0.0.1-py3.10.egg-info/dependency_links.txt
[0.359s] -- Installing: /home/dev/Desktop/MTRN4231_Project/install/ur5e_moveit_config_custom/local/lib/python3.10/dist-packages/ur5e_moveit_config_custom-0.0.1-py3.10.egg-info/PKG-INFO
[0.359s] -- Installing: /home/dev/Desktop/MTRN4231_Project/install/ur5e_moveit_config_custom/local/lib/python3.10/dist-packages/ur5e_moveit_config_custom-0.0.1-py3.10.egg-info/SOURCES.txt
[0.359s] -- Installing: /home/dev/Desktop/MTRN4231_Project/install/ur5e_moveit_config_custom/local/lib/python3.10/dist-packages/ur5e_moveit_config_custom-0.0.1-py3.10.egg-info/top_level.txt
[0.359s] -- Up-to-date: /home/dev/Desktop/MTRN4231_Project/install/ur5e_moveit_config_custom/local/lib/python3.10/dist-packages/ur5e_moveit_config_custom
[0.359s] -- Up-to-date: /home/dev/Desktop/MTRN4231_Project/install/ur5e_moveit_config_custom/local/lib/python3.10/dist-packages/ur5e_moveit_config_custom/launch_common.py
[0.359s] -- Up-to-date: /home/dev/Desktop/MTRN4231_Project/install/ur5e_moveit_config_custom/local/lib/python3.10/dist-packages/ur5e_moveit_config_custom/__init__.py
[0.386s] Listing '/home/dev/Desktop/MTRN4231_Project/install/ur5e_moveit_config_custom/local/lib/python3.10/dist-packages/ur5e_moveit_config_custom'...
[0.391s] -- Up-to-date: /home/dev/Desktop/MTRN4231_Project/install/ur5e_moveit_config_custom/local/lib/python3.10/dist-packages/launch_common.py
[0.422s] -- Up-to-date: /home/dev/Desktop/MTRN4231_Project/install/ur5e_moveit_config_custom/share/ament_index/resource_index/package_run_dependencies/ur5e_moveit_config_custom
[0.423s] -- Up-to-date: /home/dev/Desktop/MTRN4231_Project/install/ur5e_moveit_config_custom/share/ament_index/resource_index/parent_prefix_path/ur5e_moveit_config_custom
[0.423s] -- Up-to-date: /home/dev/Desktop/MTRN4231_Project/install/ur5e_moveit_config_custom/share/ur5e_moveit_config_custom/environment/ament_prefix_path.sh
[0.423s] -- Up-to-date: /home/dev/Desktop/MTRN4231_Project/install/ur5e_moveit_config_custom/share/ur5e_moveit_config_custom/environment/ament_prefix_path.dsv
[0.423s] -- Up-to-date: /home/dev/Desktop/MTRN4231_Project/install/ur5e_moveit_config_custom/share/ur5e_moveit_config_custom/environment/path.sh
[0.423s] -- Up-to-date: /home/dev/Desktop/MTRN4231_Project/install/ur5e_moveit_config_custom/share/ur5e_moveit_config_custom/environment/path.dsv
[0.423s] -- Up-to-date: /home/dev/Desktop/MTRN4231_Project/install/ur5e_moveit_config_custom/share/ur5e_moveit_config_custom/local_setup.bash
[0.423s] -- Up-to-date: /home/dev/Desktop/MTRN4231_Project/install/ur5e_moveit_config_custom/share/ur5e_moveit_config_custom/local_setup.sh
[0.423s] -- Up-to-date: /home/dev/Desktop/MTRN4231_Project/install/ur5e_moveit_config_custom/share/ur5e_moveit_config_custom/local_setup.zsh
[0.423s] -- Up-to-date: /home/dev/Desktop/MTRN4231_Project/install/ur5e_moveit_config_custom/share/ur5e_moveit_config_custom/local_setup.dsv
[0.423s] -- Installing: /home/dev/Desktop/MTRN4231_Project/install/ur5e_moveit_config_custom/share/ur5e_moveit_config_custom/package.dsv
[0.423s] -- Up-to-date: /home/dev/Desktop/MTRN4231_Project/install/ur5e_moveit_config_custom/share/ament_index/resource_index/packages/ur5e_moveit_config_custom
[0.423s] -- Up-to-date: /home/dev/Desktop/MTRN4231_Project/install/ur5e_moveit_config_custom/share/ur5e_moveit_config_custom/cmake/ur5e_moveit_config_customConfig.cmake
[0.424s] -- Up-to-date: /home/dev/Desktop/MTRN4231_Project/install/ur5e_moveit_config_custom/share/ur5e_moveit_config_custom/cmake/ur5e_moveit_config_customConfig-version.cmake
[0.424s] -- Up-to-date: /home/dev/Desktop/MTRN4231_Project/install/ur5e_moveit_config_custom/share/ur5e_moveit_config_custom/package.xml
[0.436s] Invoked command in '/home/dev/Desktop/MTRN4231_Project/build/ur5e_moveit_config_custom' returned '0': CMAKE_PREFIX_PATH=/opt/ros/humble /usr/bin/cmake --install /home/dev/Desktop/MTRN4231_Project/build/ur5e_moveit_config_custom
