[0.516s] Invoking command in '/home/mtrn/Downloads/MTRN4231_Project/build/custom_interfaces': CMAKE_PREFIX_PATH=${CMAKE_PREFIX_PATH}:/home/mtrn/4231/ws_moveit2/install/moveit_configs_utils:/home/mtrn/4231/ws_moveit2/install/launch_param_builder:/opt/ros/humble /usr/bin/cmake --build /home/mtrn/Downloads/MTRN4231_Project/build/custom_interfaces -- -j4 -l4
[1.569s] [35m[1mConsolidate compiler generated dependencies of target custom_interfaces__rosidl_generator_c[0m
[1.662s] [  2%] Built target custom_interfaces__cpp
[1.755s] [ 12%] Built target custom_interfaces__rosidl_generator_c
[1.882s] [ 12%] Built target ament_cmake_python_copy_custom_interfaces
[2.037s] [35m[1mConsolidate compiler generated dependencies of target custom_interfaces__rosidl_typesupport_fastrtps_cpp[0m
[2.143s] [35m[1mConsolidate compiler generated dependencies of target custom_interfaces__rosidl_typesupport_fastrtps_c[0m
[2.151s] [35m[1mConsolidate compiler generated dependencies of target custom_interfaces__rosidl_typesupport_introspection_cpp[0m
[2.159s] [35m[1mConsolidate compiler generated dependencies of target custom_interfaces__rosidl_typesupport_cpp[0m
[2.449s] [ 23%] Built target custom_interfaces__rosidl_typesupport_fastrtps_cpp
[2.477s] [ 33%] Built target custom_interfaces__rosidl_typesupport_fastrtps_c
[2.533s] [ 43%] Built target custom_interfaces__rosidl_typesupport_introspection_cpp
[2.618s] [ 53%] Built target custom_interfaces__rosidl_typesupport_cpp
[2.802s] [35m[1mConsolidate compiler generated dependencies of target custom_interfaces__rosidl_typesupport_introspection_c[0m
[2.806s] [35m[1mConsolidate compiler generated dependencies of target custom_interfaces__rosidl_typesupport_c[0m
[2.991s] [ 64%] Built target custom_interfaces__rosidl_typesupport_c
[3.059s] [ 74%] Built target custom_interfaces__rosidl_typesupport_introspection_c
[3.238s] [ 74%] Built target custom_interfaces
[3.712s] [ 76%] Built target custom_interfaces__py
[3.828s] [35m[1mConsolidate compiler generated dependencies of target custom_interfaces__rosidl_generator_py[0m
[3.952s] running egg_info
[3.955s] writing custom_interfaces.egg-info/PKG-INFO
[3.956s] writing dependency_links to custom_interfaces.egg-info/dependency_links.txt
[3.958s] writing top-level names to custom_interfaces.egg-info/top_level.txt
[3.964s] reading manifest file 'custom_interfaces.egg-info/SOURCES.txt'
[4.016s] writing manifest file 'custom_interfaces.egg-info/SOURCES.txt'
[4.093s] [ 84%] Built target custom_interfaces__rosidl_generator_py
[4.379s] [ 84%] Built target ament_cmake_python_build_custom_interfaces_egg
[4.388s] [35m[1mConsolidate compiler generated dependencies of target custom_interfaces__rosidl_typesupport_c__pyext[0m
[4.392s] [35m[1mConsolidate compiler generated dependencies of target custom_interfaces__rosidl_typesupport_introspection_c__pyext[0m
[4.547s] [35m[1mConsolidate compiler generated dependencies of target custom_interfaces__rosidl_typesupport_fastrtps_c__pyext[0m
[4.629s] [ 89%] Built target custom_interfaces__rosidl_typesupport_introspection_c__pyext
[4.651s] [ 94%] Built target custom_interfaces__rosidl_typesupport_c__pyext
[4.748s] [100%] Built target custom_interfaces__rosidl_typesupport_fastrtps_c__pyext
[4.856s] Invoked command in '/home/mtrn/Downloads/MTRN4231_Project/build/custom_interfaces' returned '0': CMAKE_PREFIX_PATH=${CMAKE_PREFIX_PATH}:/home/mtrn/4231/ws_moveit2/install/moveit_configs_utils:/home/mtrn/4231/ws_moveit2/install/launch_param_builder:/opt/ros/humble /usr/bin/cmake --build /home/mtrn/Downloads/MTRN4231_Project/build/custom_interfaces -- -j4 -l4
[6.588s] Invoking command in '/home/mtrn/Downloads/MTRN4231_Project/build/custom_interfaces': CMAKE_PREFIX_PATH=${CMAKE_PREFIX_PATH}:/home/mtrn/4231/ws_moveit2/install/moveit_configs_utils:/home/mtrn/4231/ws_moveit2/install/launch_param_builder:/opt/ros/humble /usr/bin/cmake --install /home/mtrn/Downloads/MTRN4231_Project/build/custom_interfaces
[6.664s] -- Install configuration: ""
[6.702s] -- Up-to-date: /home/mtrn/Downloads/MTRN4231_Project/install/custom_interfaces/share/ament_index/resource_index/rosidl_interfaces/custom_interfaces
[6.707s] -- Up-to-date: /home/mtrn/Downloads/MTRN4231_Project/install/custom_interfaces/include/custom_interfaces/custom_interfaces
[6.707s] -- Up-to-date: /home/mtrn/Downloads/MTRN4231_Project/install/custom_interfaces/include/custom_interfaces/custom_interfaces/action
[6.709s] -- Up-to-date: /home/mtrn/Downloads/MTRN4231_Project/install/custom_interfaces/include/custom_interfaces/custom_interfaces/action/move_tcp.h
[6.714s] -- Up-to-date: /home/mtrn/Downloads/MTRN4231_Project/install/custom_interfaces/include/custom_interfaces/custom_interfaces/action/gripper_command.h
[6.716s] -- Up-to-date: /home/mtrn/Downloads/MTRN4231_Project/install/custom_interfaces/include/custom_interfaces/custom_interfaces/action/detail
[6.716s] -- Up-to-date: /home/mtrn/Downloads/MTRN4231_Project/install/custom_interfaces/include/custom_interfaces/custom_interfaces/action/detail/move_tcp__struct.h
[6.716s] -- Up-to-date: /home/mtrn/Downloads/MTRN4231_Project/install/custom_interfaces/include/custom_interfaces/custom_interfaces/action/detail/gripper_command__struct.h
[6.717s] -- Up-to-date: /home/mtrn/Downloads/MTRN4231_Project/install/custom_interfaces/include/custom_interfaces/custom_interfaces/action/detail/gripper_command__functions.c
[6.717s] -- Up-to-date: /home/mtrn/Downloads/MTRN4231_Project/install/custom_interfaces/include/custom_interfaces/custom_interfaces/action/detail/move_tcp__functions.c
[6.717s] -- Up-to-date: /home/mtrn/Downloads/MTRN4231_Project/install/custom_interfaces/include/custom_interfaces/custom_interfaces/action/detail/gripper_command__type_support.h
[6.717s] -- Up-to-date: /home/mtrn/Downloads/MTRN4231_Project/install/custom_interfaces/include/custom_interfaces/custom_interfaces/action/detail/move_tcp__type_support.h
[6.717s] -- Up-to-date: /home/mtrn/Downloads/MTRN4231_Project/install/custom_interfaces/include/custom_interfaces/custom_interfaces/action/detail/move_tcp__functions.h
[6.718s] -- Up-to-date: /home/mtrn/Downloads/MTRN4231_Project/install/custom_interfaces/include/custom_interfaces/custom_interfaces/action/detail/gripper_command__functions.h
[6.718s] -- Up-to-date: /home/mtrn/Downloads/MTRN4231_Project/install/custom_interfaces/include/custom_interfaces/custom_interfaces/msg
[6.718s] -- Up-to-date: /home/mtrn/Downloads/MTRN4231_Project/install/custom_interfaces/include/custom_interfaces/custom_interfaces/msg/rosidl_generator_c__visibility_control.h
[6.718s] -- Up-to-date: /home/mtrn/Downloads/MTRN4231_Project/install/custom_interfaces/share/custom_interfaces/environment/library_path.sh
[6.718s] -- Up-to-date: /home/mtrn/Downloads/MTRN4231_Project/install/custom_interfaces/share/custom_interfaces/environment/library_path.dsv
[6.718s] -- Up-to-date: /home/mtrn/Downloads/MTRN4231_Project/install/custom_interfaces/lib/libcustom_interfaces__rosidl_generator_c.so
[6.718s] -- Up-to-date: /home/mtrn/Downloads/MTRN4231_Project/install/custom_interfaces/include/custom_interfaces/custom_interfaces
[6.718s] -- Up-to-date: /home/mtrn/Downloads/MTRN4231_Project/install/custom_interfaces/include/custom_interfaces/custom_interfaces/action
[6.719s] -- Up-to-date: /home/mtrn/Downloads/MTRN4231_Project/install/custom_interfaces/include/custom_interfaces/custom_interfaces/action/detail
[6.719s] -- Up-to-date: /home/mtrn/Downloads/MTRN4231_Project/install/custom_interfaces/include/custom_interfaces/custom_interfaces/action/detail/move_tcp__rosidl_typesupport_fastrtps_c.h
[6.719s] -- Up-to-date: /home/mtrn/Downloads/MTRN4231_Project/install/custom_interfaces/include/custom_interfaces/custom_interfaces/action/detail/gripper_command__rosidl_typesupport_fastrtps_c.h
[6.719s] -- Up-to-date: /home/mtrn/Downloads/MTRN4231_Project/install/custom_interfaces/include/custom_interfaces/custom_interfaces/msg
[6.719s] -- Up-to-date: /home/mtrn/Downloads/MTRN4231_Project/install/custom_interfaces/include/custom_interfaces/custom_interfaces/msg/rosidl_typesupport_fastrtps_c__visibility_control.h
[6.724s] -- Up-to-date: /home/mtrn/Downloads/MTRN4231_Project/install/custom_interfaces/lib/libcustom_interfaces__rosidl_typesupport_fastrtps_c.so
[6.725s] -- Up-to-date: /home/mtrn/Downloads/MTRN4231_Project/install/custom_interfaces/include/custom_interfaces/custom_interfaces
[6.725s] -- Up-to-date: /home/mtrn/Downloads/MTRN4231_Project/install/custom_interfaces/include/custom_interfaces/custom_interfaces/action
[6.725s] -- Up-to-date: /home/mtrn/Downloads/MTRN4231_Project/install/custom_interfaces/include/custom_interfaces/custom_interfaces/action/detail
[6.726s] -- Up-to-date: /home/mtrn/Downloads/MTRN4231_Project/install/custom_interfaces/include/custom_interfaces/custom_interfaces/action/detail/gripper_command__type_support.c
[6.726s] -- Up-to-date: /home/mtrn/Downloads/MTRN4231_Project/install/custom_interfaces/include/custom_interfaces/custom_interfaces/action/detail/gripper_command__rosidl_typesupport_introspection_c.h
[6.726s] -- Up-to-date: /home/mtrn/Downloads/MTRN4231_Project/install/custom_interfaces/include/custom_interfaces/custom_interfaces/action/detail/move_tcp__rosidl_typesupport_introspection_c.h
[6.726s] -- Up-to-date: /home/mtrn/Downloads/MTRN4231_Project/install/custom_interfaces/include/custom_interfaces/custom_interfaces/action/detail/move_tcp__type_support.c
[6.726s] -- Up-to-date: /home/mtrn/Downloads/MTRN4231_Project/install/custom_interfaces/include/custom_interfaces/custom_interfaces/msg
[6.726s] -- Up-to-date: /home/mtrn/Downloads/MTRN4231_Project/install/custom_interfaces/include/custom_interfaces/custom_interfaces/msg/rosidl_typesupport_introspection_c__visibility_control.h
[6.731s] -- Up-to-date: /home/mtrn/Downloads/MTRN4231_Project/install/custom_interfaces/lib/libcustom_interfaces__rosidl_typesupport_introspection_c.so
[6.738s] -- Up-to-date: /home/mtrn/Downloads/MTRN4231_Project/install/custom_interfaces/lib/libcustom_interfaces__rosidl_typesupport_c.so
[6.738s] -- Up-to-date: /home/mtrn/Downloads/MTRN4231_Project/install/custom_interfaces/include/custom_interfaces/custom_interfaces
[6.739s] -- Up-to-date: /home/mtrn/Downloads/MTRN4231_Project/install/custom_interfaces/include/custom_interfaces/custom_interfaces/action
[6.739s] -- Up-to-date: /home/mtrn/Downloads/MTRN4231_Project/install/custom_interfaces/include/custom_interfaces/custom_interfaces/action/move_tcp.hpp
[6.739s] -- Up-to-date: /home/mtrn/Downloads/MTRN4231_Project/install/custom_interfaces/include/custom_interfaces/custom_interfaces/action/gripper_command.hpp
[6.739s] -- Up-to-date: /home/mtrn/Downloads/MTRN4231_Project/install/custom_interfaces/include/custom_interfaces/custom_interfaces/action/detail
[6.740s] -- Up-to-date: /home/mtrn/Downloads/MTRN4231_Project/install/custom_interfaces/include/custom_interfaces/custom_interfaces/action/detail/move_tcp__traits.hpp
[6.740s] -- Up-to-date: /home/mtrn/Downloads/MTRN4231_Project/install/custom_interfaces/include/custom_interfaces/custom_interfaces/action/detail/gripper_command__traits.hpp
[6.740s] -- Up-to-date: /home/mtrn/Downloads/MTRN4231_Project/install/custom_interfaces/include/custom_interfaces/custom_interfaces/action/detail/move_tcp__struct.hpp
[6.740s] -- Up-to-date: /home/mtrn/Downloads/MTRN4231_Project/install/custom_interfaces/include/custom_interfaces/custom_interfaces/action/detail/move_tcp__builder.hpp
[6.740s] -- Up-to-date: /home/mtrn/Downloads/MTRN4231_Project/install/custom_interfaces/include/custom_interfaces/custom_interfaces/action/detail/gripper_command__struct.hpp
[6.740s] -- Up-to-date: /home/mtrn/Downloads/MTRN4231_Project/install/custom_interfaces/include/custom_interfaces/custom_interfaces/action/detail/gripper_command__builder.hpp
[6.740s] -- Up-to-date: /home/mtrn/Downloads/MTRN4231_Project/install/custom_interfaces/include/custom_interfaces/custom_interfaces
[6.741s] -- Up-to-date: /home/mtrn/Downloads/MTRN4231_Project/install/custom_interfaces/include/custom_interfaces/custom_interfaces/action
[6.741s] -- Up-to-date: /home/mtrn/Downloads/MTRN4231_Project/install/custom_interfaces/include/custom_interfaces/custom_interfaces/action/detail
[6.741s] -- Up-to-date: /home/mtrn/Downloads/MTRN4231_Project/install/custom_interfaces/include/custom_interfaces/custom_interfaces/action/detail/move_tcp__rosidl_typesupport_fastrtps_cpp.hpp
[6.741s] -- Up-to-date: /home/mtrn/Downloads/MTRN4231_Project/install/custom_interfaces/include/custom_interfaces/custom_interfaces/action/detail/gripper_command__rosidl_typesupport_fastrtps_cpp.hpp
[6.741s] -- Up-to-date: /home/mtrn/Downloads/MTRN4231_Project/install/custom_interfaces/include/custom_interfaces/custom_interfaces/action/detail/dds_fastrtps
[6.741s] -- Up-to-date: /home/mtrn/Downloads/MTRN4231_Project/install/custom_interfaces/include/custom_interfaces/custom_interfaces/msg
[6.741s] -- Up-to-date: /home/mtrn/Downloads/MTRN4231_Project/install/custom_interfaces/include/custom_interfaces/custom_interfaces/msg/rosidl_typesupport_fastrtps_cpp__visibility_control.h
[6.749s] -- Up-to-date: /home/mtrn/Downloads/MTRN4231_Project/install/custom_interfaces/lib/libcustom_interfaces__rosidl_typesupport_fastrtps_cpp.so
[6.760s] -- Up-to-date: /home/mtrn/Downloads/MTRN4231_Project/install/custom_interfaces/include/custom_interfaces/custom_interfaces
[6.763s] -- Up-to-date: /home/mtrn/Downloads/MTRN4231_Project/install/custom_interfaces/include/custom_interfaces/custom_interfaces/action
[6.763s] -- Up-to-date: /home/mtrn/Downloads/MTRN4231_Project/install/custom_interfaces/include/custom_interfaces/custom_interfaces/action/detail
[6.764s] -- Up-to-date: /home/mtrn/Downloads/MTRN4231_Project/install/custom_interfaces/include/custom_interfaces/custom_interfaces/action/detail/gripper_command__type_support.cpp
[6.764s] -- Up-to-date: /home/mtrn/Downloads/MTRN4231_Project/install/custom_interfaces/include/custom_interfaces/custom_interfaces/action/detail/gripper_command__rosidl_typesupport_introspection_cpp.hpp
[6.765s] -- Up-to-date: /home/mtrn/Downloads/MTRN4231_Project/install/custom_interfaces/include/custom_interfaces/custom_interfaces/action/detail/move_tcp__rosidl_typesupport_introspection_cpp.hpp
[6.765s] -- Up-to-date: /home/mtrn/Downloads/MTRN4231_Project/install/custom_interfaces/include/custom_interfaces/custom_interfaces/action/detail/move_tcp__type_support.cpp
[6.765s] -- Up-to-date: /home/mtrn/Downloads/MTRN4231_Project/install/custom_interfaces/lib/libcustom_interfaces__rosidl_typesupport_introspection_cpp.so
[6.765s] -- Up-to-date: /home/mtrn/Downloads/MTRN4231_Project/install/custom_interfaces/lib/libcustom_interfaces__rosidl_typesupport_cpp.so
[6.767s] -- Up-to-date: /home/mtrn/Downloads/MTRN4231_Project/install/custom_interfaces/share/custom_interfaces/environment/pythonpath.sh
[6.767s] -- Up-to-date: /home/mtrn/Downloads/MTRN4231_Project/install/custom_interfaces/share/custom_interfaces/environment/pythonpath.dsv
[6.768s] -- Up-to-date: /home/mtrn/Downloads/MTRN4231_Project/install/custom_interfaces/local/lib/python3.10/dist-packages/custom_interfaces-0.0.0-py3.10.egg-info
[6.768s] -- Installing: /home/mtrn/Downloads/MTRN4231_Project/install/custom_interfaces/local/lib/python3.10/dist-packages/custom_interfaces-0.0.0-py3.10.egg-info/top_level.txt
[6.770s] -- Installing: /home/mtrn/Downloads/MTRN4231_Project/install/custom_interfaces/local/lib/python3.10/dist-packages/custom_interfaces-0.0.0-py3.10.egg-info/SOURCES.txt
[6.772s] -- Installing: /home/mtrn/Downloads/MTRN4231_Project/install/custom_interfaces/local/lib/python3.10/dist-packages/custom_interfaces-0.0.0-py3.10.egg-info/PKG-INFO
[6.772s] -- Installing: /home/mtrn/Downloads/MTRN4231_Project/install/custom_interfaces/local/lib/python3.10/dist-packages/custom_interfaces-0.0.0-py3.10.egg-info/dependency_links.txt
[6.772s] -- Up-to-date: /home/mtrn/Downloads/MTRN4231_Project/install/custom_interfaces/local/lib/python3.10/dist-packages/custom_interfaces
[6.773s] -- Up-to-date: /home/mtrn/Downloads/MTRN4231_Project/install/custom_interfaces/local/lib/python3.10/dist-packages/custom_interfaces/action
[6.773s] -- Up-to-date: /home/mtrn/Downloads/MTRN4231_Project/install/custom_interfaces/local/lib/python3.10/dist-packages/custom_interfaces/action/_gripper_command.py
[6.774s] -- Up-to-date: /home/mtrn/Downloads/MTRN4231_Project/install/custom_interfaces/local/lib/python3.10/dist-packages/custom_interfaces/action/_move_tcp_s.c
[6.774s] -- Up-to-date: /home/mtrn/Downloads/MTRN4231_Project/install/custom_interfaces/local/lib/python3.10/dist-packages/custom_interfaces/action/_gripper_command_s.c
[6.774s] -- Up-to-date: /home/mtrn/Downloads/MTRN4231_Project/install/custom_interfaces/local/lib/python3.10/dist-packages/custom_interfaces/action/_move_tcp.py
[6.774s] -- Up-to-date: /home/mtrn/Downloads/MTRN4231_Project/install/custom_interfaces/local/lib/python3.10/dist-packages/custom_interfaces/action/__init__.py
[6.774s] -- Up-to-date: /home/mtrn/Downloads/MTRN4231_Project/install/custom_interfaces/local/lib/python3.10/dist-packages/custom_interfaces/custom_interfaces_s__rosidl_typesupport_c.cpython-310-x86_64-linux-gnu.so
[6.774s] -- Up-to-date: /home/mtrn/Downloads/MTRN4231_Project/install/custom_interfaces/local/lib/python3.10/dist-packages/custom_interfaces/_custom_interfaces_s.ep.rosidl_typesupport_fastrtps_c.c
[6.774s] -- Up-to-date: /home/mtrn/Downloads/MTRN4231_Project/install/custom_interfaces/local/lib/python3.10/dist-packages/custom_interfaces/libcustom_interfaces__rosidl_generator_py.so
[6.774s] -- Up-to-date: /home/mtrn/Downloads/MTRN4231_Project/install/custom_interfaces/local/lib/python3.10/dist-packages/custom_interfaces/custom_interfaces_s__rosidl_typesupport_introspection_c.cpython-310-x86_64-linux-gnu.so
[6.774s] -- Up-to-date: /home/mtrn/Downloads/MTRN4231_Project/install/custom_interfaces/local/lib/python3.10/dist-packages/custom_interfaces/_custom_interfaces_s.ep.rosidl_typesupport_c.c
[6.775s] -- Up-to-date: /home/mtrn/Downloads/MTRN4231_Project/install/custom_interfaces/local/lib/python3.10/dist-packages/custom_interfaces/_custom_interfaces_s.ep.rosidl_typesupport_introspection_c.c
[6.775s] -- Up-to-date: /home/mtrn/Downloads/MTRN4231_Project/install/custom_interfaces/local/lib/python3.10/dist-packages/custom_interfaces/custom_interfaces_s__rosidl_typesupport_fastrtps_c.cpython-310-x86_64-linux-gnu.so
[6.775s] -- Up-to-date: /home/mtrn/Downloads/MTRN4231_Project/install/custom_interfaces/local/lib/python3.10/dist-packages/custom_interfaces/__init__.py
[6.930s] Listing '/home/mtrn/Downloads/MTRN4231_Project/install/custom_interfaces/local/lib/python3.10/dist-packages/custom_interfaces'...
[6.930s] Listing '/home/mtrn/Downloads/MTRN4231_Project/install/custom_interfaces/local/lib/python3.10/dist-packages/custom_interfaces/action'...
[6.952s] -- Up-to-date: /home/mtrn/Downloads/MTRN4231_Project/install/custom_interfaces/local/lib/python3.10/dist-packages/custom_interfaces/custom_interfaces_s__rosidl_typesupport_fastrtps_c.cpython-310-x86_64-linux-gnu.so
[6.959s] -- Up-to-date: /home/mtrn/Downloads/MTRN4231_Project/install/custom_interfaces/local/lib/python3.10/dist-packages/custom_interfaces/custom_interfaces_s__rosidl_typesupport_introspection_c.cpython-310-x86_64-linux-gnu.so
[7.045s] -- Up-to-date: /home/mtrn/Downloads/MTRN4231_Project/install/custom_interfaces/local/lib/python3.10/dist-packages/custom_interfaces/custom_interfaces_s__rosidl_typesupport_c.cpython-310-x86_64-linux-gnu.so
[7.071s] -- Up-to-date: /home/mtrn/Downloads/MTRN4231_Project/install/custom_interfaces/lib/libcustom_interfaces__rosidl_generator_py.so
[7.077s] -- Up-to-date: /home/mtrn/Downloads/MTRN4231_Project/install/custom_interfaces/share/custom_interfaces/action/MoveTCP.idl
[7.077s] -- Up-to-date: /home/mtrn/Downloads/MTRN4231_Project/install/custom_interfaces/share/custom_interfaces/action/GripperCommand.idl
[7.077s] -- Up-to-date: /home/mtrn/Downloads/MTRN4231_Project/install/custom_interfaces/share/custom_interfaces/action/MoveTCP.action
[7.077s] -- Up-to-date: /home/mtrn/Downloads/MTRN4231_Project/install/custom_interfaces/share/custom_interfaces/action/GripperCommand.action
[7.077s] -- Up-to-date: /home/mtrn/Downloads/MTRN4231_Project/install/custom_interfaces/share/custom_interfaces/action
[7.078s] -- Up-to-date: /home/mtrn/Downloads/MTRN4231_Project/install/custom_interfaces/share/custom_interfaces/action/GripperCommand.action
[7.078s] -- Up-to-date: /home/mtrn/Downloads/MTRN4231_Project/install/custom_interfaces/share/custom_interfaces/action/MoveTCP.action
[7.081s] -- Up-to-date: /home/mtrn/Downloads/MTRN4231_Project/install/custom_interfaces/share/ament_index/resource_index/package_run_dependencies/custom_interfaces
[7.081s] -- Up-to-date: /home/mtrn/Downloads/MTRN4231_Project/install/custom_interfaces/share/ament_index/resource_index/parent_prefix_path/custom_interfaces
[7.081s] -- Up-to-date: /home/mtrn/Downloads/MTRN4231_Project/install/custom_interfaces/share/custom_interfaces/environment/ament_prefix_path.sh
[7.081s] -- Up-to-date: /home/mtrn/Downloads/MTRN4231_Project/install/custom_interfaces/share/custom_interfaces/environment/ament_prefix_path.dsv
[7.081s] -- Up-to-date: /home/mtrn/Downloads/MTRN4231_Project/install/custom_interfaces/share/custom_interfaces/environment/path.sh
[7.082s] -- Up-to-date: /home/mtrn/Downloads/MTRN4231_Project/install/custom_interfaces/share/custom_interfaces/environment/path.dsv
[7.082s] -- Up-to-date: /home/mtrn/Downloads/MTRN4231_Project/install/custom_interfaces/share/custom_interfaces/local_setup.bash
[7.082s] -- Up-to-date: /home/mtrn/Downloads/MTRN4231_Project/install/custom_interfaces/share/custom_interfaces/local_setup.sh
[7.082s] -- Up-to-date: /home/mtrn/Downloads/MTRN4231_Project/install/custom_interfaces/share/custom_interfaces/local_setup.zsh
[7.082s] -- Up-to-date: /home/mtrn/Downloads/MTRN4231_Project/install/custom_interfaces/share/custom_interfaces/local_setup.dsv
[7.082s] -- Installing: /home/mtrn/Downloads/MTRN4231_Project/install/custom_interfaces/share/custom_interfaces/package.dsv
[7.082s] -- Up-to-date: /home/mtrn/Downloads/MTRN4231_Project/install/custom_interfaces/share/ament_index/resource_index/packages/custom_interfaces
[7.087s] -- Up-to-date: /home/mtrn/Downloads/MTRN4231_Project/install/custom_interfaces/share/custom_interfaces/cmake/export_custom_interfaces__rosidl_generator_cExport.cmake
[7.087s] -- Up-to-date: /home/mtrn/Downloads/MTRN4231_Project/install/custom_interfaces/share/custom_interfaces/cmake/export_custom_interfaces__rosidl_generator_cExport-noconfig.cmake
[7.090s] -- Up-to-date: /home/mtrn/Downloads/MTRN4231_Project/install/custom_interfaces/share/custom_interfaces/cmake/export_custom_interfaces__rosidl_typesupport_fastrtps_cExport.cmake
[7.091s] -- Up-to-date: /home/mtrn/Downloads/MTRN4231_Project/install/custom_interfaces/share/custom_interfaces/cmake/export_custom_interfaces__rosidl_typesupport_fastrtps_cExport-noconfig.cmake
[7.094s] -- Up-to-date: /home/mtrn/Downloads/MTRN4231_Project/install/custom_interfaces/share/custom_interfaces/cmake/custom_interfaces__rosidl_typesupport_introspection_cExport.cmake
[7.095s] -- Up-to-date: /home/mtrn/Downloads/MTRN4231_Project/install/custom_interfaces/share/custom_interfaces/cmake/custom_interfaces__rosidl_typesupport_introspection_cExport-noconfig.cmake
[7.098s] -- Up-to-date: /home/mtrn/Downloads/MTRN4231_Project/install/custom_interfaces/share/custom_interfaces/cmake/custom_interfaces__rosidl_typesupport_cExport.cmake
[7.098s] -- Up-to-date: /home/mtrn/Downloads/MTRN4231_Project/install/custom_interfaces/share/custom_interfaces/cmake/custom_interfaces__rosidl_typesupport_cExport-noconfig.cmake
[7.100s] -- Up-to-date: /home/mtrn/Downloads/MTRN4231_Project/install/custom_interfaces/share/custom_interfaces/cmake/export_custom_interfaces__rosidl_generator_cppExport.cmake
[7.109s] -- Up-to-date: /home/mtrn/Downloads/MTRN4231_Project/install/custom_interfaces/share/custom_interfaces/cmake/export_custom_interfaces__rosidl_typesupport_fastrtps_cppExport.cmake
[7.109s] -- Up-to-date: /home/mtrn/Downloads/MTRN4231_Project/install/custom_interfaces/share/custom_interfaces/cmake/export_custom_interfaces__rosidl_typesupport_fastrtps_cppExport-noconfig.cmake
[7.111s] -- Up-to-date: /home/mtrn/Downloads/MTRN4231_Project/install/custom_interfaces/share/custom_interfaces/cmake/custom_interfaces__rosidl_typesupport_introspection_cppExport.cmake
[7.111s] -- Up-to-date: /home/mtrn/Downloads/MTRN4231_Project/install/custom_interfaces/share/custom_interfaces/cmake/custom_interfaces__rosidl_typesupport_introspection_cppExport-noconfig.cmake
[7.113s] -- Up-to-date: /home/mtrn/Downloads/MTRN4231_Project/install/custom_interfaces/share/custom_interfaces/cmake/custom_interfaces__rosidl_typesupport_cppExport.cmake
[7.113s] -- Up-to-date: /home/mtrn/Downloads/MTRN4231_Project/install/custom_interfaces/share/custom_interfaces/cmake/custom_interfaces__rosidl_typesupport_cppExport-noconfig.cmake
[7.159s] -- Up-to-date: /home/mtrn/Downloads/MTRN4231_Project/install/custom_interfaces/share/custom_interfaces/cmake/export_custom_interfaces__rosidl_generator_pyExport.cmake
[7.159s] -- Up-to-date: /home/mtrn/Downloads/MTRN4231_Project/install/custom_interfaces/share/custom_interfaces/cmake/export_custom_interfaces__rosidl_generator_pyExport-noconfig.cmake
[7.160s] -- Up-to-date: /home/mtrn/Downloads/MTRN4231_Project/install/custom_interfaces/share/custom_interfaces/cmake/rosidl_cmake-extras.cmake
[7.160s] -- Up-to-date: /home/mtrn/Downloads/MTRN4231_Project/install/custom_interfaces/share/custom_interfaces/cmake/ament_cmake_export_dependencies-extras.cmake
[7.160s] -- Up-to-date: /home/mtrn/Downloads/MTRN4231_Project/install/custom_interfaces/share/custom_interfaces/cmake/ament_cmake_export_include_directories-extras.cmake
[7.160s] -- Up-to-date: /home/mtrn/Downloads/MTRN4231_Project/install/custom_interfaces/share/custom_interfaces/cmake/ament_cmake_export_libraries-extras.cmake
[7.160s] -- Up-to-date: /home/mtrn/Downloads/MTRN4231_Project/install/custom_interfaces/share/custom_interfaces/cmake/ament_cmake_export_targets-extras.cmake
[7.167s] -- Up-to-date: /home/mtrn/Downloads/MTRN4231_Project/install/custom_interfaces/share/custom_interfaces/cmake/rosidl_cmake_export_typesupport_targets-extras.cmake
[7.167s] -- Up-to-date: /home/mtrn/Downloads/MTRN4231_Project/install/custom_interfaces/share/custom_interfaces/cmake/rosidl_cmake_export_typesupport_libraries-extras.cmake
[7.171s] -- Up-to-date: /home/mtrn/Downloads/MTRN4231_Project/install/custom_interfaces/share/custom_interfaces/cmake/custom_interfacesConfig.cmake
[7.172s] -- Up-to-date: /home/mtrn/Downloads/MTRN4231_Project/install/custom_interfaces/share/custom_interfaces/cmake/custom_interfacesConfig-version.cmake
[7.172s] -- Up-to-date: /home/mtrn/Downloads/MTRN4231_Project/install/custom_interfaces/share/custom_interfaces/package.xml
[7.235s] Invoked command in '/home/mtrn/Downloads/MTRN4231_Project/build/custom_interfaces' returned '0': CMAKE_PREFIX_PATH=${CMAKE_PREFIX_PATH}:/home/mtrn/4231/ws_moveit2/install/moveit_configs_utils:/home/mtrn/4231/ws_moveit2/install/launch_param_builder:/opt/ros/humble /usr/bin/cmake --install /home/mtrn/Downloads/MTRN4231_Project/build/custom_interfaces
