[0.117s] DEBUG:colcon:Command line arguments: ['/usr/bin/colcon', 'build']
[0.117s] DEBUG:colcon:Parsed command line arguments: Namespace(log_base=None, log_level=None, verb_name='build', build_base='build', install_base='install', merge_install=False, symlink_install=False, test_result_base=None, continue_on_error=False, executor='parallel', parallel_workers=20, event_handlers=None, ignore_user_meta=False, metas=['./colcon.meta'], base_paths=['.'], packages_ignore=None, packages_ignore_regex=None, paths=None, packages_up_to=None, packages_up_to_regex=None, packages_above=None, packages_above_and_dependencies=None, packages_above_depth=None, packages_select_by_dep=None, packages_skip_by_dep=None, packages_skip_up_to=None, packages_select_build_failed=False, packages_skip_build_finished=False, packages_select_test_failures=False, packages_skip_test_passed=False, packages_select=None, packages_skip=None, packages_select_regex=None, packages_skip_regex=None, packages_start=None, packages_end=None, allow_overriding=[], cmake_args=None, cmake_target=None, cmake_target_skip_unavailable=False, cmake_clean_cache=False, cmake_clean_first=False, cmake_force_configure=False, ament_cmake_args=None, catkin_cmake_args=None, catkin_skip_building_tests=False, mixin_files=None, mixin=None, verb_parser=<colcon_mixin.mixin.mixin_argument.MixinArgumentDecorator object at 0x7dd233d6f400>, verb_extension=<colcon_core.verb.build.BuildVerb object at 0x7dd233eac160>, main=<bound method BuildVerb.main of <colcon_core.verb.build.BuildVerb object at 0x7dd233eac160>>, mixin_verb=('build',))
[0.311s] Level 1:colcon.colcon_core.package_discovery:discover_packages(colcon_meta) check parameters
[0.311s] Level 1:colcon.colcon_core.package_discovery:discover_packages(recursive) check parameters
[0.311s] Level 1:colcon.colcon_core.package_discovery:discover_packages(ignore) check parameters
[0.311s] Level 1:colcon.colcon_core.package_discovery:discover_packages(path) check parameters
[0.311s] Level 1:colcon.colcon_core.package_discovery:discover_packages(colcon_meta) discover
[0.311s] Level 1:colcon.colcon_core.package_discovery:discover_packages(recursive) discover
[0.311s] INFO:colcon.colcon_core.package_discovery:Crawling recursively for packages in '/home/mtrn/MTRN4231_Project'
[0.311s] Level 1:colcon.colcon_core.package_identification:_identify(.) by extensions ['ignore', 'ignore_ament_install']
[0.311s] Level 1:colcon.colcon_core.package_identification:_identify(.) by extension 'ignore'
[0.311s] Level 1:colcon.colcon_core.package_identification:_identify(.) by extension 'ignore_ament_install'
[0.311s] Level 1:colcon.colcon_core.package_identification:_identify(.) by extensions ['colcon_pkg']
[0.311s] Level 1:colcon.colcon_core.package_identification:_identify(.) by extension 'colcon_pkg'
[0.311s] Level 1:colcon.colcon_core.package_identification:_identify(.) by extensions ['colcon_meta']
[0.311s] Level 1:colcon.colcon_core.package_identification:_identify(.) by extension 'colcon_meta'
[0.311s] Level 1:colcon.colcon_core.package_identification:_identify(.) by extensions ['ros']
[0.311s] Level 1:colcon.colcon_core.package_identification:_identify(.) by extension 'ros'
[0.345s] Level 1:colcon.colcon_core.package_identification:_identify(.) by extensions ['cmake', 'python']
[0.345s] Level 1:colcon.colcon_core.package_identification:_identify(.) by extension 'cmake'
[0.345s] Level 1:colcon.colcon_core.package_identification:_identify(.) by extension 'python'
[0.345s] Level 1:colcon.colcon_core.package_identification:_identify(.) by extensions ['python_setup_py']
[0.345s] Level 1:colcon.colcon_core.package_identification:_identify(.) by extension 'python_setup_py'
[0.345s] Level 1:colcon.colcon_core.package_identification:_identify(build) by extensions ['ignore', 'ignore_ament_install']
[0.345s] Level 1:colcon.colcon_core.package_identification:_identify(build) by extension 'ignore'
[0.345s] Level 1:colcon.colcon_core.package_identification:_identify(build) ignored
[0.345s] Level 1:colcon.colcon_core.package_identification:_identify(install) by extensions ['ignore', 'ignore_ament_install']
[0.345s] Level 1:colcon.colcon_core.package_identification:_identify(install) by extension 'ignore'
[0.345s] Level 1:colcon.colcon_core.package_identification:_identify(install) ignored
[0.345s] Level 1:colcon.colcon_core.package_identification:_identify(log) by extensions ['ignore', 'ignore_ament_install']
[0.346s] Level 1:colcon.colcon_core.package_identification:_identify(log) by extension 'ignore'
[0.346s] Level 1:colcon.colcon_core.package_identification:_identify(log) ignored
[0.346s] Level 1:colcon.colcon_core.package_identification:_identify(src) by extensions ['ignore', 'ignore_ament_install']
[0.346s] Level 1:colcon.colcon_core.package_identification:_identify(src) by extension 'ignore'
[0.346s] Level 1:colcon.colcon_core.package_identification:_identify(src) by extension 'ignore_ament_install'
[0.346s] Level 1:colcon.colcon_core.package_identification:_identify(src) by extensions ['colcon_pkg']
[0.346s] Level 1:colcon.colcon_core.package_identification:_identify(src) by extension 'colcon_pkg'
[0.346s] Level 1:colcon.colcon_core.package_identification:_identify(src) by extensions ['colcon_meta']
[0.346s] Level 1:colcon.colcon_core.package_identification:_identify(src) by extension 'colcon_meta'
[0.346s] Level 1:colcon.colcon_core.package_identification:_identify(src) by extensions ['ros']
[0.346s] Level 1:colcon.colcon_core.package_identification:_identify(src) by extension 'ros'
[0.346s] Level 1:colcon.colcon_core.package_identification:_identify(src) by extensions ['cmake', 'python']
[0.346s] Level 1:colcon.colcon_core.package_identification:_identify(src) by extension 'cmake'
[0.346s] Level 1:colcon.colcon_core.package_identification:_identify(src) by extension 'python'
[0.346s] Level 1:colcon.colcon_core.package_identification:_identify(src) by extensions ['python_setup_py']
[0.346s] Level 1:colcon.colcon_core.package_identification:_identify(src) by extension 'python_setup_py'
[0.346s] Level 1:colcon.colcon_core.package_identification:_identify(src/arm_controller) by extensions ['ignore', 'ignore_ament_install']
[0.346s] Level 1:colcon.colcon_core.package_identification:_identify(src/arm_controller) by extension 'ignore'
[0.346s] Level 1:colcon.colcon_core.package_identification:_identify(src/arm_controller) by extension 'ignore_ament_install'
[0.346s] Level 1:colcon.colcon_core.package_identification:_identify(src/arm_controller) by extensions ['colcon_pkg']
[0.346s] Level 1:colcon.colcon_core.package_identification:_identify(src/arm_controller) by extension 'colcon_pkg'
[0.346s] Level 1:colcon.colcon_core.package_identification:_identify(src/arm_controller) by extensions ['colcon_meta']
[0.346s] Level 1:colcon.colcon_core.package_identification:_identify(src/arm_controller) by extension 'colcon_meta'
[0.346s] Level 1:colcon.colcon_core.package_identification:_identify(src/arm_controller) by extensions ['ros']
[0.346s] Level 1:colcon.colcon_core.package_identification:_identify(src/arm_controller) by extension 'ros'
[0.350s] DEBUG:colcon.colcon_core.package_identification:Package 'src/arm_controller' with type 'ros.ament_cmake' and name 'arm_controller'
[0.350s] Level 1:colcon.colcon_core.package_identification:_identify(src/custom_interfaces) by extensions ['ignore', 'ignore_ament_install']
[0.350s] Level 1:colcon.colcon_core.package_identification:_identify(src/custom_interfaces) by extension 'ignore'
[0.350s] Level 1:colcon.colcon_core.package_identification:_identify(src/custom_interfaces) by extension 'ignore_ament_install'
[0.350s] Level 1:colcon.colcon_core.package_identification:_identify(src/custom_interfaces) by extensions ['colcon_pkg']
[0.350s] Level 1:colcon.colcon_core.package_identification:_identify(src/custom_interfaces) by extension 'colcon_pkg'
[0.350s] Level 1:colcon.colcon_core.package_identification:_identify(src/custom_interfaces) by extensions ['colcon_meta']
[0.350s] Level 1:colcon.colcon_core.package_identification:_identify(src/custom_interfaces) by extension 'colcon_meta'
[0.350s] Level 1:colcon.colcon_core.package_identification:_identify(src/custom_interfaces) by extensions ['ros']
[0.350s] Level 1:colcon.colcon_core.package_identification:_identify(src/custom_interfaces) by extension 'ros'
[0.351s] DEBUG:colcon.colcon_core.package_identification:Package 'src/custom_interfaces' with type 'ros.ament_cmake' and name 'custom_interfaces'
[0.351s] Level 1:colcon.colcon_core.package_identification:_identify(src/end_effector_description) by extensions ['ignore', 'ignore_ament_install']
[0.351s] Level 1:colcon.colcon_core.package_identification:_identify(src/end_effector_description) by extension 'ignore'
[0.351s] Level 1:colcon.colcon_core.package_identification:_identify(src/end_effector_description) by extension 'ignore_ament_install'
[0.351s] Level 1:colcon.colcon_core.package_identification:_identify(src/end_effector_description) by extensions ['colcon_pkg']
[0.351s] Level 1:colcon.colcon_core.package_identification:_identify(src/end_effector_description) by extension 'colcon_pkg'
[0.351s] Level 1:colcon.colcon_core.package_identification:_identify(src/end_effector_description) by extensions ['colcon_meta']
[0.351s] Level 1:colcon.colcon_core.package_identification:_identify(src/end_effector_description) by extension 'colcon_meta'
[0.351s] Level 1:colcon.colcon_core.package_identification:_identify(src/end_effector_description) by extensions ['ros']
[0.351s] Level 1:colcon.colcon_core.package_identification:_identify(src/end_effector_description) by extension 'ros'
[0.351s] DEBUG:colcon.colcon_core.package_identification:Package 'src/end_effector_description' with type 'ros.ament_cmake' and name 'end_effector_description'
[0.351s] Level 1:colcon.colcon_core.package_identification:_identify(src/ur5e_custom_description) by extensions ['ignore', 'ignore_ament_install']
[0.352s] Level 1:colcon.colcon_core.package_identification:_identify(src/ur5e_custom_description) by extension 'ignore'
[0.352s] Level 1:colcon.colcon_core.package_identification:_identify(src/ur5e_custom_description) by extension 'ignore_ament_install'
[0.352s] Level 1:colcon.colcon_core.package_identification:_identify(src/ur5e_custom_description) by extensions ['colcon_pkg']
[0.352s] Level 1:colcon.colcon_core.package_identification:_identify(src/ur5e_custom_description) by extension 'colcon_pkg'
[0.352s] Level 1:colcon.colcon_core.package_identification:_identify(src/ur5e_custom_description) by extensions ['colcon_meta']
[0.352s] Level 1:colcon.colcon_core.package_identification:_identify(src/ur5e_custom_description) by extension 'colcon_meta'
[0.352s] Level 1:colcon.colcon_core.package_identification:_identify(src/ur5e_custom_description) by extensions ['ros']
[0.352s] Level 1:colcon.colcon_core.package_identification:_identify(src/ur5e_custom_description) by extension 'ros'
[0.352s] DEBUG:colcon.colcon_core.package_identification:Package 'src/ur5e_custom_description' with type 'ros.ament_cmake' and name 'ur5e_custom_description'
[0.352s] Level 1:colcon.colcon_core.package_identification:_identify(src/ur5e_moveit_config_custom) by extensions ['ignore', 'ignore_ament_install']
[0.352s] Level 1:colcon.colcon_core.package_identification:_identify(src/ur5e_moveit_config_custom) by extension 'ignore'
[0.352s] Level 1:colcon.colcon_core.package_identification:_identify(src/ur5e_moveit_config_custom) by extension 'ignore_ament_install'
[0.352s] Level 1:colcon.colcon_core.package_identification:_identify(src/ur5e_moveit_config_custom) by extensions ['colcon_pkg']
[0.352s] Level 1:colcon.colcon_core.package_identification:_identify(src/ur5e_moveit_config_custom) by extension 'colcon_pkg'
[0.353s] Level 1:colcon.colcon_core.package_identification:_identify(src/ur5e_moveit_config_custom) by extensions ['colcon_meta']
[0.353s] Level 1:colcon.colcon_core.package_identification:_identify(src/ur5e_moveit_config_custom) by extension 'colcon_meta'
[0.353s] Level 1:colcon.colcon_core.package_identification:_identify(src/ur5e_moveit_config_custom) by extensions ['ros']
[0.353s] Level 1:colcon.colcon_core.package_identification:_identify(src/ur5e_moveit_config_custom) by extension 'ros'
[0.353s] DEBUG:colcon.colcon_core.package_identification:Package 'src/ur5e_moveit_config_custom' with type 'ros.ament_cmake' and name 'ur5e_moveit_config_custom'
[0.353s] Level 1:colcon.colcon_core.package_discovery:discover_packages(recursive) using defaults
[0.353s] Level 1:colcon.colcon_core.package_discovery:discover_packages(ignore) discover
[0.353s] Level 1:colcon.colcon_core.package_discovery:discover_packages(ignore) using defaults
[0.353s] Level 1:colcon.colcon_core.package_discovery:discover_packages(path) discover
[0.353s] Level 1:colcon.colcon_core.package_discovery:discover_packages(path) using defaults
[0.378s] Level 1:colcon.colcon_core.package_discovery:discover_packages(prefix_path) check parameters
[0.378s] Level 1:colcon.colcon_core.package_discovery:discover_packages(prefix_path) discover
[0.381s] DEBUG:colcon.colcon_installed_package_information.package_discovery:Found 5 installed packages in /home/mtrn/MTRN4231_Project/install
[0.382s] DEBUG:colcon.colcon_installed_package_information.package_discovery:Found 351 installed packages in /opt/ros/humble
[0.384s] Level 1:colcon.colcon_core.package_discovery:discover_packages(prefix_path) using defaults
[0.437s] Level 5:colcon.colcon_core.verb:set package 'custom_interfaces' build argument 'cmake_args' from command line to 'None'
[0.437s] Level 5:colcon.colcon_core.verb:set package 'custom_interfaces' build argument 'cmake_target' from command line to 'None'
[0.437s] Level 5:colcon.colcon_core.verb:set package 'custom_interfaces' build argument 'cmake_target_skip_unavailable' from command line to 'False'
[0.437s] Level 5:colcon.colcon_core.verb:set package 'custom_interfaces' build argument 'cmake_clean_cache' from command line to 'False'
[0.437s] Level 5:colcon.colcon_core.verb:set package 'custom_interfaces' build argument 'cmake_clean_first' from command line to 'False'
[0.437s] Level 5:colcon.colcon_core.verb:set package 'custom_interfaces' build argument 'cmake_force_configure' from command line to 'False'
[0.437s] Level 5:colcon.colcon_core.verb:set package 'custom_interfaces' build argument 'ament_cmake_args' from command line to 'None'
[0.437s] Level 5:colcon.colcon_core.verb:set package 'custom_interfaces' build argument 'catkin_cmake_args' from command line to 'None'
[0.437s] Level 5:colcon.colcon_core.verb:set package 'custom_interfaces' build argument 'catkin_skip_building_tests' from command line to 'False'
[0.437s] DEBUG:colcon.colcon_core.verb:Building package 'custom_interfaces' with the following arguments: {'ament_cmake_args': None, 'build_base': '/home/mtrn/MTRN4231_Project/build/custom_interfaces', 'catkin_cmake_args': None, 'catkin_skip_building_tests': False, 'cmake_args': None, 'cmake_clean_cache': False, 'cmake_clean_first': False, 'cmake_force_configure': False, 'cmake_target': None, 'cmake_target_skip_unavailable': False, 'install_base': '/home/mtrn/MTRN4231_Project/install/custom_interfaces', 'merge_install': False, 'path': '/home/mtrn/MTRN4231_Project/src/custom_interfaces', 'symlink_install': False, 'test_result_base': None}
[0.437s] Level 5:colcon.colcon_core.verb:set package 'end_effector_description' build argument 'cmake_args' from command line to 'None'
[0.437s] Level 5:colcon.colcon_core.verb:set package 'end_effector_description' build argument 'cmake_target' from command line to 'None'
[0.437s] Level 5:colcon.colcon_core.verb:set package 'end_effector_description' build argument 'cmake_target_skip_unavailable' from command line to 'False'
[0.437s] Level 5:colcon.colcon_core.verb:set package 'end_effector_description' build argument 'cmake_clean_cache' from command line to 'False'
[0.437s] Level 5:colcon.colcon_core.verb:set package 'end_effector_description' build argument 'cmake_clean_first' from command line to 'False'
[0.437s] Level 5:colcon.colcon_core.verb:set package 'end_effector_description' build argument 'cmake_force_configure' from command line to 'False'
[0.437s] Level 5:colcon.colcon_core.verb:set package 'end_effector_description' build argument 'ament_cmake_args' from command line to 'None'
[0.437s] Level 5:colcon.colcon_core.verb:set package 'end_effector_description' build argument 'catkin_cmake_args' from command line to 'None'
[0.437s] Level 5:colcon.colcon_core.verb:set package 'end_effector_description' build argument 'catkin_skip_building_tests' from command line to 'False'
[0.438s] DEBUG:colcon.colcon_core.verb:Building package 'end_effector_description' with the following arguments: {'ament_cmake_args': None, 'build_base': '/home/mtrn/MTRN4231_Project/build/end_effector_description', 'catkin_cmake_args': None, 'catkin_skip_building_tests': False, 'cmake_args': None, 'cmake_clean_cache': False, 'cmake_clean_first': False, 'cmake_force_configure': False, 'cmake_target': None, 'cmake_target_skip_unavailable': False, 'install_base': '/home/mtrn/MTRN4231_Project/install/end_effector_description', 'merge_install': False, 'path': '/home/mtrn/MTRN4231_Project/src/end_effector_description', 'symlink_install': False, 'test_result_base': None}
[0.438s] Level 5:colcon.colcon_core.verb:set package 'ur5e_moveit_config_custom' build argument 'cmake_args' from command line to 'None'
[0.438s] Level 5:colcon.colcon_core.verb:set package 'ur5e_moveit_config_custom' build argument 'cmake_target' from command line to 'None'
[0.438s] Level 5:colcon.colcon_core.verb:set package 'ur5e_moveit_config_custom' build argument 'cmake_target_skip_unavailable' from command line to 'False'
[0.438s] Level 5:colcon.colcon_core.verb:set package 'ur5e_moveit_config_custom' build argument 'cmake_clean_cache' from command line to 'False'
[0.438s] Level 5:colcon.colcon_core.verb:set package 'ur5e_moveit_config_custom' build argument 'cmake_clean_first' from command line to 'False'
[0.438s] Level 5:colcon.colcon_core.verb:set package 'ur5e_moveit_config_custom' build argument 'cmake_force_configure' from command line to 'False'
[0.438s] Level 5:colcon.colcon_core.verb:set package 'ur5e_moveit_config_custom' build argument 'ament_cmake_args' from command line to 'None'
[0.438s] Level 5:colcon.colcon_core.verb:set package 'ur5e_moveit_config_custom' build argument 'catkin_cmake_args' from command line to 'None'
[0.438s] Level 5:colcon.colcon_core.verb:set package 'ur5e_moveit_config_custom' build argument 'catkin_skip_building_tests' from command line to 'False'
[0.438s] DEBUG:colcon.colcon_core.verb:Building package 'ur5e_moveit_config_custom' with the following arguments: {'ament_cmake_args': None, 'build_base': '/home/mtrn/MTRN4231_Project/build/ur5e_moveit_config_custom', 'catkin_cmake_args': None, 'catkin_skip_building_tests': False, 'cmake_args': None, 'cmake_clean_cache': False, 'cmake_clean_first': False, 'cmake_force_configure': False, 'cmake_target': None, 'cmake_target_skip_unavailable': False, 'install_base': '/home/mtrn/MTRN4231_Project/install/ur5e_moveit_config_custom', 'merge_install': False, 'path': '/home/mtrn/MTRN4231_Project/src/ur5e_moveit_config_custom', 'symlink_install': False, 'test_result_base': None}
[0.439s] Level 5:colcon.colcon_core.verb:set package 'arm_controller' build argument 'cmake_args' from command line to 'None'
[0.439s] Level 5:colcon.colcon_core.verb:set package 'arm_controller' build argument 'cmake_target' from command line to 'None'
[0.439s] Level 5:colcon.colcon_core.verb:set package 'arm_controller' build argument 'cmake_target_skip_unavailable' from command line to 'False'
[0.439s] Level 5:colcon.colcon_core.verb:set package 'arm_controller' build argument 'cmake_clean_cache' from command line to 'False'
[0.439s] Level 5:colcon.colcon_core.verb:set package 'arm_controller' build argument 'cmake_clean_first' from command line to 'False'
[0.439s] Level 5:colcon.colcon_core.verb:set package 'arm_controller' build argument 'cmake_force_configure' from command line to 'False'
[0.439s] Level 5:colcon.colcon_core.verb:set package 'arm_controller' build argument 'ament_cmake_args' from command line to 'None'
[0.439s] Level 5:colcon.colcon_core.verb:set package 'arm_controller' build argument 'catkin_cmake_args' from command line to 'None'
[0.439s] Level 5:colcon.colcon_core.verb:set package 'arm_controller' build argument 'catkin_skip_building_tests' from command line to 'False'
[0.439s] DEBUG:colcon.colcon_core.verb:Building package 'arm_controller' with the following arguments: {'ament_cmake_args': None, 'build_base': '/home/mtrn/MTRN4231_Project/build/arm_controller', 'catkin_cmake_args': None, 'catkin_skip_building_tests': False, 'cmake_args': None, 'cmake_clean_cache': False, 'cmake_clean_first': False, 'cmake_force_configure': False, 'cmake_target': None, 'cmake_target_skip_unavailable': False, 'install_base': '/home/mtrn/MTRN4231_Project/install/arm_controller', 'merge_install': False, 'path': '/home/mtrn/MTRN4231_Project/src/arm_controller', 'symlink_install': False, 'test_result_base': None}
[0.440s] Level 5:colcon.colcon_core.verb:set package 'ur5e_custom_description' build argument 'cmake_args' from command line to 'None'
[0.440s] Level 5:colcon.colcon_core.verb:set package 'ur5e_custom_description' build argument 'cmake_target' from command line to 'None'
[0.440s] Level 5:colcon.colcon_core.verb:set package 'ur5e_custom_description' build argument 'cmake_target_skip_unavailable' from command line to 'False'
[0.440s] Level 5:colcon.colcon_core.verb:set package 'ur5e_custom_description' build argument 'cmake_clean_cache' from command line to 'False'
[0.440s] Level 5:colcon.colcon_core.verb:set package 'ur5e_custom_description' build argument 'cmake_clean_first' from command line to 'False'
[0.440s] Level 5:colcon.colcon_core.verb:set package 'ur5e_custom_description' build argument 'cmake_force_configure' from command line to 'False'
[0.440s] Level 5:colcon.colcon_core.verb:set package 'ur5e_custom_description' build argument 'ament_cmake_args' from command line to 'None'
[0.440s] Level 5:colcon.colcon_core.verb:set package 'ur5e_custom_description' build argument 'catkin_cmake_args' from command line to 'None'
[0.440s] Level 5:colcon.colcon_core.verb:set package 'ur5e_custom_description' build argument 'catkin_skip_building_tests' from command line to 'False'
[0.440s] DEBUG:colcon.colcon_core.verb:Building package 'ur5e_custom_description' with the following arguments: {'ament_cmake_args': None, 'build_base': '/home/mtrn/MTRN4231_Project/build/ur5e_custom_description', 'catkin_cmake_args': None, 'catkin_skip_building_tests': False, 'cmake_args': None, 'cmake_clean_cache': False, 'cmake_clean_first': False, 'cmake_force_configure': False, 'cmake_target': None, 'cmake_target_skip_unavailable': False, 'install_base': '/home/mtrn/MTRN4231_Project/install/ur5e_custom_description', 'merge_install': False, 'path': '/home/mtrn/MTRN4231_Project/src/ur5e_custom_description', 'symlink_install': False, 'test_result_base': None}
[0.441s] INFO:colcon.colcon_core.executor:Executing jobs using 'parallel' executor
[0.443s] DEBUG:colcon.colcon_parallel_executor.executor.parallel:run_until_complete
[0.444s] INFO:colcon.colcon_ros.task.ament_cmake.build:Building ROS package in '/home/mtrn/MTRN4231_Project/src/custom_interfaces' with build type 'ament_cmake'
[0.444s] INFO:colcon.colcon_cmake.task.cmake.build:Building CMake package in '/home/mtrn/MTRN4231_Project/src/custom_interfaces'
[0.447s] INFO:colcon.colcon_core.plugin_system:Skipping extension 'colcon_core.shell.bat': Not used on non-Windows systems
[0.448s] INFO:colcon.colcon_core.shell:Skip shell extension 'powershell' for command environment: Not usable outside of PowerShell
[0.448s] DEBUG:colcon.colcon_core.shell:Skip shell extension 'dsv' for command environment
[0.454s] INFO:colcon.colcon_ros.task.ament_cmake.build:Building ROS package in '/home/mtrn/MTRN4231_Project/src/end_effector_description' with build type 'ament_cmake'
[0.454s] INFO:colcon.colcon_cmake.task.cmake.build:Building CMake package in '/home/mtrn/MTRN4231_Project/src/end_effector_description'
[0.454s] INFO:colcon.colcon_core.shell:Skip shell extension 'powershell' for command environment: Not usable outside of PowerShell
[0.455s] DEBUG:colcon.colcon_core.shell:Skip shell extension 'dsv' for command environment
[0.458s] INFO:colcon.colcon_ros.task.ament_cmake.build:Building ROS package in '/home/mtrn/MTRN4231_Project/src/ur5e_moveit_config_custom' with build type 'ament_cmake'
[0.458s] INFO:colcon.colcon_cmake.task.cmake.build:Building CMake package in '/home/mtrn/MTRN4231_Project/src/ur5e_moveit_config_custom'
[0.459s] INFO:colcon.colcon_core.shell:Skip shell extension 'powershell' for command environment: Not usable outside of PowerShell
[0.459s] DEBUG:colcon.colcon_core.shell:Skip shell extension 'dsv' for command environment
[0.477s] DEBUG:colcon.colcon_core.event_handler.log_command:Invoking command in '/home/mtrn/MTRN4231_Project/build/custom_interfaces': CMAKE_PREFIX_PATH=${CMAKE_PREFIX_PATH}:/opt/ros/humble /home/mtrn/.local/bin/cmake --build /home/mtrn/MTRN4231_Project/build/custom_interfaces -- -j20 -l20
[0.482s] DEBUG:colcon.colcon_core.event_handler.log_command:Invoking command in '/home/mtrn/MTRN4231_Project/build/end_effector_description': CMAKE_PREFIX_PATH=${CMAKE_PREFIX_PATH}:/opt/ros/humble /home/mtrn/.local/bin/cmake --build /home/mtrn/MTRN4231_Project/build/end_effector_description -- -j20 -l20
[0.486s] DEBUG:colcon.colcon_core.event_handler.log_command:Invoking command in '/home/mtrn/MTRN4231_Project/build/ur5e_moveit_config_custom': CMAKE_PREFIX_PATH=${CMAKE_PREFIX_PATH}:/opt/ros/humble /home/mtrn/.local/bin/cmake --build /home/mtrn/MTRN4231_Project/build/ur5e_moveit_config_custom -- -j20 -l20
[0.542s] DEBUG:colcon.colcon_core.event_handler.log_command:Invoked command in '/home/mtrn/MTRN4231_Project/build/end_effector_description' returned '0': CMAKE_PREFIX_PATH=${CMAKE_PREFIX_PATH}:/opt/ros/humble /home/mtrn/.local/bin/cmake --build /home/mtrn/MTRN4231_Project/build/end_effector_description -- -j20 -l20
[0.650s] DEBUG:colcon.colcon_core.event_handler.log_command:Invoking command in '/home/mtrn/MTRN4231_Project/build/end_effector_description': CMAKE_PREFIX_PATH=${CMAKE_PREFIX_PATH}:/opt/ros/humble /home/mtrn/.local/bin/cmake --install /home/mtrn/MTRN4231_Project/build/end_effector_description
[0.694s] Level 1:colcon.colcon_core.environment:create_environment_scripts_only(end_effector_description)
[0.698s] DEBUG:colcon.colcon_core.event_handler.log_command:Invoked command in '/home/mtrn/MTRN4231_Project/build/end_effector_description' returned '0': CMAKE_PREFIX_PATH=${CMAKE_PREFIX_PATH}:/opt/ros/humble /home/mtrn/.local/bin/cmake --install /home/mtrn/MTRN4231_Project/build/end_effector_description
[0.701s] Level 1:colcon.colcon_core.environment:checking '/home/mtrn/MTRN4231_Project/install/end_effector_description' for CMake module files
[0.702s] Level 1:colcon.colcon_core.environment:checking '/home/mtrn/MTRN4231_Project/install/end_effector_description' for CMake config files
[0.702s] Level 1:colcon.colcon_core.shell:create_environment_hook('end_effector_description', 'cmake_prefix_path')
[0.703s] INFO:colcon.colcon_core.shell:Creating environment hook '/home/mtrn/MTRN4231_Project/install/end_effector_description/share/end_effector_description/hook/cmake_prefix_path.ps1'
[0.704s] INFO:colcon.colcon_core.shell:Creating environment descriptor '/home/mtrn/MTRN4231_Project/install/end_effector_description/share/end_effector_description/hook/cmake_prefix_path.dsv'
[0.704s] INFO:colcon.colcon_core.shell:Creating environment hook '/home/mtrn/MTRN4231_Project/install/end_effector_description/share/end_effector_description/hook/cmake_prefix_path.sh'
[0.705s] Level 1:colcon.colcon_core.environment:checking '/home/mtrn/MTRN4231_Project/install/end_effector_description/bin'
[0.705s] Level 1:colcon.colcon_core.environment:checking '/home/mtrn/MTRN4231_Project/install/end_effector_description/lib/pkgconfig/end_effector_description.pc'
[0.706s] Level 1:colcon.colcon_core.environment:checking '/home/mtrn/MTRN4231_Project/install/end_effector_description/lib/python3.10/site-packages'
[0.706s] Level 1:colcon.colcon_core.environment:checking '/home/mtrn/MTRN4231_Project/install/end_effector_description/bin'
[0.706s] INFO:colcon.colcon_core.shell:Creating package script '/home/mtrn/MTRN4231_Project/install/end_effector_description/share/end_effector_description/package.ps1'
[0.707s] INFO:colcon.colcon_core.shell:Creating package descriptor '/home/mtrn/MTRN4231_Project/install/end_effector_description/share/end_effector_description/package.dsv'
[0.707s] INFO:colcon.colcon_core.shell:Creating package script '/home/mtrn/MTRN4231_Project/install/end_effector_description/share/end_effector_description/package.sh'
[0.708s] INFO:colcon.colcon_core.shell:Creating package script '/home/mtrn/MTRN4231_Project/install/end_effector_description/share/end_effector_description/package.bash'
[0.709s] INFO:colcon.colcon_core.shell:Creating package script '/home/mtrn/MTRN4231_Project/install/end_effector_description/share/end_effector_description/package.zsh'
[0.710s] Level 1:colcon.colcon_core.environment:create_file_with_runtime_dependencies(/home/mtrn/MTRN4231_Project/install/end_effector_description/share/colcon-core/packages/end_effector_description)
[0.773s] Level 1:colcon.colcon_core.environment:create_environment_scripts_only(end_effector_description)
[0.774s] Level 1:colcon.colcon_core.environment:checking '/home/mtrn/MTRN4231_Project/install/end_effector_description' for CMake module files
[0.776s] Level 1:colcon.colcon_core.environment:checking '/home/mtrn/MTRN4231_Project/install/end_effector_description' for CMake config files
[0.776s] Level 1:colcon.colcon_core.shell:create_environment_hook('end_effector_description', 'cmake_prefix_path')
[0.777s] INFO:colcon.colcon_core.shell:Creating environment hook '/home/mtrn/MTRN4231_Project/install/end_effector_description/share/end_effector_description/hook/cmake_prefix_path.ps1'
[0.778s] INFO:colcon.colcon_core.shell:Creating environment descriptor '/home/mtrn/MTRN4231_Project/install/end_effector_description/share/end_effector_description/hook/cmake_prefix_path.dsv'
[0.778s] INFO:colcon.colcon_core.shell:Creating environment hook '/home/mtrn/MTRN4231_Project/install/end_effector_description/share/end_effector_description/hook/cmake_prefix_path.sh'
[0.779s] Level 1:colcon.colcon_core.environment:checking '/home/mtrn/MTRN4231_Project/install/end_effector_description/bin'
[0.779s] Level 1:colcon.colcon_core.environment:checking '/home/mtrn/MTRN4231_Project/install/end_effector_description/lib/pkgconfig/end_effector_description.pc'
[0.780s] Level 1:colcon.colcon_core.environment:checking '/home/mtrn/MTRN4231_Project/install/end_effector_description/lib/python3.10/site-packages'
[0.780s] Level 1:colcon.colcon_core.environment:checking '/home/mtrn/MTRN4231_Project/install/end_effector_description/bin'
[0.781s] INFO:colcon.colcon_core.shell:Creating package script '/home/mtrn/MTRN4231_Project/install/end_effector_description/share/end_effector_description/package.ps1'
[0.782s] INFO:colcon.colcon_core.shell:Creating package descriptor '/home/mtrn/MTRN4231_Project/install/end_effector_description/share/end_effector_description/package.dsv'
[0.782s] INFO:colcon.colcon_core.shell:Creating package script '/home/mtrn/MTRN4231_Project/install/end_effector_description/share/end_effector_description/package.sh'
[0.783s] INFO:colcon.colcon_core.shell:Creating package script '/home/mtrn/MTRN4231_Project/install/end_effector_description/share/end_effector_description/package.bash'
[0.784s] INFO:colcon.colcon_core.shell:Creating package script '/home/mtrn/MTRN4231_Project/install/end_effector_description/share/end_effector_description/package.zsh'
[0.785s] Level 1:colcon.colcon_core.environment:create_file_with_runtime_dependencies(/home/mtrn/MTRN4231_Project/install/end_effector_description/share/colcon-core/packages/end_effector_description)
[0.786s] INFO:colcon.colcon_ros.task.ament_cmake.build:Building ROS package in '/home/mtrn/MTRN4231_Project/src/ur5e_custom_description' with build type 'ament_cmake'
[0.787s] INFO:colcon.colcon_cmake.task.cmake.build:Building CMake package in '/home/mtrn/MTRN4231_Project/src/ur5e_custom_description'
[0.788s] INFO:colcon.colcon_core.shell:Skip shell extension 'powershell' for command environment: Not usable outside of PowerShell
[0.788s] DEBUG:colcon.colcon_core.shell:Skip shell extension 'dsv' for command environment
[0.801s] DEBUG:colcon.colcon_core.event_handler.log_command:Invoking command in '/home/mtrn/MTRN4231_Project/build/ur5e_custom_description': CMAKE_PREFIX_PATH=/home/mtrn/MTRN4231_Project/install/end_effector_description:/home/mtrn/MTRN4231_Project/install/ur5e_moveit_config_custom:/home/mtrn/MTRN4231_Project/install/ur5e_custom_description:/home/mtrn/MTRN4231_Project/install/arm_controller:/home/mtrn/MTRN4231_Project/install/custom_interfaces:/opt/ros/humble /home/mtrn/.local/bin/cmake --build /home/mtrn/MTRN4231_Project/build/ur5e_custom_description -- -j20 -l20
[0.879s] DEBUG:colcon.colcon_core.event_handler.log_command:Invoked command in '/home/mtrn/MTRN4231_Project/build/ur5e_custom_description' returned '0': CMAKE_PREFIX_PATH=/home/mtrn/MTRN4231_Project/install/end_effector_description:/home/mtrn/MTRN4231_Project/install/ur5e_moveit_config_custom:/home/mtrn/MTRN4231_Project/install/ur5e_custom_description:/home/mtrn/MTRN4231_Project/install/arm_controller:/home/mtrn/MTRN4231_Project/install/custom_interfaces:/opt/ros/humble /home/mtrn/.local/bin/cmake --build /home/mtrn/MTRN4231_Project/build/ur5e_custom_description -- -j20 -l20
[0.948s] DEBUG:colcon.colcon_core.event_handler.log_command:Invoking command in '/home/mtrn/MTRN4231_Project/build/ur5e_custom_description': CMAKE_PREFIX_PATH=/home/mtrn/MTRN4231_Project/install/end_effector_description:/home/mtrn/MTRN4231_Project/install/ur5e_moveit_config_custom:/home/mtrn/MTRN4231_Project/install/ur5e_custom_description:/home/mtrn/MTRN4231_Project/install/arm_controller:/home/mtrn/MTRN4231_Project/install/custom_interfaces:/opt/ros/humble /home/mtrn/.local/bin/cmake --install /home/mtrn/MTRN4231_Project/build/ur5e_custom_description
[0.995s] DEBUG:colcon.colcon_core.event_handler.log_command:Invoked command in '/home/mtrn/MTRN4231_Project/build/ur5e_moveit_config_custom' returned '0': CMAKE_PREFIX_PATH=${CMAKE_PREFIX_PATH}:/opt/ros/humble /home/mtrn/.local/bin/cmake --build /home/mtrn/MTRN4231_Project/build/ur5e_moveit_config_custom -- -j20 -l20
[1.001s] Level 1:colcon.colcon_core.environment:create_environment_scripts_only(ur5e_custom_description)
[1.002s] Level 1:colcon.colcon_core.environment:checking '/home/mtrn/MTRN4231_Project/install/ur5e_custom_description' for CMake module files
[1.003s] DEBUG:colcon.colcon_core.event_handler.log_command:Invoked command in '/home/mtrn/MTRN4231_Project/build/ur5e_custom_description' returned '0': CMAKE_PREFIX_PATH=/home/mtrn/MTRN4231_Project/install/end_effector_description:/home/mtrn/MTRN4231_Project/install/ur5e_moveit_config_custom:/home/mtrn/MTRN4231_Project/install/ur5e_custom_description:/home/mtrn/MTRN4231_Project/install/arm_controller:/home/mtrn/MTRN4231_Project/install/custom_interfaces:/opt/ros/humble /home/mtrn/.local/bin/cmake --install /home/mtrn/MTRN4231_Project/build/ur5e_custom_description
[1.003s] Level 1:colcon.colcon_core.environment:checking '/home/mtrn/MTRN4231_Project/install/ur5e_custom_description' for CMake config files
[1.003s] Level 1:colcon.colcon_core.shell:create_environment_hook('ur5e_custom_description', 'cmake_prefix_path')
[1.004s] INFO:colcon.colcon_core.shell:Creating environment hook '/home/mtrn/MTRN4231_Project/install/ur5e_custom_description/share/ur5e_custom_description/hook/cmake_prefix_path.ps1'
[1.005s] INFO:colcon.colcon_core.shell:Creating environment descriptor '/home/mtrn/MTRN4231_Project/install/ur5e_custom_description/share/ur5e_custom_description/hook/cmake_prefix_path.dsv'
[1.005s] INFO:colcon.colcon_core.shell:Creating environment hook '/home/mtrn/MTRN4231_Project/install/ur5e_custom_description/share/ur5e_custom_description/hook/cmake_prefix_path.sh'
[1.006s] Level 1:colcon.colcon_core.environment:checking '/home/mtrn/MTRN4231_Project/install/ur5e_custom_description/bin'
[1.006s] Level 1:colcon.colcon_core.environment:checking '/home/mtrn/MTRN4231_Project/install/ur5e_custom_description/lib/pkgconfig/ur5e_custom_description.pc'
[1.006s] Level 1:colcon.colcon_core.environment:checking '/home/mtrn/MTRN4231_Project/install/ur5e_custom_description/lib/python3.10/site-packages'
[1.006s] Level 1:colcon.colcon_core.environment:checking '/home/mtrn/MTRN4231_Project/install/ur5e_custom_description/bin'
[1.006s] INFO:colcon.colcon_core.shell:Creating package script '/home/mtrn/MTRN4231_Project/install/ur5e_custom_description/share/ur5e_custom_description/package.ps1'
[1.007s] INFO:colcon.colcon_core.shell:Creating package descriptor '/home/mtrn/MTRN4231_Project/install/ur5e_custom_description/share/ur5e_custom_description/package.dsv'
[1.007s] INFO:colcon.colcon_core.shell:Creating package script '/home/mtrn/MTRN4231_Project/install/ur5e_custom_description/share/ur5e_custom_description/package.sh'
[1.007s] INFO:colcon.colcon_core.shell:Creating package script '/home/mtrn/MTRN4231_Project/install/ur5e_custom_description/share/ur5e_custom_description/package.bash'
[1.008s] INFO:colcon.colcon_core.shell:Creating package script '/home/mtrn/MTRN4231_Project/install/ur5e_custom_description/share/ur5e_custom_description/package.zsh'
[1.008s] Level 1:colcon.colcon_core.environment:create_file_with_runtime_dependencies(/home/mtrn/MTRN4231_Project/install/ur5e_custom_description/share/colcon-core/packages/ur5e_custom_description)
[1.011s] DEBUG:colcon.colcon_core.event_handler.log_command:Invoked command in '/home/mtrn/MTRN4231_Project/build/custom_interfaces' returned '0': CMAKE_PREFIX_PATH=${CMAKE_PREFIX_PATH}:/opt/ros/humble /home/mtrn/.local/bin/cmake --build /home/mtrn/MTRN4231_Project/build/custom_interfaces -- -j20 -l20
[1.051s] DEBUG:colcon.colcon_core.event_handler.log_command:Invoking command in '/home/mtrn/MTRN4231_Project/build/ur5e_moveit_config_custom': CMAKE_PREFIX_PATH=${CMAKE_PREFIX_PATH}:/opt/ros/humble /home/mtrn/.local/bin/cmake --install /home/mtrn/MTRN4231_Project/build/ur5e_moveit_config_custom
[1.064s] Level 1:colcon.colcon_core.environment:create_environment_scripts_only(ur5e_custom_description)
[1.065s] Level 1:colcon.colcon_core.environment:checking '/home/mtrn/MTRN4231_Project/install/ur5e_custom_description' for CMake module files
[1.065s] Level 1:colcon.colcon_core.environment:checking '/home/mtrn/MTRN4231_Project/install/ur5e_custom_description' for CMake config files
[1.065s] Level 1:colcon.colcon_core.shell:create_environment_hook('ur5e_custom_description', 'cmake_prefix_path')
[1.066s] INFO:colcon.colcon_core.shell:Creating environment hook '/home/mtrn/MTRN4231_Project/install/ur5e_custom_description/share/ur5e_custom_description/hook/cmake_prefix_path.ps1'
[1.066s] INFO:colcon.colcon_core.shell:Creating environment descriptor '/home/mtrn/MTRN4231_Project/install/ur5e_custom_description/share/ur5e_custom_description/hook/cmake_prefix_path.dsv'
[1.067s] INFO:colcon.colcon_core.shell:Creating environment hook '/home/mtrn/MTRN4231_Project/install/ur5e_custom_description/share/ur5e_custom_description/hook/cmake_prefix_path.sh'
[1.068s] Level 1:colcon.colcon_core.environment:checking '/home/mtrn/MTRN4231_Project/install/ur5e_custom_description/bin'
[1.068s] Level 1:colcon.colcon_core.environment:checking '/home/mtrn/MTRN4231_Project/install/ur5e_custom_description/lib/pkgconfig/ur5e_custom_description.pc'
[1.068s] Level 1:colcon.colcon_core.environment:checking '/home/mtrn/MTRN4231_Project/install/ur5e_custom_description/lib/python3.10/site-packages'
[1.068s] Level 1:colcon.colcon_core.environment:checking '/home/mtrn/MTRN4231_Project/install/ur5e_custom_description/bin'
[1.069s] INFO:colcon.colcon_core.shell:Creating package script '/home/mtrn/MTRN4231_Project/install/ur5e_custom_description/share/ur5e_custom_description/package.ps1'
[1.069s] INFO:colcon.colcon_core.shell:Creating package descriptor '/home/mtrn/MTRN4231_Project/install/ur5e_custom_description/share/ur5e_custom_description/package.dsv'
[1.070s] INFO:colcon.colcon_core.shell:Creating package script '/home/mtrn/MTRN4231_Project/install/ur5e_custom_description/share/ur5e_custom_description/package.sh'
[1.070s] INFO:colcon.colcon_core.shell:Creating package script '/home/mtrn/MTRN4231_Project/install/ur5e_custom_description/share/ur5e_custom_description/package.bash'
[1.071s] INFO:colcon.colcon_core.shell:Creating package script '/home/mtrn/MTRN4231_Project/install/ur5e_custom_description/share/ur5e_custom_description/package.zsh'
[1.071s] Level 1:colcon.colcon_core.environment:create_file_with_runtime_dependencies(/home/mtrn/MTRN4231_Project/install/ur5e_custom_description/share/colcon-core/packages/ur5e_custom_description)
[1.140s] DEBUG:colcon.colcon_core.event_handler.log_command:Invoking command in '/home/mtrn/MTRN4231_Project/build/custom_interfaces': CMAKE_PREFIX_PATH=${CMAKE_PREFIX_PATH}:/opt/ros/humble /home/mtrn/.local/bin/cmake --install /home/mtrn/MTRN4231_Project/build/custom_interfaces
[1.197s] Level 1:colcon.colcon_core.environment:create_environment_scripts_only(ur5e_moveit_config_custom)
[1.197s] Level 1:colcon.colcon_core.environment:checking '/home/mtrn/MTRN4231_Project/install/ur5e_moveit_config_custom' for CMake module files
[1.198s] DEBUG:colcon.colcon_core.event_handler.log_command:Invoked command in '/home/mtrn/MTRN4231_Project/build/ur5e_moveit_config_custom' returned '0': CMAKE_PREFIX_PATH=${CMAKE_PREFIX_PATH}:/opt/ros/humble /home/mtrn/.local/bin/cmake --install /home/mtrn/MTRN4231_Project/build/ur5e_moveit_config_custom
[1.199s] Level 1:colcon.colcon_core.environment:checking '/home/mtrn/MTRN4231_Project/install/ur5e_moveit_config_custom' for CMake config files
[1.199s] Level 1:colcon.colcon_core.shell:create_environment_hook('ur5e_moveit_config_custom', 'cmake_prefix_path')
[1.199s] INFO:colcon.colcon_core.shell:Creating environment hook '/home/mtrn/MTRN4231_Project/install/ur5e_moveit_config_custom/share/ur5e_moveit_config_custom/hook/cmake_prefix_path.ps1'
[1.200s] INFO:colcon.colcon_core.shell:Creating environment descriptor '/home/mtrn/MTRN4231_Project/install/ur5e_moveit_config_custom/share/ur5e_moveit_config_custom/hook/cmake_prefix_path.dsv'
[1.201s] INFO:colcon.colcon_core.shell:Creating environment hook '/home/mtrn/MTRN4231_Project/install/ur5e_moveit_config_custom/share/ur5e_moveit_config_custom/hook/cmake_prefix_path.sh'
[1.201s] Level 1:colcon.colcon_core.environment:checking '/home/mtrn/MTRN4231_Project/install/ur5e_moveit_config_custom/bin'
[1.201s] Level 1:colcon.colcon_core.environment:checking '/home/mtrn/MTRN4231_Project/install/ur5e_moveit_config_custom/lib/pkgconfig/ur5e_moveit_config_custom.pc'
[1.202s] Level 1:colcon.colcon_core.environment:checking '/home/mtrn/MTRN4231_Project/install/ur5e_moveit_config_custom/lib/python3.10/site-packages'
[1.202s] Level 1:colcon.colcon_core.environment:checking '/home/mtrn/MTRN4231_Project/install/ur5e_moveit_config_custom/bin'
[1.202s] INFO:colcon.colcon_core.shell:Creating package script '/home/mtrn/MTRN4231_Project/install/ur5e_moveit_config_custom/share/ur5e_moveit_config_custom/package.ps1'
[1.202s] INFO:colcon.colcon_core.shell:Creating package descriptor '/home/mtrn/MTRN4231_Project/install/ur5e_moveit_config_custom/share/ur5e_moveit_config_custom/package.dsv'
[1.203s] INFO:colcon.colcon_core.shell:Creating package script '/home/mtrn/MTRN4231_Project/install/ur5e_moveit_config_custom/share/ur5e_moveit_config_custom/package.sh'
[1.203s] INFO:colcon.colcon_core.shell:Creating package script '/home/mtrn/MTRN4231_Project/install/ur5e_moveit_config_custom/share/ur5e_moveit_config_custom/package.bash'
[1.203s] INFO:colcon.colcon_core.shell:Creating package script '/home/mtrn/MTRN4231_Project/install/ur5e_moveit_config_custom/share/ur5e_moveit_config_custom/package.zsh'
[1.204s] Level 1:colcon.colcon_core.environment:create_file_with_runtime_dependencies(/home/mtrn/MTRN4231_Project/install/ur5e_moveit_config_custom/share/colcon-core/packages/ur5e_moveit_config_custom)
[1.243s] Level 1:colcon.colcon_core.environment:create_environment_scripts_only(custom_interfaces)
[1.244s] Level 1:colcon.colcon_core.environment:checking '/home/mtrn/MTRN4231_Project/install/custom_interfaces' for CMake module files
[1.245s] DEBUG:colcon.colcon_core.event_handler.log_command:Invoked command in '/home/mtrn/MTRN4231_Project/build/custom_interfaces' returned '0': CMAKE_PREFIX_PATH=${CMAKE_PREFIX_PATH}:/opt/ros/humble /home/mtrn/.local/bin/cmake --install /home/mtrn/MTRN4231_Project/build/custom_interfaces
[1.246s] Level 1:colcon.colcon_core.environment:checking '/home/mtrn/MTRN4231_Project/install/custom_interfaces' for CMake config files
[1.246s] Level 1:colcon.colcon_core.shell:create_environment_hook('custom_interfaces', 'cmake_prefix_path')
[1.247s] INFO:colcon.colcon_core.shell:Creating environment hook '/home/mtrn/MTRN4231_Project/install/custom_interfaces/share/custom_interfaces/hook/cmake_prefix_path.ps1'
[1.248s] INFO:colcon.colcon_core.shell:Creating environment descriptor '/home/mtrn/MTRN4231_Project/install/custom_interfaces/share/custom_interfaces/hook/cmake_prefix_path.dsv'
[1.248s] INFO:colcon.colcon_core.shell:Creating environment hook '/home/mtrn/MTRN4231_Project/install/custom_interfaces/share/custom_interfaces/hook/cmake_prefix_path.sh'
[1.249s] Level 1:colcon.colcon_core.environment:checking '/home/mtrn/MTRN4231_Project/install/custom_interfaces/lib'
[1.249s] Level 1:colcon.colcon_core.shell:create_environment_hook('custom_interfaces', 'ld_library_path_lib')
[1.249s] INFO:colcon.colcon_core.shell:Creating environment hook '/home/mtrn/MTRN4231_Project/install/custom_interfaces/share/custom_interfaces/hook/ld_library_path_lib.ps1'
[1.250s] INFO:colcon.colcon_core.shell:Creating environment descriptor '/home/mtrn/MTRN4231_Project/install/custom_interfaces/share/custom_interfaces/hook/ld_library_path_lib.dsv'
[1.250s] INFO:colcon.colcon_core.shell:Creating environment hook '/home/mtrn/MTRN4231_Project/install/custom_interfaces/share/custom_interfaces/hook/ld_library_path_lib.sh'
[1.251s] Level 1:colcon.colcon_core.environment:checking '/home/mtrn/MTRN4231_Project/install/custom_interfaces/bin'
[1.251s] Level 1:colcon.colcon_core.environment:checking '/home/mtrn/MTRN4231_Project/install/custom_interfaces/lib/pkgconfig/custom_interfaces.pc'
[1.252s] Level 1:colcon.colcon_core.environment:checking '/home/mtrn/MTRN4231_Project/install/custom_interfaces/lib/python3.10/site-packages'
[1.252s] Level 1:colcon.colcon_core.environment:checking '/home/mtrn/MTRN4231_Project/install/custom_interfaces/bin'
[1.252s] INFO:colcon.colcon_core.shell:Creating package script '/home/mtrn/MTRN4231_Project/install/custom_interfaces/share/custom_interfaces/package.ps1'
[1.253s] INFO:colcon.colcon_core.shell:Creating package descriptor '/home/mtrn/MTRN4231_Project/install/custom_interfaces/share/custom_interfaces/package.dsv'
[1.253s] INFO:colcon.colcon_core.shell:Creating package script '/home/mtrn/MTRN4231_Project/install/custom_interfaces/share/custom_interfaces/package.sh'
[1.254s] INFO:colcon.colcon_core.shell:Creating package script '/home/mtrn/MTRN4231_Project/install/custom_interfaces/share/custom_interfaces/package.bash'
[1.254s] INFO:colcon.colcon_core.shell:Creating package script '/home/mtrn/MTRN4231_Project/install/custom_interfaces/share/custom_interfaces/package.zsh'
[1.255s] Level 1:colcon.colcon_core.environment:create_file_with_runtime_dependencies(/home/mtrn/MTRN4231_Project/install/custom_interfaces/share/colcon-core/packages/custom_interfaces)
[1.259s] Level 1:colcon.colcon_core.environment:create_environment_scripts_only(ur5e_moveit_config_custom)
[1.260s] Level 1:colcon.colcon_core.environment:checking '/home/mtrn/MTRN4231_Project/install/ur5e_moveit_config_custom' for CMake module files
[1.260s] Level 1:colcon.colcon_core.environment:checking '/home/mtrn/MTRN4231_Project/install/ur5e_moveit_config_custom' for CMake config files
[1.261s] Level 1:colcon.colcon_core.shell:create_environment_hook('ur5e_moveit_config_custom', 'cmake_prefix_path')
[1.261s] INFO:colcon.colcon_core.shell:Creating environment hook '/home/mtrn/MTRN4231_Project/install/ur5e_moveit_config_custom/share/ur5e_moveit_config_custom/hook/cmake_prefix_path.ps1'
[1.262s] INFO:colcon.colcon_core.shell:Creating environment descriptor '/home/mtrn/MTRN4231_Project/install/ur5e_moveit_config_custom/share/ur5e_moveit_config_custom/hook/cmake_prefix_path.dsv'
[1.262s] INFO:colcon.colcon_core.shell:Creating environment hook '/home/mtrn/MTRN4231_Project/install/ur5e_moveit_config_custom/share/ur5e_moveit_config_custom/hook/cmake_prefix_path.sh'
[1.263s] Level 1:colcon.colcon_core.environment:checking '/home/mtrn/MTRN4231_Project/install/ur5e_moveit_config_custom/bin'
[1.263s] Level 1:colcon.colcon_core.environment:checking '/home/mtrn/MTRN4231_Project/install/ur5e_moveit_config_custom/lib/pkgconfig/ur5e_moveit_config_custom.pc'
[1.263s] Level 1:colcon.colcon_core.environment:checking '/home/mtrn/MTRN4231_Project/install/ur5e_moveit_config_custom/lib/python3.10/site-packages'
[1.264s] Level 1:colcon.colcon_core.environment:checking '/home/mtrn/MTRN4231_Project/install/ur5e_moveit_config_custom/bin'
[1.264s] INFO:colcon.colcon_core.shell:Creating package script '/home/mtrn/MTRN4231_Project/install/ur5e_moveit_config_custom/share/ur5e_moveit_config_custom/package.ps1'
[1.265s] INFO:colcon.colcon_core.shell:Creating package descriptor '/home/mtrn/MTRN4231_Project/install/ur5e_moveit_config_custom/share/ur5e_moveit_config_custom/package.dsv'
[1.265s] INFO:colcon.colcon_core.shell:Creating package script '/home/mtrn/MTRN4231_Project/install/ur5e_moveit_config_custom/share/ur5e_moveit_config_custom/package.sh'
[1.266s] INFO:colcon.colcon_core.shell:Creating package script '/home/mtrn/MTRN4231_Project/install/ur5e_moveit_config_custom/share/ur5e_moveit_config_custom/package.bash'
[1.267s] INFO:colcon.colcon_core.shell:Creating package script '/home/mtrn/MTRN4231_Project/install/ur5e_moveit_config_custom/share/ur5e_moveit_config_custom/package.zsh'
[1.267s] Level 1:colcon.colcon_core.environment:create_file_with_runtime_dependencies(/home/mtrn/MTRN4231_Project/install/ur5e_moveit_config_custom/share/colcon-core/packages/ur5e_moveit_config_custom)
[1.386s] Level 1:colcon.colcon_core.environment:create_environment_scripts_only(custom_interfaces)
[1.386s] Level 1:colcon.colcon_core.environment:checking '/home/mtrn/MTRN4231_Project/install/custom_interfaces' for CMake module files
[1.387s] Level 1:colcon.colcon_core.environment:checking '/home/mtrn/MTRN4231_Project/install/custom_interfaces' for CMake config files
[1.388s] Level 1:colcon.colcon_core.shell:create_environment_hook('custom_interfaces', 'cmake_prefix_path')
[1.388s] INFO:colcon.colcon_core.shell:Creating environment hook '/home/mtrn/MTRN4231_Project/install/custom_interfaces/share/custom_interfaces/hook/cmake_prefix_path.ps1'
[1.389s] INFO:colcon.colcon_core.shell:Creating environment descriptor '/home/mtrn/MTRN4231_Project/install/custom_interfaces/share/custom_interfaces/hook/cmake_prefix_path.dsv'
[1.389s] INFO:colcon.colcon_core.shell:Creating environment hook '/home/mtrn/MTRN4231_Project/install/custom_interfaces/share/custom_interfaces/hook/cmake_prefix_path.sh'
[1.390s] Level 1:colcon.colcon_core.environment:checking '/home/mtrn/MTRN4231_Project/install/custom_interfaces/lib'
[1.390s] Level 1:colcon.colcon_core.shell:create_environment_hook('custom_interfaces', 'ld_library_path_lib')
[1.390s] INFO:colcon.colcon_core.shell:Creating environment hook '/home/mtrn/MTRN4231_Project/install/custom_interfaces/share/custom_interfaces/hook/ld_library_path_lib.ps1'
[1.391s] INFO:colcon.colcon_core.shell:Creating environment descriptor '/home/mtrn/MTRN4231_Project/install/custom_interfaces/share/custom_interfaces/hook/ld_library_path_lib.dsv'
[1.391s] INFO:colcon.colcon_core.shell:Creating environment hook '/home/mtrn/MTRN4231_Project/install/custom_interfaces/share/custom_interfaces/hook/ld_library_path_lib.sh'
[1.392s] Level 1:colcon.colcon_core.environment:checking '/home/mtrn/MTRN4231_Project/install/custom_interfaces/bin'
[1.392s] Level 1:colcon.colcon_core.environment:checking '/home/mtrn/MTRN4231_Project/install/custom_interfaces/lib/pkgconfig/custom_interfaces.pc'
[1.392s] Level 1:colcon.colcon_core.environment:checking '/home/mtrn/MTRN4231_Project/install/custom_interfaces/lib/python3.10/site-packages'
[1.392s] Level 1:colcon.colcon_core.environment:checking '/home/mtrn/MTRN4231_Project/install/custom_interfaces/bin'
[1.393s] INFO:colcon.colcon_core.shell:Creating package script '/home/mtrn/MTRN4231_Project/install/custom_interfaces/share/custom_interfaces/package.ps1'
[1.393s] INFO:colcon.colcon_core.shell:Creating package descriptor '/home/mtrn/MTRN4231_Project/install/custom_interfaces/share/custom_interfaces/package.dsv'
[1.394s] INFO:colcon.colcon_core.shell:Creating package script '/home/mtrn/MTRN4231_Project/install/custom_interfaces/share/custom_interfaces/package.sh'
[1.395s] INFO:colcon.colcon_core.shell:Creating package script '/home/mtrn/MTRN4231_Project/install/custom_interfaces/share/custom_interfaces/package.bash'
[1.395s] INFO:colcon.colcon_core.shell:Creating package script '/home/mtrn/MTRN4231_Project/install/custom_interfaces/share/custom_interfaces/package.zsh'
[1.396s] Level 1:colcon.colcon_core.environment:create_file_with_runtime_dependencies(/home/mtrn/MTRN4231_Project/install/custom_interfaces/share/colcon-core/packages/custom_interfaces)
[1.396s] INFO:colcon.colcon_ros.task.ament_cmake.build:Building ROS package in '/home/mtrn/MTRN4231_Project/src/arm_controller' with build type 'ament_cmake'
[1.397s] INFO:colcon.colcon_cmake.task.cmake.build:Building CMake package in '/home/mtrn/MTRN4231_Project/src/arm_controller'
[1.397s] INFO:colcon.colcon_core.shell:Skip shell extension 'powershell' for command environment: Not usable outside of PowerShell
[1.397s] DEBUG:colcon.colcon_core.shell:Skip shell extension 'dsv' for command environment
[1.414s] DEBUG:colcon.colcon_core.event_handler.log_command:Invoking command in '/home/mtrn/MTRN4231_Project/build/arm_controller': CMAKE_PREFIX_PATH=/home/mtrn/MTRN4231_Project/install/custom_interfaces:/home/mtrn/MTRN4231_Project/install/ur5e_moveit_config_custom:/home/mtrn/MTRN4231_Project/install/ur5e_custom_description:/home/mtrn/MTRN4231_Project/install/end_effector_description:/home/mtrn/MTRN4231_Project/install/arm_controller:/opt/ros/humble /home/mtrn/.local/bin/cmake --build /home/mtrn/MTRN4231_Project/build/arm_controller -- -j20 -l20
[13.635s] DEBUG:colcon.colcon_core.event_handler.log_command:Invoked command in '/home/mtrn/MTRN4231_Project/build/arm_controller' returned '0': CMAKE_PREFIX_PATH=/home/mtrn/MTRN4231_Project/install/custom_interfaces:/home/mtrn/MTRN4231_Project/install/ur5e_moveit_config_custom:/home/mtrn/MTRN4231_Project/install/ur5e_custom_description:/home/mtrn/MTRN4231_Project/install/end_effector_description:/home/mtrn/MTRN4231_Project/install/arm_controller:/opt/ros/humble /home/mtrn/.local/bin/cmake --build /home/mtrn/MTRN4231_Project/build/arm_controller -- -j20 -l20
[13.710s] DEBUG:colcon.colcon_core.event_handler.log_command:Invoking command in '/home/mtrn/MTRN4231_Project/build/arm_controller': CMAKE_PREFIX_PATH=/home/mtrn/MTRN4231_Project/install/custom_interfaces:/home/mtrn/MTRN4231_Project/install/ur5e_moveit_config_custom:/home/mtrn/MTRN4231_Project/install/ur5e_custom_description:/home/mtrn/MTRN4231_Project/install/end_effector_description:/home/mtrn/MTRN4231_Project/install/arm_controller:/opt/ros/humble /home/mtrn/.local/bin/cmake --install /home/mtrn/MTRN4231_Project/build/arm_controller
[13.759s] Level 1:colcon.colcon_core.environment:create_environment_scripts_only(arm_controller)
[13.760s] Level 1:colcon.colcon_core.environment:checking '/home/mtrn/MTRN4231_Project/install/arm_controller' for CMake module files
[13.761s] DEBUG:colcon.colcon_core.event_handler.log_command:Invoked command in '/home/mtrn/MTRN4231_Project/build/arm_controller' returned '0': CMAKE_PREFIX_PATH=/home/mtrn/MTRN4231_Project/install/custom_interfaces:/home/mtrn/MTRN4231_Project/install/ur5e_moveit_config_custom:/home/mtrn/MTRN4231_Project/install/ur5e_custom_description:/home/mtrn/MTRN4231_Project/install/end_effector_description:/home/mtrn/MTRN4231_Project/install/arm_controller:/opt/ros/humble /home/mtrn/.local/bin/cmake --install /home/mtrn/MTRN4231_Project/build/arm_controller
[13.761s] Level 1:colcon.colcon_core.environment:checking '/home/mtrn/MTRN4231_Project/install/arm_controller' for CMake config files
[13.761s] Level 1:colcon.colcon_core.shell:create_environment_hook('arm_controller', 'cmake_prefix_path')
[13.762s] INFO:colcon.colcon_core.shell:Creating environment hook '/home/mtrn/MTRN4231_Project/install/arm_controller/share/arm_controller/hook/cmake_prefix_path.ps1'
[13.762s] INFO:colcon.colcon_core.shell:Creating environment descriptor '/home/mtrn/MTRN4231_Project/install/arm_controller/share/arm_controller/hook/cmake_prefix_path.dsv'
[13.763s] INFO:colcon.colcon_core.shell:Creating environment hook '/home/mtrn/MTRN4231_Project/install/arm_controller/share/arm_controller/hook/cmake_prefix_path.sh'
[13.763s] Level 1:colcon.colcon_core.environment:checking '/home/mtrn/MTRN4231_Project/install/arm_controller/lib'
[13.763s] Level 1:colcon.colcon_core.environment:checking '/home/mtrn/MTRN4231_Project/install/arm_controller/bin'
[13.763s] Level 1:colcon.colcon_core.environment:checking '/home/mtrn/MTRN4231_Project/install/arm_controller/lib/pkgconfig/arm_controller.pc'
[13.763s] Level 1:colcon.colcon_core.environment:checking '/home/mtrn/MTRN4231_Project/install/arm_controller/lib/python3.10/site-packages'
[13.764s] Level 1:colcon.colcon_core.environment:checking '/home/mtrn/MTRN4231_Project/install/arm_controller/bin'
[13.764s] INFO:colcon.colcon_core.shell:Creating package script '/home/mtrn/MTRN4231_Project/install/arm_controller/share/arm_controller/package.ps1'
[13.764s] INFO:colcon.colcon_core.shell:Creating package descriptor '/home/mtrn/MTRN4231_Project/install/arm_controller/share/arm_controller/package.dsv'
[13.764s] INFO:colcon.colcon_core.shell:Creating package script '/home/mtrn/MTRN4231_Project/install/arm_controller/share/arm_controller/package.sh'
[13.765s] INFO:colcon.colcon_core.shell:Creating package script '/home/mtrn/MTRN4231_Project/install/arm_controller/share/arm_controller/package.bash'
[13.766s] INFO:colcon.colcon_core.shell:Creating package script '/home/mtrn/MTRN4231_Project/install/arm_controller/share/arm_controller/package.zsh'
[13.766s] Level 1:colcon.colcon_core.environment:create_file_with_runtime_dependencies(/home/mtrn/MTRN4231_Project/install/arm_controller/share/colcon-core/packages/arm_controller)
[13.848s] Level 1:colcon.colcon_core.environment:create_environment_scripts_only(arm_controller)
[13.848s] Level 1:colcon.colcon_core.environment:checking '/home/mtrn/MTRN4231_Project/install/arm_controller' for CMake module files
[13.849s] Level 1:colcon.colcon_core.environment:checking '/home/mtrn/MTRN4231_Project/install/arm_controller' for CMake config files
[13.849s] Level 1:colcon.colcon_core.shell:create_environment_hook('arm_controller', 'cmake_prefix_path')
[13.849s] INFO:colcon.colcon_core.shell:Creating environment hook '/home/mtrn/MTRN4231_Project/install/arm_controller/share/arm_controller/hook/cmake_prefix_path.ps1'
[13.850s] INFO:colcon.colcon_core.shell:Creating environment descriptor '/home/mtrn/MTRN4231_Project/install/arm_controller/share/arm_controller/hook/cmake_prefix_path.dsv'
[13.850s] INFO:colcon.colcon_core.shell:Creating environment hook '/home/mtrn/MTRN4231_Project/install/arm_controller/share/arm_controller/hook/cmake_prefix_path.sh'
[13.851s] Level 1:colcon.colcon_core.environment:checking '/home/mtrn/MTRN4231_Project/install/arm_controller/lib'
[13.851s] Level 1:colcon.colcon_core.environment:checking '/home/mtrn/MTRN4231_Project/install/arm_controller/bin'
[13.851s] Level 1:colcon.colcon_core.environment:checking '/home/mtrn/MTRN4231_Project/install/arm_controller/lib/pkgconfig/arm_controller.pc'
[13.851s] Level 1:colcon.colcon_core.environment:checking '/home/mtrn/MTRN4231_Project/install/arm_controller/lib/python3.10/site-packages'
[13.851s] Level 1:colcon.colcon_core.environment:checking '/home/mtrn/MTRN4231_Project/install/arm_controller/bin'
[13.851s] INFO:colcon.colcon_core.shell:Creating package script '/home/mtrn/MTRN4231_Project/install/arm_controller/share/arm_controller/package.ps1'
[13.852s] INFO:colcon.colcon_core.shell:Creating package descriptor '/home/mtrn/MTRN4231_Project/install/arm_controller/share/arm_controller/package.dsv'
[13.853s] INFO:colcon.colcon_core.shell:Creating package script '/home/mtrn/MTRN4231_Project/install/arm_controller/share/arm_controller/package.sh'
[13.853s] INFO:colcon.colcon_core.shell:Creating package script '/home/mtrn/MTRN4231_Project/install/arm_controller/share/arm_controller/package.bash'
[13.853s] INFO:colcon.colcon_core.shell:Creating package script '/home/mtrn/MTRN4231_Project/install/arm_controller/share/arm_controller/package.zsh'
[13.854s] Level 1:colcon.colcon_core.environment:create_file_with_runtime_dependencies(/home/mtrn/MTRN4231_Project/install/arm_controller/share/colcon-core/packages/arm_controller)
[13.854s] DEBUG:colcon.colcon_parallel_executor.executor.parallel:closing loop
[13.854s] DEBUG:colcon.colcon_parallel_executor.executor.parallel:loop closed
[13.855s] DEBUG:colcon.colcon_parallel_executor.executor.parallel:run_until_complete finished with '0'
[13.855s] DEBUG:colcon.colcon_core.event_reactor:joining thread
[13.862s] INFO:colcon.colcon_core.plugin_system:Skipping extension 'colcon_notification.desktop_notification.terminal_notifier': Not used on non-Darwin systems
[13.863s] INFO:colcon.colcon_core.plugin_system:Skipping extension 'colcon_notification.desktop_notification.win32': Not used on non-Windows systems
[13.863s] INFO:colcon.colcon_notification.desktop_notification:Sending desktop notification using 'notify2'
[13.898s] DEBUG:colcon.colcon_core.event_reactor:joined thread
[13.899s] INFO:colcon.colcon_core.shell:Creating prefix script '/home/mtrn/MTRN4231_Project/install/local_setup.ps1'
[13.901s] INFO:colcon.colcon_core.shell:Creating prefix util module '/home/mtrn/MTRN4231_Project/install/_local_setup_util_ps1.py'
[13.903s] INFO:colcon.colcon_core.shell:Creating prefix chain script '/home/mtrn/MTRN4231_Project/install/setup.ps1'
[13.904s] INFO:colcon.colcon_core.shell:Creating prefix script '/home/mtrn/MTRN4231_Project/install/local_setup.sh'
[13.905s] INFO:colcon.colcon_core.shell:Creating prefix util module '/home/mtrn/MTRN4231_Project/install/_local_setup_util_sh.py'
[13.906s] INFO:colcon.colcon_core.shell:Creating prefix chain script '/home/mtrn/MTRN4231_Project/install/setup.sh'
[13.907s] INFO:colcon.colcon_core.shell:Creating prefix script '/home/mtrn/MTRN4231_Project/install/local_setup.bash'
[13.908s] INFO:colcon.colcon_core.shell:Creating prefix chain script '/home/mtrn/MTRN4231_Project/install/setup.bash'
[13.909s] INFO:colcon.colcon_core.shell:Creating prefix script '/home/mtrn/MTRN4231_Project/install/local_setup.zsh'
[13.909s] INFO:colcon.colcon_core.shell:Creating prefix chain script '/home/mtrn/MTRN4231_Project/install/setup.zsh'
