[0.033s] Invoking command in '/home/mtrn/MTRN4231_project/build/custom_interfaces': CMAKE_PREFIX_PATH=/opt/ros/humble /home/mtrn/.local/bin/cmake --build /home/mtrn/MTRN4231_project/build/custom_interfaces -- -j12 -l12
[0.132s] [  2%] Built target custom_interfaces__cpp
[0.132s] [ 12%] Built target custom_interfaces__rosidl_generator_c
[0.132s] [ 12%] Built target ament_cmake_python_copy_custom_interfaces
[0.164s] [ 23%] Built target custom_interfaces__rosidl_typesupport_fastrtps_c
[0.169s] [ 33%] Built target custom_interfaces__rosidl_typesupport_introspection_c
[0.170s] [ 43%] Built target custom_interfaces__rosidl_typesupport_c
[0.172s] [ 58%] Built target custom_interfaces__rosidl_typesupport_fastrtps_cpp
[0.172s] [ 64%] Built target custom_interfaces__rosidl_typesupport_introspection_cpp
[0.173s] [ 74%] Built target custom_interfaces__rosidl_typesupport_cpp
[0.186s] [ 74%] Built target custom_interfaces
[0.200s] [ 76%] Built target custom_interfaces__py
[0.222s] [ 84%] Built target custom_interfaces__rosidl_generator_py
[0.243s] [ 89%] Built target custom_interfaces__rosidl_typesupport_fastrtps_c__pyext
[0.246s] [ 94%] Built target custom_interfaces__rosidl_typesupport_introspection_c__pyext
[0.247s] [100%] Built target custom_interfaces__rosidl_typesupport_c__pyext
[0.688s] running egg_info
[0.718s] writing custom_interfaces.egg-info/PKG-INFO
[0.718s] writing dependency_links to custom_interfaces.egg-info/dependency_links.txt
[0.721s] writing top-level names to custom_interfaces.egg-info/top_level.txt
[0.810s] reading manifest file 'custom_interfaces.egg-info/SOURCES.txt'
[0.813s] writing manifest file 'custom_interfaces.egg-info/SOURCES.txt'
[0.883s] [100%] Built target ament_cmake_python_build_custom_interfaces_egg
[0.899s] Invoked command in '/home/mtrn/MTRN4231_project/build/custom_interfaces' returned '0': CMAKE_PREFIX_PATH=/opt/ros/humble /home/mtrn/.local/bin/cmake --build /home/mtrn/MTRN4231_project/build/custom_interfaces -- -j12 -l12
[1.092s] Invoking command in '/home/mtrn/MTRN4231_project/build/custom_interfaces': CMAKE_PREFIX_PATH=/opt/ros/humble /home/mtrn/.local/bin/cmake --install /home/mtrn/MTRN4231_project/build/custom_interfaces
[1.130s] -- Install configuration: ""
[1.130s] -- Up-to-date: /home/mtrn/MTRN4231_project/install/custom_interfaces/share/ament_index/resource_index/rosidl_interfaces/custom_interfaces
[1.130s] -- Up-to-date: /home/mtrn/MTRN4231_project/install/custom_interfaces/include/custom_interfaces/custom_interfaces
[1.131s] -- Up-to-date: /home/mtrn/MTRN4231_project/install/custom_interfaces/include/custom_interfaces/custom_interfaces/msg
[1.131s] -- Up-to-date: /home/mtrn/MTRN4231_project/install/custom_interfaces/include/custom_interfaces/custom_interfaces/msg/rosidl_generator_c__visibility_control.h
[1.131s] -- Up-to-date: /home/mtrn/MTRN4231_project/install/custom_interfaces/include/custom_interfaces/custom_interfaces/action
[1.131s] -- Up-to-date: /home/mtrn/MTRN4231_project/install/custom_interfaces/include/custom_interfaces/custom_interfaces/action/detail
[1.131s] -- Up-to-date: /home/mtrn/MTRN4231_project/install/custom_interfaces/include/custom_interfaces/custom_interfaces/action/detail/gripper_command__functions.h
[1.131s] -- Up-to-date: /home/mtrn/MTRN4231_project/install/custom_interfaces/include/custom_interfaces/custom_interfaces/action/detail/move_tcp__struct.h
[1.131s] -- Up-to-date: /home/mtrn/MTRN4231_project/install/custom_interfaces/include/custom_interfaces/custom_interfaces/action/detail/gripper_command__type_support.h
[1.131s] -- Up-to-date: /home/mtrn/MTRN4231_project/install/custom_interfaces/include/custom_interfaces/custom_interfaces/action/detail/gripper_command__functions.c
[1.131s] -- Up-to-date: /home/mtrn/MTRN4231_project/install/custom_interfaces/include/custom_interfaces/custom_interfaces/action/detail/move_tcp__functions.c
[1.131s] -- Up-to-date: /home/mtrn/MTRN4231_project/install/custom_interfaces/include/custom_interfaces/custom_interfaces/action/detail/move_tcp__type_support.h
[1.131s] -- Up-to-date: /home/mtrn/MTRN4231_project/install/custom_interfaces/include/custom_interfaces/custom_interfaces/action/detail/gripper_command__struct.h
[1.132s] -- Up-to-date: /home/mtrn/MTRN4231_project/install/custom_interfaces/include/custom_interfaces/custom_interfaces/action/detail/move_tcp__functions.h
[1.132s] -- Up-to-date: /home/mtrn/MTRN4231_project/install/custom_interfaces/include/custom_interfaces/custom_interfaces/action/gripper_command.h
[1.132s] -- Up-to-date: /home/mtrn/MTRN4231_project/install/custom_interfaces/include/custom_interfaces/custom_interfaces/action/move_tcp.h
[1.132s] -- Up-to-date: /home/mtrn/MTRN4231_project/install/custom_interfaces/share/custom_interfaces/environment/library_path.sh
[1.132s] -- Up-to-date: /home/mtrn/MTRN4231_project/install/custom_interfaces/share/custom_interfaces/environment/library_path.dsv
[1.136s] -- Up-to-date: /home/mtrn/MTRN4231_project/install/custom_interfaces/lib/libcustom_interfaces__rosidl_generator_c.so
[1.137s] -- Up-to-date: /home/mtrn/MTRN4231_project/install/custom_interfaces/include/custom_interfaces/custom_interfaces
[1.137s] -- Up-to-date: /home/mtrn/MTRN4231_project/install/custom_interfaces/include/custom_interfaces/custom_interfaces/msg
[1.137s] -- Up-to-date: /home/mtrn/MTRN4231_project/install/custom_interfaces/include/custom_interfaces/custom_interfaces/msg/rosidl_typesupport_fastrtps_c__visibility_control.h
[1.137s] -- Up-to-date: /home/mtrn/MTRN4231_project/install/custom_interfaces/include/custom_interfaces/custom_interfaces/action
[1.137s] -- Up-to-date: /home/mtrn/MTRN4231_project/install/custom_interfaces/include/custom_interfaces/custom_interfaces/action/detail
[1.137s] -- Up-to-date: /home/mtrn/MTRN4231_project/install/custom_interfaces/include/custom_interfaces/custom_interfaces/action/detail/move_tcp__rosidl_typesupport_fastrtps_c.h
[1.137s] -- Up-to-date: /home/mtrn/MTRN4231_project/install/custom_interfaces/include/custom_interfaces/custom_interfaces/action/detail/gripper_command__rosidl_typesupport_fastrtps_c.h
[1.137s] -- Up-to-date: /home/mtrn/MTRN4231_project/install/custom_interfaces/lib/libcustom_interfaces__rosidl_typesupport_fastrtps_c.so
[1.137s] -- Up-to-date: /home/mtrn/MTRN4231_project/install/custom_interfaces/include/custom_interfaces/custom_interfaces
[1.138s] -- Up-to-date: /home/mtrn/MTRN4231_project/install/custom_interfaces/include/custom_interfaces/custom_interfaces/msg
[1.138s] -- Up-to-date: /home/mtrn/MTRN4231_project/install/custom_interfaces/include/custom_interfaces/custom_interfaces/msg/rosidl_typesupport_introspection_c__visibility_control.h
[1.138s] -- Up-to-date: /home/mtrn/MTRN4231_project/install/custom_interfaces/include/custom_interfaces/custom_interfaces/action
[1.138s] -- Up-to-date: /home/mtrn/MTRN4231_project/install/custom_interfaces/include/custom_interfaces/custom_interfaces/action/detail
[1.138s] -- Up-to-date: /home/mtrn/MTRN4231_project/install/custom_interfaces/include/custom_interfaces/custom_interfaces/action/detail/move_tcp__rosidl_typesupport_introspection_c.h
[1.146s] -- Up-to-date: /home/mtrn/MTRN4231_project/install/custom_interfaces/include/custom_interfaces/custom_interfaces/action/detail/gripper_command__type_support.c
[1.146s] -- Up-to-date: /home/mtrn/MTRN4231_project/install/custom_interfaces/include/custom_interfaces/custom_interfaces/action/detail/gripper_command__rosidl_typesupport_introspection_c.h
[1.146s] -- Up-to-date: /home/mtrn/MTRN4231_project/install/custom_interfaces/include/custom_interfaces/custom_interfaces/action/detail/move_tcp__type_support.c
[1.146s] -- Up-to-date: /home/mtrn/MTRN4231_project/install/custom_interfaces/lib/libcustom_interfaces__rosidl_typesupport_introspection_c.so
[1.146s] -- Up-to-date: /home/mtrn/MTRN4231_project/install/custom_interfaces/lib/libcustom_interfaces__rosidl_typesupport_c.so
[1.146s] -- Up-to-date: /home/mtrn/MTRN4231_project/install/custom_interfaces/include/custom_interfaces/custom_interfaces
[1.146s] -- Up-to-date: /home/mtrn/MTRN4231_project/install/custom_interfaces/include/custom_interfaces/custom_interfaces/action
[1.146s] -- Up-to-date: /home/mtrn/MTRN4231_project/install/custom_interfaces/include/custom_interfaces/custom_interfaces/action/move_tcp.hpp
[1.146s] -- Up-to-date: /home/mtrn/MTRN4231_project/install/custom_interfaces/include/custom_interfaces/custom_interfaces/action/detail
[1.147s] -- Up-to-date: /home/mtrn/MTRN4231_project/install/custom_interfaces/include/custom_interfaces/custom_interfaces/action/detail/move_tcp__traits.hpp
[1.147s] -- Up-to-date: /home/mtrn/MTRN4231_project/install/custom_interfaces/include/custom_interfaces/custom_interfaces/action/detail/gripper_command__builder.hpp
[1.147s] -- Up-to-date: /home/mtrn/MTRN4231_project/install/custom_interfaces/include/custom_interfaces/custom_interfaces/action/detail/move_tcp__builder.hpp
[1.147s] -- Up-to-date: /home/mtrn/MTRN4231_project/install/custom_interfaces/include/custom_interfaces/custom_interfaces/action/detail/move_tcp__struct.hpp
[1.147s] -- Up-to-date: /home/mtrn/MTRN4231_project/install/custom_interfaces/include/custom_interfaces/custom_interfaces/action/detail/gripper_command__traits.hpp
[1.147s] -- Up-to-date: /home/mtrn/MTRN4231_project/install/custom_interfaces/include/custom_interfaces/custom_interfaces/action/detail/gripper_command__struct.hpp
[1.147s] -- Up-to-date: /home/mtrn/MTRN4231_project/install/custom_interfaces/include/custom_interfaces/custom_interfaces/action/gripper_command.hpp
[1.147s] -- Up-to-date: /home/mtrn/MTRN4231_project/install/custom_interfaces/include/custom_interfaces/custom_interfaces
[1.148s] -- Up-to-date: /home/mtrn/MTRN4231_project/install/custom_interfaces/include/custom_interfaces/custom_interfaces/msg
[1.148s] -- Up-to-date: /home/mtrn/MTRN4231_project/install/custom_interfaces/include/custom_interfaces/custom_interfaces/msg/rosidl_typesupport_fastrtps_cpp__visibility_control.h
[1.148s] -- Up-to-date: /home/mtrn/MTRN4231_project/install/custom_interfaces/include/custom_interfaces/custom_interfaces/action
[1.148s] -- Up-to-date: /home/mtrn/MTRN4231_project/install/custom_interfaces/include/custom_interfaces/custom_interfaces/action/detail
[1.148s] -- Up-to-date: /home/mtrn/MTRN4231_project/install/custom_interfaces/include/custom_interfaces/custom_interfaces/action/detail/gripper_command__rosidl_typesupport_fastrtps_cpp.hpp
[1.148s] -- Up-to-date: /home/mtrn/MTRN4231_project/install/custom_interfaces/include/custom_interfaces/custom_interfaces/action/detail/move_tcp__rosidl_typesupport_fastrtps_cpp.hpp
[1.149s] -- Up-to-date: /home/mtrn/MTRN4231_project/install/custom_interfaces/include/custom_interfaces/custom_interfaces/action/detail/dds_fastrtps
[1.149s] -- Up-to-date: /home/mtrn/MTRN4231_project/install/custom_interfaces/lib/libcustom_interfaces__rosidl_typesupport_fastrtps_cpp.so
[1.149s] -- Up-to-date: /home/mtrn/MTRN4231_project/install/custom_interfaces/include/custom_interfaces/custom_interfaces
[1.149s] -- Up-to-date: /home/mtrn/MTRN4231_project/install/custom_interfaces/include/custom_interfaces/custom_interfaces/action
[1.149s] -- Up-to-date: /home/mtrn/MTRN4231_project/install/custom_interfaces/include/custom_interfaces/custom_interfaces/action/detail
[1.149s] -- Up-to-date: /home/mtrn/MTRN4231_project/install/custom_interfaces/include/custom_interfaces/custom_interfaces/action/detail/gripper_command__rosidl_typesupport_introspection_cpp.hpp
[1.149s] -- Up-to-date: /home/mtrn/MTRN4231_project/install/custom_interfaces/include/custom_interfaces/custom_interfaces/action/detail/move_tcp__type_support.cpp
[1.150s] -- Up-to-date: /home/mtrn/MTRN4231_project/install/custom_interfaces/include/custom_interfaces/custom_interfaces/action/detail/gripper_command__type_support.cpp
[1.150s] -- Up-to-date: /home/mtrn/MTRN4231_project/install/custom_interfaces/include/custom_interfaces/custom_interfaces/action/detail/move_tcp__rosidl_typesupport_introspection_cpp.hpp
[1.150s] -- Up-to-date: /home/mtrn/MTRN4231_project/install/custom_interfaces/lib/libcustom_interfaces__rosidl_typesupport_introspection_cpp.so
[1.150s] -- Up-to-date: /home/mtrn/MTRN4231_project/install/custom_interfaces/lib/libcustom_interfaces__rosidl_typesupport_cpp.so
[1.150s] -- Up-to-date: /home/mtrn/MTRN4231_project/install/custom_interfaces/share/custom_interfaces/environment/pythonpath.sh
[1.150s] -- Up-to-date: /home/mtrn/MTRN4231_project/install/custom_interfaces/share/custom_interfaces/environment/pythonpath.dsv
[1.150s] -- Up-to-date: /home/mtrn/MTRN4231_project/install/custom_interfaces/local/lib/python3.10/dist-packages/custom_interfaces-0.0.0-py3.10.egg-info
[1.151s] -- Installing: /home/mtrn/MTRN4231_project/install/custom_interfaces/local/lib/python3.10/dist-packages/custom_interfaces-0.0.0-py3.10.egg-info/PKG-INFO
[1.151s] -- Installing: /home/mtrn/MTRN4231_project/install/custom_interfaces/local/lib/python3.10/dist-packages/custom_interfaces-0.0.0-py3.10.egg-info/SOURCES.txt
[1.151s] -- Installing: /home/mtrn/MTRN4231_project/install/custom_interfaces/local/lib/python3.10/dist-packages/custom_interfaces-0.0.0-py3.10.egg-info/dependency_links.txt
[1.151s] -- Installing: /home/mtrn/MTRN4231_project/install/custom_interfaces/local/lib/python3.10/dist-packages/custom_interfaces-0.0.0-py3.10.egg-info/top_level.txt
[1.151s] -- Up-to-date: /home/mtrn/MTRN4231_project/install/custom_interfaces/local/lib/python3.10/dist-packages/custom_interfaces
[1.151s] -- Up-to-date: /home/mtrn/MTRN4231_project/install/custom_interfaces/local/lib/python3.10/dist-packages/custom_interfaces/__init__.py
[1.151s] -- Up-to-date: /home/mtrn/MTRN4231_project/install/custom_interfaces/local/lib/python3.10/dist-packages/custom_interfaces/libcustom_interfaces__rosidl_generator_py.so
[1.151s] -- Up-to-date: /home/mtrn/MTRN4231_project/install/custom_interfaces/local/lib/python3.10/dist-packages/custom_interfaces/action
[1.152s] -- Up-to-date: /home/mtrn/MTRN4231_project/install/custom_interfaces/local/lib/python3.10/dist-packages/custom_interfaces/action/__init__.py
[1.152s] -- Up-to-date: /home/mtrn/MTRN4231_project/install/custom_interfaces/local/lib/python3.10/dist-packages/custom_interfaces/action/_gripper_command_s.c
[1.152s] -- Up-to-date: /home/mtrn/MTRN4231_project/install/custom_interfaces/local/lib/python3.10/dist-packages/custom_interfaces/action/_move_tcp_s.c
[1.152s] -- Up-to-date: /home/mtrn/MTRN4231_project/install/custom_interfaces/local/lib/python3.10/dist-packages/custom_interfaces/action/_gripper_command.py
[1.152s] -- Up-to-date: /home/mtrn/MTRN4231_project/install/custom_interfaces/local/lib/python3.10/dist-packages/custom_interfaces/action/_move_tcp.py
[1.152s] -- Up-to-date: /home/mtrn/MTRN4231_project/install/custom_interfaces/local/lib/python3.10/dist-packages/custom_interfaces/_custom_interfaces_s.ep.rosidl_typesupport_introspection_c.c
[1.152s] -- Up-to-date: /home/mtrn/MTRN4231_project/install/custom_interfaces/local/lib/python3.10/dist-packages/custom_interfaces/custom_interfaces_s__rosidl_typesupport_introspection_c.cpython-310-x86_64-linux-gnu.so
[1.152s] -- Up-to-date: /home/mtrn/MTRN4231_project/install/custom_interfaces/local/lib/python3.10/dist-packages/custom_interfaces/custom_interfaces_s__rosidl_typesupport_fastrtps_c.cpython-310-x86_64-linux-gnu.so
[1.152s] -- Up-to-date: /home/mtrn/MTRN4231_project/install/custom_interfaces/local/lib/python3.10/dist-packages/custom_interfaces/custom_interfaces_s__rosidl_typesupport_c.cpython-310-x86_64-linux-gnu.so
[1.152s] -- Up-to-date: /home/mtrn/MTRN4231_project/install/custom_interfaces/local/lib/python3.10/dist-packages/custom_interfaces/_custom_interfaces_s.ep.rosidl_typesupport_fastrtps_c.c
[1.152s] -- Up-to-date: /home/mtrn/MTRN4231_project/install/custom_interfaces/local/lib/python3.10/dist-packages/custom_interfaces/_custom_interfaces_s.ep.rosidl_typesupport_c.c
[1.208s] Listing '/home/mtrn/MTRN4231_project/install/custom_interfaces/local/lib/python3.10/dist-packages/custom_interfaces'...
[1.208s] Listing '/home/mtrn/MTRN4231_project/install/custom_interfaces/local/lib/python3.10/dist-packages/custom_interfaces/action'...
[1.215s] -- Up-to-date: /home/mtrn/MTRN4231_project/install/custom_interfaces/local/lib/python3.10/dist-packages/custom_interfaces/custom_interfaces_s__rosidl_typesupport_fastrtps_c.cpython-310-x86_64-linux-gnu.so
[1.216s] -- Up-to-date: /home/mtrn/MTRN4231_project/install/custom_interfaces/local/lib/python3.10/dist-packages/custom_interfaces/custom_interfaces_s__rosidl_typesupport_introspection_c.cpython-310-x86_64-linux-gnu.so
[1.217s] -- Up-to-date: /home/mtrn/MTRN4231_project/install/custom_interfaces/local/lib/python3.10/dist-packages/custom_interfaces/custom_interfaces_s__rosidl_typesupport_c.cpython-310-x86_64-linux-gnu.so
[1.217s] -- Up-to-date: /home/mtrn/MTRN4231_project/install/custom_interfaces/lib/libcustom_interfaces__rosidl_generator_py.so
[1.218s] -- Up-to-date: /home/mtrn/MTRN4231_project/install/custom_interfaces/share/custom_interfaces/action/MoveTCP.idl
[1.218s] -- Up-to-date: /home/mtrn/MTRN4231_project/install/custom_interfaces/share/custom_interfaces/action/GripperCommand.idl
[1.218s] -- Up-to-date: /home/mtrn/MTRN4231_project/install/custom_interfaces/share/custom_interfaces/action/MoveTCP.action
[1.219s] -- Up-to-date: /home/mtrn/MTRN4231_project/install/custom_interfaces/share/custom_interfaces/action/GripperCommand.action
[1.219s] -- Up-to-date: /home/mtrn/MTRN4231_project/install/custom_interfaces/share/custom_interfaces/action
[1.219s] -- Up-to-date: /home/mtrn/MTRN4231_project/install/custom_interfaces/share/custom_interfaces/action/GripperCommand.action
[1.219s] -- Up-to-date: /home/mtrn/MTRN4231_project/install/custom_interfaces/share/custom_interfaces/action/MoveTCP.action
[1.219s] -- Up-to-date: /home/mtrn/MTRN4231_project/install/custom_interfaces/share/ament_index/resource_index/package_run_dependencies/custom_interfaces
[1.219s] -- Up-to-date: /home/mtrn/MTRN4231_project/install/custom_interfaces/share/ament_index/resource_index/parent_prefix_path/custom_interfaces
[1.219s] -- Up-to-date: /home/mtrn/MTRN4231_project/install/custom_interfaces/share/custom_interfaces/environment/ament_prefix_path.sh
[1.221s] -- Up-to-date: /home/mtrn/MTRN4231_project/install/custom_interfaces/share/custom_interfaces/environment/ament_prefix_path.dsv
[1.221s] -- Up-to-date: /home/mtrn/MTRN4231_project/install/custom_interfaces/share/custom_interfaces/environment/path.sh
[1.221s] -- Up-to-date: /home/mtrn/MTRN4231_project/install/custom_interfaces/share/custom_interfaces/environment/path.dsv
[1.221s] -- Up-to-date: /home/mtrn/MTRN4231_project/install/custom_interfaces/share/custom_interfaces/local_setup.bash
[1.221s] -- Up-to-date: /home/mtrn/MTRN4231_project/install/custom_interfaces/share/custom_interfaces/local_setup.sh
[1.221s] -- Up-to-date: /home/mtrn/MTRN4231_project/install/custom_interfaces/share/custom_interfaces/local_setup.zsh
[1.221s] -- Up-to-date: /home/mtrn/MTRN4231_project/install/custom_interfaces/share/custom_interfaces/local_setup.dsv
[1.221s] -- Installing: /home/mtrn/MTRN4231_project/install/custom_interfaces/share/custom_interfaces/package.dsv
[1.221s] -- Up-to-date: /home/mtrn/MTRN4231_project/install/custom_interfaces/share/ament_index/resource_index/packages/custom_interfaces
[1.223s] -- Up-to-date: /home/mtrn/MTRN4231_project/install/custom_interfaces/share/custom_interfaces/cmake/export_custom_interfaces__rosidl_generator_cExport.cmake
[1.223s] -- Up-to-date: /home/mtrn/MTRN4231_project/install/custom_interfaces/share/custom_interfaces/cmake/export_custom_interfaces__rosidl_generator_cExport-noconfig.cmake
[1.224s] -- Up-to-date: /home/mtrn/MTRN4231_project/install/custom_interfaces/share/custom_interfaces/cmake/export_custom_interfaces__rosidl_typesupport_fastrtps_cExport.cmake
[1.226s] -- Up-to-date: /home/mtrn/MTRN4231_project/install/custom_interfaces/share/custom_interfaces/cmake/export_custom_interfaces__rosidl_typesupport_fastrtps_cExport-noconfig.cmake
[1.227s] -- Up-to-date: /home/mtrn/MTRN4231_project/install/custom_interfaces/share/custom_interfaces/cmake/custom_interfaces__rosidl_typesupport_introspection_cExport.cmake
[1.227s] -- Up-to-date: /home/mtrn/MTRN4231_project/install/custom_interfaces/share/custom_interfaces/cmake/custom_interfaces__rosidl_typesupport_introspection_cExport-noconfig.cmake
[1.230s] -- Up-to-date: /home/mtrn/MTRN4231_project/install/custom_interfaces/share/custom_interfaces/cmake/custom_interfaces__rosidl_typesupport_cExport.cmake
[1.230s] -- Up-to-date: /home/mtrn/MTRN4231_project/install/custom_interfaces/share/custom_interfaces/cmake/custom_interfaces__rosidl_typesupport_cExport-noconfig.cmake
[1.230s] -- Up-to-date: /home/mtrn/MTRN4231_project/install/custom_interfaces/share/custom_interfaces/cmake/export_custom_interfaces__rosidl_generator_cppExport.cmake
[1.232s] -- Up-to-date: /home/mtrn/MTRN4231_project/install/custom_interfaces/share/custom_interfaces/cmake/export_custom_interfaces__rosidl_typesupport_fastrtps_cppExport.cmake
[1.232s] -- Up-to-date: /home/mtrn/MTRN4231_project/install/custom_interfaces/share/custom_interfaces/cmake/export_custom_interfaces__rosidl_typesupport_fastrtps_cppExport-noconfig.cmake
[1.232s] -- Up-to-date: /home/mtrn/MTRN4231_project/install/custom_interfaces/share/custom_interfaces/cmake/custom_interfaces__rosidl_typesupport_introspection_cppExport.cmake
[1.232s] -- Up-to-date: /home/mtrn/MTRN4231_project/install/custom_interfaces/share/custom_interfaces/cmake/custom_interfaces__rosidl_typesupport_introspection_cppExport-noconfig.cmake
[1.232s] -- Up-to-date: /home/mtrn/MTRN4231_project/install/custom_interfaces/share/custom_interfaces/cmake/custom_interfaces__rosidl_typesupport_cppExport.cmake
[1.235s] -- Up-to-date: /home/mtrn/MTRN4231_project/install/custom_interfaces/share/custom_interfaces/cmake/custom_interfaces__rosidl_typesupport_cppExport-noconfig.cmake
[1.237s] -- Up-to-date: /home/mtrn/MTRN4231_project/install/custom_interfaces/share/custom_interfaces/cmake/export_custom_interfaces__rosidl_generator_pyExport.cmake
[1.237s] -- Up-to-date: /home/mtrn/MTRN4231_project/install/custom_interfaces/share/custom_interfaces/cmake/export_custom_interfaces__rosidl_generator_pyExport-noconfig.cmake
[1.237s] -- Up-to-date: /home/mtrn/MTRN4231_project/install/custom_interfaces/share/custom_interfaces/cmake/rosidl_cmake-extras.cmake
[1.238s] -- Up-to-date: /home/mtrn/MTRN4231_project/install/custom_interfaces/share/custom_interfaces/cmake/ament_cmake_export_dependencies-extras.cmake
[1.238s] -- Up-to-date: /home/mtrn/MTRN4231_project/install/custom_interfaces/share/custom_interfaces/cmake/ament_cmake_export_include_directories-extras.cmake
[1.238s] -- Up-to-date: /home/mtrn/MTRN4231_project/install/custom_interfaces/share/custom_interfaces/cmake/ament_cmake_export_libraries-extras.cmake
[1.238s] -- Up-to-date: /home/mtrn/MTRN4231_project/install/custom_interfaces/share/custom_interfaces/cmake/ament_cmake_export_targets-extras.cmake
[1.238s] -- Up-to-date: /home/mtrn/MTRN4231_project/install/custom_interfaces/share/custom_interfaces/cmake/rosidl_cmake_export_typesupport_targets-extras.cmake
[1.238s] -- Up-to-date: /home/mtrn/MTRN4231_project/install/custom_interfaces/share/custom_interfaces/cmake/rosidl_cmake_export_typesupport_libraries-extras.cmake
[1.238s] -- Up-to-date: /home/mtrn/MTRN4231_project/install/custom_interfaces/share/custom_interfaces/cmake/custom_interfacesConfig.cmake
[1.238s] -- Up-to-date: /home/mtrn/MTRN4231_project/install/custom_interfaces/share/custom_interfaces/cmake/custom_interfacesConfig-version.cmake
[1.238s] -- Up-to-date: /home/mtrn/MTRN4231_project/install/custom_interfaces/share/custom_interfaces/package.xml
[1.248s] Invoked command in '/home/mtrn/MTRN4231_project/build/custom_interfaces' returned '0': CMAKE_PREFIX_PATH=/opt/ros/humble /home/mtrn/.local/bin/cmake --install /home/mtrn/MTRN4231_project/build/custom_interfaces
