-- Install configuration: ""
-- Up-to-date: /home/mtrn/MTRN4231_Project/install/ur5e_custom_description/share/ur5e_custom_description/urdf
-- Up-to-date: /home/mtrn/MTRN4231_Project/install/ur5e_custom_description/share/ur5e_custom_description/urdf/ur5e_with_tool.urdf.xacro
-- Up-to-date: /home/mtrn/MTRN4231_Project/install/ur5e_custom_description/share/ur5e_custom_description/launch
-- Up-to-date: /home/mtrn/MTRN4231_Project/install/ur5e_custom_description/share/ur5e_custom_description/launch/display.launch.py
-- Up-to-date: /home/mtrn/MTRN4231_Project/install/ur5e_custom_description/share/ur5e_custom_description/rviz
-- Up-to-date: /home/mtrn/MTRN4231_Project/install/ur5e_custom_description/share/ur5e_custom_description/rviz/display.rviz
-- Up-to-date: /home/mtrn/MTRN4231_Project/install/ur5e_custom_description/share/ament_index/resource_index/package_run_dependencies/ur5e_custom_description
-- Up-to-date: /home/mtrn/MTRN4231_Project/install/ur5e_custom_description/share/ament_index/resource_index/parent_prefix_path/ur5e_custom_description
-- Up-to-date: /home/mtrn/MTRN4231_Project/install/ur5e_custom_description/share/ur5e_custom_description/environment/ament_prefix_path.sh
-- Up-to-date: /home/mtrn/MTRN4231_Project/install/ur5e_custom_description/share/ur5e_custom_description/environment/ament_prefix_path.dsv
-- Up-to-date: /home/mtrn/MTRN4231_Project/install/ur5e_custom_description/share/ur5e_custom_description/environment/path.sh
-- Up-to-date: /home/mtrn/MTRN4231_Project/install/ur5e_custom_description/share/ur5e_custom_description/environment/path.dsv
-- Up-to-date: /home/mtrn/MTRN4231_Project/install/ur5e_custom_description/share/ur5e_custom_description/local_setup.bash
-- Up-to-date: /home/mtrn/MTRN4231_Project/install/ur5e_custom_description/share/ur5e_custom_description/local_setup.sh
-- Up-to-date: /home/mtrn/MTRN4231_Project/install/ur5e_custom_description/share/ur5e_custom_description/local_setup.zsh
-- Up-to-date: /home/mtrn/MTRN4231_Project/install/ur5e_custom_description/share/ur5e_custom_description/local_setup.dsv
-- Up-to-date: /home/mtrn/MTRN4231_Project/install/ur5e_custom_description/share/ur5e_custom_description/package.dsv
-- Up-to-date: /home/mtrn/MTRN4231_Project/install/ur5e_custom_description/share/ament_index/resource_index/packages/ur5e_custom_description
-- Up-to-date: /home/mtrn/MTRN4231_Project/install/ur5e_custom_description/share/ur5e_custom_description/cmake/ur5e_custom_descriptionConfig.cmake
-- Up-to-date: /home/mtrn/MTRN4231_Project/install/ur5e_custom_description/share/ur5e_custom_description/cmake/ur5e_custom_descriptionConfig-version.cmake
-- Up-to-date: /home/mtrn/MTRN4231_Project/install/ur5e_custom_description/share/ur5e_custom_description/package.xml
