[0.126s] DEBUG:colcon:Command line arguments: ['/usr/bin/colcon', 'build']
[0.126s] DEBUG:colcon:Parsed command line arguments: Namespace(log_base=None, log_level=None, verb_name='build', build_base='build', install_base='install', merge_install=False, symlink_install=False, test_result_base=None, continue_on_error=False, executor='parallel', parallel_workers=12, event_handlers=None, ignore_user_meta=False, metas=['./colcon.meta'], base_paths=['.'], packages_ignore=None, packages_ignore_regex=None, paths=None, packages_up_to=None, packages_up_to_regex=None, packages_above=None, packages_above_and_dependencies=None, packages_above_depth=None, packages_select_by_dep=None, packages_skip_by_dep=None, packages_skip_up_to=None, packages_select_build_failed=False, packages_skip_build_finished=False, packages_select_test_failures=False, packages_skip_test_passed=False, packages_select=None, packages_skip=None, packages_select_regex=None, packages_skip_regex=None, packages_start=None, packages_end=None, allow_overriding=[], cmake_args=None, cmake_target=None, cmake_target_skip_unavailable=False, cmake_clean_cache=False, cmake_clean_first=False, cmake_force_configure=False, ament_cmake_args=None, catkin_cmake_args=None, catkin_skip_building_tests=False, mixin_files=None, mixin=None, verb_parser=<colcon_mixin.mixin.mixin_argument.MixinArgumentDecorator object at 0x716928253e80>, verb_extension=<colcon_core.verb.build.BuildVerb object at 0x7169282537f0>, main=<bound method BuildVerb.main of <colcon_core.verb.build.BuildVerb object at 0x7169282537f0>>, mixin_verb=('build',))
[0.164s] Level 1:colcon.colcon_core.package_discovery:discover_packages(colcon_meta) check parameters
[0.164s] Level 1:colcon.colcon_core.package_discovery:discover_packages(recursive) check parameters
[0.164s] Level 1:colcon.colcon_core.package_discovery:discover_packages(ignore) check parameters
[0.164s] Level 1:colcon.colcon_core.package_discovery:discover_packages(path) check parameters
[0.165s] Level 1:colcon.colcon_core.package_discovery:discover_packages(colcon_meta) discover
[0.165s] Level 1:colcon.colcon_core.package_discovery:discover_packages(recursive) discover
[0.165s] INFO:colcon.colcon_core.package_discovery:Crawling recursively for packages in '/home/mtrn/MTRN4231_project'
[0.165s] Level 1:colcon.colcon_core.package_identification:_identify(.) by extensions ['ignore', 'ignore_ament_install']
[0.165s] Level 1:colcon.colcon_core.package_identification:_identify(.) by extension 'ignore'
[0.165s] Level 1:colcon.colcon_core.package_identification:_identify(.) by extension 'ignore_ament_install'
[0.165s] Level 1:colcon.colcon_core.package_identification:_identify(.) by extensions ['colcon_pkg']
[0.165s] Level 1:colcon.colcon_core.package_identification:_identify(.) by extension 'colcon_pkg'
[0.165s] Level 1:colcon.colcon_core.package_identification:_identify(.) by extensions ['colcon_meta']
[0.165s] Level 1:colcon.colcon_core.package_identification:_identify(.) by extension 'colcon_meta'
[0.165s] Level 1:colcon.colcon_core.package_identification:_identify(.) by extensions ['ros']
[0.165s] Level 1:colcon.colcon_core.package_identification:_identify(.) by extension 'ros'
[0.180s] Level 1:colcon.colcon_core.package_identification:_identify(.) by extensions ['cmake', 'python']
[0.180s] Level 1:colcon.colcon_core.package_identification:_identify(.) by extension 'cmake'
[0.180s] Level 1:colcon.colcon_core.package_identification:_identify(.) by extension 'python'
[0.180s] Level 1:colcon.colcon_core.package_identification:_identify(.) by extensions ['python_setup_py']
[0.180s] Level 1:colcon.colcon_core.package_identification:_identify(.) by extension 'python_setup_py'
[0.180s] Level 1:colcon.colcon_core.package_identification:_identify(build) by extensions ['ignore', 'ignore_ament_install']
[0.180s] Level 1:colcon.colcon_core.package_identification:_identify(build) by extension 'ignore'
[0.180s] Level 1:colcon.colcon_core.package_identification:_identify(build) ignored
[0.180s] Level 1:colcon.colcon_core.package_identification:_identify(install) by extensions ['ignore', 'ignore_ament_install']
[0.180s] Level 1:colcon.colcon_core.package_identification:_identify(install) by extension 'ignore'
[0.181s] Level 1:colcon.colcon_core.package_identification:_identify(install) ignored
[0.181s] Level 1:colcon.colcon_core.package_identification:_identify(log) by extensions ['ignore', 'ignore_ament_install']
[0.181s] Level 1:colcon.colcon_core.package_identification:_identify(log) by extension 'ignore'
[0.181s] Level 1:colcon.colcon_core.package_identification:_identify(log) ignored
[0.181s] Level 1:colcon.colcon_core.package_identification:_identify(src) by extensions ['ignore', 'ignore_ament_install']
[0.181s] Level 1:colcon.colcon_core.package_identification:_identify(src) by extension 'ignore'
[0.181s] Level 1:colcon.colcon_core.package_identification:_identify(src) by extension 'ignore_ament_install'
[0.181s] Level 1:colcon.colcon_core.package_identification:_identify(src) by extensions ['colcon_pkg']
[0.181s] Level 1:colcon.colcon_core.package_identification:_identify(src) by extension 'colcon_pkg'
[0.181s] Level 1:colcon.colcon_core.package_identification:_identify(src) by extensions ['colcon_meta']
[0.181s] Level 1:colcon.colcon_core.package_identification:_identify(src) by extension 'colcon_meta'
[0.181s] Level 1:colcon.colcon_core.package_identification:_identify(src) by extensions ['ros']
[0.181s] Level 1:colcon.colcon_core.package_identification:_identify(src) by extension 'ros'
[0.181s] Level 1:colcon.colcon_core.package_identification:_identify(src) by extensions ['cmake', 'python']
[0.181s] Level 1:colcon.colcon_core.package_identification:_identify(src) by extension 'cmake'
[0.182s] Level 1:colcon.colcon_core.package_identification:_identify(src) by extension 'python'
[0.182s] Level 1:colcon.colcon_core.package_identification:_identify(src) by extensions ['python_setup_py']
[0.182s] Level 1:colcon.colcon_core.package_identification:_identify(src) by extension 'python_setup_py'
[0.182s] Level 1:colcon.colcon_core.package_identification:_identify(src/arm_controller) by extensions ['ignore', 'ignore_ament_install']
[0.182s] Level 1:colcon.colcon_core.package_identification:_identify(src/arm_controller) by extension 'ignore'
[0.182s] Level 1:colcon.colcon_core.package_identification:_identify(src/arm_controller) by extension 'ignore_ament_install'
[0.182s] Level 1:colcon.colcon_core.package_identification:_identify(src/arm_controller) by extensions ['colcon_pkg']
[0.182s] Level 1:colcon.colcon_core.package_identification:_identify(src/arm_controller) by extension 'colcon_pkg'
[0.182s] Level 1:colcon.colcon_core.package_identification:_identify(src/arm_controller) by extensions ['colcon_meta']
[0.182s] Level 1:colcon.colcon_core.package_identification:_identify(src/arm_controller) by extension 'colcon_meta'
[0.182s] Level 1:colcon.colcon_core.package_identification:_identify(src/arm_controller) by extensions ['ros']
[0.182s] Level 1:colcon.colcon_core.package_identification:_identify(src/arm_controller) by extension 'ros'
[0.185s] DEBUG:colcon.colcon_core.package_identification:Package 'src/arm_controller' with type 'ros.ament_cmake' and name 'arm_controller'
[0.185s] Level 1:colcon.colcon_core.package_identification:_identify(src/custom_interfaces) by extensions ['ignore', 'ignore_ament_install']
[0.186s] Level 1:colcon.colcon_core.package_identification:_identify(src/custom_interfaces) by extension 'ignore'
[0.186s] Level 1:colcon.colcon_core.package_identification:_identify(src/custom_interfaces) by extension 'ignore_ament_install'
[0.186s] Level 1:colcon.colcon_core.package_identification:_identify(src/custom_interfaces) by extensions ['colcon_pkg']
[0.186s] Level 1:colcon.colcon_core.package_identification:_identify(src/custom_interfaces) by extension 'colcon_pkg'
[0.186s] Level 1:colcon.colcon_core.package_identification:_identify(src/custom_interfaces) by extensions ['colcon_meta']
[0.186s] Level 1:colcon.colcon_core.package_identification:_identify(src/custom_interfaces) by extension 'colcon_meta'
[0.186s] Level 1:colcon.colcon_core.package_identification:_identify(src/custom_interfaces) by extensions ['ros']
[0.186s] Level 1:colcon.colcon_core.package_identification:_identify(src/custom_interfaces) by extension 'ros'
[0.187s] DEBUG:colcon.colcon_core.package_identification:Package 'src/custom_interfaces' with type 'ros.ament_cmake' and name 'custom_interfaces'
[0.187s] Level 1:colcon.colcon_core.package_identification:_identify(src/end_effector_description) by extensions ['ignore', 'ignore_ament_install']
[0.187s] Level 1:colcon.colcon_core.package_identification:_identify(src/end_effector_description) by extension 'ignore'
[0.187s] Level 1:colcon.colcon_core.package_identification:_identify(src/end_effector_description) by extension 'ignore_ament_install'
[0.187s] Level 1:colcon.colcon_core.package_identification:_identify(src/end_effector_description) by extensions ['colcon_pkg']
[0.187s] Level 1:colcon.colcon_core.package_identification:_identify(src/end_effector_description) by extension 'colcon_pkg'
[0.187s] Level 1:colcon.colcon_core.package_identification:_identify(src/end_effector_description) by extensions ['colcon_meta']
[0.187s] Level 1:colcon.colcon_core.package_identification:_identify(src/end_effector_description) by extension 'colcon_meta'
[0.187s] Level 1:colcon.colcon_core.package_identification:_identify(src/end_effector_description) by extensions ['ros']
[0.188s] Level 1:colcon.colcon_core.package_identification:_identify(src/end_effector_description) by extension 'ros'
[0.188s] DEBUG:colcon.colcon_core.package_identification:Package 'src/end_effector_description' with type 'ros.ament_cmake' and name 'end_effector_description'
[0.188s] Level 1:colcon.colcon_core.package_identification:_identify(src/move_to_marker) by extensions ['ignore', 'ignore_ament_install']
[0.189s] Level 1:colcon.colcon_core.package_identification:_identify(src/move_to_marker) by extension 'ignore'
[0.189s] Level 1:colcon.colcon_core.package_identification:_identify(src/move_to_marker) by extension 'ignore_ament_install'
[0.189s] Level 1:colcon.colcon_core.package_identification:_identify(src/move_to_marker) by extensions ['colcon_pkg']
[0.189s] Level 1:colcon.colcon_core.package_identification:_identify(src/move_to_marker) by extension 'colcon_pkg'
[0.189s] Level 1:colcon.colcon_core.package_identification:_identify(src/move_to_marker) by extensions ['colcon_meta']
[0.189s] Level 1:colcon.colcon_core.package_identification:_identify(src/move_to_marker) by extension 'colcon_meta'
[0.189s] Level 1:colcon.colcon_core.package_identification:_identify(src/move_to_marker) by extensions ['ros']
[0.189s] Level 1:colcon.colcon_core.package_identification:_identify(src/move_to_marker) by extension 'ros'
[0.190s] DEBUG:colcon.colcon_core.package_identification:Package 'src/move_to_marker' with type 'ros.ament_cmake' and name 'move_to_marker'
[0.190s] Level 1:colcon.colcon_core.package_identification:_identify(src/ur5e_custom_description) by extensions ['ignore', 'ignore_ament_install']
[0.190s] Level 1:colcon.colcon_core.package_identification:_identify(src/ur5e_custom_description) by extension 'ignore'
[0.190s] Level 1:colcon.colcon_core.package_identification:_identify(src/ur5e_custom_description) by extension 'ignore_ament_install'
[0.190s] Level 1:colcon.colcon_core.package_identification:_identify(src/ur5e_custom_description) by extensions ['colcon_pkg']
[0.190s] Level 1:colcon.colcon_core.package_identification:_identify(src/ur5e_custom_description) by extension 'colcon_pkg'
[0.190s] Level 1:colcon.colcon_core.package_identification:_identify(src/ur5e_custom_description) by extensions ['colcon_meta']
[0.190s] Level 1:colcon.colcon_core.package_identification:_identify(src/ur5e_custom_description) by extension 'colcon_meta'
[0.190s] Level 1:colcon.colcon_core.package_identification:_identify(src/ur5e_custom_description) by extensions ['ros']
[0.190s] Level 1:colcon.colcon_core.package_identification:_identify(src/ur5e_custom_description) by extension 'ros'
[0.191s] DEBUG:colcon.colcon_core.package_identification:Package 'src/ur5e_custom_description' with type 'ros.ament_cmake' and name 'ur5e_custom_description'
[0.191s] Level 1:colcon.colcon_core.package_discovery:discover_packages(recursive) using defaults
[0.191s] Level 1:colcon.colcon_core.package_discovery:discover_packages(ignore) discover
[0.191s] Level 1:colcon.colcon_core.package_discovery:discover_packages(ignore) using defaults
[0.191s] Level 1:colcon.colcon_core.package_discovery:discover_packages(path) discover
[0.191s] Level 1:colcon.colcon_core.package_discovery:discover_packages(path) using defaults
[0.219s] Level 1:colcon.colcon_core.package_discovery:discover_packages(prefix_path) check parameters
[0.219s] Level 1:colcon.colcon_core.package_discovery:discover_packages(prefix_path) discover
[0.221s] DEBUG:colcon.colcon_installed_package_information.package_discovery:Found 5 installed packages in /home/mtrn/MTRN4231_project/install
[0.224s] DEBUG:colcon.colcon_installed_package_information.package_discovery:Found 354 installed packages in /opt/ros/humble
[0.227s] Level 1:colcon.colcon_core.package_discovery:discover_packages(prefix_path) using defaults
[0.290s] Level 5:colcon.colcon_core.verb:set package 'custom_interfaces' build argument 'cmake_args' from command line to 'None'
[0.290s] Level 5:colcon.colcon_core.verb:set package 'custom_interfaces' build argument 'cmake_target' from command line to 'None'
[0.290s] Level 5:colcon.colcon_core.verb:set package 'custom_interfaces' build argument 'cmake_target_skip_unavailable' from command line to 'False'
[0.290s] Level 5:colcon.colcon_core.verb:set package 'custom_interfaces' build argument 'cmake_clean_cache' from command line to 'False'
[0.290s] Level 5:colcon.colcon_core.verb:set package 'custom_interfaces' build argument 'cmake_clean_first' from command line to 'False'
[0.290s] Level 5:colcon.colcon_core.verb:set package 'custom_interfaces' build argument 'cmake_force_configure' from command line to 'False'
[0.290s] Level 5:colcon.colcon_core.verb:set package 'custom_interfaces' build argument 'ament_cmake_args' from command line to 'None'
[0.290s] Level 5:colcon.colcon_core.verb:set package 'custom_interfaces' build argument 'catkin_cmake_args' from command line to 'None'
[0.290s] Level 5:colcon.colcon_core.verb:set package 'custom_interfaces' build argument 'catkin_skip_building_tests' from command line to 'False'
[0.290s] DEBUG:colcon.colcon_core.verb:Building package 'custom_interfaces' with the following arguments: {'ament_cmake_args': None, 'build_base': '/home/mtrn/MTRN4231_project/build/custom_interfaces', 'catkin_cmake_args': None, 'catkin_skip_building_tests': False, 'cmake_args': None, 'cmake_clean_cache': False, 'cmake_clean_first': False, 'cmake_force_configure': False, 'cmake_target': None, 'cmake_target_skip_unavailable': False, 'install_base': '/home/mtrn/MTRN4231_project/install/custom_interfaces', 'merge_install': False, 'path': '/home/mtrn/MTRN4231_project/src/custom_interfaces', 'symlink_install': False, 'test_result_base': None}
[0.291s] Level 5:colcon.colcon_core.verb:set package 'end_effector_description' build argument 'cmake_args' from command line to 'None'
[0.291s] Level 5:colcon.colcon_core.verb:set package 'end_effector_description' build argument 'cmake_target' from command line to 'None'
[0.291s] Level 5:colcon.colcon_core.verb:set package 'end_effector_description' build argument 'cmake_target_skip_unavailable' from command line to 'False'
[0.291s] Level 5:colcon.colcon_core.verb:set package 'end_effector_description' build argument 'cmake_clean_cache' from command line to 'False'
[0.291s] Level 5:colcon.colcon_core.verb:set package 'end_effector_description' build argument 'cmake_clean_first' from command line to 'False'
[0.291s] Level 5:colcon.colcon_core.verb:set package 'end_effector_description' build argument 'cmake_force_configure' from command line to 'False'
[0.291s] Level 5:colcon.colcon_core.verb:set package 'end_effector_description' build argument 'ament_cmake_args' from command line to 'None'
[0.291s] Level 5:colcon.colcon_core.verb:set package 'end_effector_description' build argument 'catkin_cmake_args' from command line to 'None'
[0.291s] Level 5:colcon.colcon_core.verb:set package 'end_effector_description' build argument 'catkin_skip_building_tests' from command line to 'False'
[0.291s] DEBUG:colcon.colcon_core.verb:Building package 'end_effector_description' with the following arguments: {'ament_cmake_args': None, 'build_base': '/home/mtrn/MTRN4231_project/build/end_effector_description', 'catkin_cmake_args': None, 'catkin_skip_building_tests': False, 'cmake_args': None, 'cmake_clean_cache': False, 'cmake_clean_first': False, 'cmake_force_configure': False, 'cmake_target': None, 'cmake_target_skip_unavailable': False, 'install_base': '/home/mtrn/MTRN4231_project/install/end_effector_description', 'merge_install': False, 'path': '/home/mtrn/MTRN4231_project/src/end_effector_description', 'symlink_install': False, 'test_result_base': None}
[0.291s] Level 5:colcon.colcon_core.verb:set package 'move_to_marker' build argument 'cmake_args' from command line to 'None'
[0.291s] Level 5:colcon.colcon_core.verb:set package 'move_to_marker' build argument 'cmake_target' from command line to 'None'
[0.291s] Level 5:colcon.colcon_core.verb:set package 'move_to_marker' build argument 'cmake_target_skip_unavailable' from command line to 'False'
[0.291s] Level 5:colcon.colcon_core.verb:set package 'move_to_marker' build argument 'cmake_clean_cache' from command line to 'False'
[0.291s] Level 5:colcon.colcon_core.verb:set package 'move_to_marker' build argument 'cmake_clean_first' from command line to 'False'
[0.291s] Level 5:colcon.colcon_core.verb:set package 'move_to_marker' build argument 'cmake_force_configure' from command line to 'False'
[0.291s] Level 5:colcon.colcon_core.verb:set package 'move_to_marker' build argument 'ament_cmake_args' from command line to 'None'
[0.291s] Level 5:colcon.colcon_core.verb:set package 'move_to_marker' build argument 'catkin_cmake_args' from command line to 'None'
[0.292s] Level 5:colcon.colcon_core.verb:set package 'move_to_marker' build argument 'catkin_skip_building_tests' from command line to 'False'
[0.292s] DEBUG:colcon.colcon_core.verb:Building package 'move_to_marker' with the following arguments: {'ament_cmake_args': None, 'build_base': '/home/mtrn/MTRN4231_project/build/move_to_marker', 'catkin_cmake_args': None, 'catkin_skip_building_tests': False, 'cmake_args': None, 'cmake_clean_cache': False, 'cmake_clean_first': False, 'cmake_force_configure': False, 'cmake_target': None, 'cmake_target_skip_unavailable': False, 'install_base': '/home/mtrn/MTRN4231_project/install/move_to_marker', 'merge_install': False, 'path': '/home/mtrn/MTRN4231_project/src/move_to_marker', 'symlink_install': False, 'test_result_base': None}
[0.292s] Level 5:colcon.colcon_core.verb:set package 'arm_controller' build argument 'cmake_args' from command line to 'None'
[0.292s] Level 5:colcon.colcon_core.verb:set package 'arm_controller' build argument 'cmake_target' from command line to 'None'
[0.292s] Level 5:colcon.colcon_core.verb:set package 'arm_controller' build argument 'cmake_target_skip_unavailable' from command line to 'False'
[0.292s] Level 5:colcon.colcon_core.verb:set package 'arm_controller' build argument 'cmake_clean_cache' from command line to 'False'
[0.292s] Level 5:colcon.colcon_core.verb:set package 'arm_controller' build argument 'cmake_clean_first' from command line to 'False'
[0.292s] Level 5:colcon.colcon_core.verb:set package 'arm_controller' build argument 'cmake_force_configure' from command line to 'False'
[0.292s] Level 5:colcon.colcon_core.verb:set package 'arm_controller' build argument 'ament_cmake_args' from command line to 'None'
[0.292s] Level 5:colcon.colcon_core.verb:set package 'arm_controller' build argument 'catkin_cmake_args' from command line to 'None'
[0.292s] Level 5:colcon.colcon_core.verb:set package 'arm_controller' build argument 'catkin_skip_building_tests' from command line to 'False'
[0.292s] DEBUG:colcon.colcon_core.verb:Building package 'arm_controller' with the following arguments: {'ament_cmake_args': None, 'build_base': '/home/mtrn/MTRN4231_project/build/arm_controller', 'catkin_cmake_args': None, 'catkin_skip_building_tests': False, 'cmake_args': None, 'cmake_clean_cache': False, 'cmake_clean_first': False, 'cmake_force_configure': False, 'cmake_target': None, 'cmake_target_skip_unavailable': False, 'install_base': '/home/mtrn/MTRN4231_project/install/arm_controller', 'merge_install': False, 'path': '/home/mtrn/MTRN4231_project/src/arm_controller', 'symlink_install': False, 'test_result_base': None}
[0.293s] Level 5:colcon.colcon_core.verb:set package 'ur5e_custom_description' build argument 'cmake_args' from command line to 'None'
[0.293s] Level 5:colcon.colcon_core.verb:set package 'ur5e_custom_description' build argument 'cmake_target' from command line to 'None'
[0.293s] Level 5:colcon.colcon_core.verb:set package 'ur5e_custom_description' build argument 'cmake_target_skip_unavailable' from command line to 'False'
[0.293s] Level 5:colcon.colcon_core.verb:set package 'ur5e_custom_description' build argument 'cmake_clean_cache' from command line to 'False'
[0.293s] Level 5:colcon.colcon_core.verb:set package 'ur5e_custom_description' build argument 'cmake_clean_first' from command line to 'False'
[0.293s] Level 5:colcon.colcon_core.verb:set package 'ur5e_custom_description' build argument 'cmake_force_configure' from command line to 'False'
[0.293s] Level 5:colcon.colcon_core.verb:set package 'ur5e_custom_description' build argument 'ament_cmake_args' from command line to 'None'
[0.293s] Level 5:colcon.colcon_core.verb:set package 'ur5e_custom_description' build argument 'catkin_cmake_args' from command line to 'None'
[0.293s] Level 5:colcon.colcon_core.verb:set package 'ur5e_custom_description' build argument 'catkin_skip_building_tests' from command line to 'False'
[0.293s] DEBUG:colcon.colcon_core.verb:Building package 'ur5e_custom_description' with the following arguments: {'ament_cmake_args': None, 'build_base': '/home/mtrn/MTRN4231_project/build/ur5e_custom_description', 'catkin_cmake_args': None, 'catkin_skip_building_tests': False, 'cmake_args': None, 'cmake_clean_cache': False, 'cmake_clean_first': False, 'cmake_force_configure': False, 'cmake_target': None, 'cmake_target_skip_unavailable': False, 'install_base': '/home/mtrn/MTRN4231_project/install/ur5e_custom_description', 'merge_install': False, 'path': '/home/mtrn/MTRN4231_project/src/ur5e_custom_description', 'symlink_install': False, 'test_result_base': None}
[0.293s] INFO:colcon.colcon_core.executor:Executing jobs using 'parallel' executor
[0.294s] DEBUG:colcon.colcon_parallel_executor.executor.parallel:run_until_complete
[0.295s] INFO:colcon.colcon_ros.task.ament_cmake.build:Building ROS package in '/home/mtrn/MTRN4231_project/src/custom_interfaces' with build type 'ament_cmake'
[0.295s] INFO:colcon.colcon_cmake.task.cmake.build:Building CMake package in '/home/mtrn/MTRN4231_project/src/custom_interfaces'
[0.298s] INFO:colcon.colcon_core.plugin_system:Skipping extension 'colcon_core.shell.bat': Not used on non-Windows systems
[0.298s] INFO:colcon.colcon_core.shell:Skip shell extension 'powershell' for command environment: Not usable outside of PowerShell
[0.298s] DEBUG:colcon.colcon_core.shell:Skip shell extension 'dsv' for command environment
[0.304s] INFO:colcon.colcon_ros.task.ament_cmake.build:Building ROS package in '/home/mtrn/MTRN4231_project/src/end_effector_description' with build type 'ament_cmake'
[0.304s] INFO:colcon.colcon_cmake.task.cmake.build:Building CMake package in '/home/mtrn/MTRN4231_project/src/end_effector_description'
[0.304s] INFO:colcon.colcon_core.shell:Skip shell extension 'powershell' for command environment: Not usable outside of PowerShell
[0.304s] DEBUG:colcon.colcon_core.shell:Skip shell extension 'dsv' for command environment
[0.310s] INFO:colcon.colcon_ros.task.ament_cmake.build:Building ROS package in '/home/mtrn/MTRN4231_project/src/move_to_marker' with build type 'ament_cmake'
[0.311s] INFO:colcon.colcon_cmake.task.cmake.build:Building CMake package in '/home/mtrn/MTRN4231_project/src/move_to_marker'
[0.312s] INFO:colcon.colcon_core.shell:Skip shell extension 'powershell' for command environment: Not usable outside of PowerShell
[0.312s] DEBUG:colcon.colcon_core.shell:Skip shell extension 'dsv' for command environment
[0.343s] DEBUG:colcon.colcon_core.event_handler.log_command:Invoking command in '/home/mtrn/MTRN4231_project/build/custom_interfaces': CMAKE_PREFIX_PATH=${CMAKE_PREFIX_PATH}:/opt/ros/humble /home/mtrn/.local/bin/cmake --build /home/mtrn/MTRN4231_project/build/custom_interfaces -- -j12 -l12
[0.348s] DEBUG:colcon.colcon_core.event_handler.log_command:Invoking command in '/home/mtrn/MTRN4231_project/build/end_effector_description': CMAKE_PREFIX_PATH=${CMAKE_PREFIX_PATH}:/opt/ros/humble /home/mtrn/.local/bin/cmake --build /home/mtrn/MTRN4231_project/build/end_effector_description -- -j12 -l12
[0.358s] DEBUG:colcon.colcon_core.event_handler.log_command:Invoking command in '/home/mtrn/MTRN4231_project/build/move_to_marker': CMAKE_PREFIX_PATH=${CMAKE_PREFIX_PATH}:/opt/ros/humble /home/mtrn/.local/bin/cmake --build /home/mtrn/MTRN4231_project/build/move_to_marker -- -j12 -l12
[0.419s] DEBUG:colcon.colcon_core.event_handler.log_command:Invoked command in '/home/mtrn/MTRN4231_project/build/end_effector_description' returned '0': CMAKE_PREFIX_PATH=${CMAKE_PREFIX_PATH}:/opt/ros/humble /home/mtrn/.local/bin/cmake --build /home/mtrn/MTRN4231_project/build/end_effector_description -- -j12 -l12
[0.487s] DEBUG:colcon.colcon_core.event_handler.log_command:Invoked command in '/home/mtrn/MTRN4231_project/build/move_to_marker' returned '0': CMAKE_PREFIX_PATH=${CMAKE_PREFIX_PATH}:/opt/ros/humble /home/mtrn/.local/bin/cmake --build /home/mtrn/MTRN4231_project/build/move_to_marker -- -j12 -l12
[0.539s] DEBUG:colcon.colcon_core.event_handler.log_command:Invoking command in '/home/mtrn/MTRN4231_project/build/end_effector_description': CMAKE_PREFIX_PATH=${CMAKE_PREFIX_PATH}:/opt/ros/humble /home/mtrn/.local/bin/cmake --install /home/mtrn/MTRN4231_project/build/end_effector_description
[0.565s] DEBUG:colcon.colcon_core.event_handler.log_command:Invoking command in '/home/mtrn/MTRN4231_project/build/move_to_marker': CMAKE_PREFIX_PATH=${CMAKE_PREFIX_PATH}:/opt/ros/humble /home/mtrn/.local/bin/cmake --install /home/mtrn/MTRN4231_project/build/move_to_marker
[0.587s] Level 1:colcon.colcon_core.environment:create_environment_scripts_only(end_effector_description)
[0.589s] DEBUG:colcon.colcon_core.event_handler.log_command:Invoked command in '/home/mtrn/MTRN4231_project/build/end_effector_description' returned '0': CMAKE_PREFIX_PATH=${CMAKE_PREFIX_PATH}:/opt/ros/humble /home/mtrn/.local/bin/cmake --install /home/mtrn/MTRN4231_project/build/end_effector_description
[0.591s] Level 1:colcon.colcon_core.environment:checking '/home/mtrn/MTRN4231_project/install/end_effector_description' for CMake module files
[0.592s] Level 1:colcon.colcon_core.environment:checking '/home/mtrn/MTRN4231_project/install/end_effector_description' for CMake config files
[0.592s] Level 1:colcon.colcon_core.shell:create_environment_hook('end_effector_description', 'cmake_prefix_path')
[0.593s] INFO:colcon.colcon_core.shell:Creating environment hook '/home/mtrn/MTRN4231_project/install/end_effector_description/share/end_effector_description/hook/cmake_prefix_path.ps1'
[0.594s] INFO:colcon.colcon_core.shell:Creating environment descriptor '/home/mtrn/MTRN4231_project/install/end_effector_description/share/end_effector_description/hook/cmake_prefix_path.dsv'
[0.594s] INFO:colcon.colcon_core.shell:Creating environment hook '/home/mtrn/MTRN4231_project/install/end_effector_description/share/end_effector_description/hook/cmake_prefix_path.sh'
[0.595s] Level 1:colcon.colcon_core.environment:checking '/home/mtrn/MTRN4231_project/install/end_effector_description/bin'
[0.596s] Level 1:colcon.colcon_core.environment:checking '/home/mtrn/MTRN4231_project/install/end_effector_description/lib/pkgconfig/end_effector_description.pc'
[0.596s] Level 1:colcon.colcon_core.environment:checking '/home/mtrn/MTRN4231_project/install/end_effector_description/lib/python3.10/site-packages'
[0.596s] Level 1:colcon.colcon_core.environment:checking '/home/mtrn/MTRN4231_project/install/end_effector_description/bin'
[0.597s] INFO:colcon.colcon_core.shell:Creating package script '/home/mtrn/MTRN4231_project/install/end_effector_description/share/end_effector_description/package.ps1'
[0.598s] INFO:colcon.colcon_core.shell:Creating package descriptor '/home/mtrn/MTRN4231_project/install/end_effector_description/share/end_effector_description/package.dsv'
[0.599s] INFO:colcon.colcon_core.shell:Creating package script '/home/mtrn/MTRN4231_project/install/end_effector_description/share/end_effector_description/package.sh'
[0.600s] INFO:colcon.colcon_core.shell:Creating package script '/home/mtrn/MTRN4231_project/install/end_effector_description/share/end_effector_description/package.bash'
[0.601s] INFO:colcon.colcon_core.shell:Creating package script '/home/mtrn/MTRN4231_project/install/end_effector_description/share/end_effector_description/package.zsh'
[0.601s] Level 1:colcon.colcon_core.environment:create_file_with_runtime_dependencies(/home/mtrn/MTRN4231_project/install/end_effector_description/share/colcon-core/packages/end_effector_description)
[0.612s] Level 1:colcon.colcon_core.environment:create_environment_scripts_only(move_to_marker)
[0.613s] Level 1:colcon.colcon_core.environment:checking '/home/mtrn/MTRN4231_project/install/move_to_marker' for CMake module files
[0.615s] Level 1:colcon.colcon_core.environment:checking '/home/mtrn/MTRN4231_project/install/move_to_marker' for CMake config files
[0.615s] DEBUG:colcon.colcon_core.event_handler.log_command:Invoked command in '/home/mtrn/MTRN4231_project/build/move_to_marker' returned '0': CMAKE_PREFIX_PATH=${CMAKE_PREFIX_PATH}:/opt/ros/humble /home/mtrn/.local/bin/cmake --install /home/mtrn/MTRN4231_project/build/move_to_marker
[0.617s] Level 1:colcon.colcon_core.shell:create_environment_hook('move_to_marker', 'cmake_prefix_path')
[0.617s] INFO:colcon.colcon_core.shell:Creating environment hook '/home/mtrn/MTRN4231_project/install/move_to_marker/share/move_to_marker/hook/cmake_prefix_path.ps1'
[0.618s] INFO:colcon.colcon_core.shell:Creating environment descriptor '/home/mtrn/MTRN4231_project/install/move_to_marker/share/move_to_marker/hook/cmake_prefix_path.dsv'
[0.619s] INFO:colcon.colcon_core.shell:Creating environment hook '/home/mtrn/MTRN4231_project/install/move_to_marker/share/move_to_marker/hook/cmake_prefix_path.sh'
[0.619s] Level 1:colcon.colcon_core.environment:checking '/home/mtrn/MTRN4231_project/install/move_to_marker/lib'
[0.620s] Level 1:colcon.colcon_core.environment:checking '/home/mtrn/MTRN4231_project/install/move_to_marker/bin'
[0.620s] Level 1:colcon.colcon_core.environment:checking '/home/mtrn/MTRN4231_project/install/move_to_marker/lib/pkgconfig/move_to_marker.pc'
[0.620s] Level 1:colcon.colcon_core.environment:checking '/home/mtrn/MTRN4231_project/install/move_to_marker/lib/python3.10/site-packages'
[0.620s] Level 1:colcon.colcon_core.environment:checking '/home/mtrn/MTRN4231_project/install/move_to_marker/bin'
[0.621s] INFO:colcon.colcon_core.shell:Creating package script '/home/mtrn/MTRN4231_project/install/move_to_marker/share/move_to_marker/package.ps1'
[0.621s] INFO:colcon.colcon_core.shell:Creating package descriptor '/home/mtrn/MTRN4231_project/install/move_to_marker/share/move_to_marker/package.dsv'
[0.622s] INFO:colcon.colcon_core.shell:Creating package script '/home/mtrn/MTRN4231_project/install/move_to_marker/share/move_to_marker/package.sh'
[0.623s] INFO:colcon.colcon_core.shell:Creating package script '/home/mtrn/MTRN4231_project/install/move_to_marker/share/move_to_marker/package.bash'
[0.623s] INFO:colcon.colcon_core.shell:Creating package script '/home/mtrn/MTRN4231_project/install/move_to_marker/share/move_to_marker/package.zsh'
[0.624s] Level 1:colcon.colcon_core.environment:create_file_with_runtime_dependencies(/home/mtrn/MTRN4231_project/install/move_to_marker/share/colcon-core/packages/move_to_marker)
[0.666s] Level 1:colcon.colcon_core.environment:create_environment_scripts_only(end_effector_description)
[0.666s] Level 1:colcon.colcon_core.environment:checking '/home/mtrn/MTRN4231_project/install/end_effector_description' for CMake module files
[0.667s] Level 1:colcon.colcon_core.environment:checking '/home/mtrn/MTRN4231_project/install/end_effector_description' for CMake config files
[0.667s] Level 1:colcon.colcon_core.shell:create_environment_hook('end_effector_description', 'cmake_prefix_path')
[0.668s] INFO:colcon.colcon_core.shell:Creating environment hook '/home/mtrn/MTRN4231_project/install/end_effector_description/share/end_effector_description/hook/cmake_prefix_path.ps1'
[0.669s] INFO:colcon.colcon_core.shell:Creating environment descriptor '/home/mtrn/MTRN4231_project/install/end_effector_description/share/end_effector_description/hook/cmake_prefix_path.dsv'
[0.669s] INFO:colcon.colcon_core.shell:Creating environment hook '/home/mtrn/MTRN4231_project/install/end_effector_description/share/end_effector_description/hook/cmake_prefix_path.sh'
[0.670s] Level 1:colcon.colcon_core.environment:checking '/home/mtrn/MTRN4231_project/install/end_effector_description/bin'
[0.670s] Level 1:colcon.colcon_core.environment:checking '/home/mtrn/MTRN4231_project/install/end_effector_description/lib/pkgconfig/end_effector_description.pc'
[0.670s] Level 1:colcon.colcon_core.environment:checking '/home/mtrn/MTRN4231_project/install/end_effector_description/lib/python3.10/site-packages'
[0.670s] Level 1:colcon.colcon_core.environment:checking '/home/mtrn/MTRN4231_project/install/end_effector_description/bin'
[0.671s] INFO:colcon.colcon_core.shell:Creating package script '/home/mtrn/MTRN4231_project/install/end_effector_description/share/end_effector_description/package.ps1'
[0.671s] INFO:colcon.colcon_core.shell:Creating package descriptor '/home/mtrn/MTRN4231_project/install/end_effector_description/share/end_effector_description/package.dsv'
[0.672s] INFO:colcon.colcon_core.shell:Creating package script '/home/mtrn/MTRN4231_project/install/end_effector_description/share/end_effector_description/package.sh'
[0.672s] INFO:colcon.colcon_core.shell:Creating package script '/home/mtrn/MTRN4231_project/install/end_effector_description/share/end_effector_description/package.bash'
[0.673s] INFO:colcon.colcon_core.shell:Creating package script '/home/mtrn/MTRN4231_project/install/end_effector_description/share/end_effector_description/package.zsh'
[0.673s] Level 1:colcon.colcon_core.environment:create_file_with_runtime_dependencies(/home/mtrn/MTRN4231_project/install/end_effector_description/share/colcon-core/packages/end_effector_description)
[0.674s] INFO:colcon.colcon_ros.task.ament_cmake.build:Building ROS package in '/home/mtrn/MTRN4231_project/src/ur5e_custom_description' with build type 'ament_cmake'
[0.674s] INFO:colcon.colcon_cmake.task.cmake.build:Building CMake package in '/home/mtrn/MTRN4231_project/src/ur5e_custom_description'
[0.675s] INFO:colcon.colcon_core.shell:Skip shell extension 'powershell' for command environment: Not usable outside of PowerShell
[0.675s] DEBUG:colcon.colcon_core.shell:Skip shell extension 'dsv' for command environment
[0.689s] DEBUG:colcon.colcon_core.event_handler.log_command:Invoking command in '/home/mtrn/MTRN4231_project/build/ur5e_custom_description': CMAKE_PREFIX_PATH=/home/mtrn/MTRN4231_project/install/end_effector_description:/home/mtrn/MTRN4231_project/install/ur5e_custom_description:/home/mtrn/MTRN4231_project/install/move_to_marker:/home/mtrn/MTRN4231_project/install/arm_controller:/home/mtrn/MTRN4231_project/install/custom_interfaces:/opt/ros/humble /home/mtrn/.local/bin/cmake --build /home/mtrn/MTRN4231_project/build/ur5e_custom_description -- -j12 -l12
[0.696s] Level 1:colcon.colcon_core.environment:create_environment_scripts_only(move_to_marker)
[0.697s] Level 1:colcon.colcon_core.environment:checking '/home/mtrn/MTRN4231_project/install/move_to_marker' for CMake module files
[0.698s] Level 1:colcon.colcon_core.environment:checking '/home/mtrn/MTRN4231_project/install/move_to_marker' for CMake config files
[0.698s] Level 1:colcon.colcon_core.shell:create_environment_hook('move_to_marker', 'cmake_prefix_path')
[0.698s] INFO:colcon.colcon_core.shell:Creating environment hook '/home/mtrn/MTRN4231_project/install/move_to_marker/share/move_to_marker/hook/cmake_prefix_path.ps1'
[0.699s] INFO:colcon.colcon_core.shell:Creating environment descriptor '/home/mtrn/MTRN4231_project/install/move_to_marker/share/move_to_marker/hook/cmake_prefix_path.dsv'
[0.700s] INFO:colcon.colcon_core.shell:Creating environment hook '/home/mtrn/MTRN4231_project/install/move_to_marker/share/move_to_marker/hook/cmake_prefix_path.sh'
[0.700s] Level 1:colcon.colcon_core.environment:checking '/home/mtrn/MTRN4231_project/install/move_to_marker/lib'
[0.700s] Level 1:colcon.colcon_core.environment:checking '/home/mtrn/MTRN4231_project/install/move_to_marker/bin'
[0.700s] Level 1:colcon.colcon_core.environment:checking '/home/mtrn/MTRN4231_project/install/move_to_marker/lib/pkgconfig/move_to_marker.pc'
[0.701s] Level 1:colcon.colcon_core.environment:checking '/home/mtrn/MTRN4231_project/install/move_to_marker/lib/python3.10/site-packages'
[0.701s] Level 1:colcon.colcon_core.environment:checking '/home/mtrn/MTRN4231_project/install/move_to_marker/bin'
[0.702s] INFO:colcon.colcon_core.shell:Creating package script '/home/mtrn/MTRN4231_project/install/move_to_marker/share/move_to_marker/package.ps1'
[0.702s] INFO:colcon.colcon_core.shell:Creating package descriptor '/home/mtrn/MTRN4231_project/install/move_to_marker/share/move_to_marker/package.dsv'
[0.703s] INFO:colcon.colcon_core.shell:Creating package script '/home/mtrn/MTRN4231_project/install/move_to_marker/share/move_to_marker/package.sh'
[0.704s] INFO:colcon.colcon_core.shell:Creating package script '/home/mtrn/MTRN4231_project/install/move_to_marker/share/move_to_marker/package.bash'
[0.704s] INFO:colcon.colcon_core.shell:Creating package script '/home/mtrn/MTRN4231_project/install/move_to_marker/share/move_to_marker/package.zsh'
[0.705s] Level 1:colcon.colcon_core.environment:create_file_with_runtime_dependencies(/home/mtrn/MTRN4231_project/install/move_to_marker/share/colcon-core/packages/move_to_marker)
[0.773s] DEBUG:colcon.colcon_core.event_handler.log_command:Invoked command in '/home/mtrn/MTRN4231_project/build/ur5e_custom_description' returned '0': CMAKE_PREFIX_PATH=/home/mtrn/MTRN4231_project/install/end_effector_description:/home/mtrn/MTRN4231_project/install/ur5e_custom_description:/home/mtrn/MTRN4231_project/install/move_to_marker:/home/mtrn/MTRN4231_project/install/arm_controller:/home/mtrn/MTRN4231_project/install/custom_interfaces:/opt/ros/humble /home/mtrn/.local/bin/cmake --build /home/mtrn/MTRN4231_project/build/ur5e_custom_description -- -j12 -l12
[0.844s] DEBUG:colcon.colcon_core.event_handler.log_command:Invoking command in '/home/mtrn/MTRN4231_project/build/ur5e_custom_description': CMAKE_PREFIX_PATH=/home/mtrn/MTRN4231_project/install/end_effector_description:/home/mtrn/MTRN4231_project/install/ur5e_custom_description:/home/mtrn/MTRN4231_project/install/move_to_marker:/home/mtrn/MTRN4231_project/install/arm_controller:/home/mtrn/MTRN4231_project/install/custom_interfaces:/opt/ros/humble /home/mtrn/.local/bin/cmake --install /home/mtrn/MTRN4231_project/build/ur5e_custom_description
[0.894s] Level 1:colcon.colcon_core.environment:create_environment_scripts_only(ur5e_custom_description)
[0.894s] Level 1:colcon.colcon_core.environment:checking '/home/mtrn/MTRN4231_project/install/ur5e_custom_description' for CMake module files
[0.895s] DEBUG:colcon.colcon_core.event_handler.log_command:Invoked command in '/home/mtrn/MTRN4231_project/build/ur5e_custom_description' returned '0': CMAKE_PREFIX_PATH=/home/mtrn/MTRN4231_project/install/end_effector_description:/home/mtrn/MTRN4231_project/install/ur5e_custom_description:/home/mtrn/MTRN4231_project/install/move_to_marker:/home/mtrn/MTRN4231_project/install/arm_controller:/home/mtrn/MTRN4231_project/install/custom_interfaces:/opt/ros/humble /home/mtrn/.local/bin/cmake --install /home/mtrn/MTRN4231_project/build/ur5e_custom_description
[0.896s] Level 1:colcon.colcon_core.environment:checking '/home/mtrn/MTRN4231_project/install/ur5e_custom_description' for CMake config files
[0.896s] Level 1:colcon.colcon_core.shell:create_environment_hook('ur5e_custom_description', 'cmake_prefix_path')
[0.897s] INFO:colcon.colcon_core.shell:Creating environment hook '/home/mtrn/MTRN4231_project/install/ur5e_custom_description/share/ur5e_custom_description/hook/cmake_prefix_path.ps1'
[0.898s] INFO:colcon.colcon_core.shell:Creating environment descriptor '/home/mtrn/MTRN4231_project/install/ur5e_custom_description/share/ur5e_custom_description/hook/cmake_prefix_path.dsv'
[0.898s] INFO:colcon.colcon_core.shell:Creating environment hook '/home/mtrn/MTRN4231_project/install/ur5e_custom_description/share/ur5e_custom_description/hook/cmake_prefix_path.sh'
[0.899s] Level 1:colcon.colcon_core.environment:checking '/home/mtrn/MTRN4231_project/install/ur5e_custom_description/bin'
[0.899s] Level 1:colcon.colcon_core.environment:checking '/home/mtrn/MTRN4231_project/install/ur5e_custom_description/lib/pkgconfig/ur5e_custom_description.pc'
[0.899s] Level 1:colcon.colcon_core.environment:checking '/home/mtrn/MTRN4231_project/install/ur5e_custom_description/lib/python3.10/site-packages'
[0.900s] Level 1:colcon.colcon_core.environment:checking '/home/mtrn/MTRN4231_project/install/ur5e_custom_description/bin'
[0.900s] INFO:colcon.colcon_core.shell:Creating package script '/home/mtrn/MTRN4231_project/install/ur5e_custom_description/share/ur5e_custom_description/package.ps1'
[0.901s] INFO:colcon.colcon_core.shell:Creating package descriptor '/home/mtrn/MTRN4231_project/install/ur5e_custom_description/share/ur5e_custom_description/package.dsv'
[0.901s] INFO:colcon.colcon_core.shell:Creating package script '/home/mtrn/MTRN4231_project/install/ur5e_custom_description/share/ur5e_custom_description/package.sh'
[0.902s] INFO:colcon.colcon_core.shell:Creating package script '/home/mtrn/MTRN4231_project/install/ur5e_custom_description/share/ur5e_custom_description/package.bash'
[0.902s] INFO:colcon.colcon_core.shell:Creating package script '/home/mtrn/MTRN4231_project/install/ur5e_custom_description/share/ur5e_custom_description/package.zsh'
[0.903s] Level 1:colcon.colcon_core.environment:create_file_with_runtime_dependencies(/home/mtrn/MTRN4231_project/install/ur5e_custom_description/share/colcon-core/packages/ur5e_custom_description)
[0.947s] DEBUG:colcon.colcon_core.event_handler.log_command:Invoked command in '/home/mtrn/MTRN4231_project/build/custom_interfaces' returned '0': CMAKE_PREFIX_PATH=${CMAKE_PREFIX_PATH}:/opt/ros/humble /home/mtrn/.local/bin/cmake --build /home/mtrn/MTRN4231_project/build/custom_interfaces -- -j12 -l12
[0.977s] Level 1:colcon.colcon_core.environment:create_environment_scripts_only(ur5e_custom_description)
[0.977s] Level 1:colcon.colcon_core.environment:checking '/home/mtrn/MTRN4231_project/install/ur5e_custom_description' for CMake module files
[0.978s] Level 1:colcon.colcon_core.environment:checking '/home/mtrn/MTRN4231_project/install/ur5e_custom_description' for CMake config files
[0.978s] Level 1:colcon.colcon_core.shell:create_environment_hook('ur5e_custom_description', 'cmake_prefix_path')
[0.979s] INFO:colcon.colcon_core.shell:Creating environment hook '/home/mtrn/MTRN4231_project/install/ur5e_custom_description/share/ur5e_custom_description/hook/cmake_prefix_path.ps1'
[0.979s] INFO:colcon.colcon_core.shell:Creating environment descriptor '/home/mtrn/MTRN4231_project/install/ur5e_custom_description/share/ur5e_custom_description/hook/cmake_prefix_path.dsv'
[0.980s] INFO:colcon.colcon_core.shell:Creating environment hook '/home/mtrn/MTRN4231_project/install/ur5e_custom_description/share/ur5e_custom_description/hook/cmake_prefix_path.sh'
[0.980s] Level 1:colcon.colcon_core.environment:checking '/home/mtrn/MTRN4231_project/install/ur5e_custom_description/bin'
[0.980s] Level 1:colcon.colcon_core.environment:checking '/home/mtrn/MTRN4231_project/install/ur5e_custom_description/lib/pkgconfig/ur5e_custom_description.pc'
[0.981s] Level 1:colcon.colcon_core.environment:checking '/home/mtrn/MTRN4231_project/install/ur5e_custom_description/lib/python3.10/site-packages'
[0.981s] Level 1:colcon.colcon_core.environment:checking '/home/mtrn/MTRN4231_project/install/ur5e_custom_description/bin'
[0.981s] INFO:colcon.colcon_core.shell:Creating package script '/home/mtrn/MTRN4231_project/install/ur5e_custom_description/share/ur5e_custom_description/package.ps1'
[0.982s] INFO:colcon.colcon_core.shell:Creating package descriptor '/home/mtrn/MTRN4231_project/install/ur5e_custom_description/share/ur5e_custom_description/package.dsv'
[0.983s] INFO:colcon.colcon_core.shell:Creating package script '/home/mtrn/MTRN4231_project/install/ur5e_custom_description/share/ur5e_custom_description/package.sh'
[0.983s] INFO:colcon.colcon_core.shell:Creating package script '/home/mtrn/MTRN4231_project/install/ur5e_custom_description/share/ur5e_custom_description/package.bash'
[0.984s] INFO:colcon.colcon_core.shell:Creating package script '/home/mtrn/MTRN4231_project/install/ur5e_custom_description/share/ur5e_custom_description/package.zsh'
[0.984s] Level 1:colcon.colcon_core.environment:create_file_with_runtime_dependencies(/home/mtrn/MTRN4231_project/install/ur5e_custom_description/share/colcon-core/packages/ur5e_custom_description)
[1.103s] DEBUG:colcon.colcon_core.event_handler.log_command:Invoking command in '/home/mtrn/MTRN4231_project/build/custom_interfaces': CMAKE_PREFIX_PATH=${CMAKE_PREFIX_PATH}:/opt/ros/humble /home/mtrn/.local/bin/cmake --install /home/mtrn/MTRN4231_project/build/custom_interfaces
[1.230s] Level 1:colcon.colcon_core.environment:create_environment_scripts_only(custom_interfaces)
[1.231s] Level 1:colcon.colcon_core.environment:checking '/home/mtrn/MTRN4231_project/install/custom_interfaces' for CMake module files
[1.232s] Level 1:colcon.colcon_core.environment:checking '/home/mtrn/MTRN4231_project/install/custom_interfaces' for CMake config files
[1.232s] Level 1:colcon.colcon_core.shell:create_environment_hook('custom_interfaces', 'cmake_prefix_path')
[1.233s] INFO:colcon.colcon_core.shell:Creating environment hook '/home/mtrn/MTRN4231_project/install/custom_interfaces/share/custom_interfaces/hook/cmake_prefix_path.ps1'
[1.234s] INFO:colcon.colcon_core.shell:Creating environment descriptor '/home/mtrn/MTRN4231_project/install/custom_interfaces/share/custom_interfaces/hook/cmake_prefix_path.dsv'
[1.234s] INFO:colcon.colcon_core.shell:Creating environment hook '/home/mtrn/MTRN4231_project/install/custom_interfaces/share/custom_interfaces/hook/cmake_prefix_path.sh'
[1.235s] DEBUG:colcon.colcon_core.event_handler.log_command:Invoked command in '/home/mtrn/MTRN4231_project/build/custom_interfaces' returned '0': CMAKE_PREFIX_PATH=${CMAKE_PREFIX_PATH}:/opt/ros/humble /home/mtrn/.local/bin/cmake --install /home/mtrn/MTRN4231_project/build/custom_interfaces
[1.235s] Level 1:colcon.colcon_core.environment:checking '/home/mtrn/MTRN4231_project/install/custom_interfaces/lib'
[1.235s] Level 1:colcon.colcon_core.shell:create_environment_hook('custom_interfaces', 'ld_library_path_lib')
[1.236s] INFO:colcon.colcon_core.shell:Creating environment hook '/home/mtrn/MTRN4231_project/install/custom_interfaces/share/custom_interfaces/hook/ld_library_path_lib.ps1'
[1.236s] INFO:colcon.colcon_core.shell:Creating environment descriptor '/home/mtrn/MTRN4231_project/install/custom_interfaces/share/custom_interfaces/hook/ld_library_path_lib.dsv'
[1.237s] INFO:colcon.colcon_core.shell:Creating environment hook '/home/mtrn/MTRN4231_project/install/custom_interfaces/share/custom_interfaces/hook/ld_library_path_lib.sh'
[1.237s] Level 1:colcon.colcon_core.environment:checking '/home/mtrn/MTRN4231_project/install/custom_interfaces/bin'
[1.237s] Level 1:colcon.colcon_core.environment:checking '/home/mtrn/MTRN4231_project/install/custom_interfaces/lib/pkgconfig/custom_interfaces.pc'
[1.238s] Level 1:colcon.colcon_core.environment:checking '/home/mtrn/MTRN4231_project/install/custom_interfaces/lib/python3.10/site-packages'
[1.238s] Level 1:colcon.colcon_core.environment:checking '/home/mtrn/MTRN4231_project/install/custom_interfaces/bin'
[1.238s] INFO:colcon.colcon_core.shell:Creating package script '/home/mtrn/MTRN4231_project/install/custom_interfaces/share/custom_interfaces/package.ps1'
[1.239s] INFO:colcon.colcon_core.shell:Creating package descriptor '/home/mtrn/MTRN4231_project/install/custom_interfaces/share/custom_interfaces/package.dsv'
[1.240s] INFO:colcon.colcon_core.shell:Creating package script '/home/mtrn/MTRN4231_project/install/custom_interfaces/share/custom_interfaces/package.sh'
[1.240s] INFO:colcon.colcon_core.shell:Creating package script '/home/mtrn/MTRN4231_project/install/custom_interfaces/share/custom_interfaces/package.bash'
[1.241s] INFO:colcon.colcon_core.shell:Creating package script '/home/mtrn/MTRN4231_project/install/custom_interfaces/share/custom_interfaces/package.zsh'
[1.242s] Level 1:colcon.colcon_core.environment:create_file_with_runtime_dependencies(/home/mtrn/MTRN4231_project/install/custom_interfaces/share/colcon-core/packages/custom_interfaces)
[1.393s] Level 1:colcon.colcon_core.environment:create_environment_scripts_only(custom_interfaces)
[1.393s] Level 1:colcon.colcon_core.environment:checking '/home/mtrn/MTRN4231_project/install/custom_interfaces' for CMake module files
[1.394s] Level 1:colcon.colcon_core.environment:checking '/home/mtrn/MTRN4231_project/install/custom_interfaces' for CMake config files
[1.395s] Level 1:colcon.colcon_core.shell:create_environment_hook('custom_interfaces', 'cmake_prefix_path')
[1.395s] INFO:colcon.colcon_core.shell:Creating environment hook '/home/mtrn/MTRN4231_project/install/custom_interfaces/share/custom_interfaces/hook/cmake_prefix_path.ps1'
[1.396s] INFO:colcon.colcon_core.shell:Creating environment descriptor '/home/mtrn/MTRN4231_project/install/custom_interfaces/share/custom_interfaces/hook/cmake_prefix_path.dsv'
[1.396s] INFO:colcon.colcon_core.shell:Creating environment hook '/home/mtrn/MTRN4231_project/install/custom_interfaces/share/custom_interfaces/hook/cmake_prefix_path.sh'
[1.398s] Level 1:colcon.colcon_core.environment:checking '/home/mtrn/MTRN4231_project/install/custom_interfaces/lib'
[1.398s] Level 1:colcon.colcon_core.shell:create_environment_hook('custom_interfaces', 'ld_library_path_lib')
[1.400s] INFO:colcon.colcon_core.shell:Creating environment hook '/home/mtrn/MTRN4231_project/install/custom_interfaces/share/custom_interfaces/hook/ld_library_path_lib.ps1'
[1.401s] INFO:colcon.colcon_core.shell:Creating environment descriptor '/home/mtrn/MTRN4231_project/install/custom_interfaces/share/custom_interfaces/hook/ld_library_path_lib.dsv'
[1.402s] INFO:colcon.colcon_core.shell:Creating environment hook '/home/mtrn/MTRN4231_project/install/custom_interfaces/share/custom_interfaces/hook/ld_library_path_lib.sh'
[1.404s] Level 1:colcon.colcon_core.environment:checking '/home/mtrn/MTRN4231_project/install/custom_interfaces/bin'
[1.404s] Level 1:colcon.colcon_core.environment:checking '/home/mtrn/MTRN4231_project/install/custom_interfaces/lib/pkgconfig/custom_interfaces.pc'
[1.405s] Level 1:colcon.colcon_core.environment:checking '/home/mtrn/MTRN4231_project/install/custom_interfaces/lib/python3.10/site-packages'
[1.406s] Level 1:colcon.colcon_core.environment:checking '/home/mtrn/MTRN4231_project/install/custom_interfaces/bin'
[1.408s] INFO:colcon.colcon_core.shell:Creating package script '/home/mtrn/MTRN4231_project/install/custom_interfaces/share/custom_interfaces/package.ps1'
[1.410s] INFO:colcon.colcon_core.shell:Creating package descriptor '/home/mtrn/MTRN4231_project/install/custom_interfaces/share/custom_interfaces/package.dsv'
[1.411s] INFO:colcon.colcon_core.shell:Creating package script '/home/mtrn/MTRN4231_project/install/custom_interfaces/share/custom_interfaces/package.sh'
[1.414s] INFO:colcon.colcon_core.shell:Creating package script '/home/mtrn/MTRN4231_project/install/custom_interfaces/share/custom_interfaces/package.bash'
[1.415s] INFO:colcon.colcon_core.shell:Creating package script '/home/mtrn/MTRN4231_project/install/custom_interfaces/share/custom_interfaces/package.zsh'
[1.416s] Level 1:colcon.colcon_core.environment:create_file_with_runtime_dependencies(/home/mtrn/MTRN4231_project/install/custom_interfaces/share/colcon-core/packages/custom_interfaces)
[1.417s] INFO:colcon.colcon_ros.task.ament_cmake.build:Building ROS package in '/home/mtrn/MTRN4231_project/src/arm_controller' with build type 'ament_cmake'
[1.417s] INFO:colcon.colcon_cmake.task.cmake.build:Building CMake package in '/home/mtrn/MTRN4231_project/src/arm_controller'
[1.418s] INFO:colcon.colcon_core.shell:Skip shell extension 'powershell' for command environment: Not usable outside of PowerShell
[1.418s] DEBUG:colcon.colcon_core.shell:Skip shell extension 'dsv' for command environment
[1.444s] DEBUG:colcon.colcon_core.event_handler.log_command:Invoking command in '/home/mtrn/MTRN4231_project/build/arm_controller': CMAKE_PREFIX_PATH=/home/mtrn/MTRN4231_project/install/custom_interfaces:/home/mtrn/MTRN4231_project/install/ur5e_custom_description:/home/mtrn/MTRN4231_project/install/move_to_marker:/home/mtrn/MTRN4231_project/install/end_effector_description:/home/mtrn/MTRN4231_project/install/arm_controller:/opt/ros/humble /home/mtrn/.local/bin/cmake --build /home/mtrn/MTRN4231_project/build/arm_controller -- -j12 -l12
[17.931s] DEBUG:colcon.colcon_core.event_handler.log_command:Invoked command in '/home/mtrn/MTRN4231_project/build/arm_controller' returned '0': CMAKE_PREFIX_PATH=/home/mtrn/MTRN4231_project/install/custom_interfaces:/home/mtrn/MTRN4231_project/install/ur5e_custom_description:/home/mtrn/MTRN4231_project/install/move_to_marker:/home/mtrn/MTRN4231_project/install/end_effector_description:/home/mtrn/MTRN4231_project/install/arm_controller:/opt/ros/humble /home/mtrn/.local/bin/cmake --build /home/mtrn/MTRN4231_project/build/arm_controller -- -j12 -l12
[18.033s] DEBUG:colcon.colcon_core.event_handler.log_command:Invoking command in '/home/mtrn/MTRN4231_project/build/arm_controller': CMAKE_PREFIX_PATH=/home/mtrn/MTRN4231_project/install/custom_interfaces:/home/mtrn/MTRN4231_project/install/ur5e_custom_description:/home/mtrn/MTRN4231_project/install/move_to_marker:/home/mtrn/MTRN4231_project/install/end_effector_description:/home/mtrn/MTRN4231_project/install/arm_controller:/opt/ros/humble /home/mtrn/.local/bin/cmake --install /home/mtrn/MTRN4231_project/build/arm_controller
[18.077s] Level 1:colcon.colcon_core.environment:create_environment_scripts_only(arm_controller)
[18.077s] Level 1:colcon.colcon_core.environment:checking '/home/mtrn/MTRN4231_project/install/arm_controller' for CMake module files
[18.078s] DEBUG:colcon.colcon_core.event_handler.log_command:Invoked command in '/home/mtrn/MTRN4231_project/build/arm_controller' returned '0': CMAKE_PREFIX_PATH=/home/mtrn/MTRN4231_project/install/custom_interfaces:/home/mtrn/MTRN4231_project/install/ur5e_custom_description:/home/mtrn/MTRN4231_project/install/move_to_marker:/home/mtrn/MTRN4231_project/install/end_effector_description:/home/mtrn/MTRN4231_project/install/arm_controller:/opt/ros/humble /home/mtrn/.local/bin/cmake --install /home/mtrn/MTRN4231_project/build/arm_controller
[18.079s] Level 1:colcon.colcon_core.environment:checking '/home/mtrn/MTRN4231_project/install/arm_controller' for CMake config files
[18.079s] Level 1:colcon.colcon_core.shell:create_environment_hook('arm_controller', 'cmake_prefix_path')
[18.080s] INFO:colcon.colcon_core.shell:Creating environment hook '/home/mtrn/MTRN4231_project/install/arm_controller/share/arm_controller/hook/cmake_prefix_path.ps1'
[18.080s] INFO:colcon.colcon_core.shell:Creating environment descriptor '/home/mtrn/MTRN4231_project/install/arm_controller/share/arm_controller/hook/cmake_prefix_path.dsv'
[18.081s] INFO:colcon.colcon_core.shell:Creating environment hook '/home/mtrn/MTRN4231_project/install/arm_controller/share/arm_controller/hook/cmake_prefix_path.sh'
[18.081s] Level 1:colcon.colcon_core.environment:checking '/home/mtrn/MTRN4231_project/install/arm_controller/lib'
[18.081s] Level 1:colcon.colcon_core.environment:checking '/home/mtrn/MTRN4231_project/install/arm_controller/bin'
[18.081s] Level 1:colcon.colcon_core.environment:checking '/home/mtrn/MTRN4231_project/install/arm_controller/lib/pkgconfig/arm_controller.pc'
[18.082s] Level 1:colcon.colcon_core.environment:checking '/home/mtrn/MTRN4231_project/install/arm_controller/lib/python3.10/site-packages'
[18.082s] Level 1:colcon.colcon_core.environment:checking '/home/mtrn/MTRN4231_project/install/arm_controller/bin'
[18.083s] INFO:colcon.colcon_core.shell:Creating package script '/home/mtrn/MTRN4231_project/install/arm_controller/share/arm_controller/package.ps1'
[18.083s] INFO:colcon.colcon_core.shell:Creating package descriptor '/home/mtrn/MTRN4231_project/install/arm_controller/share/arm_controller/package.dsv'
[18.084s] INFO:colcon.colcon_core.shell:Creating package script '/home/mtrn/MTRN4231_project/install/arm_controller/share/arm_controller/package.sh'
[18.084s] INFO:colcon.colcon_core.shell:Creating package script '/home/mtrn/MTRN4231_project/install/arm_controller/share/arm_controller/package.bash'
[18.084s] INFO:colcon.colcon_core.shell:Creating package script '/home/mtrn/MTRN4231_project/install/arm_controller/share/arm_controller/package.zsh'
[18.085s] Level 1:colcon.colcon_core.environment:create_file_with_runtime_dependencies(/home/mtrn/MTRN4231_project/install/arm_controller/share/colcon-core/packages/arm_controller)
[18.181s] Level 1:colcon.colcon_core.environment:create_environment_scripts_only(arm_controller)
[18.182s] Level 1:colcon.colcon_core.environment:checking '/home/mtrn/MTRN4231_project/install/arm_controller' for CMake module files
[18.185s] Level 1:colcon.colcon_core.environment:checking '/home/mtrn/MTRN4231_project/install/arm_controller' for CMake config files
[18.186s] Level 1:colcon.colcon_core.shell:create_environment_hook('arm_controller', 'cmake_prefix_path')
[18.187s] INFO:colcon.colcon_core.shell:Creating environment hook '/home/mtrn/MTRN4231_project/install/arm_controller/share/arm_controller/hook/cmake_prefix_path.ps1'
[18.188s] INFO:colcon.colcon_core.shell:Creating environment descriptor '/home/mtrn/MTRN4231_project/install/arm_controller/share/arm_controller/hook/cmake_prefix_path.dsv'
[18.189s] INFO:colcon.colcon_core.shell:Creating environment hook '/home/mtrn/MTRN4231_project/install/arm_controller/share/arm_controller/hook/cmake_prefix_path.sh'
[18.191s] Level 1:colcon.colcon_core.environment:checking '/home/mtrn/MTRN4231_project/install/arm_controller/lib'
[18.191s] Level 1:colcon.colcon_core.environment:checking '/home/mtrn/MTRN4231_project/install/arm_controller/bin'
[18.191s] Level 1:colcon.colcon_core.environment:checking '/home/mtrn/MTRN4231_project/install/arm_controller/lib/pkgconfig/arm_controller.pc'
[18.192s] Level 1:colcon.colcon_core.environment:checking '/home/mtrn/MTRN4231_project/install/arm_controller/lib/python3.10/site-packages'
[18.193s] Level 1:colcon.colcon_core.environment:checking '/home/mtrn/MTRN4231_project/install/arm_controller/bin'
[18.194s] INFO:colcon.colcon_core.shell:Creating package script '/home/mtrn/MTRN4231_project/install/arm_controller/share/arm_controller/package.ps1'
[18.195s] INFO:colcon.colcon_core.shell:Creating package descriptor '/home/mtrn/MTRN4231_project/install/arm_controller/share/arm_controller/package.dsv'
[18.196s] INFO:colcon.colcon_core.shell:Creating package script '/home/mtrn/MTRN4231_project/install/arm_controller/share/arm_controller/package.sh'
[18.198s] INFO:colcon.colcon_core.shell:Creating package script '/home/mtrn/MTRN4231_project/install/arm_controller/share/arm_controller/package.bash'
[18.199s] INFO:colcon.colcon_core.shell:Creating package script '/home/mtrn/MTRN4231_project/install/arm_controller/share/arm_controller/package.zsh'
[18.200s] Level 1:colcon.colcon_core.environment:create_file_with_runtime_dependencies(/home/mtrn/MTRN4231_project/install/arm_controller/share/colcon-core/packages/arm_controller)
[18.200s] DEBUG:colcon.colcon_parallel_executor.executor.parallel:closing loop
[18.201s] DEBUG:colcon.colcon_parallel_executor.executor.parallel:loop closed
[18.201s] DEBUG:colcon.colcon_parallel_executor.executor.parallel:run_until_complete finished with '0'
[18.201s] DEBUG:colcon.colcon_core.event_reactor:joining thread
[18.240s] INFO:colcon.colcon_core.plugin_system:Skipping extension 'colcon_notification.desktop_notification.terminal_notifier': Not used on non-Darwin systems
[18.240s] INFO:colcon.colcon_core.plugin_system:Skipping extension 'colcon_notification.desktop_notification.win32': Not used on non-Windows systems
[18.240s] INFO:colcon.colcon_notification.desktop_notification:Sending desktop notification using 'notify2'
[18.256s] DEBUG:colcon.colcon_core.event_reactor:joined thread
[18.257s] INFO:colcon.colcon_core.shell:Creating prefix script '/home/mtrn/MTRN4231_project/install/local_setup.ps1'
[18.259s] INFO:colcon.colcon_core.shell:Creating prefix util module '/home/mtrn/MTRN4231_project/install/_local_setup_util_ps1.py'
[18.264s] INFO:colcon.colcon_core.shell:Creating prefix chain script '/home/mtrn/MTRN4231_project/install/setup.ps1'
[18.270s] INFO:colcon.colcon_core.shell:Creating prefix script '/home/mtrn/MTRN4231_project/install/local_setup.sh'
[18.272s] INFO:colcon.colcon_core.shell:Creating prefix util module '/home/mtrn/MTRN4231_project/install/_local_setup_util_sh.py'
[18.272s] INFO:colcon.colcon_core.shell:Creating prefix chain script '/home/mtrn/MTRN4231_project/install/setup.sh'
[18.274s] INFO:colcon.colcon_core.shell:Creating prefix script '/home/mtrn/MTRN4231_project/install/local_setup.bash'
[18.275s] INFO:colcon.colcon_core.shell:Creating prefix chain script '/home/mtrn/MTRN4231_project/install/setup.bash'
[18.277s] INFO:colcon.colcon_core.shell:Creating prefix script '/home/mtrn/MTRN4231_project/install/local_setup.zsh'
[18.277s] INFO:colcon.colcon_core.shell:Creating prefix chain script '/home/mtrn/MTRN4231_project/install/setup.zsh'
