[0.484s] Invoking command in '/home/mtrn/Downloads/MTRN4231_Project/build/end_effector_description': CMAKE_PREFIX_PATH=${CMAKE_PREFIX_PATH}:/home/mtrn/4231/ws_moveit2/install/moveit_configs_utils:/home/mtrn/4231/ws_moveit2/install/launch_param_builder:/opt/ros/humble /usr/bin/cmake --build /home/mtrn/Downloads/MTRN4231_Project/build/end_effector_description -- -j4 -l4
[1.106s] Invoked command in '/home/mtrn/Downloads/MTRN4231_Project/build/end_effector_description' returned '0': CMAKE_PREFIX_PATH=${CMAKE_PREFIX_PATH}:/home/mtrn/4231/ws_moveit2/install/moveit_configs_utils:/home/mtrn/4231/ws_moveit2/install/launch_param_builder:/opt/ros/humble /usr/bin/cmake --build /home/mtrn/Downloads/MTRN4231_Project/build/end_effector_description -- -j4 -l4
[1.942s] Invoking command in '/home/mtrn/Downloads/MTRN4231_Project/build/end_effector_description': CMAKE_PREFIX_PATH=${CMAKE_PREFIX_PATH}:/home/mtrn/4231/ws_moveit2/install/moveit_configs_utils:/home/mtrn/4231/ws_moveit2/install/launch_param_builder:/opt/ros/humble /usr/bin/cmake --install /home/mtrn/Downloads/MTRN4231_Project/build/end_effector_description
[2.183s] -- Install configuration: ""
[2.200s] -- Up-to-date: /home/mtrn/Downloads/MTRN4231_Project/install/end_effector_description/share/end_effector_description/launch
[2.201s] -- Up-to-date: /home/mtrn/Downloads/MTRN4231_Project/install/end_effector_description/share/end_effector_description/launch/display_ee.launch.py
[2.201s] -- Up-to-date: /home/mtrn/Downloads/MTRN4231_Project/install/end_effector_description/share/end_effector_description/rviz
[2.201s] -- Up-to-date: /home/mtrn/Downloads/MTRN4231_Project/install/end_effector_description/share/end_effector_description/rviz/ee.rviz
[2.201s] -- Up-to-date: /home/mtrn/Downloads/MTRN4231_Project/install/end_effector_description/share/end_effector_description/urdf
[2.201s] -- Up-to-date: /home/mtrn/Downloads/MTRN4231_Project/install/end_effector_description/share/end_effector_description/urdf/end_effector.urdf.xacro
[2.202s] -- Up-to-date: /home/mtrn/Downloads/MTRN4231_Project/install/end_effector_description/share/end_effector_description/urdf/end_effector_withDriverSupport.xacro
[2.202s] -- Up-to-date: /home/mtrn/Downloads/MTRN4231_Project/install/end_effector_description/share/end_effector_description/urdf/end_effector_only.urdf.xacro
[2.202s] -- Up-to-date: /home/mtrn/Downloads/MTRN4231_Project/install/end_effector_description/share/end_effector_description/meshes
[2.202s] -- Up-to-date: /home/mtrn/Downloads/MTRN4231_Project/install/end_effector_description/share/end_effector_description/meshes/claw_assembly.stl
[2.202s] -- Up-to-date: /home/mtrn/Downloads/MTRN4231_Project/install/end_effector_description/share/end_effector_description/etc
[2.202s] -- Up-to-date: /home/mtrn/Downloads/MTRN4231_Project/install/end_effector_description/share/end_effector_description/etc/robot_calibration.yaml
[2.202s] -- Up-to-date: /home/mtrn/Downloads/MTRN4231_Project/install/end_effector_description/share/ament_index/resource_index/package_run_dependencies/end_effector_description
[2.202s] -- Up-to-date: /home/mtrn/Downloads/MTRN4231_Project/install/end_effector_description/share/ament_index/resource_index/parent_prefix_path/end_effector_description
[2.202s] -- Up-to-date: /home/mtrn/Downloads/MTRN4231_Project/install/end_effector_description/share/end_effector_description/environment/ament_prefix_path.sh
[2.227s] -- Up-to-date: /home/mtrn/Downloads/MTRN4231_Project/install/end_effector_description/share/end_effector_description/environment/ament_prefix_path.dsv
[2.230s] -- Up-to-date: /home/mtrn/Downloads/MTRN4231_Project/install/end_effector_description/share/end_effector_description/environment/path.sh
[2.230s] -- Up-to-date: /home/mtrn/Downloads/MTRN4231_Project/install/end_effector_description/share/end_effector_description/environment/path.dsv
[2.230s] -- Up-to-date: /home/mtrn/Downloads/MTRN4231_Project/install/end_effector_description/share/end_effector_description/local_setup.bash
[2.230s] -- Up-to-date: /home/mtrn/Downloads/MTRN4231_Project/install/end_effector_description/share/end_effector_description/local_setup.sh
[2.231s] -- Up-to-date: /home/mtrn/Downloads/MTRN4231_Project/install/end_effector_description/share/end_effector_description/local_setup.zsh
[2.231s] -- Up-to-date: /home/mtrn/Downloads/MTRN4231_Project/install/end_effector_description/share/end_effector_description/local_setup.dsv
[2.231s] -- Installing: /home/mtrn/Downloads/MTRN4231_Project/install/end_effector_description/share/end_effector_description/package.dsv
[2.234s] -- Up-to-date: /home/mtrn/Downloads/MTRN4231_Project/install/end_effector_description/share/ament_index/resource_index/packages/end_effector_description
[2.234s] -- Up-to-date: /home/mtrn/Downloads/MTRN4231_Project/install/end_effector_description/share/end_effector_description/cmake/end_effector_descriptionConfig.cmake
[2.234s] -- Up-to-date: /home/mtrn/Downloads/MTRN4231_Project/install/end_effector_description/share/end_effector_description/cmake/end_effector_descriptionConfig-version.cmake
[2.234s] -- Up-to-date: /home/mtrn/Downloads/MTRN4231_Project/install/end_effector_description/share/end_effector_description/package.xml
[2.247s] Invoked command in '/home/mtrn/Downloads/MTRN4231_Project/build/end_effector_description' returned '0': CMAKE_PREFIX_PATH=${CMAKE_PREFIX_PATH}:/home/mtrn/4231/ws_moveit2/install/moveit_configs_utils:/home/mtrn/4231/ws_moveit2/install/launch_param_builder:/opt/ros/humble /usr/bin/cmake --install /home/mtrn/Downloads/MTRN4231_Project/build/end_effector_description
