-- The C compiler identification is GNU 11.4.0
-- The CXX compiler identification is GNU 11.4.0
-- Detecting C compiler ABI info
-- Detecting C compiler ABI info - done
-- Check for working C compiler: /usr/bin/cc - skipped
-- Detecting C compile features
-- Detecting C compile features - done
-- Detecting CXX compiler ABI info
-- Detecting CXX compiler ABI info - done
-- Check for working CXX compiler: /usr/bin/c++ - skipped
-- Detecting CXX compile features
-- Detecting CXX compile features - done
-- Found ament_cmake: 1.3.12 (/opt/ros/humble/share/ament_cmake/cmake)
-- Found Python3: /usr/bin/python3 (found version "3.10.12") found components: Interpreter 
-- Found rosidl_default_generators: 1.2.0 (/opt/ros/humble/share/rosidl_default_generators/cmake)
-- Using all available rosidl_typesupport_c: rosidl_typesupport_fastrtps_c;rosidl_typesupport_introspection_c
-- Found rosidl_adapter: 3.1.7 (/opt/ros/humble/share/rosidl_adapter/cmake)
-- Using all available rosidl_typesupport_cpp: rosidl_typesupport_fastrtps_cpp;rosidl_typesupport_introspection_cpp
-- Found ament_cmake_ros: 0.10.0 (/opt/ros/humble/share/ament_cmake_ros/cmake)
-- Using all available rosidl_typesupport_c: rosidl_typesupport_fastrtps_c;rosidl_typesupport_introspection_c
-- Using all available rosidl_typesupport_cpp: rosidl_typesupport_fastrtps_cpp;rosidl_typesupport_introspection_cpp
-- Found PythonInterp: /usr/bin/python3 (found suitable version "3.10.12", minimum required is "3.6") 
-- Found python_cmake_module: 0.10.0 (/opt/ros/humble/share/python_cmake_module/cmake)
-- Found PythonLibs: /usr/lib/x86_64-linux-gnu/libpython3.10.so (found suitable version "3.10.12", minimum required is "3.5") 
-- Using PYTHON_EXECUTABLE: /usr/bin/python3
-- Using PYTHON_INCLUDE_DIRS: /usr/include/python3.10
-- Using PYTHON_LIBRARIES: /usr/lib/x86_64-linux-gnu/libpython3.10.so
-- Found PythonExtra: .so  
-- Found ament_lint_auto: 0.12.14 (/opt/ros/humble/share/ament_lint_auto/cmake)
-- Added test 'lint_cmake' to check CMake code style
-- Added test 'xmllint' to check XML markup files
-- Configuring done
-- Generating done
-- Build files have been written to: /home/ryanl/4231/MTRN4231_Project/build/interfaces
[  3%] [34m[1mGenerating C code for ROS interfaces[0m
[  6%] [34m[1mGenerating C++ code for ROS interfaces[0m
[  6%] Built target ament_cmake_python_copy_interfaces
running egg_info
creating interfaces.egg-info
writing interfaces.egg-info/PKG-INFO
writing dependency_links to interfaces.egg-info/dependency_links.txt
writing top-level names to interfaces.egg-info/top_level.txt
writing manifest file 'interfaces.egg-info/SOURCES.txt'
reading manifest file 'interfaces.egg-info/SOURCES.txt'
writing manifest file 'interfaces.egg-info/SOURCES.txt'
[  9%] [32mBuilding C object CMakeFiles/interfaces__rosidl_generator_c.dir/rosidl_generator_c/interfaces/srv/detail/chess_move__functions.c.o[0m
[  9%] Built target interfaces__cpp
[  9%] Built target ament_cmake_python_build_interfaces_egg
[ 19%] [34m[1mGenerating C++ type support dispatch for ROS interfaces[0m
[ 19%] [34m[1mGenerating C++ introspection for ROS interfaces[0m
[ 19%] [34m[1mGenerating C++ type support for eProsima Fast-RTPS[0m
[ 22%] [32m[1mLinking C shared library libinterfaces__rosidl_generator_c.so[0m
[ 22%] Built target interfaces__rosidl_generator_c
[ 25%] [34m[1mGenerating C introspection for ROS interfaces[0m
[ 32%] [34m[1mGenerating C type support for eProsima Fast-RTPS[0m
[ 32%] [34m[1mGenerating C type support dispatch for ROS interfaces[0m
[ 35%] [32mBuilding CXX object CMakeFiles/interfaces__rosidl_typesupport_cpp.dir/rosidl_typesupport_cpp/interfaces/srv/chess_move__type_support.cpp.o[0m
[ 38%] [32mBuilding CXX object CMakeFiles/interfaces__rosidl_typesupport_introspection_cpp.dir/rosidl_typesupport_introspection_cpp/interfaces/srv/detail/chess_move__type_support.cpp.o[0m
[ 41%] [32mBuilding CXX object CMakeFiles/interfaces__rosidl_typesupport_fastrtps_cpp.dir/rosidl_typesupport_fastrtps_cpp/interfaces/srv/detail/dds_fastrtps/chess_move__type_support.cpp.o[0m
[ 45%] [32mBuilding CXX object CMakeFiles/interfaces__rosidl_typesupport_c.dir/rosidl_typesupport_c/interfaces/srv/chess_move__type_support.cpp.o[0m
[ 48%] [32mBuilding C object CMakeFiles/interfaces__rosidl_typesupport_introspection_c.dir/rosidl_typesupport_introspection_c/interfaces/srv/detail/chess_move__type_support.c.o[0m
[ 51%] [32mBuilding CXX object CMakeFiles/interfaces__rosidl_typesupport_fastrtps_c.dir/rosidl_typesupport_fastrtps_c/interfaces/srv/detail/chess_move__type_support_c.cpp.o[0m
[ 54%] [32m[1mLinking CXX shared library libinterfaces__rosidl_typesupport_c.so[0m
[ 58%] [32m[1mLinking C shared library libinterfaces__rosidl_typesupport_introspection_c.so[0m
[ 61%] [32m[1mLinking CXX shared library libinterfaces__rosidl_typesupport_cpp.so[0m
[ 61%] Built target interfaces__rosidl_typesupport_introspection_c
[ 61%] Built target interfaces__rosidl_typesupport_c
[ 61%] Built target interfaces__rosidl_typesupport_cpp
[ 64%] [32m[1mLinking CXX shared library libinterfaces__rosidl_typesupport_introspection_cpp.so[0m
[ 67%] [32m[1mLinking CXX shared library libinterfaces__rosidl_typesupport_fastrtps_cpp.so[0m
[ 67%] Built target interfaces__rosidl_typesupport_introspection_cpp
[ 70%] [32m[1mLinking CXX shared library libinterfaces__rosidl_typesupport_fastrtps_c.so[0m
[ 70%] Built target interfaces__rosidl_typesupport_fastrtps_cpp
[ 70%] Built target interfaces__rosidl_typesupport_fastrtps_c
[ 70%] Built target interfaces
[ 74%] [34m[1mGenerating Python code for ROS interfaces[0m
[ 74%] Built target interfaces__py
[ 77%] [32mBuilding C object CMakeFiles/interfaces__rosidl_generator_py.dir/rosidl_generator_py/interfaces/srv/_chess_move_s.c.o[0m
[ 80%] [32m[1mLinking C shared library rosidl_generator_py/interfaces/libinterfaces__rosidl_generator_py.so[0m
[ 80%] Built target interfaces__rosidl_generator_py
[ 90%] [32mBuilding C object CMakeFiles/interfaces__rosidl_typesupport_c__pyext.dir/rosidl_generator_py/interfaces/_interfaces_s.ep.rosidl_typesupport_c.c.o[0m
[ 90%] [32mBuilding C object CMakeFiles/interfaces__rosidl_typesupport_fastrtps_c__pyext.dir/rosidl_generator_py/interfaces/_interfaces_s.ep.rosidl_typesupport_fastrtps_c.c.o[0m
[ 90%] [32mBuilding C object CMakeFiles/interfaces__rosidl_typesupport_introspection_c__pyext.dir/rosidl_generator_py/interfaces/_interfaces_s.ep.rosidl_typesupport_introspection_c.c.o[0m
[100%] [32m[1mLinking C shared library rosidl_generator_py/interfaces/interfaces_s__rosidl_typesupport_introspection_c.cpython-310-x86_64-linux-gnu.so[0m
[100%] [32m[1mLinking C shared library rosidl_generator_py/interfaces/interfaces_s__rosidl_typesupport_fastrtps_c.cpython-310-x86_64-linux-gnu.so[0m
[100%] [32m[1mLinking C shared library rosidl_generator_py/interfaces/interfaces_s__rosidl_typesupport_c.cpython-310-x86_64-linux-gnu.so[0m
[100%] Built target interfaces__rosidl_typesupport_introspection_c__pyext
[100%] Built target interfaces__rosidl_typesupport_fastrtps_c__pyext
[100%] Built target interfaces__rosidl_typesupport_c__pyext
-- Install configuration: ""
-- Installing: /home/ryanl/4231/MTRN4231_Project/install/interfaces/share/ament_index/resource_index/rosidl_interfaces/interfaces
-- Installing: /home/ryanl/4231/MTRN4231_Project/install/interfaces/include/interfaces/interfaces
-- Installing: /home/ryanl/4231/MTRN4231_Project/install/interfaces/include/interfaces/interfaces/msg
-- Installing: /home/ryanl/4231/MTRN4231_Project/install/interfaces/include/interfaces/interfaces/msg/rosidl_generator_c__visibility_control.h
-- Installing: /home/ryanl/4231/MTRN4231_Project/install/interfaces/include/interfaces/interfaces/srv
-- Installing: /home/ryanl/4231/MTRN4231_Project/install/interfaces/include/interfaces/interfaces/srv/chess_move.h
-- Installing: /home/ryanl/4231/MTRN4231_Project/install/interfaces/include/interfaces/interfaces/srv/detail
-- Installing: /home/ryanl/4231/MTRN4231_Project/install/interfaces/include/interfaces/interfaces/srv/detail/chess_move__type_support.h
-- Installing: /home/ryanl/4231/MTRN4231_Project/install/interfaces/include/interfaces/interfaces/srv/detail/chess_move__struct.h
-- Installing: /home/ryanl/4231/MTRN4231_Project/install/interfaces/include/interfaces/interfaces/srv/detail/chess_move__functions.c
-- Installing: /home/ryanl/4231/MTRN4231_Project/install/interfaces/include/interfaces/interfaces/srv/detail/chess_move__functions.h
-- Installing: /home/ryanl/4231/MTRN4231_Project/install/interfaces/share/interfaces/environment/library_path.sh
-- Installing: /home/ryanl/4231/MTRN4231_Project/install/interfaces/share/interfaces/environment/library_path.dsv
-- Installing: /home/ryanl/4231/MTRN4231_Project/install/interfaces/lib/libinterfaces__rosidl_generator_c.so
-- Set runtime path of "/home/ryanl/4231/MTRN4231_Project/install/interfaces/lib/libinterfaces__rosidl_generator_c.so" to ""
-- Up-to-date: /home/ryanl/4231/MTRN4231_Project/install/interfaces/include/interfaces/interfaces
-- Up-to-date: /home/ryanl/4231/MTRN4231_Project/install/interfaces/include/interfaces/interfaces/msg
-- Installing: /home/ryanl/4231/MTRN4231_Project/install/interfaces/include/interfaces/interfaces/msg/rosidl_typesupport_fastrtps_c__visibility_control.h
-- Up-to-date: /home/ryanl/4231/MTRN4231_Project/install/interfaces/include/interfaces/interfaces/srv
-- Up-to-date: /home/ryanl/4231/MTRN4231_Project/install/interfaces/include/interfaces/interfaces/srv/detail
-- Installing: /home/ryanl/4231/MTRN4231_Project/install/interfaces/include/interfaces/interfaces/srv/detail/chess_move__rosidl_typesupport_fastrtps_c.h
-- Installing: /home/ryanl/4231/MTRN4231_Project/install/interfaces/lib/libinterfaces__rosidl_typesupport_fastrtps_c.so
-- Set runtime path of "/home/ryanl/4231/MTRN4231_Project/install/interfaces/lib/libinterfaces__rosidl_typesupport_fastrtps_c.so" to ""
-- Up-to-date: /home/ryanl/4231/MTRN4231_Project/install/interfaces/include/interfaces/interfaces
-- Up-to-date: /home/ryanl/4231/MTRN4231_Project/install/interfaces/include/interfaces/interfaces/msg
-- Installing: /home/ryanl/4231/MTRN4231_Project/install/interfaces/include/interfaces/interfaces/msg/rosidl_typesupport_introspection_c__visibility_control.h
-- Up-to-date: /home/ryanl/4231/MTRN4231_Project/install/interfaces/include/interfaces/interfaces/srv
-- Up-to-date: /home/ryanl/4231/MTRN4231_Project/install/interfaces/include/interfaces/interfaces/srv/detail
-- Installing: /home/ryanl/4231/MTRN4231_Project/install/interfaces/include/interfaces/interfaces/srv/detail/chess_move__rosidl_typesupport_introspection_c.h
-- Installing: /home/ryanl/4231/MTRN4231_Project/install/interfaces/include/interfaces/interfaces/srv/detail/chess_move__type_support.c
-- Installing: /home/ryanl/4231/MTRN4231_Project/install/interfaces/lib/libinterfaces__rosidl_typesupport_introspection_c.so
-- Set runtime path of "/home/ryanl/4231/MTRN4231_Project/install/interfaces/lib/libinterfaces__rosidl_typesupport_introspection_c.so" to ""
-- Installing: /home/ryanl/4231/MTRN4231_Project/install/interfaces/lib/libinterfaces__rosidl_typesupport_c.so
-- Set runtime path of "/home/ryanl/4231/MTRN4231_Project/install/interfaces/lib/libinterfaces__rosidl_typesupport_c.so" to ""
-- Up-to-date: /home/ryanl/4231/MTRN4231_Project/install/interfaces/include/interfaces/interfaces
-- Up-to-date: /home/ryanl/4231/MTRN4231_Project/install/interfaces/include/interfaces/interfaces/msg
-- Installing: /home/ryanl/4231/MTRN4231_Project/install/interfaces/include/interfaces/interfaces/msg/rosidl_generator_cpp__visibility_control.hpp
-- Up-to-date: /home/ryanl/4231/MTRN4231_Project/install/interfaces/include/interfaces/interfaces/srv
-- Up-to-date: /home/ryanl/4231/MTRN4231_Project/install/interfaces/include/interfaces/interfaces/srv/detail
-- Installing: /home/ryanl/4231/MTRN4231_Project/install/interfaces/include/interfaces/interfaces/srv/detail/chess_move__type_support.hpp
-- Installing: /home/ryanl/4231/MTRN4231_Project/install/interfaces/include/interfaces/interfaces/srv/detail/chess_move__struct.hpp
-- Installing: /home/ryanl/4231/MTRN4231_Project/install/interfaces/include/interfaces/interfaces/srv/detail/chess_move__traits.hpp
-- Installing: /home/ryanl/4231/MTRN4231_Project/install/interfaces/include/interfaces/interfaces/srv/detail/chess_move__builder.hpp
-- Installing: /home/ryanl/4231/MTRN4231_Project/install/interfaces/include/interfaces/interfaces/srv/chess_move.hpp
-- Up-to-date: /home/ryanl/4231/MTRN4231_Project/install/interfaces/include/interfaces/interfaces
-- Up-to-date: /home/ryanl/4231/MTRN4231_Project/install/interfaces/include/interfaces/interfaces/msg
-- Installing: /home/ryanl/4231/MTRN4231_Project/install/interfaces/include/interfaces/interfaces/msg/rosidl_typesupport_fastrtps_cpp__visibility_control.h
-- Up-to-date: /home/ryanl/4231/MTRN4231_Project/install/interfaces/include/interfaces/interfaces/srv
-- Up-to-date: /home/ryanl/4231/MTRN4231_Project/install/interfaces/include/interfaces/interfaces/srv/detail
-- Installing: /home/ryanl/4231/MTRN4231_Project/install/interfaces/include/interfaces/interfaces/srv/detail/dds_fastrtps
-- Installing: /home/ryanl/4231/MTRN4231_Project/install/interfaces/include/interfaces/interfaces/srv/detail/chess_move__rosidl_typesupport_fastrtps_cpp.hpp
-- Installing: /home/ryanl/4231/MTRN4231_Project/install/interfaces/lib/libinterfaces__rosidl_typesupport_fastrtps_cpp.so
-- Set runtime path of "/home/ryanl/4231/MTRN4231_Project/install/interfaces/lib/libinterfaces__rosidl_typesupport_fastrtps_cpp.so" to ""
-- Up-to-date: /home/ryanl/4231/MTRN4231_Project/install/interfaces/include/interfaces/interfaces
-- Up-to-date: /home/ryanl/4231/MTRN4231_Project/install/interfaces/include/interfaces/interfaces/srv
-- Up-to-date: /home/ryanl/4231/MTRN4231_Project/install/interfaces/include/interfaces/interfaces/srv/detail
-- Installing: /home/ryanl/4231/MTRN4231_Project/install/interfaces/include/interfaces/interfaces/srv/detail/chess_move__type_support.cpp
-- Installing: /home/ryanl/4231/MTRN4231_Project/install/interfaces/include/interfaces/interfaces/srv/detail/chess_move__rosidl_typesupport_introspection_cpp.hpp
-- Installing: /home/ryanl/4231/MTRN4231_Project/install/interfaces/lib/libinterfaces__rosidl_typesupport_introspection_cpp.so
-- Set runtime path of "/home/ryanl/4231/MTRN4231_Project/install/interfaces/lib/libinterfaces__rosidl_typesupport_introspection_cpp.so" to ""
-- Installing: /home/ryanl/4231/MTRN4231_Project/install/interfaces/lib/libinterfaces__rosidl_typesupport_cpp.so
-- Set runtime path of "/home/ryanl/4231/MTRN4231_Project/install/interfaces/lib/libinterfaces__rosidl_typesupport_cpp.so" to ""
-- Installing: /home/ryanl/4231/MTRN4231_Project/install/interfaces/share/interfaces/environment/pythonpath.sh
-- Installing: /home/ryanl/4231/MTRN4231_Project/install/interfaces/share/interfaces/environment/pythonpath.dsv
-- Installing: /home/ryanl/4231/MTRN4231_Project/install/interfaces/local/lib/python3.10/dist-packages/interfaces-0.0.0-py3.10.egg-info
-- Installing: /home/ryanl/4231/MTRN4231_Project/install/interfaces/local/lib/python3.10/dist-packages/interfaces-0.0.0-py3.10.egg-info/top_level.txt
-- Installing: /home/ryanl/4231/MTRN4231_Project/install/interfaces/local/lib/python3.10/dist-packages/interfaces-0.0.0-py3.10.egg-info/SOURCES.txt
-- Installing: /home/ryanl/4231/MTRN4231_Project/install/interfaces/local/lib/python3.10/dist-packages/interfaces-0.0.0-py3.10.egg-info/dependency_links.txt
-- Installing: /home/ryanl/4231/MTRN4231_Project/install/interfaces/local/lib/python3.10/dist-packages/interfaces-0.0.0-py3.10.egg-info/PKG-INFO
-- Installing: /home/ryanl/4231/MTRN4231_Project/install/interfaces/local/lib/python3.10/dist-packages/interfaces
-- Installing: /home/ryanl/4231/MTRN4231_Project/install/interfaces/local/lib/python3.10/dist-packages/interfaces/interfaces_s__rosidl_typesupport_introspection_c.cpython-310-x86_64-linux-gnu.so
-- Installing: /home/ryanl/4231/MTRN4231_Project/install/interfaces/local/lib/python3.10/dist-packages/interfaces/libinterfaces__rosidl_generator_py.so
-- Installing: /home/ryanl/4231/MTRN4231_Project/install/interfaces/local/lib/python3.10/dist-packages/interfaces/__init__.py
-- Installing: /home/ryanl/4231/MTRN4231_Project/install/interfaces/local/lib/python3.10/dist-packages/interfaces/interfaces_s__rosidl_typesupport_c.cpython-310-x86_64-linux-gnu.so
-- Installing: /home/ryanl/4231/MTRN4231_Project/install/interfaces/local/lib/python3.10/dist-packages/interfaces/srv
-- Installing: /home/ryanl/4231/MTRN4231_Project/install/interfaces/local/lib/python3.10/dist-packages/interfaces/srv/__init__.py
-- Installing: /home/ryanl/4231/MTRN4231_Project/install/interfaces/local/lib/python3.10/dist-packages/interfaces/srv/_chess_move_s.c
-- Installing: /home/ryanl/4231/MTRN4231_Project/install/interfaces/local/lib/python3.10/dist-packages/interfaces/srv/_chess_move.py
-- Installing: /home/ryanl/4231/MTRN4231_Project/install/interfaces/local/lib/python3.10/dist-packages/interfaces/_interfaces_s.ep.rosidl_typesupport_c.c
-- Installing: /home/ryanl/4231/MTRN4231_Project/install/interfaces/local/lib/python3.10/dist-packages/interfaces/_interfaces_s.ep.rosidl_typesupport_introspection_c.c
-- Installing: /home/ryanl/4231/MTRN4231_Project/install/interfaces/local/lib/python3.10/dist-packages/interfaces/_interfaces_s.ep.rosidl_typesupport_fastrtps_c.c
-- Installing: /home/ryanl/4231/MTRN4231_Project/install/interfaces/local/lib/python3.10/dist-packages/interfaces/interfaces_s__rosidl_typesupport_fastrtps_c.cpython-310-x86_64-linux-gnu.so
Listing '/home/ryanl/4231/MTRN4231_Project/install/interfaces/local/lib/python3.10/dist-packages/interfaces'...
Compiling '/home/ryanl/4231/MTRN4231_Project/install/interfaces/local/lib/python3.10/dist-packages/interfaces/__init__.py'...
Listing '/home/ryanl/4231/MTRN4231_Project/install/interfaces/local/lib/python3.10/dist-packages/interfaces/srv'...
Compiling '/home/ryanl/4231/MTRN4231_Project/install/interfaces/local/lib/python3.10/dist-packages/interfaces/srv/__init__.py'...
Compiling '/home/ryanl/4231/MTRN4231_Project/install/interfaces/local/lib/python3.10/dist-packages/interfaces/srv/_chess_move.py'...
-- Installing: /home/ryanl/4231/MTRN4231_Project/install/interfaces/local/lib/python3.10/dist-packages/interfaces/interfaces_s__rosidl_typesupport_fastrtps_c.cpython-310-x86_64-linux-gnu.so
-- Set runtime path of "/home/ryanl/4231/MTRN4231_Project/install/interfaces/local/lib/python3.10/dist-packages/interfaces/interfaces_s__rosidl_typesupport_fastrtps_c.cpython-310-x86_64-linux-gnu.so" to ""
-- Installing: /home/ryanl/4231/MTRN4231_Project/install/interfaces/local/lib/python3.10/dist-packages/interfaces/interfaces_s__rosidl_typesupport_introspection_c.cpython-310-x86_64-linux-gnu.so
-- Set runtime path of "/home/ryanl/4231/MTRN4231_Project/install/interfaces/local/lib/python3.10/dist-packages/interfaces/interfaces_s__rosidl_typesupport_introspection_c.cpython-310-x86_64-linux-gnu.so" to ""
-- Installing: /home/ryanl/4231/MTRN4231_Project/install/interfaces/local/lib/python3.10/dist-packages/interfaces/interfaces_s__rosidl_typesupport_c.cpython-310-x86_64-linux-gnu.so
-- Set runtime path of "/home/ryanl/4231/MTRN4231_Project/install/interfaces/local/lib/python3.10/dist-packages/interfaces/interfaces_s__rosidl_typesupport_c.cpython-310-x86_64-linux-gnu.so" to ""
-- Installing: /home/ryanl/4231/MTRN4231_Project/install/interfaces/lib/libinterfaces__rosidl_generator_py.so
-- Set runtime path of "/home/ryanl/4231/MTRN4231_Project/install/interfaces/lib/libinterfaces__rosidl_generator_py.so" to ""
-- Installing: /home/ryanl/4231/MTRN4231_Project/install/interfaces/share/interfaces/srv/ChessMove.idl
-- Installing: /home/ryanl/4231/MTRN4231_Project/install/interfaces/share/interfaces/srv/ChessMove.srv
-- Installing: /home/ryanl/4231/MTRN4231_Project/install/interfaces/share/interfaces/srv/ChessMove_Request.msg
-- Installing: /home/ryanl/4231/MTRN4231_Project/install/interfaces/share/interfaces/srv/ChessMove_Response.msg
-- Installing: /home/ryanl/4231/MTRN4231_Project/install/interfaces/share/ament_index/resource_index/package_run_dependencies/interfaces
-- Installing: /home/ryanl/4231/MTRN4231_Project/install/interfaces/share/ament_index/resource_index/parent_prefix_path/interfaces
-- Installing: /home/ryanl/4231/MTRN4231_Project/install/interfaces/share/interfaces/environment/ament_prefix_path.sh
-- Installing: /home/ryanl/4231/MTRN4231_Project/install/interfaces/share/interfaces/environment/ament_prefix_path.dsv
-- Installing: /home/ryanl/4231/MTRN4231_Project/install/interfaces/share/interfaces/environment/path.sh
-- Installing: /home/ryanl/4231/MTRN4231_Project/install/interfaces/share/interfaces/environment/path.dsv
-- Installing: /home/ryanl/4231/MTRN4231_Project/install/interfaces/share/interfaces/local_setup.bash
-- Installing: /home/ryanl/4231/MTRN4231_Project/install/interfaces/share/interfaces/local_setup.sh
-- Installing: /home/ryanl/4231/MTRN4231_Project/install/interfaces/share/interfaces/local_setup.zsh
-- Installing: /home/ryanl/4231/MTRN4231_Project/install/interfaces/share/interfaces/local_setup.dsv
-- Installing: /home/ryanl/4231/MTRN4231_Project/install/interfaces/share/interfaces/package.dsv
-- Installing: /home/ryanl/4231/MTRN4231_Project/install/interfaces/share/ament_index/resource_index/packages/interfaces
-- Installing: /home/ryanl/4231/MTRN4231_Project/install/interfaces/share/interfaces/cmake/export_interfaces__rosidl_generator_cExport.cmake
-- Installing: /home/ryanl/4231/MTRN4231_Project/install/interfaces/share/interfaces/cmake/export_interfaces__rosidl_generator_cExport-noconfig.cmake
-- Installing: /home/ryanl/4231/MTRN4231_Project/install/interfaces/share/interfaces/cmake/export_interfaces__rosidl_typesupport_fastrtps_cExport.cmake
-- Installing: /home/ryanl/4231/MTRN4231_Project/install/interfaces/share/interfaces/cmake/export_interfaces__rosidl_typesupport_fastrtps_cExport-noconfig.cmake
-- Installing: /home/ryanl/4231/MTRN4231_Project/install/interfaces/share/interfaces/cmake/interfaces__rosidl_typesupport_introspection_cExport.cmake
-- Installing: /home/ryanl/4231/MTRN4231_Project/install/interfaces/share/interfaces/cmake/interfaces__rosidl_typesupport_introspection_cExport-noconfig.cmake
-- Installing: /home/ryanl/4231/MTRN4231_Project/install/interfaces/share/interfaces/cmake/interfaces__rosidl_typesupport_cExport.cmake
-- Installing: /home/ryanl/4231/MTRN4231_Project/install/interfaces/share/interfaces/cmake/interfaces__rosidl_typesupport_cExport-noconfig.cmake
-- Installing: /home/ryanl/4231/MTRN4231_Project/install/interfaces/share/interfaces/cmake/export_interfaces__rosidl_generator_cppExport.cmake
-- Installing: /home/ryanl/4231/MTRN4231_Project/install/interfaces/share/interfaces/cmake/export_interfaces__rosidl_typesupport_fastrtps_cppExport.cmake
-- Installing: /home/ryanl/4231/MTRN4231_Project/install/interfaces/share/interfaces/cmake/export_interfaces__rosidl_typesupport_fastrtps_cppExport-noconfig.cmake
-- Installing: /home/ryanl/4231/MTRN4231_Project/install/interfaces/share/interfaces/cmake/interfaces__rosidl_typesupport_introspection_cppExport.cmake
-- Installing: /home/ryanl/4231/MTRN4231_Project/install/interfaces/share/interfaces/cmake/interfaces__rosidl_typesupport_introspection_cppExport-noconfig.cmake
-- Installing: /home/ryanl/4231/MTRN4231_Project/install/interfaces/share/interfaces/cmake/interfaces__rosidl_typesupport_cppExport.cmake
-- Installing: /home/ryanl/4231/MTRN4231_Project/install/interfaces/share/interfaces/cmake/interfaces__rosidl_typesupport_cppExport-noconfig.cmake
-- Installing: /home/ryanl/4231/MTRN4231_Project/install/interfaces/share/interfaces/cmake/export_interfaces__rosidl_generator_pyExport.cmake
-- Installing: /home/ryanl/4231/MTRN4231_Project/install/interfaces/share/interfaces/cmake/export_interfaces__rosidl_generator_pyExport-noconfig.cmake
-- Installing: /home/ryanl/4231/MTRN4231_Project/install/interfaces/share/interfaces/cmake/rosidl_cmake-extras.cmake
-- Installing: /home/ryanl/4231/MTRN4231_Project/install/interfaces/share/interfaces/cmake/ament_cmake_export_include_directories-extras.cmake
-- Installing: /home/ryanl/4231/MTRN4231_Project/install/interfaces/share/interfaces/cmake/ament_cmake_export_libraries-extras.cmake
-- Installing: /home/ryanl/4231/MTRN4231_Project/install/interfaces/share/interfaces/cmake/ament_cmake_export_targets-extras.cmake
-- Installing: /home/ryanl/4231/MTRN4231_Project/install/interfaces/share/interfaces/cmake/rosidl_cmake_export_typesupport_targets-extras.cmake
-- Installing: /home/ryanl/4231/MTRN4231_Project/install/interfaces/share/interfaces/cmake/ament_cmake_export_dependencies-extras.cmake
-- Installing: /home/ryanl/4231/MTRN4231_Project/install/interfaces/share/interfaces/cmake/rosidl_cmake_export_typesupport_libraries-extras.cmake
-- Installing: /home/ryanl/4231/MTRN4231_Project/install/interfaces/share/interfaces/cmake/interfacesConfig.cmake
-- Installing: /home/ryanl/4231/MTRN4231_Project/install/interfaces/share/interfaces/cmake/interfacesConfig-version.cmake
-- Installing: /home/ryanl/4231/MTRN4231_Project/install/interfaces/share/interfaces/package.xml
