[0.066s] Invoking command in '/home/ryanl/4231/MTRN4231_Project/build/interfaces': CMAKE_PREFIX_PATH=${CMAKE_PREFIX_PATH}:/opt/ros/humble /usr/bin/cmake /home/ryanl/4231/MTRN4231_Project/src/interfaces -DCMAKE_INSTALL_PREFIX=/home/ryanl/4231/MTRN4231_Project/install/interfaces
[0.569s] -- The C compiler identification is GNU 11.4.0
[1.633s] -- The CXX compiler identification is GNU 11.4.0
[2.268s] -- Detecting C compiler ABI info
[2.558s] -- Detecting C compiler ABI info - done
[2.567s] -- Check for working C compiler: /usr/bin/cc - skipped
[2.568s] -- Detecting C compile features
[2.569s] -- Detecting C compile features - done
[2.574s] -- Detecting CXX compiler ABI info
[2.875s] -- Detecting CXX compiler ABI info - done
[2.884s] -- Check for working CXX compiler: /usr/bin/c++ - skipped
[2.885s] -- Detecting CXX compile features
[2.885s] -- Detecting CXX compile features - done
[2.910s] -- Found ament_cmake: 1.3.12 (/opt/ros/humble/share/ament_cmake/cmake)
[3.218s] -- Found Python3: /usr/bin/python3 (found version "3.10.12") found components: Interpreter 
[3.451s] -- Found rosidl_default_generators: 1.2.0 (/opt/ros/humble/share/rosidl_default_generators/cmake)
[3.464s] -- Using all available rosidl_typesupport_c: rosidl_typesupport_fastrtps_c;rosidl_typesupport_introspection_c
[3.488s] -- Found rosidl_adapter: 3.1.7 (/opt/ros/humble/share/rosidl_adapter/cmake)
[3.981s] -- Using all available rosidl_typesupport_cpp: rosidl_typesupport_fastrtps_cpp;rosidl_typesupport_introspection_cpp
[4.570s] -- Found ament_cmake_ros: 0.10.0 (/opt/ros/humble/share/ament_cmake_ros/cmake)
[4.876s] -- Using all available rosidl_typesupport_c: rosidl_typesupport_fastrtps_c;rosidl_typesupport_introspection_c
[5.250s] -- Using all available rosidl_typesupport_cpp: rosidl_typesupport_fastrtps_cpp;rosidl_typesupport_introspection_cpp
[5.480s] -- Found PythonInterp: /usr/bin/python3 (found suitable version "3.10.12", minimum required is "3.6") 
[5.485s] -- Found python_cmake_module: 0.10.0 (/opt/ros/humble/share/python_cmake_module/cmake)
[6.300s] -- Found PythonLibs: /usr/lib/x86_64-linux-gnu/libpython3.10.so (found suitable version "3.10.12", minimum required is "3.5") 
[6.300s] -- Using PYTHON_EXECUTABLE: /usr/bin/python3
[6.301s] -- Using PYTHON_INCLUDE_DIRS: /usr/include/python3.10
[6.301s] -- Using PYTHON_LIBRARIES: /usr/lib/x86_64-linux-gnu/libpython3.10.so
[6.337s] -- Found PythonExtra: .so  
[6.542s] -- Found ament_lint_auto: 0.12.14 (/opt/ros/humble/share/ament_lint_auto/cmake)
[6.608s] -- Added test 'lint_cmake' to check CMake code style
[6.613s] -- Added test 'xmllint' to check XML markup files
[6.620s] -- Configuring done
[6.734s] -- Generating done
[6.758s] -- Build files have been written to: /home/ryanl/4231/MTRN4231_Project/build/interfaces
[6.982s] Invoked command in '/home/ryanl/4231/MTRN4231_Project/build/interfaces' returned '0': CMAKE_PREFIX_PATH=${CMAKE_PREFIX_PATH}:/opt/ros/humble /usr/bin/cmake /home/ryanl/4231/MTRN4231_Project/src/interfaces -DCMAKE_INSTALL_PREFIX=/home/ryanl/4231/MTRN4231_Project/install/interfaces
[6.985s] Invoking command in '/home/ryanl/4231/MTRN4231_Project/build/interfaces': CMAKE_PREFIX_PATH=${CMAKE_PREFIX_PATH}:/opt/ros/humble /usr/bin/cmake --build /home/ryanl/4231/MTRN4231_Project/build/interfaces -- -j16 -l16
[7.062s] [  3%] [34m[1mGenerating C code for ROS interfaces[0m
[7.081s] [  6%] [34m[1mGenerating C++ code for ROS interfaces[0m
[7.101s] [  6%] Built target ament_cmake_python_copy_interfaces
[7.581s] running egg_info
[7.582s] creating interfaces.egg-info
[7.584s] writing interfaces.egg-info/PKG-INFO
[7.585s] writing dependency_links to interfaces.egg-info/dependency_links.txt
[7.585s] writing top-level names to interfaces.egg-info/top_level.txt
[7.585s] writing manifest file 'interfaces.egg-info/SOURCES.txt'
[7.591s] reading manifest file 'interfaces.egg-info/SOURCES.txt'
[7.592s] writing manifest file 'interfaces.egg-info/SOURCES.txt'
[7.645s] [  9%] [32mBuilding C object CMakeFiles/interfaces__rosidl_generator_c.dir/rosidl_generator_c/interfaces/srv/detail/chess_move__functions.c.o[0m
[7.645s] [  9%] Built target interfaces__cpp
[7.655s] [  9%] Built target ament_cmake_python_build_interfaces_egg
[7.666s] [ 19%] [34m[1mGenerating C++ type support dispatch for ROS interfaces[0m
[7.666s] [ 19%] [34m[1mGenerating C++ introspection for ROS interfaces[0m
[7.666s] [ 19%] [34m[1mGenerating C++ type support for eProsima Fast-RTPS[0m
[7.759s] [ 22%] [32m[1mLinking C shared library libinterfaces__rosidl_generator_c.so[0m
[7.999s] [ 22%] Built target interfaces__rosidl_generator_c
[8.019s] [ 25%] [34m[1mGenerating C introspection for ROS interfaces[0m
[8.019s] [ 32%] [34m[1mGenerating C type support for eProsima Fast-RTPS[0m
[8.020s] [ 32%] [34m[1mGenerating C type support dispatch for ROS interfaces[0m
[8.121s] [ 35%] [32mBuilding CXX object CMakeFiles/interfaces__rosidl_typesupport_cpp.dir/rosidl_typesupport_cpp/interfaces/srv/chess_move__type_support.cpp.o[0m
[8.163s] [ 38%] [32mBuilding CXX object CMakeFiles/interfaces__rosidl_typesupport_introspection_cpp.dir/rosidl_typesupport_introspection_cpp/interfaces/srv/detail/chess_move__type_support.cpp.o[0m
[8.185s] [ 41%] [32mBuilding CXX object CMakeFiles/interfaces__rosidl_typesupport_fastrtps_cpp.dir/rosidl_typesupport_fastrtps_cpp/interfaces/srv/detail/dds_fastrtps/chess_move__type_support.cpp.o[0m
[8.484s] [ 45%] [32mBuilding CXX object CMakeFiles/interfaces__rosidl_typesupport_c.dir/rosidl_typesupport_c/interfaces/srv/chess_move__type_support.cpp.o[0m
[8.532s] [ 48%] [32mBuilding C object CMakeFiles/interfaces__rosidl_typesupport_introspection_c.dir/rosidl_typesupport_introspection_c/interfaces/srv/detail/chess_move__type_support.c.o[0m
[8.551s] [ 51%] [32mBuilding CXX object CMakeFiles/interfaces__rosidl_typesupport_fastrtps_c.dir/rosidl_typesupport_fastrtps_c/interfaces/srv/detail/chess_move__type_support_c.cpp.o[0m
[8.551s] [ 54%] [32m[1mLinking CXX shared library libinterfaces__rosidl_typesupport_c.so[0m
[8.605s] [ 58%] [32m[1mLinking C shared library libinterfaces__rosidl_typesupport_introspection_c.so[0m
[8.610s] [ 61%] [32m[1mLinking CXX shared library libinterfaces__rosidl_typesupport_cpp.so[0m
[8.785s] [ 61%] Built target interfaces__rosidl_typesupport_introspection_c
[8.795s] [ 61%] Built target interfaces__rosidl_typesupport_c
[8.807s] [ 61%] Built target interfaces__rosidl_typesupport_cpp
[8.842s] [ 64%] [32m[1mLinking CXX shared library libinterfaces__rosidl_typesupport_introspection_cpp.so[0m
[8.919s] [ 67%] [32m[1mLinking CXX shared library libinterfaces__rosidl_typesupport_fastrtps_cpp.so[0m
[9.105s] [ 67%] Built target interfaces__rosidl_typesupport_introspection_cpp
[9.152s] [ 70%] [32m[1mLinking CXX shared library libinterfaces__rosidl_typesupport_fastrtps_c.so[0m
[9.210s] [ 70%] Built target interfaces__rosidl_typesupport_fastrtps_cpp
[9.450s] [ 70%] Built target interfaces__rosidl_typesupport_fastrtps_c
[9.487s] [ 70%] Built target interfaces
[9.528s] [ 74%] [34m[1mGenerating Python code for ROS interfaces[0m
[10.073s] [ 74%] Built target interfaces__py
[10.112s] [ 77%] [32mBuilding C object CMakeFiles/interfaces__rosidl_generator_py.dir/rosidl_generator_py/interfaces/srv/_chess_move_s.c.o[0m
[10.273s] [ 80%] [32m[1mLinking C shared library rosidl_generator_py/interfaces/libinterfaces__rosidl_generator_py.so[0m
[10.493s] [ 80%] Built target interfaces__rosidl_generator_py
[10.536s] [ 90%] [32mBuilding C object CMakeFiles/interfaces__rosidl_typesupport_c__pyext.dir/rosidl_generator_py/interfaces/_interfaces_s.ep.rosidl_typesupport_c.c.o[0m
[10.536s] [ 90%] [32mBuilding C object CMakeFiles/interfaces__rosidl_typesupport_fastrtps_c__pyext.dir/rosidl_generator_py/interfaces/_interfaces_s.ep.rosidl_typesupport_fastrtps_c.c.o[0m
[10.536s] [ 90%] [32mBuilding C object CMakeFiles/interfaces__rosidl_typesupport_introspection_c__pyext.dir/rosidl_generator_py/interfaces/_interfaces_s.ep.rosidl_typesupport_introspection_c.c.o[0m
[10.772s] [100%] [32m[1mLinking C shared library rosidl_generator_py/interfaces/interfaces_s__rosidl_typesupport_introspection_c.cpython-310-x86_64-linux-gnu.so[0m
[10.772s] [100%] [32m[1mLinking C shared library rosidl_generator_py/interfaces/interfaces_s__rosidl_typesupport_fastrtps_c.cpython-310-x86_64-linux-gnu.so[0m
[10.772s] [100%] [32m[1mLinking C shared library rosidl_generator_py/interfaces/interfaces_s__rosidl_typesupport_c.cpython-310-x86_64-linux-gnu.so[0m
[10.928s] [100%] Built target interfaces__rosidl_typesupport_introspection_c__pyext
[10.928s] [100%] Built target interfaces__rosidl_typesupport_fastrtps_c__pyext
[10.934s] [100%] Built target interfaces__rosidl_typesupport_c__pyext
[10.958s] Invoked command in '/home/ryanl/4231/MTRN4231_Project/build/interfaces' returned '0': CMAKE_PREFIX_PATH=${CMAKE_PREFIX_PATH}:/opt/ros/humble /usr/bin/cmake --build /home/ryanl/4231/MTRN4231_Project/build/interfaces -- -j16 -l16
[10.961s] Invoking command in '/home/ryanl/4231/MTRN4231_Project/build/interfaces': CMAKE_PREFIX_PATH=${CMAKE_PREFIX_PATH}:/opt/ros/humble /usr/bin/cmake --install /home/ryanl/4231/MTRN4231_Project/build/interfaces
[10.974s] -- Install configuration: ""
[10.977s] -- Installing: /home/ryanl/4231/MTRN4231_Project/install/interfaces/share/ament_index/resource_index/rosidl_interfaces/interfaces
[10.977s] -- Installing: /home/ryanl/4231/MTRN4231_Project/install/interfaces/include/interfaces/interfaces
[10.979s] -- Installing: /home/ryanl/4231/MTRN4231_Project/install/interfaces/include/interfaces/interfaces/msg
[10.980s] -- Installing: /home/ryanl/4231/MTRN4231_Project/install/interfaces/include/interfaces/interfaces/msg/rosidl_generator_c__visibility_control.h
[10.980s] -- Installing: /home/ryanl/4231/MTRN4231_Project/install/interfaces/include/interfaces/interfaces/srv
[10.981s] -- Installing: /home/ryanl/4231/MTRN4231_Project/install/interfaces/include/interfaces/interfaces/srv/chess_move.h
[10.981s] -- Installing: /home/ryanl/4231/MTRN4231_Project/install/interfaces/include/interfaces/interfaces/srv/detail
[10.982s] -- Installing: /home/ryanl/4231/MTRN4231_Project/install/interfaces/include/interfaces/interfaces/srv/detail/chess_move__type_support.h
[10.982s] -- Installing: /home/ryanl/4231/MTRN4231_Project/install/interfaces/include/interfaces/interfaces/srv/detail/chess_move__struct.h
[10.983s] -- Installing: /home/ryanl/4231/MTRN4231_Project/install/interfaces/include/interfaces/interfaces/srv/detail/chess_move__functions.c
[10.983s] -- Installing: /home/ryanl/4231/MTRN4231_Project/install/interfaces/include/interfaces/interfaces/srv/detail/chess_move__functions.h
[10.985s] -- Installing: /home/ryanl/4231/MTRN4231_Project/install/interfaces/share/interfaces/environment/library_path.sh
[10.985s] -- Installing: /home/ryanl/4231/MTRN4231_Project/install/interfaces/share/interfaces/environment/library_path.dsv
[10.986s] -- Installing: /home/ryanl/4231/MTRN4231_Project/install/interfaces/lib/libinterfaces__rosidl_generator_c.so
[10.988s] -- Set runtime path of "/home/ryanl/4231/MTRN4231_Project/install/interfaces/lib/libinterfaces__rosidl_generator_c.so" to ""
[10.988s] -- Up-to-date: /home/ryanl/4231/MTRN4231_Project/install/interfaces/include/interfaces/interfaces
[10.988s] -- Up-to-date: /home/ryanl/4231/MTRN4231_Project/install/interfaces/include/interfaces/interfaces/msg
[10.988s] -- Installing: /home/ryanl/4231/MTRN4231_Project/install/interfaces/include/interfaces/interfaces/msg/rosidl_typesupport_fastrtps_c__visibility_control.h
[10.988s] -- Up-to-date: /home/ryanl/4231/MTRN4231_Project/install/interfaces/include/interfaces/interfaces/srv
[10.989s] -- Up-to-date: /home/ryanl/4231/MTRN4231_Project/install/interfaces/include/interfaces/interfaces/srv/detail
[10.989s] -- Installing: /home/ryanl/4231/MTRN4231_Project/install/interfaces/include/interfaces/interfaces/srv/detail/chess_move__rosidl_typesupport_fastrtps_c.h
[10.989s] -- Installing: /home/ryanl/4231/MTRN4231_Project/install/interfaces/lib/libinterfaces__rosidl_typesupport_fastrtps_c.so
[10.990s] -- Set runtime path of "/home/ryanl/4231/MTRN4231_Project/install/interfaces/lib/libinterfaces__rosidl_typesupport_fastrtps_c.so" to ""
[10.990s] -- Up-to-date: /home/ryanl/4231/MTRN4231_Project/install/interfaces/include/interfaces/interfaces
[10.990s] -- Up-to-date: /home/ryanl/4231/MTRN4231_Project/install/interfaces/include/interfaces/interfaces/msg
[10.990s] -- Installing: /home/ryanl/4231/MTRN4231_Project/install/interfaces/include/interfaces/interfaces/msg/rosidl_typesupport_introspection_c__visibility_control.h
[10.991s] -- Up-to-date: /home/ryanl/4231/MTRN4231_Project/install/interfaces/include/interfaces/interfaces/srv
[10.991s] -- Up-to-date: /home/ryanl/4231/MTRN4231_Project/install/interfaces/include/interfaces/interfaces/srv/detail
[10.991s] -- Installing: /home/ryanl/4231/MTRN4231_Project/install/interfaces/include/interfaces/interfaces/srv/detail/chess_move__rosidl_typesupport_introspection_c.h
[10.991s] -- Installing: /home/ryanl/4231/MTRN4231_Project/install/interfaces/include/interfaces/interfaces/srv/detail/chess_move__type_support.c
[10.992s] -- Installing: /home/ryanl/4231/MTRN4231_Project/install/interfaces/lib/libinterfaces__rosidl_typesupport_introspection_c.so
[10.992s] -- Set runtime path of "/home/ryanl/4231/MTRN4231_Project/install/interfaces/lib/libinterfaces__rosidl_typesupport_introspection_c.so" to ""
[10.993s] -- Installing: /home/ryanl/4231/MTRN4231_Project/install/interfaces/lib/libinterfaces__rosidl_typesupport_c.so
[10.993s] -- Set runtime path of "/home/ryanl/4231/MTRN4231_Project/install/interfaces/lib/libinterfaces__rosidl_typesupport_c.so" to ""
[10.993s] -- Up-to-date: /home/ryanl/4231/MTRN4231_Project/install/interfaces/include/interfaces/interfaces
[10.994s] -- Up-to-date: /home/ryanl/4231/MTRN4231_Project/install/interfaces/include/interfaces/interfaces/msg
[10.994s] -- Installing: /home/ryanl/4231/MTRN4231_Project/install/interfaces/include/interfaces/interfaces/msg/rosidl_generator_cpp__visibility_control.hpp
[10.994s] -- Up-to-date: /home/ryanl/4231/MTRN4231_Project/install/interfaces/include/interfaces/interfaces/srv
[10.995s] -- Up-to-date: /home/ryanl/4231/MTRN4231_Project/install/interfaces/include/interfaces/interfaces/srv/detail
[10.995s] -- Installing: /home/ryanl/4231/MTRN4231_Project/install/interfaces/include/interfaces/interfaces/srv/detail/chess_move__type_support.hpp
[10.995s] -- Installing: /home/ryanl/4231/MTRN4231_Project/install/interfaces/include/interfaces/interfaces/srv/detail/chess_move__struct.hpp
[10.995s] -- Installing: /home/ryanl/4231/MTRN4231_Project/install/interfaces/include/interfaces/interfaces/srv/detail/chess_move__traits.hpp
[10.995s] -- Installing: /home/ryanl/4231/MTRN4231_Project/install/interfaces/include/interfaces/interfaces/srv/detail/chess_move__builder.hpp
[10.996s] -- Installing: /home/ryanl/4231/MTRN4231_Project/install/interfaces/include/interfaces/interfaces/srv/chess_move.hpp
[10.996s] -- Up-to-date: /home/ryanl/4231/MTRN4231_Project/install/interfaces/include/interfaces/interfaces
[10.997s] -- Up-to-date: /home/ryanl/4231/MTRN4231_Project/install/interfaces/include/interfaces/interfaces/msg
[10.997s] -- Installing: /home/ryanl/4231/MTRN4231_Project/install/interfaces/include/interfaces/interfaces/msg/rosidl_typesupport_fastrtps_cpp__visibility_control.h
[10.997s] -- Up-to-date: /home/ryanl/4231/MTRN4231_Project/install/interfaces/include/interfaces/interfaces/srv
[10.997s] -- Up-to-date: /home/ryanl/4231/MTRN4231_Project/install/interfaces/include/interfaces/interfaces/srv/detail
[10.997s] -- Installing: /home/ryanl/4231/MTRN4231_Project/install/interfaces/include/interfaces/interfaces/srv/detail/dds_fastrtps
[10.998s] -- Installing: /home/ryanl/4231/MTRN4231_Project/install/interfaces/include/interfaces/interfaces/srv/detail/chess_move__rosidl_typesupport_fastrtps_cpp.hpp
[10.999s] -- Installing: /home/ryanl/4231/MTRN4231_Project/install/interfaces/lib/libinterfaces__rosidl_typesupport_fastrtps_cpp.so
[11.000s] -- Set runtime path of "/home/ryanl/4231/MTRN4231_Project/install/interfaces/lib/libinterfaces__rosidl_typesupport_fastrtps_cpp.so" to ""
[11.000s] -- Up-to-date: /home/ryanl/4231/MTRN4231_Project/install/interfaces/include/interfaces/interfaces
[11.000s] -- Up-to-date: /home/ryanl/4231/MTRN4231_Project/install/interfaces/include/interfaces/interfaces/srv
[11.000s] -- Up-to-date: /home/ryanl/4231/MTRN4231_Project/install/interfaces/include/interfaces/interfaces/srv/detail
[11.001s] -- Installing: /home/ryanl/4231/MTRN4231_Project/install/interfaces/include/interfaces/interfaces/srv/detail/chess_move__type_support.cpp
[11.001s] -- Installing: /home/ryanl/4231/MTRN4231_Project/install/interfaces/include/interfaces/interfaces/srv/detail/chess_move__rosidl_typesupport_introspection_cpp.hpp
[11.001s] -- Installing: /home/ryanl/4231/MTRN4231_Project/install/interfaces/lib/libinterfaces__rosidl_typesupport_introspection_cpp.so
[11.003s] -- Set runtime path of "/home/ryanl/4231/MTRN4231_Project/install/interfaces/lib/libinterfaces__rosidl_typesupport_introspection_cpp.so" to ""
[11.003s] -- Installing: /home/ryanl/4231/MTRN4231_Project/install/interfaces/lib/libinterfaces__rosidl_typesupport_cpp.so
[11.004s] -- Set runtime path of "/home/ryanl/4231/MTRN4231_Project/install/interfaces/lib/libinterfaces__rosidl_typesupport_cpp.so" to ""
[11.004s] -- Installing: /home/ryanl/4231/MTRN4231_Project/install/interfaces/share/interfaces/environment/pythonpath.sh
[11.004s] -- Installing: /home/ryanl/4231/MTRN4231_Project/install/interfaces/share/interfaces/environment/pythonpath.dsv
[11.005s] -- Installing: /home/ryanl/4231/MTRN4231_Project/install/interfaces/local/lib/python3.10/dist-packages/interfaces-0.0.0-py3.10.egg-info
[11.008s] -- Installing: /home/ryanl/4231/MTRN4231_Project/install/interfaces/local/lib/python3.10/dist-packages/interfaces-0.0.0-py3.10.egg-info/top_level.txt
[11.008s] -- Installing: /home/ryanl/4231/MTRN4231_Project/install/interfaces/local/lib/python3.10/dist-packages/interfaces-0.0.0-py3.10.egg-info/SOURCES.txt
[11.008s] -- Installing: /home/ryanl/4231/MTRN4231_Project/install/interfaces/local/lib/python3.10/dist-packages/interfaces-0.0.0-py3.10.egg-info/dependency_links.txt
[11.009s] -- Installing: /home/ryanl/4231/MTRN4231_Project/install/interfaces/local/lib/python3.10/dist-packages/interfaces-0.0.0-py3.10.egg-info/PKG-INFO
[11.009s] -- Installing: /home/ryanl/4231/MTRN4231_Project/install/interfaces/local/lib/python3.10/dist-packages/interfaces
[11.010s] -- Installing: /home/ryanl/4231/MTRN4231_Project/install/interfaces/local/lib/python3.10/dist-packages/interfaces/interfaces_s__rosidl_typesupport_introspection_c.cpython-310-x86_64-linux-gnu.so
[11.010s] -- Installing: /home/ryanl/4231/MTRN4231_Project/install/interfaces/local/lib/python3.10/dist-packages/interfaces/libinterfaces__rosidl_generator_py.so
[11.010s] -- Installing: /home/ryanl/4231/MTRN4231_Project/install/interfaces/local/lib/python3.10/dist-packages/interfaces/__init__.py
[11.011s] -- Installing: /home/ryanl/4231/MTRN4231_Project/install/interfaces/local/lib/python3.10/dist-packages/interfaces/interfaces_s__rosidl_typesupport_c.cpython-310-x86_64-linux-gnu.so
[11.011s] -- Installing: /home/ryanl/4231/MTRN4231_Project/install/interfaces/local/lib/python3.10/dist-packages/interfaces/srv
[11.012s] -- Installing: /home/ryanl/4231/MTRN4231_Project/install/interfaces/local/lib/python3.10/dist-packages/interfaces/srv/__init__.py
[11.012s] -- Installing: /home/ryanl/4231/MTRN4231_Project/install/interfaces/local/lib/python3.10/dist-packages/interfaces/srv/_chess_move_s.c
[11.012s] -- Installing: /home/ryanl/4231/MTRN4231_Project/install/interfaces/local/lib/python3.10/dist-packages/interfaces/srv/_chess_move.py
[11.013s] -- Installing: /home/ryanl/4231/MTRN4231_Project/install/interfaces/local/lib/python3.10/dist-packages/interfaces/_interfaces_s.ep.rosidl_typesupport_c.c
[11.013s] -- Installing: /home/ryanl/4231/MTRN4231_Project/install/interfaces/local/lib/python3.10/dist-packages/interfaces/_interfaces_s.ep.rosidl_typesupport_introspection_c.c
[11.014s] -- Installing: /home/ryanl/4231/MTRN4231_Project/install/interfaces/local/lib/python3.10/dist-packages/interfaces/_interfaces_s.ep.rosidl_typesupport_fastrtps_c.c
[11.014s] -- Installing: /home/ryanl/4231/MTRN4231_Project/install/interfaces/local/lib/python3.10/dist-packages/interfaces/interfaces_s__rosidl_typesupport_fastrtps_c.cpython-310-x86_64-linux-gnu.so
[11.073s] Listing '/home/ryanl/4231/MTRN4231_Project/install/interfaces/local/lib/python3.10/dist-packages/interfaces'...
[11.073s] Compiling '/home/ryanl/4231/MTRN4231_Project/install/interfaces/local/lib/python3.10/dist-packages/interfaces/__init__.py'...
[11.073s] Listing '/home/ryanl/4231/MTRN4231_Project/install/interfaces/local/lib/python3.10/dist-packages/interfaces/srv'...
[11.073s] Compiling '/home/ryanl/4231/MTRN4231_Project/install/interfaces/local/lib/python3.10/dist-packages/interfaces/srv/__init__.py'...
[11.073s] Compiling '/home/ryanl/4231/MTRN4231_Project/install/interfaces/local/lib/python3.10/dist-packages/interfaces/srv/_chess_move.py'...
[11.080s] -- Installing: /home/ryanl/4231/MTRN4231_Project/install/interfaces/local/lib/python3.10/dist-packages/interfaces/interfaces_s__rosidl_typesupport_fastrtps_c.cpython-310-x86_64-linux-gnu.so
[11.081s] -- Set runtime path of "/home/ryanl/4231/MTRN4231_Project/install/interfaces/local/lib/python3.10/dist-packages/interfaces/interfaces_s__rosidl_typesupport_fastrtps_c.cpython-310-x86_64-linux-gnu.so" to ""
[11.081s] -- Installing: /home/ryanl/4231/MTRN4231_Project/install/interfaces/local/lib/python3.10/dist-packages/interfaces/interfaces_s__rosidl_typesupport_introspection_c.cpython-310-x86_64-linux-gnu.so
[11.082s] -- Set runtime path of "/home/ryanl/4231/MTRN4231_Project/install/interfaces/local/lib/python3.10/dist-packages/interfaces/interfaces_s__rosidl_typesupport_introspection_c.cpython-310-x86_64-linux-gnu.so" to ""
[11.082s] -- Installing: /home/ryanl/4231/MTRN4231_Project/install/interfaces/local/lib/python3.10/dist-packages/interfaces/interfaces_s__rosidl_typesupport_c.cpython-310-x86_64-linux-gnu.so
[11.083s] -- Set runtime path of "/home/ryanl/4231/MTRN4231_Project/install/interfaces/local/lib/python3.10/dist-packages/interfaces/interfaces_s__rosidl_typesupport_c.cpython-310-x86_64-linux-gnu.so" to ""
[11.083s] -- Installing: /home/ryanl/4231/MTRN4231_Project/install/interfaces/lib/libinterfaces__rosidl_generator_py.so
[11.084s] -- Set runtime path of "/home/ryanl/4231/MTRN4231_Project/install/interfaces/lib/libinterfaces__rosidl_generator_py.so" to ""
[11.085s] -- Installing: /home/ryanl/4231/MTRN4231_Project/install/interfaces/share/interfaces/srv/ChessMove.idl
[11.086s] -- Installing: /home/ryanl/4231/MTRN4231_Project/install/interfaces/share/interfaces/srv/ChessMove.srv
[11.086s] -- Installing: /home/ryanl/4231/MTRN4231_Project/install/interfaces/share/interfaces/srv/ChessMove_Request.msg
[11.087s] -- Installing: /home/ryanl/4231/MTRN4231_Project/install/interfaces/share/interfaces/srv/ChessMove_Response.msg
[11.088s] -- Installing: /home/ryanl/4231/MTRN4231_Project/install/interfaces/share/ament_index/resource_index/package_run_dependencies/interfaces
[11.089s] -- Installing: /home/ryanl/4231/MTRN4231_Project/install/interfaces/share/ament_index/resource_index/parent_prefix_path/interfaces
[11.090s] -- Installing: /home/ryanl/4231/MTRN4231_Project/install/interfaces/share/interfaces/environment/ament_prefix_path.sh
[11.090s] -- Installing: /home/ryanl/4231/MTRN4231_Project/install/interfaces/share/interfaces/environment/ament_prefix_path.dsv
[11.091s] -- Installing: /home/ryanl/4231/MTRN4231_Project/install/interfaces/share/interfaces/environment/path.sh
[11.091s] -- Installing: /home/ryanl/4231/MTRN4231_Project/install/interfaces/share/interfaces/environment/path.dsv
[11.092s] -- Installing: /home/ryanl/4231/MTRN4231_Project/install/interfaces/share/interfaces/local_setup.bash
[11.092s] -- Installing: /home/ryanl/4231/MTRN4231_Project/install/interfaces/share/interfaces/local_setup.sh
[11.093s] -- Installing: /home/ryanl/4231/MTRN4231_Project/install/interfaces/share/interfaces/local_setup.zsh
[11.093s] -- Installing: /home/ryanl/4231/MTRN4231_Project/install/interfaces/share/interfaces/local_setup.dsv
[11.094s] -- Installing: /home/ryanl/4231/MTRN4231_Project/install/interfaces/share/interfaces/package.dsv
[11.095s] -- Installing: /home/ryanl/4231/MTRN4231_Project/install/interfaces/share/ament_index/resource_index/packages/interfaces
[11.096s] -- Installing: /home/ryanl/4231/MTRN4231_Project/install/interfaces/share/interfaces/cmake/export_interfaces__rosidl_generator_cExport.cmake
[11.097s] -- Installing: /home/ryanl/4231/MTRN4231_Project/install/interfaces/share/interfaces/cmake/export_interfaces__rosidl_generator_cExport-noconfig.cmake
[11.097s] -- Installing: /home/ryanl/4231/MTRN4231_Project/install/interfaces/share/interfaces/cmake/export_interfaces__rosidl_typesupport_fastrtps_cExport.cmake
[11.098s] -- Installing: /home/ryanl/4231/MTRN4231_Project/install/interfaces/share/interfaces/cmake/export_interfaces__rosidl_typesupport_fastrtps_cExport-noconfig.cmake
[11.098s] -- Installing: /home/ryanl/4231/MTRN4231_Project/install/interfaces/share/interfaces/cmake/interfaces__rosidl_typesupport_introspection_cExport.cmake
[11.099s] -- Installing: /home/ryanl/4231/MTRN4231_Project/install/interfaces/share/interfaces/cmake/interfaces__rosidl_typesupport_introspection_cExport-noconfig.cmake
[11.099s] -- Installing: /home/ryanl/4231/MTRN4231_Project/install/interfaces/share/interfaces/cmake/interfaces__rosidl_typesupport_cExport.cmake
[11.100s] -- Installing: /home/ryanl/4231/MTRN4231_Project/install/interfaces/share/interfaces/cmake/interfaces__rosidl_typesupport_cExport-noconfig.cmake
[11.100s] -- Installing: /home/ryanl/4231/MTRN4231_Project/install/interfaces/share/interfaces/cmake/export_interfaces__rosidl_generator_cppExport.cmake
[11.101s] -- Installing: /home/ryanl/4231/MTRN4231_Project/install/interfaces/share/interfaces/cmake/export_interfaces__rosidl_typesupport_fastrtps_cppExport.cmake
[11.101s] -- Installing: /home/ryanl/4231/MTRN4231_Project/install/interfaces/share/interfaces/cmake/export_interfaces__rosidl_typesupport_fastrtps_cppExport-noconfig.cmake
[11.102s] -- Installing: /home/ryanl/4231/MTRN4231_Project/install/interfaces/share/interfaces/cmake/interfaces__rosidl_typesupport_introspection_cppExport.cmake
[11.102s] -- Installing: /home/ryanl/4231/MTRN4231_Project/install/interfaces/share/interfaces/cmake/interfaces__rosidl_typesupport_introspection_cppExport-noconfig.cmake
[11.103s] -- Installing: /home/ryanl/4231/MTRN4231_Project/install/interfaces/share/interfaces/cmake/interfaces__rosidl_typesupport_cppExport.cmake
[11.103s] -- Installing: /home/ryanl/4231/MTRN4231_Project/install/interfaces/share/interfaces/cmake/interfaces__rosidl_typesupport_cppExport-noconfig.cmake
[11.104s] -- Installing: /home/ryanl/4231/MTRN4231_Project/install/interfaces/share/interfaces/cmake/export_interfaces__rosidl_generator_pyExport.cmake
[11.104s] -- Installing: /home/ryanl/4231/MTRN4231_Project/install/interfaces/share/interfaces/cmake/export_interfaces__rosidl_generator_pyExport-noconfig.cmake
[11.105s] -- Installing: /home/ryanl/4231/MTRN4231_Project/install/interfaces/share/interfaces/cmake/rosidl_cmake-extras.cmake
[11.105s] -- Installing: /home/ryanl/4231/MTRN4231_Project/install/interfaces/share/interfaces/cmake/ament_cmake_export_include_directories-extras.cmake
[11.106s] -- Installing: /home/ryanl/4231/MTRN4231_Project/install/interfaces/share/interfaces/cmake/ament_cmake_export_libraries-extras.cmake
[11.106s] -- Installing: /home/ryanl/4231/MTRN4231_Project/install/interfaces/share/interfaces/cmake/ament_cmake_export_targets-extras.cmake
[11.107s] -- Installing: /home/ryanl/4231/MTRN4231_Project/install/interfaces/share/interfaces/cmake/rosidl_cmake_export_typesupport_targets-extras.cmake
[11.107s] -- Installing: /home/ryanl/4231/MTRN4231_Project/install/interfaces/share/interfaces/cmake/ament_cmake_export_dependencies-extras.cmake
[11.107s] -- Installing: /home/ryanl/4231/MTRN4231_Project/install/interfaces/share/interfaces/cmake/rosidl_cmake_export_typesupport_libraries-extras.cmake
[11.108s] -- Installing: /home/ryanl/4231/MTRN4231_Project/install/interfaces/share/interfaces/cmake/interfacesConfig.cmake
[11.108s] -- Installing: /home/ryanl/4231/MTRN4231_Project/install/interfaces/share/interfaces/cmake/interfacesConfig-version.cmake
[11.108s] -- Installing: /home/ryanl/4231/MTRN4231_Project/install/interfaces/share/interfaces/package.xml
[11.113s] Invoked command in '/home/ryanl/4231/MTRN4231_Project/build/interfaces' returned '0': CMAKE_PREFIX_PATH=${CMAKE_PREFIX_PATH}:/opt/ros/humble /usr/bin/cmake --install /home/ryanl/4231/MTRN4231_Project/build/interfaces
