[0.126s] DEBUG:colcon:Command line arguments: ['/usr/bin/colcon', 'build']
[0.126s] DEBUG:colcon:Parsed command line arguments: Namespace(log_base=None, log_level=None, verb_name='build', build_base='build', install_base='install', merge_install=False, symlink_install=False, test_result_base=None, continue_on_error=False, executor='parallel', parallel_workers=20, event_handlers=None, ignore_user_meta=False, metas=['./colcon.meta'], base_paths=['.'], packages_ignore=None, packages_ignore_regex=None, paths=None, packages_up_to=None, packages_up_to_regex=None, packages_above=None, packages_above_and_dependencies=None, packages_above_depth=None, packages_select_by_dep=None, packages_skip_by_dep=None, packages_skip_up_to=None, packages_select_build_failed=False, packages_skip_build_finished=False, packages_select_test_failures=False, packages_skip_test_passed=False, packages_select=None, packages_skip=None, packages_select_regex=None, packages_skip_regex=None, packages_start=None, packages_end=None, allow_overriding=[], cmake_args=None, cmake_target=None, cmake_target_skip_unavailable=False, cmake_clean_cache=False, cmake_clean_first=False, cmake_force_configure=False, ament_cmake_args=None, catkin_cmake_args=None, catkin_skip_building_tests=False, mixin_files=None, mixin=None, verb_parser=<colcon_mixin.mixin.mixin_argument.MixinArgumentDecorator object at 0x78e026d67400>, verb_extension=<colcon_core.verb.build.BuildVerb object at 0x78e026ea4160>, main=<bound method BuildVerb.main of <colcon_core.verb.build.BuildVerb object at 0x78e026ea4160>>, mixin_verb=('build',))
[0.306s] Level 1:colcon.colcon_core.package_discovery:discover_packages(colcon_meta) check parameters
[0.307s] Level 1:colcon.colcon_core.package_discovery:discover_packages(recursive) check parameters
[0.307s] Level 1:colcon.colcon_core.package_discovery:discover_packages(ignore) check parameters
[0.307s] Level 1:colcon.colcon_core.package_discovery:discover_packages(path) check parameters
[0.307s] Level 1:colcon.colcon_core.package_discovery:discover_packages(colcon_meta) discover
[0.307s] Level 1:colcon.colcon_core.package_discovery:discover_packages(recursive) discover
[0.307s] INFO:colcon.colcon_core.package_discovery:Crawling recursively for packages in '/home/mtrn/MTRN4231_Project'
[0.307s] Level 1:colcon.colcon_core.package_identification:_identify(.) by extensions ['ignore', 'ignore_ament_install']
[0.307s] Level 1:colcon.colcon_core.package_identification:_identify(.) by extension 'ignore'
[0.307s] Level 1:colcon.colcon_core.package_identification:_identify(.) by extension 'ignore_ament_install'
[0.307s] Level 1:colcon.colcon_core.package_identification:_identify(.) by extensions ['colcon_pkg']
[0.307s] Level 1:colcon.colcon_core.package_identification:_identify(.) by extension 'colcon_pkg'
[0.307s] Level 1:colcon.colcon_core.package_identification:_identify(.) by extensions ['colcon_meta']
[0.307s] Level 1:colcon.colcon_core.package_identification:_identify(.) by extension 'colcon_meta'
[0.307s] Level 1:colcon.colcon_core.package_identification:_identify(.) by extensions ['ros']
[0.307s] Level 1:colcon.colcon_core.package_identification:_identify(.) by extension 'ros'
[0.362s] Level 1:colcon.colcon_core.package_identification:_identify(.) by extensions ['cmake', 'python']
[0.363s] Level 1:colcon.colcon_core.package_identification:_identify(.) by extension 'cmake'
[0.363s] Level 1:colcon.colcon_core.package_identification:_identify(.) by extension 'python'
[0.363s] Level 1:colcon.colcon_core.package_identification:_identify(.) by extensions ['python_setup_py']
[0.363s] Level 1:colcon.colcon_core.package_identification:_identify(.) by extension 'python_setup_py'
[0.363s] Level 1:colcon.colcon_core.package_identification:_identify(build) by extensions ['ignore', 'ignore_ament_install']
[0.363s] Level 1:colcon.colcon_core.package_identification:_identify(build) by extension 'ignore'
[0.364s] Level 1:colcon.colcon_core.package_identification:_identify(build) ignored
[0.364s] Level 1:colcon.colcon_core.package_identification:_identify(install) by extensions ['ignore', 'ignore_ament_install']
[0.364s] Level 1:colcon.colcon_core.package_identification:_identify(install) by extension 'ignore'
[0.364s] Level 1:colcon.colcon_core.package_identification:_identify(install) ignored
[0.364s] Level 1:colcon.colcon_core.package_identification:_identify(log) by extensions ['ignore', 'ignore_ament_install']
[0.364s] Level 1:colcon.colcon_core.package_identification:_identify(log) by extension 'ignore'
[0.364s] Level 1:colcon.colcon_core.package_identification:_identify(log) ignored
[0.364s] Level 1:colcon.colcon_core.package_identification:_identify(src) by extensions ['ignore', 'ignore_ament_install']
[0.365s] Level 1:colcon.colcon_core.package_identification:_identify(src) by extension 'ignore'
[0.365s] Level 1:colcon.colcon_core.package_identification:_identify(src) by extension 'ignore_ament_install'
[0.365s] Level 1:colcon.colcon_core.package_identification:_identify(src) by extensions ['colcon_pkg']
[0.365s] Level 1:colcon.colcon_core.package_identification:_identify(src) by extension 'colcon_pkg'
[0.365s] Level 1:colcon.colcon_core.package_identification:_identify(src) by extensions ['colcon_meta']
[0.365s] Level 1:colcon.colcon_core.package_identification:_identify(src) by extension 'colcon_meta'
[0.365s] Level 1:colcon.colcon_core.package_identification:_identify(src) by extensions ['ros']
[0.365s] Level 1:colcon.colcon_core.package_identification:_identify(src) by extension 'ros'
[0.365s] Level 1:colcon.colcon_core.package_identification:_identify(src) by extensions ['cmake', 'python']
[0.365s] Level 1:colcon.colcon_core.package_identification:_identify(src) by extension 'cmake'
[0.365s] Level 1:colcon.colcon_core.package_identification:_identify(src) by extension 'python'
[0.365s] Level 1:colcon.colcon_core.package_identification:_identify(src) by extensions ['python_setup_py']
[0.365s] Level 1:colcon.colcon_core.package_identification:_identify(src) by extension 'python_setup_py'
[0.366s] Level 1:colcon.colcon_core.package_identification:_identify(src/arm_controller) by extensions ['ignore', 'ignore_ament_install']
[0.366s] Level 1:colcon.colcon_core.package_identification:_identify(src/arm_controller) by extension 'ignore'
[0.366s] Level 1:colcon.colcon_core.package_identification:_identify(src/arm_controller) by extension 'ignore_ament_install'
[0.366s] Level 1:colcon.colcon_core.package_identification:_identify(src/arm_controller) by extensions ['colcon_pkg']
[0.366s] Level 1:colcon.colcon_core.package_identification:_identify(src/arm_controller) by extension 'colcon_pkg'
[0.366s] Level 1:colcon.colcon_core.package_identification:_identify(src/arm_controller) by extensions ['colcon_meta']
[0.366s] Level 1:colcon.colcon_core.package_identification:_identify(src/arm_controller) by extension 'colcon_meta'
[0.366s] Level 1:colcon.colcon_core.package_identification:_identify(src/arm_controller) by extensions ['ros']
[0.366s] Level 1:colcon.colcon_core.package_identification:_identify(src/arm_controller) by extension 'ros'
[0.372s] DEBUG:colcon.colcon_core.package_identification:Package 'src/arm_controller' with type 'ros.ament_cmake' and name 'arm_controller'
[0.372s] Level 1:colcon.colcon_core.package_identification:_identify(src/custom_interfaces) by extensions ['ignore', 'ignore_ament_install']
[0.373s] Level 1:colcon.colcon_core.package_identification:_identify(src/custom_interfaces) by extension 'ignore'
[0.373s] Level 1:colcon.colcon_core.package_identification:_identify(src/custom_interfaces) by extension 'ignore_ament_install'
[0.373s] Level 1:colcon.colcon_core.package_identification:_identify(src/custom_interfaces) by extensions ['colcon_pkg']
[0.373s] Level 1:colcon.colcon_core.package_identification:_identify(src/custom_interfaces) by extension 'colcon_pkg'
[0.373s] Level 1:colcon.colcon_core.package_identification:_identify(src/custom_interfaces) by extensions ['colcon_meta']
[0.373s] Level 1:colcon.colcon_core.package_identification:_identify(src/custom_interfaces) by extension 'colcon_meta'
[0.373s] Level 1:colcon.colcon_core.package_identification:_identify(src/custom_interfaces) by extensions ['ros']
[0.373s] Level 1:colcon.colcon_core.package_identification:_identify(src/custom_interfaces) by extension 'ros'
[0.374s] DEBUG:colcon.colcon_core.package_identification:Package 'src/custom_interfaces' with type 'ros.ament_cmake' and name 'custom_interfaces'
[0.374s] Level 1:colcon.colcon_core.package_identification:_identify(src/end_effector_description) by extensions ['ignore', 'ignore_ament_install']
[0.374s] Level 1:colcon.colcon_core.package_identification:_identify(src/end_effector_description) by extension 'ignore'
[0.374s] Level 1:colcon.colcon_core.package_identification:_identify(src/end_effector_description) by extension 'ignore_ament_install'
[0.374s] Level 1:colcon.colcon_core.package_identification:_identify(src/end_effector_description) by extensions ['colcon_pkg']
[0.374s] Level 1:colcon.colcon_core.package_identification:_identify(src/end_effector_description) by extension 'colcon_pkg'
[0.374s] Level 1:colcon.colcon_core.package_identification:_identify(src/end_effector_description) by extensions ['colcon_meta']
[0.374s] Level 1:colcon.colcon_core.package_identification:_identify(src/end_effector_description) by extension 'colcon_meta'
[0.374s] Level 1:colcon.colcon_core.package_identification:_identify(src/end_effector_description) by extensions ['ros']
[0.374s] Level 1:colcon.colcon_core.package_identification:_identify(src/end_effector_description) by extension 'ros'
[0.375s] DEBUG:colcon.colcon_core.package_identification:Package 'src/end_effector_description' with type 'ros.ament_cmake' and name 'end_effector_description'
[0.375s] Level 1:colcon.colcon_core.package_identification:_identify(src/ur5e_custom_description) by extensions ['ignore', 'ignore_ament_install']
[0.375s] Level 1:colcon.colcon_core.package_identification:_identify(src/ur5e_custom_description) by extension 'ignore'
[0.375s] Level 1:colcon.colcon_core.package_identification:_identify(src/ur5e_custom_description) by extension 'ignore_ament_install'
[0.375s] Level 1:colcon.colcon_core.package_identification:_identify(src/ur5e_custom_description) by extensions ['colcon_pkg']
[0.375s] Level 1:colcon.colcon_core.package_identification:_identify(src/ur5e_custom_description) by extension 'colcon_pkg'
[0.376s] Level 1:colcon.colcon_core.package_identification:_identify(src/ur5e_custom_description) by extensions ['colcon_meta']
[0.376s] Level 1:colcon.colcon_core.package_identification:_identify(src/ur5e_custom_description) by extension 'colcon_meta'
[0.376s] Level 1:colcon.colcon_core.package_identification:_identify(src/ur5e_custom_description) by extensions ['ros']
[0.376s] Level 1:colcon.colcon_core.package_identification:_identify(src/ur5e_custom_description) by extension 'ros'
[0.377s] DEBUG:colcon.colcon_core.package_identification:Package 'src/ur5e_custom_description' with type 'ros.ament_cmake' and name 'ur5e_custom_description'
[0.377s] Level 1:colcon.colcon_core.package_identification:_identify(src/ur5e_moveit_config_custom) by extensions ['ignore', 'ignore_ament_install']
[0.377s] Level 1:colcon.colcon_core.package_identification:_identify(src/ur5e_moveit_config_custom) by extension 'ignore'
[0.377s] Level 1:colcon.colcon_core.package_identification:_identify(src/ur5e_moveit_config_custom) by extension 'ignore_ament_install'
[0.377s] Level 1:colcon.colcon_core.package_identification:_identify(src/ur5e_moveit_config_custom) by extensions ['colcon_pkg']
[0.377s] Level 1:colcon.colcon_core.package_identification:_identify(src/ur5e_moveit_config_custom) by extension 'colcon_pkg'
[0.377s] Level 1:colcon.colcon_core.package_identification:_identify(src/ur5e_moveit_config_custom) by extensions ['colcon_meta']
[0.377s] Level 1:colcon.colcon_core.package_identification:_identify(src/ur5e_moveit_config_custom) by extension 'colcon_meta'
[0.377s] Level 1:colcon.colcon_core.package_identification:_identify(src/ur5e_moveit_config_custom) by extensions ['ros']
[0.377s] Level 1:colcon.colcon_core.package_identification:_identify(src/ur5e_moveit_config_custom) by extension 'ros'
[0.378s] DEBUG:colcon.colcon_core.package_identification:Package 'src/ur5e_moveit_config_custom' with type 'ros.ament_cmake' and name 'ur5e_moveit_config_custom'
[0.378s] Level 1:colcon.colcon_core.package_discovery:discover_packages(recursive) using defaults
[0.378s] Level 1:colcon.colcon_core.package_discovery:discover_packages(ignore) discover
[0.378s] Level 1:colcon.colcon_core.package_discovery:discover_packages(ignore) using defaults
[0.378s] Level 1:colcon.colcon_core.package_discovery:discover_packages(path) discover
[0.379s] Level 1:colcon.colcon_core.package_discovery:discover_packages(path) using defaults
[0.403s] Level 1:colcon.colcon_core.package_discovery:discover_packages(prefix_path) check parameters
[0.404s] Level 1:colcon.colcon_core.package_discovery:discover_packages(prefix_path) discover
[0.406s] DEBUG:colcon.colcon_installed_package_information.package_discovery:Found 5 installed packages in /home/mtrn/MTRN4231_Project/install
[0.407s] DEBUG:colcon.colcon_installed_package_information.package_discovery:Found 351 installed packages in /opt/ros/humble
[0.409s] Level 1:colcon.colcon_core.package_discovery:discover_packages(prefix_path) using defaults
[0.460s] Level 5:colcon.colcon_core.verb:set package 'custom_interfaces' build argument 'cmake_args' from command line to 'None'
[0.460s] Level 5:colcon.colcon_core.verb:set package 'custom_interfaces' build argument 'cmake_target' from command line to 'None'
[0.460s] Level 5:colcon.colcon_core.verb:set package 'custom_interfaces' build argument 'cmake_target_skip_unavailable' from command line to 'False'
[0.460s] Level 5:colcon.colcon_core.verb:set package 'custom_interfaces' build argument 'cmake_clean_cache' from command line to 'False'
[0.460s] Level 5:colcon.colcon_core.verb:set package 'custom_interfaces' build argument 'cmake_clean_first' from command line to 'False'
[0.460s] Level 5:colcon.colcon_core.verb:set package 'custom_interfaces' build argument 'cmake_force_configure' from command line to 'False'
[0.460s] Level 5:colcon.colcon_core.verb:set package 'custom_interfaces' build argument 'ament_cmake_args' from command line to 'None'
[0.460s] Level 5:colcon.colcon_core.verb:set package 'custom_interfaces' build argument 'catkin_cmake_args' from command line to 'None'
[0.460s] Level 5:colcon.colcon_core.verb:set package 'custom_interfaces' build argument 'catkin_skip_building_tests' from command line to 'False'
[0.460s] DEBUG:colcon.colcon_core.verb:Building package 'custom_interfaces' with the following arguments: {'ament_cmake_args': None, 'build_base': '/home/mtrn/MTRN4231_Project/build/custom_interfaces', 'catkin_cmake_args': None, 'catkin_skip_building_tests': False, 'cmake_args': None, 'cmake_clean_cache': False, 'cmake_clean_first': False, 'cmake_force_configure': False, 'cmake_target': None, 'cmake_target_skip_unavailable': False, 'install_base': '/home/mtrn/MTRN4231_Project/install/custom_interfaces', 'merge_install': False, 'path': '/home/mtrn/MTRN4231_Project/src/custom_interfaces', 'symlink_install': False, 'test_result_base': None}
[0.461s] Level 5:colcon.colcon_core.verb:set package 'end_effector_description' build argument 'cmake_args' from command line to 'None'
[0.461s] Level 5:colcon.colcon_core.verb:set package 'end_effector_description' build argument 'cmake_target' from command line to 'None'
[0.461s] Level 5:colcon.colcon_core.verb:set package 'end_effector_description' build argument 'cmake_target_skip_unavailable' from command line to 'False'
[0.461s] Level 5:colcon.colcon_core.verb:set package 'end_effector_description' build argument 'cmake_clean_cache' from command line to 'False'
[0.461s] Level 5:colcon.colcon_core.verb:set package 'end_effector_description' build argument 'cmake_clean_first' from command line to 'False'
[0.461s] Level 5:colcon.colcon_core.verb:set package 'end_effector_description' build argument 'cmake_force_configure' from command line to 'False'
[0.461s] Level 5:colcon.colcon_core.verb:set package 'end_effector_description' build argument 'ament_cmake_args' from command line to 'None'
[0.461s] Level 5:colcon.colcon_core.verb:set package 'end_effector_description' build argument 'catkin_cmake_args' from command line to 'None'
[0.461s] Level 5:colcon.colcon_core.verb:set package 'end_effector_description' build argument 'catkin_skip_building_tests' from command line to 'False'
[0.461s] DEBUG:colcon.colcon_core.verb:Building package 'end_effector_description' with the following arguments: {'ament_cmake_args': None, 'build_base': '/home/mtrn/MTRN4231_Project/build/end_effector_description', 'catkin_cmake_args': None, 'catkin_skip_building_tests': False, 'cmake_args': None, 'cmake_clean_cache': False, 'cmake_clean_first': False, 'cmake_force_configure': False, 'cmake_target': None, 'cmake_target_skip_unavailable': False, 'install_base': '/home/mtrn/MTRN4231_Project/install/end_effector_description', 'merge_install': False, 'path': '/home/mtrn/MTRN4231_Project/src/end_effector_description', 'symlink_install': False, 'test_result_base': None}
[0.461s] Level 5:colcon.colcon_core.verb:set package 'ur5e_moveit_config_custom' build argument 'cmake_args' from command line to 'None'
[0.461s] Level 5:colcon.colcon_core.verb:set package 'ur5e_moveit_config_custom' build argument 'cmake_target' from command line to 'None'
[0.461s] Level 5:colcon.colcon_core.verb:set package 'ur5e_moveit_config_custom' build argument 'cmake_target_skip_unavailable' from command line to 'False'
[0.462s] Level 5:colcon.colcon_core.verb:set package 'ur5e_moveit_config_custom' build argument 'cmake_clean_cache' from command line to 'False'
[0.462s] Level 5:colcon.colcon_core.verb:set package 'ur5e_moveit_config_custom' build argument 'cmake_clean_first' from command line to 'False'
[0.462s] Level 5:colcon.colcon_core.verb:set package 'ur5e_moveit_config_custom' build argument 'cmake_force_configure' from command line to 'False'
[0.462s] Level 5:colcon.colcon_core.verb:set package 'ur5e_moveit_config_custom' build argument 'ament_cmake_args' from command line to 'None'
[0.462s] Level 5:colcon.colcon_core.verb:set package 'ur5e_moveit_config_custom' build argument 'catkin_cmake_args' from command line to 'None'
[0.462s] Level 5:colcon.colcon_core.verb:set package 'ur5e_moveit_config_custom' build argument 'catkin_skip_building_tests' from command line to 'False'
[0.462s] DEBUG:colcon.colcon_core.verb:Building package 'ur5e_moveit_config_custom' with the following arguments: {'ament_cmake_args': None, 'build_base': '/home/mtrn/MTRN4231_Project/build/ur5e_moveit_config_custom', 'catkin_cmake_args': None, 'catkin_skip_building_tests': False, 'cmake_args': None, 'cmake_clean_cache': False, 'cmake_clean_first': False, 'cmake_force_configure': False, 'cmake_target': None, 'cmake_target_skip_unavailable': False, 'install_base': '/home/mtrn/MTRN4231_Project/install/ur5e_moveit_config_custom', 'merge_install': False, 'path': '/home/mtrn/MTRN4231_Project/src/ur5e_moveit_config_custom', 'symlink_install': False, 'test_result_base': None}
[0.462s] Level 5:colcon.colcon_core.verb:set package 'arm_controller' build argument 'cmake_args' from command line to 'None'
[0.462s] Level 5:colcon.colcon_core.verb:set package 'arm_controller' build argument 'cmake_target' from command line to 'None'
[0.462s] Level 5:colcon.colcon_core.verb:set package 'arm_controller' build argument 'cmake_target_skip_unavailable' from command line to 'False'
[0.462s] Level 5:colcon.colcon_core.verb:set package 'arm_controller' build argument 'cmake_clean_cache' from command line to 'False'
[0.462s] Level 5:colcon.colcon_core.verb:set package 'arm_controller' build argument 'cmake_clean_first' from command line to 'False'
[0.462s] Level 5:colcon.colcon_core.verb:set package 'arm_controller' build argument 'cmake_force_configure' from command line to 'False'
[0.462s] Level 5:colcon.colcon_core.verb:set package 'arm_controller' build argument 'ament_cmake_args' from command line to 'None'
[0.462s] Level 5:colcon.colcon_core.verb:set package 'arm_controller' build argument 'catkin_cmake_args' from command line to 'None'
[0.462s] Level 5:colcon.colcon_core.verb:set package 'arm_controller' build argument 'catkin_skip_building_tests' from command line to 'False'
[0.462s] DEBUG:colcon.colcon_core.verb:Building package 'arm_controller' with the following arguments: {'ament_cmake_args': None, 'build_base': '/home/mtrn/MTRN4231_Project/build/arm_controller', 'catkin_cmake_args': None, 'catkin_skip_building_tests': False, 'cmake_args': None, 'cmake_clean_cache': False, 'cmake_clean_first': False, 'cmake_force_configure': False, 'cmake_target': None, 'cmake_target_skip_unavailable': False, 'install_base': '/home/mtrn/MTRN4231_Project/install/arm_controller', 'merge_install': False, 'path': '/home/mtrn/MTRN4231_Project/src/arm_controller', 'symlink_install': False, 'test_result_base': None}
[0.463s] Level 5:colcon.colcon_core.verb:set package 'ur5e_custom_description' build argument 'cmake_args' from command line to 'None'
[0.463s] Level 5:colcon.colcon_core.verb:set package 'ur5e_custom_description' build argument 'cmake_target' from command line to 'None'
[0.463s] Level 5:colcon.colcon_core.verb:set package 'ur5e_custom_description' build argument 'cmake_target_skip_unavailable' from command line to 'False'
[0.463s] Level 5:colcon.colcon_core.verb:set package 'ur5e_custom_description' build argument 'cmake_clean_cache' from command line to 'False'
[0.463s] Level 5:colcon.colcon_core.verb:set package 'ur5e_custom_description' build argument 'cmake_clean_first' from command line to 'False'
[0.463s] Level 5:colcon.colcon_core.verb:set package 'ur5e_custom_description' build argument 'cmake_force_configure' from command line to 'False'
[0.463s] Level 5:colcon.colcon_core.verb:set package 'ur5e_custom_description' build argument 'ament_cmake_args' from command line to 'None'
[0.463s] Level 5:colcon.colcon_core.verb:set package 'ur5e_custom_description' build argument 'catkin_cmake_args' from command line to 'None'
[0.463s] Level 5:colcon.colcon_core.verb:set package 'ur5e_custom_description' build argument 'catkin_skip_building_tests' from command line to 'False'
[0.463s] DEBUG:colcon.colcon_core.verb:Building package 'ur5e_custom_description' with the following arguments: {'ament_cmake_args': None, 'build_base': '/home/mtrn/MTRN4231_Project/build/ur5e_custom_description', 'catkin_cmake_args': None, 'catkin_skip_building_tests': False, 'cmake_args': None, 'cmake_clean_cache': False, 'cmake_clean_first': False, 'cmake_force_configure': False, 'cmake_target': None, 'cmake_target_skip_unavailable': False, 'install_base': '/home/mtrn/MTRN4231_Project/install/ur5e_custom_description', 'merge_install': False, 'path': '/home/mtrn/MTRN4231_Project/src/ur5e_custom_description', 'symlink_install': False, 'test_result_base': None}
[0.463s] INFO:colcon.colcon_core.executor:Executing jobs using 'parallel' executor
[0.465s] DEBUG:colcon.colcon_parallel_executor.executor.parallel:run_until_complete
[0.466s] INFO:colcon.colcon_ros.task.ament_cmake.build:Building ROS package in '/home/mtrn/MTRN4231_Project/src/custom_interfaces' with build type 'ament_cmake'
[0.466s] INFO:colcon.colcon_cmake.task.cmake.build:Building CMake package in '/home/mtrn/MTRN4231_Project/src/custom_interfaces'
[0.468s] INFO:colcon.colcon_core.plugin_system:Skipping extension 'colcon_core.shell.bat': Not used on non-Windows systems
[0.468s] INFO:colcon.colcon_core.shell:Skip shell extension 'powershell' for command environment: Not usable outside of PowerShell
[0.468s] DEBUG:colcon.colcon_core.shell:Skip shell extension 'dsv' for command environment
[0.471s] INFO:colcon.colcon_ros.task.ament_cmake.build:Building ROS package in '/home/mtrn/MTRN4231_Project/src/end_effector_description' with build type 'ament_cmake'
[0.472s] INFO:colcon.colcon_cmake.task.cmake.build:Building CMake package in '/home/mtrn/MTRN4231_Project/src/end_effector_description'
[0.472s] INFO:colcon.colcon_core.shell:Skip shell extension 'powershell' for command environment: Not usable outside of PowerShell
[0.472s] DEBUG:colcon.colcon_core.shell:Skip shell extension 'dsv' for command environment
[0.475s] INFO:colcon.colcon_ros.task.ament_cmake.build:Building ROS package in '/home/mtrn/MTRN4231_Project/src/ur5e_moveit_config_custom' with build type 'ament_cmake'
[0.475s] INFO:colcon.colcon_cmake.task.cmake.build:Building CMake package in '/home/mtrn/MTRN4231_Project/src/ur5e_moveit_config_custom'
[0.475s] INFO:colcon.colcon_core.shell:Skip shell extension 'powershell' for command environment: Not usable outside of PowerShell
[0.475s] DEBUG:colcon.colcon_core.shell:Skip shell extension 'dsv' for command environment
[0.494s] DEBUG:colcon.colcon_core.event_handler.log_command:Invoking command in '/home/mtrn/MTRN4231_Project/build/custom_interfaces': CMAKE_PREFIX_PATH=${CMAKE_PREFIX_PATH}:/opt/ros/humble /home/mtrn/.local/bin/cmake --build /home/mtrn/MTRN4231_Project/build/custom_interfaces -- -j20 -l20
[0.506s] DEBUG:colcon.colcon_core.event_handler.log_command:Invoking command in '/home/mtrn/MTRN4231_Project/build/end_effector_description': CMAKE_PREFIX_PATH=${CMAKE_PREFIX_PATH}:/opt/ros/humble /home/mtrn/.local/bin/cmake --build /home/mtrn/MTRN4231_Project/build/end_effector_description -- -j20 -l20
[0.512s] DEBUG:colcon.colcon_core.event_handler.log_command:Invoking command in '/home/mtrn/MTRN4231_Project/build/ur5e_moveit_config_custom': CMAKE_PREFIX_PATH=${CMAKE_PREFIX_PATH}:/opt/ros/humble /home/mtrn/.local/bin/cmake --build /home/mtrn/MTRN4231_Project/build/ur5e_moveit_config_custom -- -j20 -l20
[0.567s] DEBUG:colcon.colcon_core.event_handler.log_command:Invoked command in '/home/mtrn/MTRN4231_Project/build/end_effector_description' returned '0': CMAKE_PREFIX_PATH=${CMAKE_PREFIX_PATH}:/opt/ros/humble /home/mtrn/.local/bin/cmake --build /home/mtrn/MTRN4231_Project/build/end_effector_description -- -j20 -l20
[0.667s] DEBUG:colcon.colcon_core.event_handler.log_command:Invoking command in '/home/mtrn/MTRN4231_Project/build/end_effector_description': CMAKE_PREFIX_PATH=${CMAKE_PREFIX_PATH}:/opt/ros/humble /home/mtrn/.local/bin/cmake --install /home/mtrn/MTRN4231_Project/build/end_effector_description
[0.710s] Level 1:colcon.colcon_core.environment:create_environment_scripts_only(end_effector_description)
[0.714s] DEBUG:colcon.colcon_core.event_handler.log_command:Invoked command in '/home/mtrn/MTRN4231_Project/build/end_effector_description' returned '0': CMAKE_PREFIX_PATH=${CMAKE_PREFIX_PATH}:/opt/ros/humble /home/mtrn/.local/bin/cmake --install /home/mtrn/MTRN4231_Project/build/end_effector_description
[0.717s] Level 1:colcon.colcon_core.environment:checking '/home/mtrn/MTRN4231_Project/install/end_effector_description' for CMake module files
[0.718s] Level 1:colcon.colcon_core.environment:checking '/home/mtrn/MTRN4231_Project/install/end_effector_description' for CMake config files
[0.721s] Level 1:colcon.colcon_core.shell:create_environment_hook('end_effector_description', 'cmake_prefix_path')
[0.721s] INFO:colcon.colcon_core.shell:Creating environment hook '/home/mtrn/MTRN4231_Project/install/end_effector_description/share/end_effector_description/hook/cmake_prefix_path.ps1'
[0.723s] INFO:colcon.colcon_core.shell:Creating environment descriptor '/home/mtrn/MTRN4231_Project/install/end_effector_description/share/end_effector_description/hook/cmake_prefix_path.dsv'
[0.723s] INFO:colcon.colcon_core.shell:Creating environment hook '/home/mtrn/MTRN4231_Project/install/end_effector_description/share/end_effector_description/hook/cmake_prefix_path.sh'
[0.724s] Level 1:colcon.colcon_core.environment:checking '/home/mtrn/MTRN4231_Project/install/end_effector_description/bin'
[0.724s] Level 1:colcon.colcon_core.environment:checking '/home/mtrn/MTRN4231_Project/install/end_effector_description/lib/pkgconfig/end_effector_description.pc'
[0.725s] Level 1:colcon.colcon_core.environment:checking '/home/mtrn/MTRN4231_Project/install/end_effector_description/lib/python3.10/site-packages'
[0.725s] Level 1:colcon.colcon_core.environment:checking '/home/mtrn/MTRN4231_Project/install/end_effector_description/bin'
[0.725s] INFO:colcon.colcon_core.shell:Creating package script '/home/mtrn/MTRN4231_Project/install/end_effector_description/share/end_effector_description/package.ps1'
[0.726s] INFO:colcon.colcon_core.shell:Creating package descriptor '/home/mtrn/MTRN4231_Project/install/end_effector_description/share/end_effector_description/package.dsv'
[0.727s] INFO:colcon.colcon_core.shell:Creating package script '/home/mtrn/MTRN4231_Project/install/end_effector_description/share/end_effector_description/package.sh'
[0.728s] INFO:colcon.colcon_core.shell:Creating package script '/home/mtrn/MTRN4231_Project/install/end_effector_description/share/end_effector_description/package.bash'
[0.729s] INFO:colcon.colcon_core.shell:Creating package script '/home/mtrn/MTRN4231_Project/install/end_effector_description/share/end_effector_description/package.zsh'
[0.730s] Level 1:colcon.colcon_core.environment:create_file_with_runtime_dependencies(/home/mtrn/MTRN4231_Project/install/end_effector_description/share/colcon-core/packages/end_effector_description)
[0.777s] Level 1:colcon.colcon_core.environment:create_environment_scripts_only(end_effector_description)
[0.778s] Level 1:colcon.colcon_core.environment:checking '/home/mtrn/MTRN4231_Project/install/end_effector_description' for CMake module files
[0.778s] Level 1:colcon.colcon_core.environment:checking '/home/mtrn/MTRN4231_Project/install/end_effector_description' for CMake config files
[0.778s] Level 1:colcon.colcon_core.shell:create_environment_hook('end_effector_description', 'cmake_prefix_path')
[0.779s] INFO:colcon.colcon_core.shell:Creating environment hook '/home/mtrn/MTRN4231_Project/install/end_effector_description/share/end_effector_description/hook/cmake_prefix_path.ps1'
[0.779s] INFO:colcon.colcon_core.shell:Creating environment descriptor '/home/mtrn/MTRN4231_Project/install/end_effector_description/share/end_effector_description/hook/cmake_prefix_path.dsv'
[0.780s] INFO:colcon.colcon_core.shell:Creating environment hook '/home/mtrn/MTRN4231_Project/install/end_effector_description/share/end_effector_description/hook/cmake_prefix_path.sh'
[0.781s] Level 1:colcon.colcon_core.environment:checking '/home/mtrn/MTRN4231_Project/install/end_effector_description/bin'
[0.781s] Level 1:colcon.colcon_core.environment:checking '/home/mtrn/MTRN4231_Project/install/end_effector_description/lib/pkgconfig/end_effector_description.pc'
[0.781s] Level 1:colcon.colcon_core.environment:checking '/home/mtrn/MTRN4231_Project/install/end_effector_description/lib/python3.10/site-packages'
[0.782s] Level 1:colcon.colcon_core.environment:checking '/home/mtrn/MTRN4231_Project/install/end_effector_description/bin'
[0.782s] INFO:colcon.colcon_core.shell:Creating package script '/home/mtrn/MTRN4231_Project/install/end_effector_description/share/end_effector_description/package.ps1'
[0.783s] INFO:colcon.colcon_core.shell:Creating package descriptor '/home/mtrn/MTRN4231_Project/install/end_effector_description/share/end_effector_description/package.dsv'
[0.784s] INFO:colcon.colcon_core.shell:Creating package script '/home/mtrn/MTRN4231_Project/install/end_effector_description/share/end_effector_description/package.sh'
[0.784s] INFO:colcon.colcon_core.shell:Creating package script '/home/mtrn/MTRN4231_Project/install/end_effector_description/share/end_effector_description/package.bash'
[0.785s] INFO:colcon.colcon_core.shell:Creating package script '/home/mtrn/MTRN4231_Project/install/end_effector_description/share/end_effector_description/package.zsh'
[0.785s] Level 1:colcon.colcon_core.environment:create_file_with_runtime_dependencies(/home/mtrn/MTRN4231_Project/install/end_effector_description/share/colcon-core/packages/end_effector_description)
[0.786s] INFO:colcon.colcon_ros.task.ament_cmake.build:Building ROS package in '/home/mtrn/MTRN4231_Project/src/ur5e_custom_description' with build type 'ament_cmake'
[0.786s] INFO:colcon.colcon_cmake.task.cmake.build:Building CMake package in '/home/mtrn/MTRN4231_Project/src/ur5e_custom_description'
[0.786s] INFO:colcon.colcon_core.shell:Skip shell extension 'powershell' for command environment: Not usable outside of PowerShell
[0.786s] DEBUG:colcon.colcon_core.shell:Skip shell extension 'dsv' for command environment
[0.809s] DEBUG:colcon.colcon_core.event_handler.log_command:Invoking command in '/home/mtrn/MTRN4231_Project/build/ur5e_custom_description': CMAKE_PREFIX_PATH=/home/mtrn/MTRN4231_Project/install/end_effector_description:/home/mtrn/MTRN4231_Project/install/ur5e_moveit_config_custom:/home/mtrn/MTRN4231_Project/install/ur5e_custom_description:/home/mtrn/MTRN4231_Project/install/arm_controller:/home/mtrn/MTRN4231_Project/install/custom_interfaces:/opt/ros/humble /home/mtrn/.local/bin/cmake --build /home/mtrn/MTRN4231_Project/build/ur5e_custom_description -- -j20 -l20
[0.883s] DEBUG:colcon.colcon_core.event_handler.log_command:Invoked command in '/home/mtrn/MTRN4231_Project/build/ur5e_custom_description' returned '0': CMAKE_PREFIX_PATH=/home/mtrn/MTRN4231_Project/install/end_effector_description:/home/mtrn/MTRN4231_Project/install/ur5e_moveit_config_custom:/home/mtrn/MTRN4231_Project/install/ur5e_custom_description:/home/mtrn/MTRN4231_Project/install/arm_controller:/home/mtrn/MTRN4231_Project/install/custom_interfaces:/opt/ros/humble /home/mtrn/.local/bin/cmake --build /home/mtrn/MTRN4231_Project/build/ur5e_custom_description -- -j20 -l20
[0.955s] DEBUG:colcon.colcon_core.event_handler.log_command:Invoking command in '/home/mtrn/MTRN4231_Project/build/ur5e_custom_description': CMAKE_PREFIX_PATH=/home/mtrn/MTRN4231_Project/install/end_effector_description:/home/mtrn/MTRN4231_Project/install/ur5e_moveit_config_custom:/home/mtrn/MTRN4231_Project/install/ur5e_custom_description:/home/mtrn/MTRN4231_Project/install/arm_controller:/home/mtrn/MTRN4231_Project/install/custom_interfaces:/opt/ros/humble /home/mtrn/.local/bin/cmake --install /home/mtrn/MTRN4231_Project/build/ur5e_custom_description
[0.965s] DEBUG:colcon.colcon_core.event_handler.log_command:Invoked command in '/home/mtrn/MTRN4231_Project/build/ur5e_moveit_config_custom' returned '0': CMAKE_PREFIX_PATH=${CMAKE_PREFIX_PATH}:/opt/ros/humble /home/mtrn/.local/bin/cmake --build /home/mtrn/MTRN4231_Project/build/ur5e_moveit_config_custom -- -j20 -l20
[0.969s] DEBUG:colcon.colcon_core.event_handler.log_command:Invoked command in '/home/mtrn/MTRN4231_Project/build/custom_interfaces' returned '0': CMAKE_PREFIX_PATH=${CMAKE_PREFIX_PATH}:/opt/ros/humble /home/mtrn/.local/bin/cmake --build /home/mtrn/MTRN4231_Project/build/custom_interfaces -- -j20 -l20
[1.005s] Level 1:colcon.colcon_core.environment:create_environment_scripts_only(ur5e_custom_description)
[1.006s] Level 1:colcon.colcon_core.environment:checking '/home/mtrn/MTRN4231_Project/install/ur5e_custom_description' for CMake module files
[1.007s] DEBUG:colcon.colcon_core.event_handler.log_command:Invoked command in '/home/mtrn/MTRN4231_Project/build/ur5e_custom_description' returned '0': CMAKE_PREFIX_PATH=/home/mtrn/MTRN4231_Project/install/end_effector_description:/home/mtrn/MTRN4231_Project/install/ur5e_moveit_config_custom:/home/mtrn/MTRN4231_Project/install/ur5e_custom_description:/home/mtrn/MTRN4231_Project/install/arm_controller:/home/mtrn/MTRN4231_Project/install/custom_interfaces:/opt/ros/humble /home/mtrn/.local/bin/cmake --install /home/mtrn/MTRN4231_Project/build/ur5e_custom_description
[1.007s] Level 1:colcon.colcon_core.environment:checking '/home/mtrn/MTRN4231_Project/install/ur5e_custom_description' for CMake config files
[1.008s] Level 1:colcon.colcon_core.shell:create_environment_hook('ur5e_custom_description', 'cmake_prefix_path')
[1.008s] INFO:colcon.colcon_core.shell:Creating environment hook '/home/mtrn/MTRN4231_Project/install/ur5e_custom_description/share/ur5e_custom_description/hook/cmake_prefix_path.ps1'
[1.008s] INFO:colcon.colcon_core.shell:Creating environment descriptor '/home/mtrn/MTRN4231_Project/install/ur5e_custom_description/share/ur5e_custom_description/hook/cmake_prefix_path.dsv'
[1.009s] INFO:colcon.colcon_core.shell:Creating environment hook '/home/mtrn/MTRN4231_Project/install/ur5e_custom_description/share/ur5e_custom_description/hook/cmake_prefix_path.sh'
[1.009s] Level 1:colcon.colcon_core.environment:checking '/home/mtrn/MTRN4231_Project/install/ur5e_custom_description/bin'
[1.009s] Level 1:colcon.colcon_core.environment:checking '/home/mtrn/MTRN4231_Project/install/ur5e_custom_description/lib/pkgconfig/ur5e_custom_description.pc'
[1.010s] Level 1:colcon.colcon_core.environment:checking '/home/mtrn/MTRN4231_Project/install/ur5e_custom_description/lib/python3.10/site-packages'
[1.010s] Level 1:colcon.colcon_core.environment:checking '/home/mtrn/MTRN4231_Project/install/ur5e_custom_description/bin'
[1.010s] INFO:colcon.colcon_core.shell:Creating package script '/home/mtrn/MTRN4231_Project/install/ur5e_custom_description/share/ur5e_custom_description/package.ps1'
[1.010s] INFO:colcon.colcon_core.shell:Creating package descriptor '/home/mtrn/MTRN4231_Project/install/ur5e_custom_description/share/ur5e_custom_description/package.dsv'
[1.011s] INFO:colcon.colcon_core.shell:Creating package script '/home/mtrn/MTRN4231_Project/install/ur5e_custom_description/share/ur5e_custom_description/package.sh'
[1.011s] INFO:colcon.colcon_core.shell:Creating package script '/home/mtrn/MTRN4231_Project/install/ur5e_custom_description/share/ur5e_custom_description/package.bash'
[1.012s] INFO:colcon.colcon_core.shell:Creating package script '/home/mtrn/MTRN4231_Project/install/ur5e_custom_description/share/ur5e_custom_description/package.zsh'
[1.012s] Level 1:colcon.colcon_core.environment:create_file_with_runtime_dependencies(/home/mtrn/MTRN4231_Project/install/ur5e_custom_description/share/colcon-core/packages/ur5e_custom_description)
[1.023s] DEBUG:colcon.colcon_core.event_handler.log_command:Invoking command in '/home/mtrn/MTRN4231_Project/build/ur5e_moveit_config_custom': CMAKE_PREFIX_PATH=${CMAKE_PREFIX_PATH}:/opt/ros/humble /home/mtrn/.local/bin/cmake --install /home/mtrn/MTRN4231_Project/build/ur5e_moveit_config_custom
[1.067s] Level 1:colcon.colcon_core.environment:create_environment_scripts_only(ur5e_custom_description)
[1.067s] Level 1:colcon.colcon_core.environment:checking '/home/mtrn/MTRN4231_Project/install/ur5e_custom_description' for CMake module files
[1.068s] Level 1:colcon.colcon_core.environment:checking '/home/mtrn/MTRN4231_Project/install/ur5e_custom_description' for CMake config files
[1.069s] Level 1:colcon.colcon_core.shell:create_environment_hook('ur5e_custom_description', 'cmake_prefix_path')
[1.070s] INFO:colcon.colcon_core.shell:Creating environment hook '/home/mtrn/MTRN4231_Project/install/ur5e_custom_description/share/ur5e_custom_description/hook/cmake_prefix_path.ps1'
[1.072s] INFO:colcon.colcon_core.shell:Creating environment descriptor '/home/mtrn/MTRN4231_Project/install/ur5e_custom_description/share/ur5e_custom_description/hook/cmake_prefix_path.dsv'
[1.074s] INFO:colcon.colcon_core.shell:Creating environment hook '/home/mtrn/MTRN4231_Project/install/ur5e_custom_description/share/ur5e_custom_description/hook/cmake_prefix_path.sh'
[1.075s] Level 1:colcon.colcon_core.environment:checking '/home/mtrn/MTRN4231_Project/install/ur5e_custom_description/bin'
[1.075s] Level 1:colcon.colcon_core.environment:checking '/home/mtrn/MTRN4231_Project/install/ur5e_custom_description/lib/pkgconfig/ur5e_custom_description.pc'
[1.076s] Level 1:colcon.colcon_core.environment:checking '/home/mtrn/MTRN4231_Project/install/ur5e_custom_description/lib/python3.10/site-packages'
[1.076s] Level 1:colcon.colcon_core.environment:checking '/home/mtrn/MTRN4231_Project/install/ur5e_custom_description/bin'
[1.076s] INFO:colcon.colcon_core.shell:Creating package script '/home/mtrn/MTRN4231_Project/install/ur5e_custom_description/share/ur5e_custom_description/package.ps1'
[1.077s] INFO:colcon.colcon_core.shell:Creating package descriptor '/home/mtrn/MTRN4231_Project/install/ur5e_custom_description/share/ur5e_custom_description/package.dsv'
[1.077s] INFO:colcon.colcon_core.shell:Creating package script '/home/mtrn/MTRN4231_Project/install/ur5e_custom_description/share/ur5e_custom_description/package.sh'
[1.078s] INFO:colcon.colcon_core.shell:Creating package script '/home/mtrn/MTRN4231_Project/install/ur5e_custom_description/share/ur5e_custom_description/package.bash'
[1.079s] INFO:colcon.colcon_core.shell:Creating package script '/home/mtrn/MTRN4231_Project/install/ur5e_custom_description/share/ur5e_custom_description/package.zsh'
[1.079s] Level 1:colcon.colcon_core.environment:create_file_with_runtime_dependencies(/home/mtrn/MTRN4231_Project/install/ur5e_custom_description/share/colcon-core/packages/ur5e_custom_description)
[1.111s] DEBUG:colcon.colcon_core.event_handler.log_command:Invoking command in '/home/mtrn/MTRN4231_Project/build/custom_interfaces': CMAKE_PREFIX_PATH=${CMAKE_PREFIX_PATH}:/opt/ros/humble /home/mtrn/.local/bin/cmake --install /home/mtrn/MTRN4231_Project/build/custom_interfaces
[1.169s] Level 1:colcon.colcon_core.environment:create_environment_scripts_only(ur5e_moveit_config_custom)
[1.169s] Level 1:colcon.colcon_core.environment:checking '/home/mtrn/MTRN4231_Project/install/ur5e_moveit_config_custom' for CMake module files
[1.170s] DEBUG:colcon.colcon_core.event_handler.log_command:Invoked command in '/home/mtrn/MTRN4231_Project/build/ur5e_moveit_config_custom' returned '0': CMAKE_PREFIX_PATH=${CMAKE_PREFIX_PATH}:/opt/ros/humble /home/mtrn/.local/bin/cmake --install /home/mtrn/MTRN4231_Project/build/ur5e_moveit_config_custom
[1.170s] Level 1:colcon.colcon_core.environment:checking '/home/mtrn/MTRN4231_Project/install/ur5e_moveit_config_custom' for CMake config files
[1.170s] Level 1:colcon.colcon_core.shell:create_environment_hook('ur5e_moveit_config_custom', 'cmake_prefix_path')
[1.171s] INFO:colcon.colcon_core.shell:Creating environment hook '/home/mtrn/MTRN4231_Project/install/ur5e_moveit_config_custom/share/ur5e_moveit_config_custom/hook/cmake_prefix_path.ps1'
[1.171s] INFO:colcon.colcon_core.shell:Creating environment descriptor '/home/mtrn/MTRN4231_Project/install/ur5e_moveit_config_custom/share/ur5e_moveit_config_custom/hook/cmake_prefix_path.dsv'
[1.172s] INFO:colcon.colcon_core.shell:Creating environment hook '/home/mtrn/MTRN4231_Project/install/ur5e_moveit_config_custom/share/ur5e_moveit_config_custom/hook/cmake_prefix_path.sh'
[1.172s] Level 1:colcon.colcon_core.environment:checking '/home/mtrn/MTRN4231_Project/install/ur5e_moveit_config_custom/bin'
[1.172s] Level 1:colcon.colcon_core.environment:checking '/home/mtrn/MTRN4231_Project/install/ur5e_moveit_config_custom/lib/pkgconfig/ur5e_moveit_config_custom.pc'
[1.172s] Level 1:colcon.colcon_core.environment:checking '/home/mtrn/MTRN4231_Project/install/ur5e_moveit_config_custom/lib/python3.10/site-packages'
[1.173s] Level 1:colcon.colcon_core.environment:checking '/home/mtrn/MTRN4231_Project/install/ur5e_moveit_config_custom/bin'
[1.173s] INFO:colcon.colcon_core.shell:Creating package script '/home/mtrn/MTRN4231_Project/install/ur5e_moveit_config_custom/share/ur5e_moveit_config_custom/package.ps1'
[1.173s] INFO:colcon.colcon_core.shell:Creating package descriptor '/home/mtrn/MTRN4231_Project/install/ur5e_moveit_config_custom/share/ur5e_moveit_config_custom/package.dsv'
[1.174s] INFO:colcon.colcon_core.shell:Creating package script '/home/mtrn/MTRN4231_Project/install/ur5e_moveit_config_custom/share/ur5e_moveit_config_custom/package.sh'
[1.174s] INFO:colcon.colcon_core.shell:Creating package script '/home/mtrn/MTRN4231_Project/install/ur5e_moveit_config_custom/share/ur5e_moveit_config_custom/package.bash'
[1.175s] INFO:colcon.colcon_core.shell:Creating package script '/home/mtrn/MTRN4231_Project/install/ur5e_moveit_config_custom/share/ur5e_moveit_config_custom/package.zsh'
[1.175s] Level 1:colcon.colcon_core.environment:create_file_with_runtime_dependencies(/home/mtrn/MTRN4231_Project/install/ur5e_moveit_config_custom/share/colcon-core/packages/ur5e_moveit_config_custom)
[1.210s] Level 1:colcon.colcon_core.environment:create_environment_scripts_only(custom_interfaces)
[1.211s] Level 1:colcon.colcon_core.environment:checking '/home/mtrn/MTRN4231_Project/install/custom_interfaces' for CMake module files
[1.213s] Level 1:colcon.colcon_core.environment:checking '/home/mtrn/MTRN4231_Project/install/custom_interfaces' for CMake config files
[1.215s] DEBUG:colcon.colcon_core.event_handler.log_command:Invoked command in '/home/mtrn/MTRN4231_Project/build/custom_interfaces' returned '0': CMAKE_PREFIX_PATH=${CMAKE_PREFIX_PATH}:/opt/ros/humble /home/mtrn/.local/bin/cmake --install /home/mtrn/MTRN4231_Project/build/custom_interfaces
[1.215s] Level 1:colcon.colcon_core.shell:create_environment_hook('custom_interfaces', 'cmake_prefix_path')
[1.216s] INFO:colcon.colcon_core.shell:Creating environment hook '/home/mtrn/MTRN4231_Project/install/custom_interfaces/share/custom_interfaces/hook/cmake_prefix_path.ps1'
[1.216s] INFO:colcon.colcon_core.shell:Creating environment descriptor '/home/mtrn/MTRN4231_Project/install/custom_interfaces/share/custom_interfaces/hook/cmake_prefix_path.dsv'
[1.217s] INFO:colcon.colcon_core.shell:Creating environment hook '/home/mtrn/MTRN4231_Project/install/custom_interfaces/share/custom_interfaces/hook/cmake_prefix_path.sh'
[1.217s] Level 1:colcon.colcon_core.environment:checking '/home/mtrn/MTRN4231_Project/install/custom_interfaces/lib'
[1.218s] Level 1:colcon.colcon_core.shell:create_environment_hook('custom_interfaces', 'ld_library_path_lib')
[1.218s] INFO:colcon.colcon_core.shell:Creating environment hook '/home/mtrn/MTRN4231_Project/install/custom_interfaces/share/custom_interfaces/hook/ld_library_path_lib.ps1'
[1.218s] INFO:colcon.colcon_core.shell:Creating environment descriptor '/home/mtrn/MTRN4231_Project/install/custom_interfaces/share/custom_interfaces/hook/ld_library_path_lib.dsv'
[1.219s] INFO:colcon.colcon_core.shell:Creating environment hook '/home/mtrn/MTRN4231_Project/install/custom_interfaces/share/custom_interfaces/hook/ld_library_path_lib.sh'
[1.219s] Level 1:colcon.colcon_core.environment:checking '/home/mtrn/MTRN4231_Project/install/custom_interfaces/bin'
[1.219s] Level 1:colcon.colcon_core.environment:checking '/home/mtrn/MTRN4231_Project/install/custom_interfaces/lib/pkgconfig/custom_interfaces.pc'
[1.220s] Level 1:colcon.colcon_core.environment:checking '/home/mtrn/MTRN4231_Project/install/custom_interfaces/lib/python3.10/site-packages'
[1.220s] Level 1:colcon.colcon_core.environment:checking '/home/mtrn/MTRN4231_Project/install/custom_interfaces/bin'
[1.220s] INFO:colcon.colcon_core.shell:Creating package script '/home/mtrn/MTRN4231_Project/install/custom_interfaces/share/custom_interfaces/package.ps1'
[1.221s] INFO:colcon.colcon_core.shell:Creating package descriptor '/home/mtrn/MTRN4231_Project/install/custom_interfaces/share/custom_interfaces/package.dsv'
[1.221s] INFO:colcon.colcon_core.shell:Creating package script '/home/mtrn/MTRN4231_Project/install/custom_interfaces/share/custom_interfaces/package.sh'
[1.222s] INFO:colcon.colcon_core.shell:Creating package script '/home/mtrn/MTRN4231_Project/install/custom_interfaces/share/custom_interfaces/package.bash'
[1.222s] INFO:colcon.colcon_core.shell:Creating package script '/home/mtrn/MTRN4231_Project/install/custom_interfaces/share/custom_interfaces/package.zsh'
[1.222s] Level 1:colcon.colcon_core.environment:create_file_with_runtime_dependencies(/home/mtrn/MTRN4231_Project/install/custom_interfaces/share/colcon-core/packages/custom_interfaces)
[1.229s] Level 1:colcon.colcon_core.environment:create_environment_scripts_only(ur5e_moveit_config_custom)
[1.229s] Level 1:colcon.colcon_core.environment:checking '/home/mtrn/MTRN4231_Project/install/ur5e_moveit_config_custom' for CMake module files
[1.230s] Level 1:colcon.colcon_core.environment:checking '/home/mtrn/MTRN4231_Project/install/ur5e_moveit_config_custom' for CMake config files
[1.230s] Level 1:colcon.colcon_core.shell:create_environment_hook('ur5e_moveit_config_custom', 'cmake_prefix_path')
[1.231s] INFO:colcon.colcon_core.shell:Creating environment hook '/home/mtrn/MTRN4231_Project/install/ur5e_moveit_config_custom/share/ur5e_moveit_config_custom/hook/cmake_prefix_path.ps1'
[1.231s] INFO:colcon.colcon_core.shell:Creating environment descriptor '/home/mtrn/MTRN4231_Project/install/ur5e_moveit_config_custom/share/ur5e_moveit_config_custom/hook/cmake_prefix_path.dsv'
[1.232s] INFO:colcon.colcon_core.shell:Creating environment hook '/home/mtrn/MTRN4231_Project/install/ur5e_moveit_config_custom/share/ur5e_moveit_config_custom/hook/cmake_prefix_path.sh'
[1.232s] Level 1:colcon.colcon_core.environment:checking '/home/mtrn/MTRN4231_Project/install/ur5e_moveit_config_custom/bin'
[1.232s] Level 1:colcon.colcon_core.environment:checking '/home/mtrn/MTRN4231_Project/install/ur5e_moveit_config_custom/lib/pkgconfig/ur5e_moveit_config_custom.pc'
[1.232s] Level 1:colcon.colcon_core.environment:checking '/home/mtrn/MTRN4231_Project/install/ur5e_moveit_config_custom/lib/python3.10/site-packages'
[1.233s] Level 1:colcon.colcon_core.environment:checking '/home/mtrn/MTRN4231_Project/install/ur5e_moveit_config_custom/bin'
[1.233s] INFO:colcon.colcon_core.shell:Creating package script '/home/mtrn/MTRN4231_Project/install/ur5e_moveit_config_custom/share/ur5e_moveit_config_custom/package.ps1'
[1.233s] INFO:colcon.colcon_core.shell:Creating package descriptor '/home/mtrn/MTRN4231_Project/install/ur5e_moveit_config_custom/share/ur5e_moveit_config_custom/package.dsv'
[1.234s] INFO:colcon.colcon_core.shell:Creating package script '/home/mtrn/MTRN4231_Project/install/ur5e_moveit_config_custom/share/ur5e_moveit_config_custom/package.sh'
[1.234s] INFO:colcon.colcon_core.shell:Creating package script '/home/mtrn/MTRN4231_Project/install/ur5e_moveit_config_custom/share/ur5e_moveit_config_custom/package.bash'
[1.235s] INFO:colcon.colcon_core.shell:Creating package script '/home/mtrn/MTRN4231_Project/install/ur5e_moveit_config_custom/share/ur5e_moveit_config_custom/package.zsh'
[1.235s] Level 1:colcon.colcon_core.environment:create_file_with_runtime_dependencies(/home/mtrn/MTRN4231_Project/install/ur5e_moveit_config_custom/share/colcon-core/packages/ur5e_moveit_config_custom)
[1.350s] Level 1:colcon.colcon_core.environment:create_environment_scripts_only(custom_interfaces)
[1.350s] Level 1:colcon.colcon_core.environment:checking '/home/mtrn/MTRN4231_Project/install/custom_interfaces' for CMake module files
[1.351s] Level 1:colcon.colcon_core.environment:checking '/home/mtrn/MTRN4231_Project/install/custom_interfaces' for CMake config files
[1.352s] Level 1:colcon.colcon_core.shell:create_environment_hook('custom_interfaces', 'cmake_prefix_path')
[1.352s] INFO:colcon.colcon_core.shell:Creating environment hook '/home/mtrn/MTRN4231_Project/install/custom_interfaces/share/custom_interfaces/hook/cmake_prefix_path.ps1'
[1.353s] INFO:colcon.colcon_core.shell:Creating environment descriptor '/home/mtrn/MTRN4231_Project/install/custom_interfaces/share/custom_interfaces/hook/cmake_prefix_path.dsv'
[1.354s] INFO:colcon.colcon_core.shell:Creating environment hook '/home/mtrn/MTRN4231_Project/install/custom_interfaces/share/custom_interfaces/hook/cmake_prefix_path.sh'
[1.355s] Level 1:colcon.colcon_core.environment:checking '/home/mtrn/MTRN4231_Project/install/custom_interfaces/lib'
[1.355s] Level 1:colcon.colcon_core.shell:create_environment_hook('custom_interfaces', 'ld_library_path_lib')
[1.355s] INFO:colcon.colcon_core.shell:Creating environment hook '/home/mtrn/MTRN4231_Project/install/custom_interfaces/share/custom_interfaces/hook/ld_library_path_lib.ps1'
[1.356s] INFO:colcon.colcon_core.shell:Creating environment descriptor '/home/mtrn/MTRN4231_Project/install/custom_interfaces/share/custom_interfaces/hook/ld_library_path_lib.dsv'
[1.356s] INFO:colcon.colcon_core.shell:Creating environment hook '/home/mtrn/MTRN4231_Project/install/custom_interfaces/share/custom_interfaces/hook/ld_library_path_lib.sh'
[1.357s] Level 1:colcon.colcon_core.environment:checking '/home/mtrn/MTRN4231_Project/install/custom_interfaces/bin'
[1.357s] Level 1:colcon.colcon_core.environment:checking '/home/mtrn/MTRN4231_Project/install/custom_interfaces/lib/pkgconfig/custom_interfaces.pc'
[1.358s] Level 1:colcon.colcon_core.environment:checking '/home/mtrn/MTRN4231_Project/install/custom_interfaces/lib/python3.10/site-packages'
[1.358s] Level 1:colcon.colcon_core.environment:checking '/home/mtrn/MTRN4231_Project/install/custom_interfaces/bin'
[1.359s] INFO:colcon.colcon_core.shell:Creating package script '/home/mtrn/MTRN4231_Project/install/custom_interfaces/share/custom_interfaces/package.ps1'
[1.359s] INFO:colcon.colcon_core.shell:Creating package descriptor '/home/mtrn/MTRN4231_Project/install/custom_interfaces/share/custom_interfaces/package.dsv'
[1.360s] INFO:colcon.colcon_core.shell:Creating package script '/home/mtrn/MTRN4231_Project/install/custom_interfaces/share/custom_interfaces/package.sh'
[1.360s] INFO:colcon.colcon_core.shell:Creating package script '/home/mtrn/MTRN4231_Project/install/custom_interfaces/share/custom_interfaces/package.bash'
[1.361s] INFO:colcon.colcon_core.shell:Creating package script '/home/mtrn/MTRN4231_Project/install/custom_interfaces/share/custom_interfaces/package.zsh'
[1.361s] Level 1:colcon.colcon_core.environment:create_file_with_runtime_dependencies(/home/mtrn/MTRN4231_Project/install/custom_interfaces/share/colcon-core/packages/custom_interfaces)
[1.361s] INFO:colcon.colcon_ros.task.ament_cmake.build:Building ROS package in '/home/mtrn/MTRN4231_Project/src/arm_controller' with build type 'ament_cmake'
[1.362s] INFO:colcon.colcon_cmake.task.cmake.build:Building CMake package in '/home/mtrn/MTRN4231_Project/src/arm_controller'
[1.362s] INFO:colcon.colcon_core.shell:Skip shell extension 'powershell' for command environment: Not usable outside of PowerShell
[1.362s] DEBUG:colcon.colcon_core.shell:Skip shell extension 'dsv' for command environment
[1.378s] DEBUG:colcon.colcon_core.event_handler.log_command:Invoking command in '/home/mtrn/MTRN4231_Project/build/arm_controller': CMAKE_PREFIX_PATH=/home/mtrn/MTRN4231_Project/install/custom_interfaces:/home/mtrn/MTRN4231_Project/install/ur5e_moveit_config_custom:/home/mtrn/MTRN4231_Project/install/ur5e_custom_description:/home/mtrn/MTRN4231_Project/install/end_effector_description:/home/mtrn/MTRN4231_Project/install/arm_controller:/opt/ros/humble /home/mtrn/.local/bin/cmake --build /home/mtrn/MTRN4231_Project/build/arm_controller -- -j20 -l20
[15.357s] DEBUG:colcon.colcon_core.event_handler.log_command:Invoked command in '/home/mtrn/MTRN4231_Project/build/arm_controller' returned '0': CMAKE_PREFIX_PATH=/home/mtrn/MTRN4231_Project/install/custom_interfaces:/home/mtrn/MTRN4231_Project/install/ur5e_moveit_config_custom:/home/mtrn/MTRN4231_Project/install/ur5e_custom_description:/home/mtrn/MTRN4231_Project/install/end_effector_description:/home/mtrn/MTRN4231_Project/install/arm_controller:/opt/ros/humble /home/mtrn/.local/bin/cmake --build /home/mtrn/MTRN4231_Project/build/arm_controller -- -j20 -l20
[15.431s] DEBUG:colcon.colcon_core.event_handler.log_command:Invoking command in '/home/mtrn/MTRN4231_Project/build/arm_controller': CMAKE_PREFIX_PATH=/home/mtrn/MTRN4231_Project/install/custom_interfaces:/home/mtrn/MTRN4231_Project/install/ur5e_moveit_config_custom:/home/mtrn/MTRN4231_Project/install/ur5e_custom_description:/home/mtrn/MTRN4231_Project/install/end_effector_description:/home/mtrn/MTRN4231_Project/install/arm_controller:/opt/ros/humble /home/mtrn/.local/bin/cmake --install /home/mtrn/MTRN4231_Project/build/arm_controller
[15.485s] Level 1:colcon.colcon_core.environment:create_environment_scripts_only(arm_controller)
[15.486s] Level 1:colcon.colcon_core.environment:checking '/home/mtrn/MTRN4231_Project/install/arm_controller' for CMake module files
[15.487s] DEBUG:colcon.colcon_core.event_handler.log_command:Invoked command in '/home/mtrn/MTRN4231_Project/build/arm_controller' returned '0': CMAKE_PREFIX_PATH=/home/mtrn/MTRN4231_Project/install/custom_interfaces:/home/mtrn/MTRN4231_Project/install/ur5e_moveit_config_custom:/home/mtrn/MTRN4231_Project/install/ur5e_custom_description:/home/mtrn/MTRN4231_Project/install/end_effector_description:/home/mtrn/MTRN4231_Project/install/arm_controller:/opt/ros/humble /home/mtrn/.local/bin/cmake --install /home/mtrn/MTRN4231_Project/build/arm_controller
[15.487s] Level 1:colcon.colcon_core.environment:checking '/home/mtrn/MTRN4231_Project/install/arm_controller' for CMake config files
[15.488s] Level 1:colcon.colcon_core.shell:create_environment_hook('arm_controller', 'cmake_prefix_path')
[15.488s] INFO:colcon.colcon_core.shell:Creating environment hook '/home/mtrn/MTRN4231_Project/install/arm_controller/share/arm_controller/hook/cmake_prefix_path.ps1'
[15.489s] INFO:colcon.colcon_core.shell:Creating environment descriptor '/home/mtrn/MTRN4231_Project/install/arm_controller/share/arm_controller/hook/cmake_prefix_path.dsv'
[15.489s] INFO:colcon.colcon_core.shell:Creating environment hook '/home/mtrn/MTRN4231_Project/install/arm_controller/share/arm_controller/hook/cmake_prefix_path.sh'
[15.490s] Level 1:colcon.colcon_core.environment:checking '/home/mtrn/MTRN4231_Project/install/arm_controller/lib'
[15.490s] Level 1:colcon.colcon_core.environment:checking '/home/mtrn/MTRN4231_Project/install/arm_controller/bin'
[15.490s] Level 1:colcon.colcon_core.environment:checking '/home/mtrn/MTRN4231_Project/install/arm_controller/lib/pkgconfig/arm_controller.pc'
[15.490s] Level 1:colcon.colcon_core.environment:checking '/home/mtrn/MTRN4231_Project/install/arm_controller/lib/python3.10/site-packages'
[15.490s] Level 1:colcon.colcon_core.environment:checking '/home/mtrn/MTRN4231_Project/install/arm_controller/bin'
[15.491s] INFO:colcon.colcon_core.shell:Creating package script '/home/mtrn/MTRN4231_Project/install/arm_controller/share/arm_controller/package.ps1'
[15.491s] INFO:colcon.colcon_core.shell:Creating package descriptor '/home/mtrn/MTRN4231_Project/install/arm_controller/share/arm_controller/package.dsv'
[15.491s] INFO:colcon.colcon_core.shell:Creating package script '/home/mtrn/MTRN4231_Project/install/arm_controller/share/arm_controller/package.sh'
[15.492s] INFO:colcon.colcon_core.shell:Creating package script '/home/mtrn/MTRN4231_Project/install/arm_controller/share/arm_controller/package.bash'
[15.492s] INFO:colcon.colcon_core.shell:Creating package script '/home/mtrn/MTRN4231_Project/install/arm_controller/share/arm_controller/package.zsh'
[15.492s] Level 1:colcon.colcon_core.environment:create_file_with_runtime_dependencies(/home/mtrn/MTRN4231_Project/install/arm_controller/share/colcon-core/packages/arm_controller)
[15.567s] Level 1:colcon.colcon_core.environment:create_environment_scripts_only(arm_controller)
[15.573s] Level 1:colcon.colcon_core.environment:checking '/home/mtrn/MTRN4231_Project/install/arm_controller' for CMake module files
[15.575s] Level 1:colcon.colcon_core.environment:checking '/home/mtrn/MTRN4231_Project/install/arm_controller' for CMake config files
[15.575s] Level 1:colcon.colcon_core.shell:create_environment_hook('arm_controller', 'cmake_prefix_path')
[15.577s] INFO:colcon.colcon_core.shell:Creating environment hook '/home/mtrn/MTRN4231_Project/install/arm_controller/share/arm_controller/hook/cmake_prefix_path.ps1'
[15.579s] INFO:colcon.colcon_core.shell:Creating environment descriptor '/home/mtrn/MTRN4231_Project/install/arm_controller/share/arm_controller/hook/cmake_prefix_path.dsv'
[15.579s] INFO:colcon.colcon_core.shell:Creating environment hook '/home/mtrn/MTRN4231_Project/install/arm_controller/share/arm_controller/hook/cmake_prefix_path.sh'
[15.580s] Level 1:colcon.colcon_core.environment:checking '/home/mtrn/MTRN4231_Project/install/arm_controller/lib'
[15.580s] Level 1:colcon.colcon_core.environment:checking '/home/mtrn/MTRN4231_Project/install/arm_controller/bin'
[15.580s] Level 1:colcon.colcon_core.environment:checking '/home/mtrn/MTRN4231_Project/install/arm_controller/lib/pkgconfig/arm_controller.pc'
[15.581s] Level 1:colcon.colcon_core.environment:checking '/home/mtrn/MTRN4231_Project/install/arm_controller/lib/python3.10/site-packages'
[15.581s] Level 1:colcon.colcon_core.environment:checking '/home/mtrn/MTRN4231_Project/install/arm_controller/bin'
[15.581s] INFO:colcon.colcon_core.shell:Creating package script '/home/mtrn/MTRN4231_Project/install/arm_controller/share/arm_controller/package.ps1'
[15.582s] INFO:colcon.colcon_core.shell:Creating package descriptor '/home/mtrn/MTRN4231_Project/install/arm_controller/share/arm_controller/package.dsv'
[15.582s] INFO:colcon.colcon_core.shell:Creating package script '/home/mtrn/MTRN4231_Project/install/arm_controller/share/arm_controller/package.sh'
[15.583s] INFO:colcon.colcon_core.shell:Creating package script '/home/mtrn/MTRN4231_Project/install/arm_controller/share/arm_controller/package.bash'
[15.583s] INFO:colcon.colcon_core.shell:Creating package script '/home/mtrn/MTRN4231_Project/install/arm_controller/share/arm_controller/package.zsh'
[15.584s] Level 1:colcon.colcon_core.environment:create_file_with_runtime_dependencies(/home/mtrn/MTRN4231_Project/install/arm_controller/share/colcon-core/packages/arm_controller)
[15.584s] DEBUG:colcon.colcon_parallel_executor.executor.parallel:closing loop
[15.586s] DEBUG:colcon.colcon_parallel_executor.executor.parallel:loop closed
[15.586s] DEBUG:colcon.colcon_parallel_executor.executor.parallel:run_until_complete finished with '0'
[15.586s] DEBUG:colcon.colcon_core.event_reactor:joining thread
[15.592s] INFO:colcon.colcon_core.plugin_system:Skipping extension 'colcon_notification.desktop_notification.terminal_notifier': Not used on non-Darwin systems
[15.592s] INFO:colcon.colcon_core.plugin_system:Skipping extension 'colcon_notification.desktop_notification.win32': Not used on non-Windows systems
[15.592s] INFO:colcon.colcon_notification.desktop_notification:Sending desktop notification using 'notify2'
[15.619s] DEBUG:colcon.colcon_core.event_reactor:joined thread
[15.620s] INFO:colcon.colcon_core.shell:Creating prefix script '/home/mtrn/MTRN4231_Project/install/local_setup.ps1'
[15.621s] INFO:colcon.colcon_core.shell:Creating prefix util module '/home/mtrn/MTRN4231_Project/install/_local_setup_util_ps1.py'
[15.623s] INFO:colcon.colcon_core.shell:Creating prefix chain script '/home/mtrn/MTRN4231_Project/install/setup.ps1'
[15.624s] INFO:colcon.colcon_core.shell:Creating prefix script '/home/mtrn/MTRN4231_Project/install/local_setup.sh'
[15.625s] INFO:colcon.colcon_core.shell:Creating prefix util module '/home/mtrn/MTRN4231_Project/install/_local_setup_util_sh.py'
[15.625s] INFO:colcon.colcon_core.shell:Creating prefix chain script '/home/mtrn/MTRN4231_Project/install/setup.sh'
[15.626s] INFO:colcon.colcon_core.shell:Creating prefix script '/home/mtrn/MTRN4231_Project/install/local_setup.bash'
[15.627s] INFO:colcon.colcon_core.shell:Creating prefix chain script '/home/mtrn/MTRN4231_Project/install/setup.bash'
[15.631s] INFO:colcon.colcon_core.shell:Creating prefix script '/home/mtrn/MTRN4231_Project/install/local_setup.zsh'
[15.633s] INFO:colcon.colcon_core.shell:Creating prefix chain script '/home/mtrn/MTRN4231_Project/install/setup.zsh'
