[ 50%] Built target moveit_constrain_ur
[ 75%] [32mBuilding CXX object CMakeFiles/arm_controller_node.dir/src/arm_controller_node.cpp.o[0m
[01m[K/home/mtrn/MTRN4231_project/src/arm_controller/src/arm_controller_node.cpp:[m[K In member function ‘[01m[Kbool ArmController::plan_with_fallbacks(const Pose&, const string&, const std::shared_ptr<rclcpp_action::ServerGoalHandle<custom_interfaces::action::MoveTCP> >&)[m[K’:
[01m[K/home/mtrn/MTRN4231_project/src/arm_controller/src/arm_controller_node.cpp:343:30:[m[K [01;35m[Kwarning: [m[Kvariable ‘[01m[Ktarget[m[K’ set but not used [[01;35m[K]8;;https://gcc.gnu.org/onlinedocs/gcc/Warning-Options.html#index-Wunused-but-set-variable-Wunused-but-set-variable]8;;[m[K]
  343 |     geometry_msgs::msg::Pose [01;35m[Ktarget[m[K = normalizeQ(target_in);
      |                              [01;35m[K^~~~~~[m[K
[100%] [32m[1mLinking CXX executable arm_controller_node[0m
[100%] Built target arm_controller_node
-- Install configuration: ""
-- Installing: /home/mtrn/MTRN4231_project/install/arm_controller/lib/arm_controller/arm_controller_node
-- Set runtime path of "/home/mtrn/MTRN4231_project/install/arm_controller/lib/arm_controller/arm_controller_node" to ""
-- Up-to-date: /home/mtrn/MTRN4231_project/install/arm_controller/share/arm_controller/launch
-- Up-to-date: /home/mtrn/MTRN4231_project/install/arm_controller/share/arm_controller/launch/arm_controller.launch.py
-- Up-to-date: /home/mtrn/MTRN4231_project/install/arm_controller/share/arm_controller/launch/view_combined.launch.py
-- Up-to-date: /home/mtrn/MTRN4231_project/install/arm_controller/share/arm_controller/urdf
-- Up-to-date: /home/mtrn/MTRN4231_project/install/arm_controller/share/arm_controller/urdf/ur5e_with_tool.urdf.xacro
-- Up-to-date: /home/mtrn/MTRN4231_project/install/arm_controller/share/arm_controller/config
-- Up-to-date: /home/mtrn/MTRN4231_project/install/arm_controller/share/arm_controller/config/joint_limits.yaml
-- Up-to-date: /home/mtrn/MTRN4231_project/install/arm_controller/share/arm_controller/config/pilz_cartesian_limits.yaml
-- Up-to-date: /home/mtrn/MTRN4231_project/install/arm_controller/share/arm_controller/config/moveit_controllers.yaml
-- Up-to-date: /home/mtrn/MTRN4231_project/install/arm_controller/share/arm_controller/config/params.yaml
-- Up-to-date: /home/mtrn/MTRN4231_project/install/arm_controller/share/arm_controller/config/kinematics.yaml
-- Up-to-date: /home/mtrn/MTRN4231_project/install/arm_controller/share/arm_controller/config/moveit.rviz
-- Up-to-date: /home/mtrn/MTRN4231_project/install/arm_controller/share/arm_controller/config/controllers.yaml
-- Up-to-date: /home/mtrn/MTRN4231_project/install/arm_controller/share/arm_controller/config/end_effector_withDriverSupport.srdf
-- Up-to-date: /home/mtrn/MTRN4231_project/install/arm_controller/share/arm_controller/rviz
-- Up-to-date: /home/mtrn/MTRN4231_project/install/arm_controller/share/arm_controller/rviz/display.rviz
-- Up-to-date: /home/mtrn/MTRN4231_project/install/arm_controller/share/ament_index/resource_index/package_run_dependencies/arm_controller
-- Up-to-date: /home/mtrn/MTRN4231_project/install/arm_controller/share/ament_index/resource_index/parent_prefix_path/arm_controller
-- Up-to-date: /home/mtrn/MTRN4231_project/install/arm_controller/share/arm_controller/environment/ament_prefix_path.sh
-- Up-to-date: /home/mtrn/MTRN4231_project/install/arm_controller/share/arm_controller/environment/ament_prefix_path.dsv
-- Up-to-date: /home/mtrn/MTRN4231_project/install/arm_controller/share/arm_controller/environment/path.sh
-- Up-to-date: /home/mtrn/MTRN4231_project/install/arm_controller/share/arm_controller/environment/path.dsv
-- Up-to-date: /home/mtrn/MTRN4231_project/install/arm_controller/share/arm_controller/local_setup.bash
-- Up-to-date: /home/mtrn/MTRN4231_project/install/arm_controller/share/arm_controller/local_setup.sh
-- Up-to-date: /home/mtrn/MTRN4231_project/install/arm_controller/share/arm_controller/local_setup.zsh
-- Up-to-date: /home/mtrn/MTRN4231_project/install/arm_controller/share/arm_controller/local_setup.dsv
-- Installing: /home/mtrn/MTRN4231_project/install/arm_controller/share/arm_controller/package.dsv
-- Up-to-date: /home/mtrn/MTRN4231_project/install/arm_controller/share/ament_index/resource_index/packages/arm_controller
-- Up-to-date: /home/mtrn/MTRN4231_project/install/arm_controller/share/arm_controller/cmake/arm_controllerConfig.cmake
-- Up-to-date: /home/mtrn/MTRN4231_project/install/arm_controller/share/arm_controller/cmake/arm_controllerConfig-version.cmake
-- Up-to-date: /home/mtrn/MTRN4231_project/install/arm_controller/share/arm_controller/package.xml
