[0.048s] Invoking command in '/home/mtrn/MTRN4231_project/build/move_to_marker': CMAKE_PREFIX_PATH=${CMAKE_PREFIX_PATH}:/opt/ros/humble /home/mtrn/.local/bin/cmake --build /home/mtrn/MTRN4231_project/build/move_to_marker -- -j12 -l12
[0.166s] [100%] Built target move_to_pose
[0.185s] Invoked command in '/home/mtrn/MTRN4231_project/build/move_to_marker' returned '0': CMAKE_PREFIX_PATH=${CMAKE_PREFIX_PATH}:/opt/ros/humble /home/mtrn/.local/bin/cmake --build /home/mtrn/MTRN4231_project/build/move_to_marker -- -j12 -l12
[0.258s] Invoking command in '/home/mtrn/MTRN4231_project/build/move_to_marker': CMAKE_PREFIX_PATH=${CMAKE_PREFIX_PATH}:/opt/ros/humble /home/mtrn/.local/bin/cmake --install /home/mtrn/MTRN4231_project/build/move_to_marker
[0.295s] -- Install configuration: ""
[0.295s] -- Up-to-date: /home/mtrn/MTRN4231_project/install/move_to_marker/lib/move_to_marker/move_to_pose
[0.296s] -- Up-to-date: /home/mtrn/MTRN4231_project/install/move_to_marker/share/move_to_marker/launch
[0.296s] -- Up-to-date: /home/mtrn/MTRN4231_project/install/move_to_marker/share/move_to_marker/launch/bringup_moveit_ur5e.launch.py
[0.296s] -- Up-to-date: /home/mtrn/MTRN4231_project/install/move_to_marker/share/ament_index/resource_index/package_run_dependencies/move_to_marker
[0.296s] -- Up-to-date: /home/mtrn/MTRN4231_project/install/move_to_marker/share/ament_index/resource_index/parent_prefix_path/move_to_marker
[0.297s] -- Up-to-date: /home/mtrn/MTRN4231_project/install/move_to_marker/share/move_to_marker/environment/ament_prefix_path.sh
[0.297s] -- Up-to-date: /home/mtrn/MTRN4231_project/install/move_to_marker/share/move_to_marker/environment/ament_prefix_path.dsv
[0.297s] -- Up-to-date: /home/mtrn/MTRN4231_project/install/move_to_marker/share/move_to_marker/environment/path.sh
[0.297s] -- Up-to-date: /home/mtrn/MTRN4231_project/install/move_to_marker/share/move_to_marker/environment/path.dsv
[0.298s] -- Up-to-date: /home/mtrn/MTRN4231_project/install/move_to_marker/share/move_to_marker/local_setup.bash
[0.298s] -- Up-to-date: /home/mtrn/MTRN4231_project/install/move_to_marker/share/move_to_marker/local_setup.sh
[0.298s] -- Up-to-date: /home/mtrn/MTRN4231_project/install/move_to_marker/share/move_to_marker/local_setup.zsh
[0.298s] -- Up-to-date: /home/mtrn/MTRN4231_project/install/move_to_marker/share/move_to_marker/local_setup.dsv
[0.299s] -- Installing: /home/mtrn/MTRN4231_project/install/move_to_marker/share/move_to_marker/package.dsv
[0.299s] -- Up-to-date: /home/mtrn/MTRN4231_project/install/move_to_marker/share/ament_index/resource_index/packages/move_to_marker
[0.299s] -- Up-to-date: /home/mtrn/MTRN4231_project/install/move_to_marker/share/move_to_marker/cmake/move_to_markerConfig.cmake
[0.299s] -- Up-to-date: /home/mtrn/MTRN4231_project/install/move_to_marker/share/move_to_marker/cmake/move_to_markerConfig-version.cmake
[0.300s] -- Up-to-date: /home/mtrn/MTRN4231_project/install/move_to_marker/share/move_to_marker/package.xml
[0.305s] Invoked command in '/home/mtrn/MTRN4231_project/build/move_to_marker' returned '0': CMAKE_PREFIX_PATH=${CMAKE_PREFIX_PATH}:/opt/ros/humble /home/mtrn/.local/bin/cmake --install /home/mtrn/MTRN4231_project/build/move_to_marker
