[0.121s] DEBUG:colcon:Command line arguments: ['/usr/bin/colcon', 'build']
[0.121s] DEBUG:colcon:Parsed command line arguments: Namespace(log_base=None, log_level=None, verb_name='build', build_base='build', install_base='install', merge_install=False, symlink_install=False, test_result_base=None, continue_on_error=False, executor='parallel', parallel_workers=20, event_handlers=None, ignore_user_meta=False, metas=['./colcon.meta'], base_paths=['.'], packages_ignore=None, packages_ignore_regex=None, paths=None, packages_up_to=None, packages_up_to_regex=None, packages_above=None, packages_above_and_dependencies=None, packages_above_depth=None, packages_select_by_dep=None, packages_skip_by_dep=None, packages_skip_up_to=None, packages_select_build_failed=False, packages_skip_build_finished=False, packages_select_test_failures=False, packages_skip_test_passed=False, packages_select=None, packages_skip=None, packages_select_regex=None, packages_skip_regex=None, packages_start=None, packages_end=None, allow_overriding=[], cmake_args=None, cmake_target=None, cmake_target_skip_unavailable=False, cmake_clean_cache=False, cmake_clean_first=False, cmake_force_configure=False, ament_cmake_args=None, catkin_cmake_args=None, catkin_skip_building_tests=False, mixin_files=None, mixin=None, verb_parser=<colcon_mixin.mixin.mixin_argument.MixinArgumentDecorator object at 0x741792257400>, verb_extension=<colcon_core.verb.build.BuildVerb object at 0x741792394160>, main=<bound method BuildVerb.main of <colcon_core.verb.build.BuildVerb object at 0x741792394160>>, mixin_verb=('build',))
[0.309s] Level 1:colcon.colcon_core.package_discovery:discover_packages(colcon_meta) check parameters
[0.309s] Level 1:colcon.colcon_core.package_discovery:discover_packages(recursive) check parameters
[0.309s] Level 1:colcon.colcon_core.package_discovery:discover_packages(ignore) check parameters
[0.309s] Level 1:colcon.colcon_core.package_discovery:discover_packages(path) check parameters
[0.309s] Level 1:colcon.colcon_core.package_discovery:discover_packages(colcon_meta) discover
[0.309s] Level 1:colcon.colcon_core.package_discovery:discover_packages(recursive) discover
[0.309s] INFO:colcon.colcon_core.package_discovery:Crawling recursively for packages in '/home/mtrn/MTRN4231_Project'
[0.309s] Level 1:colcon.colcon_core.package_identification:_identify(.) by extensions ['ignore', 'ignore_ament_install']
[0.309s] Level 1:colcon.colcon_core.package_identification:_identify(.) by extension 'ignore'
[0.309s] Level 1:colcon.colcon_core.package_identification:_identify(.) by extension 'ignore_ament_install'
[0.310s] Level 1:colcon.colcon_core.package_identification:_identify(.) by extensions ['colcon_pkg']
[0.310s] Level 1:colcon.colcon_core.package_identification:_identify(.) by extension 'colcon_pkg'
[0.310s] Level 1:colcon.colcon_core.package_identification:_identify(.) by extensions ['colcon_meta']
[0.310s] Level 1:colcon.colcon_core.package_identification:_identify(.) by extension 'colcon_meta'
[0.310s] Level 1:colcon.colcon_core.package_identification:_identify(.) by extensions ['ros']
[0.310s] Level 1:colcon.colcon_core.package_identification:_identify(.) by extension 'ros'
[0.338s] Level 1:colcon.colcon_core.package_identification:_identify(.) by extensions ['cmake', 'python']
[0.339s] Level 1:colcon.colcon_core.package_identification:_identify(.) by extension 'cmake'
[0.339s] Level 1:colcon.colcon_core.package_identification:_identify(.) by extension 'python'
[0.339s] Level 1:colcon.colcon_core.package_identification:_identify(.) by extensions ['python_setup_py']
[0.339s] Level 1:colcon.colcon_core.package_identification:_identify(.) by extension 'python_setup_py'
[0.339s] Level 1:colcon.colcon_core.package_identification:_identify(build) by extensions ['ignore', 'ignore_ament_install']
[0.339s] Level 1:colcon.colcon_core.package_identification:_identify(build) by extension 'ignore'
[0.339s] Level 1:colcon.colcon_core.package_identification:_identify(build) ignored
[0.339s] Level 1:colcon.colcon_core.package_identification:_identify(install) by extensions ['ignore', 'ignore_ament_install']
[0.339s] Level 1:colcon.colcon_core.package_identification:_identify(install) by extension 'ignore'
[0.339s] Level 1:colcon.colcon_core.package_identification:_identify(install) ignored
[0.339s] Level 1:colcon.colcon_core.package_identification:_identify(log) by extensions ['ignore', 'ignore_ament_install']
[0.339s] Level 1:colcon.colcon_core.package_identification:_identify(log) by extension 'ignore'
[0.339s] Level 1:colcon.colcon_core.package_identification:_identify(log) ignored
[0.339s] Level 1:colcon.colcon_core.package_identification:_identify(src) by extensions ['ignore', 'ignore_ament_install']
[0.339s] Level 1:colcon.colcon_core.package_identification:_identify(src) by extension 'ignore'
[0.339s] Level 1:colcon.colcon_core.package_identification:_identify(src) by extension 'ignore_ament_install'
[0.339s] Level 1:colcon.colcon_core.package_identification:_identify(src) by extensions ['colcon_pkg']
[0.339s] Level 1:colcon.colcon_core.package_identification:_identify(src) by extension 'colcon_pkg'
[0.339s] Level 1:colcon.colcon_core.package_identification:_identify(src) by extensions ['colcon_meta']
[0.340s] Level 1:colcon.colcon_core.package_identification:_identify(src) by extension 'colcon_meta'
[0.340s] Level 1:colcon.colcon_core.package_identification:_identify(src) by extensions ['ros']
[0.340s] Level 1:colcon.colcon_core.package_identification:_identify(src) by extension 'ros'
[0.340s] Level 1:colcon.colcon_core.package_identification:_identify(src) by extensions ['cmake', 'python']
[0.340s] Level 1:colcon.colcon_core.package_identification:_identify(src) by extension 'cmake'
[0.340s] Level 1:colcon.colcon_core.package_identification:_identify(src) by extension 'python'
[0.340s] Level 1:colcon.colcon_core.package_identification:_identify(src) by extensions ['python_setup_py']
[0.340s] Level 1:colcon.colcon_core.package_identification:_identify(src) by extension 'python_setup_py'
[0.340s] Level 1:colcon.colcon_core.package_identification:_identify(src/arm_controller) by extensions ['ignore', 'ignore_ament_install']
[0.340s] Level 1:colcon.colcon_core.package_identification:_identify(src/arm_controller) by extension 'ignore'
[0.340s] Level 1:colcon.colcon_core.package_identification:_identify(src/arm_controller) by extension 'ignore_ament_install'
[0.340s] Level 1:colcon.colcon_core.package_identification:_identify(src/arm_controller) by extensions ['colcon_pkg']
[0.340s] Level 1:colcon.colcon_core.package_identification:_identify(src/arm_controller) by extension 'colcon_pkg'
[0.340s] Level 1:colcon.colcon_core.package_identification:_identify(src/arm_controller) by extensions ['colcon_meta']
[0.340s] Level 1:colcon.colcon_core.package_identification:_identify(src/arm_controller) by extension 'colcon_meta'
[0.340s] Level 1:colcon.colcon_core.package_identification:_identify(src/arm_controller) by extensions ['ros']
[0.340s] Level 1:colcon.colcon_core.package_identification:_identify(src/arm_controller) by extension 'ros'
[0.343s] DEBUG:colcon.colcon_core.package_identification:Package 'src/arm_controller' with type 'ros.ament_cmake' and name 'arm_controller'
[0.343s] Level 1:colcon.colcon_core.package_identification:_identify(src/custom_interfaces) by extensions ['ignore', 'ignore_ament_install']
[0.343s] Level 1:colcon.colcon_core.package_identification:_identify(src/custom_interfaces) by extension 'ignore'
[0.344s] Level 1:colcon.colcon_core.package_identification:_identify(src/custom_interfaces) by extension 'ignore_ament_install'
[0.344s] Level 1:colcon.colcon_core.package_identification:_identify(src/custom_interfaces) by extensions ['colcon_pkg']
[0.344s] Level 1:colcon.colcon_core.package_identification:_identify(src/custom_interfaces) by extension 'colcon_pkg'
[0.344s] Level 1:colcon.colcon_core.package_identification:_identify(src/custom_interfaces) by extensions ['colcon_meta']
[0.344s] Level 1:colcon.colcon_core.package_identification:_identify(src/custom_interfaces) by extension 'colcon_meta'
[0.344s] Level 1:colcon.colcon_core.package_identification:_identify(src/custom_interfaces) by extensions ['ros']
[0.344s] Level 1:colcon.colcon_core.package_identification:_identify(src/custom_interfaces) by extension 'ros'
[0.345s] DEBUG:colcon.colcon_core.package_identification:Package 'src/custom_interfaces' with type 'ros.ament_cmake' and name 'custom_interfaces'
[0.345s] Level 1:colcon.colcon_core.package_identification:_identify(src/end_effector_description) by extensions ['ignore', 'ignore_ament_install']
[0.345s] Level 1:colcon.colcon_core.package_identification:_identify(src/end_effector_description) by extension 'ignore'
[0.345s] Level 1:colcon.colcon_core.package_identification:_identify(src/end_effector_description) by extension 'ignore_ament_install'
[0.345s] Level 1:colcon.colcon_core.package_identification:_identify(src/end_effector_description) by extensions ['colcon_pkg']
[0.345s] Level 1:colcon.colcon_core.package_identification:_identify(src/end_effector_description) by extension 'colcon_pkg'
[0.345s] Level 1:colcon.colcon_core.package_identification:_identify(src/end_effector_description) by extensions ['colcon_meta']
[0.345s] Level 1:colcon.colcon_core.package_identification:_identify(src/end_effector_description) by extension 'colcon_meta'
[0.346s] Level 1:colcon.colcon_core.package_identification:_identify(src/end_effector_description) by extensions ['ros']
[0.346s] Level 1:colcon.colcon_core.package_identification:_identify(src/end_effector_description) by extension 'ros'
[0.346s] DEBUG:colcon.colcon_core.package_identification:Package 'src/end_effector_description' with type 'ros.ament_cmake' and name 'end_effector_description'
[0.346s] Level 1:colcon.colcon_core.package_identification:_identify(src/ur5e_custom_description) by extensions ['ignore', 'ignore_ament_install']
[0.346s] Level 1:colcon.colcon_core.package_identification:_identify(src/ur5e_custom_description) by extension 'ignore'
[0.346s] Level 1:colcon.colcon_core.package_identification:_identify(src/ur5e_custom_description) by extension 'ignore_ament_install'
[0.346s] Level 1:colcon.colcon_core.package_identification:_identify(src/ur5e_custom_description) by extensions ['colcon_pkg']
[0.346s] Level 1:colcon.colcon_core.package_identification:_identify(src/ur5e_custom_description) by extension 'colcon_pkg'
[0.346s] Level 1:colcon.colcon_core.package_identification:_identify(src/ur5e_custom_description) by extensions ['colcon_meta']
[0.346s] Level 1:colcon.colcon_core.package_identification:_identify(src/ur5e_custom_description) by extension 'colcon_meta'
[0.346s] Level 1:colcon.colcon_core.package_identification:_identify(src/ur5e_custom_description) by extensions ['ros']
[0.346s] Level 1:colcon.colcon_core.package_identification:_identify(src/ur5e_custom_description) by extension 'ros'
[0.347s] DEBUG:colcon.colcon_core.package_identification:Package 'src/ur5e_custom_description' with type 'ros.ament_cmake' and name 'ur5e_custom_description'
[0.347s] Level 1:colcon.colcon_core.package_identification:_identify(src/ur5e_moveit_config_custom) by extensions ['ignore', 'ignore_ament_install']
[0.347s] Level 1:colcon.colcon_core.package_identification:_identify(src/ur5e_moveit_config_custom) by extension 'ignore'
[0.347s] Level 1:colcon.colcon_core.package_identification:_identify(src/ur5e_moveit_config_custom) by extension 'ignore_ament_install'
[0.347s] Level 1:colcon.colcon_core.package_identification:_identify(src/ur5e_moveit_config_custom) by extensions ['colcon_pkg']
[0.347s] Level 1:colcon.colcon_core.package_identification:_identify(src/ur5e_moveit_config_custom) by extension 'colcon_pkg'
[0.347s] Level 1:colcon.colcon_core.package_identification:_identify(src/ur5e_moveit_config_custom) by extensions ['colcon_meta']
[0.347s] Level 1:colcon.colcon_core.package_identification:_identify(src/ur5e_moveit_config_custom) by extension 'colcon_meta'
[0.347s] Level 1:colcon.colcon_core.package_identification:_identify(src/ur5e_moveit_config_custom) by extensions ['ros']
[0.347s] Level 1:colcon.colcon_core.package_identification:_identify(src/ur5e_moveit_config_custom) by extension 'ros'
[0.348s] DEBUG:colcon.colcon_core.package_identification:Package 'src/ur5e_moveit_config_custom' with type 'ros.ament_cmake' and name 'ur5e_moveit_config_custom'
[0.348s] Level 1:colcon.colcon_core.package_discovery:discover_packages(recursive) using defaults
[0.348s] Level 1:colcon.colcon_core.package_discovery:discover_packages(ignore) discover
[0.348s] Level 1:colcon.colcon_core.package_discovery:discover_packages(ignore) using defaults
[0.348s] Level 1:colcon.colcon_core.package_discovery:discover_packages(path) discover
[0.348s] Level 1:colcon.colcon_core.package_discovery:discover_packages(path) using defaults
[0.371s] Level 1:colcon.colcon_core.package_discovery:discover_packages(prefix_path) check parameters
[0.371s] Level 1:colcon.colcon_core.package_discovery:discover_packages(prefix_path) discover
[0.373s] DEBUG:colcon.colcon_installed_package_information.package_discovery:Found 5 installed packages in /home/mtrn/MTRN4231_Project/install
[0.376s] DEBUG:colcon.colcon_installed_package_information.package_discovery:Found 351 installed packages in /opt/ros/humble
[0.377s] Level 1:colcon.colcon_core.package_discovery:discover_packages(prefix_path) using defaults
[0.436s] Level 5:colcon.colcon_core.verb:set package 'custom_interfaces' build argument 'cmake_args' from command line to 'None'
[0.436s] Level 5:colcon.colcon_core.verb:set package 'custom_interfaces' build argument 'cmake_target' from command line to 'None'
[0.436s] Level 5:colcon.colcon_core.verb:set package 'custom_interfaces' build argument 'cmake_target_skip_unavailable' from command line to 'False'
[0.436s] Level 5:colcon.colcon_core.verb:set package 'custom_interfaces' build argument 'cmake_clean_cache' from command line to 'False'
[0.436s] Level 5:colcon.colcon_core.verb:set package 'custom_interfaces' build argument 'cmake_clean_first' from command line to 'False'
[0.436s] Level 5:colcon.colcon_core.verb:set package 'custom_interfaces' build argument 'cmake_force_configure' from command line to 'False'
[0.436s] Level 5:colcon.colcon_core.verb:set package 'custom_interfaces' build argument 'ament_cmake_args' from command line to 'None'
[0.436s] Level 5:colcon.colcon_core.verb:set package 'custom_interfaces' build argument 'catkin_cmake_args' from command line to 'None'
[0.436s] Level 5:colcon.colcon_core.verb:set package 'custom_interfaces' build argument 'catkin_skip_building_tests' from command line to 'False'
[0.436s] DEBUG:colcon.colcon_core.verb:Building package 'custom_interfaces' with the following arguments: {'ament_cmake_args': None, 'build_base': '/home/mtrn/MTRN4231_Project/build/custom_interfaces', 'catkin_cmake_args': None, 'catkin_skip_building_tests': False, 'cmake_args': None, 'cmake_clean_cache': False, 'cmake_clean_first': False, 'cmake_force_configure': False, 'cmake_target': None, 'cmake_target_skip_unavailable': False, 'install_base': '/home/mtrn/MTRN4231_Project/install/custom_interfaces', 'merge_install': False, 'path': '/home/mtrn/MTRN4231_Project/src/custom_interfaces', 'symlink_install': False, 'test_result_base': None}
[0.437s] Level 5:colcon.colcon_core.verb:set package 'end_effector_description' build argument 'cmake_args' from command line to 'None'
[0.437s] Level 5:colcon.colcon_core.verb:set package 'end_effector_description' build argument 'cmake_target' from command line to 'None'
[0.437s] Level 5:colcon.colcon_core.verb:set package 'end_effector_description' build argument 'cmake_target_skip_unavailable' from command line to 'False'
[0.437s] Level 5:colcon.colcon_core.verb:set package 'end_effector_description' build argument 'cmake_clean_cache' from command line to 'False'
[0.437s] Level 5:colcon.colcon_core.verb:set package 'end_effector_description' build argument 'cmake_clean_first' from command line to 'False'
[0.437s] Level 5:colcon.colcon_core.verb:set package 'end_effector_description' build argument 'cmake_force_configure' from command line to 'False'
[0.437s] Level 5:colcon.colcon_core.verb:set package 'end_effector_description' build argument 'ament_cmake_args' from command line to 'None'
[0.437s] Level 5:colcon.colcon_core.verb:set package 'end_effector_description' build argument 'catkin_cmake_args' from command line to 'None'
[0.437s] Level 5:colcon.colcon_core.verb:set package 'end_effector_description' build argument 'catkin_skip_building_tests' from command line to 'False'
[0.437s] DEBUG:colcon.colcon_core.verb:Building package 'end_effector_description' with the following arguments: {'ament_cmake_args': None, 'build_base': '/home/mtrn/MTRN4231_Project/build/end_effector_description', 'catkin_cmake_args': None, 'catkin_skip_building_tests': False, 'cmake_args': None, 'cmake_clean_cache': False, 'cmake_clean_first': False, 'cmake_force_configure': False, 'cmake_target': None, 'cmake_target_skip_unavailable': False, 'install_base': '/home/mtrn/MTRN4231_Project/install/end_effector_description', 'merge_install': False, 'path': '/home/mtrn/MTRN4231_Project/src/end_effector_description', 'symlink_install': False, 'test_result_base': None}
[0.437s] Level 5:colcon.colcon_core.verb:set package 'ur5e_moveit_config_custom' build argument 'cmake_args' from command line to 'None'
[0.437s] Level 5:colcon.colcon_core.verb:set package 'ur5e_moveit_config_custom' build argument 'cmake_target' from command line to 'None'
[0.437s] Level 5:colcon.colcon_core.verb:set package 'ur5e_moveit_config_custom' build argument 'cmake_target_skip_unavailable' from command line to 'False'
[0.437s] Level 5:colcon.colcon_core.verb:set package 'ur5e_moveit_config_custom' build argument 'cmake_clean_cache' from command line to 'False'
[0.438s] Level 5:colcon.colcon_core.verb:set package 'ur5e_moveit_config_custom' build argument 'cmake_clean_first' from command line to 'False'
[0.438s] Level 5:colcon.colcon_core.verb:set package 'ur5e_moveit_config_custom' build argument 'cmake_force_configure' from command line to 'False'
[0.438s] Level 5:colcon.colcon_core.verb:set package 'ur5e_moveit_config_custom' build argument 'ament_cmake_args' from command line to 'None'
[0.438s] Level 5:colcon.colcon_core.verb:set package 'ur5e_moveit_config_custom' build argument 'catkin_cmake_args' from command line to 'None'
[0.438s] Level 5:colcon.colcon_core.verb:set package 'ur5e_moveit_config_custom' build argument 'catkin_skip_building_tests' from command line to 'False'
[0.438s] DEBUG:colcon.colcon_core.verb:Building package 'ur5e_moveit_config_custom' with the following arguments: {'ament_cmake_args': None, 'build_base': '/home/mtrn/MTRN4231_Project/build/ur5e_moveit_config_custom', 'catkin_cmake_args': None, 'catkin_skip_building_tests': False, 'cmake_args': None, 'cmake_clean_cache': False, 'cmake_clean_first': False, 'cmake_force_configure': False, 'cmake_target': None, 'cmake_target_skip_unavailable': False, 'install_base': '/home/mtrn/MTRN4231_Project/install/ur5e_moveit_config_custom', 'merge_install': False, 'path': '/home/mtrn/MTRN4231_Project/src/ur5e_moveit_config_custom', 'symlink_install': False, 'test_result_base': None}
[0.438s] Level 5:colcon.colcon_core.verb:set package 'arm_controller' build argument 'cmake_args' from command line to 'None'
[0.438s] Level 5:colcon.colcon_core.verb:set package 'arm_controller' build argument 'cmake_target' from command line to 'None'
[0.438s] Level 5:colcon.colcon_core.verb:set package 'arm_controller' build argument 'cmake_target_skip_unavailable' from command line to 'False'
[0.438s] Level 5:colcon.colcon_core.verb:set package 'arm_controller' build argument 'cmake_clean_cache' from command line to 'False'
[0.438s] Level 5:colcon.colcon_core.verb:set package 'arm_controller' build argument 'cmake_clean_first' from command line to 'False'
[0.438s] Level 5:colcon.colcon_core.verb:set package 'arm_controller' build argument 'cmake_force_configure' from command line to 'False'
[0.438s] Level 5:colcon.colcon_core.verb:set package 'arm_controller' build argument 'ament_cmake_args' from command line to 'None'
[0.438s] Level 5:colcon.colcon_core.verb:set package 'arm_controller' build argument 'catkin_cmake_args' from command line to 'None'
[0.438s] Level 5:colcon.colcon_core.verb:set package 'arm_controller' build argument 'catkin_skip_building_tests' from command line to 'False'
[0.438s] DEBUG:colcon.colcon_core.verb:Building package 'arm_controller' with the following arguments: {'ament_cmake_args': None, 'build_base': '/home/mtrn/MTRN4231_Project/build/arm_controller', 'catkin_cmake_args': None, 'catkin_skip_building_tests': False, 'cmake_args': None, 'cmake_clean_cache': False, 'cmake_clean_first': False, 'cmake_force_configure': False, 'cmake_target': None, 'cmake_target_skip_unavailable': False, 'install_base': '/home/mtrn/MTRN4231_Project/install/arm_controller', 'merge_install': False, 'path': '/home/mtrn/MTRN4231_Project/src/arm_controller', 'symlink_install': False, 'test_result_base': None}
[0.439s] Level 5:colcon.colcon_core.verb:set package 'ur5e_custom_description' build argument 'cmake_args' from command line to 'None'
[0.439s] Level 5:colcon.colcon_core.verb:set package 'ur5e_custom_description' build argument 'cmake_target' from command line to 'None'
[0.439s] Level 5:colcon.colcon_core.verb:set package 'ur5e_custom_description' build argument 'cmake_target_skip_unavailable' from command line to 'False'
[0.439s] Level 5:colcon.colcon_core.verb:set package 'ur5e_custom_description' build argument 'cmake_clean_cache' from command line to 'False'
[0.439s] Level 5:colcon.colcon_core.verb:set package 'ur5e_custom_description' build argument 'cmake_clean_first' from command line to 'False'
[0.439s] Level 5:colcon.colcon_core.verb:set package 'ur5e_custom_description' build argument 'cmake_force_configure' from command line to 'False'
[0.439s] Level 5:colcon.colcon_core.verb:set package 'ur5e_custom_description' build argument 'ament_cmake_args' from command line to 'None'
[0.439s] Level 5:colcon.colcon_core.verb:set package 'ur5e_custom_description' build argument 'catkin_cmake_args' from command line to 'None'
[0.439s] Level 5:colcon.colcon_core.verb:set package 'ur5e_custom_description' build argument 'catkin_skip_building_tests' from command line to 'False'
[0.439s] DEBUG:colcon.colcon_core.verb:Building package 'ur5e_custom_description' with the following arguments: {'ament_cmake_args': None, 'build_base': '/home/mtrn/MTRN4231_Project/build/ur5e_custom_description', 'catkin_cmake_args': None, 'catkin_skip_building_tests': False, 'cmake_args': None, 'cmake_clean_cache': False, 'cmake_clean_first': False, 'cmake_force_configure': False, 'cmake_target': None, 'cmake_target_skip_unavailable': False, 'install_base': '/home/mtrn/MTRN4231_Project/install/ur5e_custom_description', 'merge_install': False, 'path': '/home/mtrn/MTRN4231_Project/src/ur5e_custom_description', 'symlink_install': False, 'test_result_base': None}
[0.439s] INFO:colcon.colcon_core.executor:Executing jobs using 'parallel' executor
[0.440s] DEBUG:colcon.colcon_parallel_executor.executor.parallel:run_until_complete
[0.441s] INFO:colcon.colcon_ros.task.ament_cmake.build:Building ROS package in '/home/mtrn/MTRN4231_Project/src/custom_interfaces' with build type 'ament_cmake'
[0.441s] INFO:colcon.colcon_cmake.task.cmake.build:Building CMake package in '/home/mtrn/MTRN4231_Project/src/custom_interfaces'
[0.443s] INFO:colcon.colcon_core.plugin_system:Skipping extension 'colcon_core.shell.bat': Not used on non-Windows systems
[0.443s] INFO:colcon.colcon_core.shell:Skip shell extension 'powershell' for command environment: Not usable outside of PowerShell
[0.443s] DEBUG:colcon.colcon_core.shell:Skip shell extension 'dsv' for command environment
[0.449s] INFO:colcon.colcon_ros.task.ament_cmake.build:Building ROS package in '/home/mtrn/MTRN4231_Project/src/end_effector_description' with build type 'ament_cmake'
[0.449s] INFO:colcon.colcon_cmake.task.cmake.build:Building CMake package in '/home/mtrn/MTRN4231_Project/src/end_effector_description'
[0.450s] INFO:colcon.colcon_core.shell:Skip shell extension 'powershell' for command environment: Not usable outside of PowerShell
[0.450s] DEBUG:colcon.colcon_core.shell:Skip shell extension 'dsv' for command environment
[0.455s] INFO:colcon.colcon_ros.task.ament_cmake.build:Building ROS package in '/home/mtrn/MTRN4231_Project/src/ur5e_moveit_config_custom' with build type 'ament_cmake'
[0.456s] INFO:colcon.colcon_cmake.task.cmake.build:Building CMake package in '/home/mtrn/MTRN4231_Project/src/ur5e_moveit_config_custom'
[0.456s] INFO:colcon.colcon_core.shell:Skip shell extension 'powershell' for command environment: Not usable outside of PowerShell
[0.457s] DEBUG:colcon.colcon_core.shell:Skip shell extension 'dsv' for command environment
[0.481s] DEBUG:colcon.colcon_core.event_handler.log_command:Invoking command in '/home/mtrn/MTRN4231_Project/build/custom_interfaces': CMAKE_PREFIX_PATH=${CMAKE_PREFIX_PATH}:/opt/ros/humble /home/mtrn/.local/bin/cmake --build /home/mtrn/MTRN4231_Project/build/custom_interfaces -- -j20 -l20
[0.491s] DEBUG:colcon.colcon_core.event_handler.log_command:Invoking command in '/home/mtrn/MTRN4231_Project/build/end_effector_description': CMAKE_PREFIX_PATH=${CMAKE_PREFIX_PATH}:/opt/ros/humble /home/mtrn/.local/bin/cmake --build /home/mtrn/MTRN4231_Project/build/end_effector_description -- -j20 -l20
[0.497s] DEBUG:colcon.colcon_core.event_handler.log_command:Invoking command in '/home/mtrn/MTRN4231_Project/build/ur5e_moveit_config_custom': CMAKE_PREFIX_PATH=${CMAKE_PREFIX_PATH}:/opt/ros/humble /home/mtrn/.local/bin/cmake --build /home/mtrn/MTRN4231_Project/build/ur5e_moveit_config_custom -- -j20 -l20
[0.554s] DEBUG:colcon.colcon_core.event_handler.log_command:Invoked command in '/home/mtrn/MTRN4231_Project/build/end_effector_description' returned '0': CMAKE_PREFIX_PATH=${CMAKE_PREFIX_PATH}:/opt/ros/humble /home/mtrn/.local/bin/cmake --build /home/mtrn/MTRN4231_Project/build/end_effector_description -- -j20 -l20
[0.680s] DEBUG:colcon.colcon_core.event_handler.log_command:Invoking command in '/home/mtrn/MTRN4231_Project/build/end_effector_description': CMAKE_PREFIX_PATH=${CMAKE_PREFIX_PATH}:/opt/ros/humble /home/mtrn/.local/bin/cmake --install /home/mtrn/MTRN4231_Project/build/end_effector_description
[0.716s] Level 1:colcon.colcon_core.environment:create_environment_scripts_only(end_effector_description)
[0.718s] DEBUG:colcon.colcon_core.event_handler.log_command:Invoked command in '/home/mtrn/MTRN4231_Project/build/end_effector_description' returned '0': CMAKE_PREFIX_PATH=${CMAKE_PREFIX_PATH}:/opt/ros/humble /home/mtrn/.local/bin/cmake --install /home/mtrn/MTRN4231_Project/build/end_effector_description
[0.721s] Level 1:colcon.colcon_core.environment:checking '/home/mtrn/MTRN4231_Project/install/end_effector_description' for CMake module files
[0.721s] Level 1:colcon.colcon_core.environment:checking '/home/mtrn/MTRN4231_Project/install/end_effector_description' for CMake config files
[0.722s] Level 1:colcon.colcon_core.shell:create_environment_hook('end_effector_description', 'cmake_prefix_path')
[0.722s] INFO:colcon.colcon_core.shell:Creating environment hook '/home/mtrn/MTRN4231_Project/install/end_effector_description/share/end_effector_description/hook/cmake_prefix_path.ps1'
[0.723s] INFO:colcon.colcon_core.shell:Creating environment descriptor '/home/mtrn/MTRN4231_Project/install/end_effector_description/share/end_effector_description/hook/cmake_prefix_path.dsv'
[0.724s] INFO:colcon.colcon_core.shell:Creating environment hook '/home/mtrn/MTRN4231_Project/install/end_effector_description/share/end_effector_description/hook/cmake_prefix_path.sh'
[0.726s] Level 1:colcon.colcon_core.environment:checking '/home/mtrn/MTRN4231_Project/install/end_effector_description/bin'
[0.726s] Level 1:colcon.colcon_core.environment:checking '/home/mtrn/MTRN4231_Project/install/end_effector_description/lib/pkgconfig/end_effector_description.pc'
[0.727s] Level 1:colcon.colcon_core.environment:checking '/home/mtrn/MTRN4231_Project/install/end_effector_description/lib/python3.10/site-packages'
[0.727s] Level 1:colcon.colcon_core.environment:checking '/home/mtrn/MTRN4231_Project/install/end_effector_description/bin'
[0.728s] INFO:colcon.colcon_core.shell:Creating package script '/home/mtrn/MTRN4231_Project/install/end_effector_description/share/end_effector_description/package.ps1'
[0.730s] INFO:colcon.colcon_core.shell:Creating package descriptor '/home/mtrn/MTRN4231_Project/install/end_effector_description/share/end_effector_description/package.dsv'
[0.732s] INFO:colcon.colcon_core.shell:Creating package script '/home/mtrn/MTRN4231_Project/install/end_effector_description/share/end_effector_description/package.sh'
[0.733s] INFO:colcon.colcon_core.shell:Creating package script '/home/mtrn/MTRN4231_Project/install/end_effector_description/share/end_effector_description/package.bash'
[0.735s] INFO:colcon.colcon_core.shell:Creating package script '/home/mtrn/MTRN4231_Project/install/end_effector_description/share/end_effector_description/package.zsh'
[0.736s] Level 1:colcon.colcon_core.environment:create_file_with_runtime_dependencies(/home/mtrn/MTRN4231_Project/install/end_effector_description/share/colcon-core/packages/end_effector_description)
[0.787s] Level 1:colcon.colcon_core.environment:create_environment_scripts_only(end_effector_description)
[0.787s] Level 1:colcon.colcon_core.environment:checking '/home/mtrn/MTRN4231_Project/install/end_effector_description' for CMake module files
[0.788s] Level 1:colcon.colcon_core.environment:checking '/home/mtrn/MTRN4231_Project/install/end_effector_description' for CMake config files
[0.788s] Level 1:colcon.colcon_core.shell:create_environment_hook('end_effector_description', 'cmake_prefix_path')
[0.789s] INFO:colcon.colcon_core.shell:Creating environment hook '/home/mtrn/MTRN4231_Project/install/end_effector_description/share/end_effector_description/hook/cmake_prefix_path.ps1'
[0.789s] INFO:colcon.colcon_core.shell:Creating environment descriptor '/home/mtrn/MTRN4231_Project/install/end_effector_description/share/end_effector_description/hook/cmake_prefix_path.dsv'
[0.790s] INFO:colcon.colcon_core.shell:Creating environment hook '/home/mtrn/MTRN4231_Project/install/end_effector_description/share/end_effector_description/hook/cmake_prefix_path.sh'
[0.791s] Level 1:colcon.colcon_core.environment:checking '/home/mtrn/MTRN4231_Project/install/end_effector_description/bin'
[0.791s] Level 1:colcon.colcon_core.environment:checking '/home/mtrn/MTRN4231_Project/install/end_effector_description/lib/pkgconfig/end_effector_description.pc'
[0.791s] Level 1:colcon.colcon_core.environment:checking '/home/mtrn/MTRN4231_Project/install/end_effector_description/lib/python3.10/site-packages'
[0.792s] Level 1:colcon.colcon_core.environment:checking '/home/mtrn/MTRN4231_Project/install/end_effector_description/bin'
[0.792s] INFO:colcon.colcon_core.shell:Creating package script '/home/mtrn/MTRN4231_Project/install/end_effector_description/share/end_effector_description/package.ps1'
[0.793s] INFO:colcon.colcon_core.shell:Creating package descriptor '/home/mtrn/MTRN4231_Project/install/end_effector_description/share/end_effector_description/package.dsv'
[0.794s] INFO:colcon.colcon_core.shell:Creating package script '/home/mtrn/MTRN4231_Project/install/end_effector_description/share/end_effector_description/package.sh'
[0.795s] INFO:colcon.colcon_core.shell:Creating package script '/home/mtrn/MTRN4231_Project/install/end_effector_description/share/end_effector_description/package.bash'
[0.795s] INFO:colcon.colcon_core.shell:Creating package script '/home/mtrn/MTRN4231_Project/install/end_effector_description/share/end_effector_description/package.zsh'
[0.796s] Level 1:colcon.colcon_core.environment:create_file_with_runtime_dependencies(/home/mtrn/MTRN4231_Project/install/end_effector_description/share/colcon-core/packages/end_effector_description)
[0.796s] INFO:colcon.colcon_ros.task.ament_cmake.build:Building ROS package in '/home/mtrn/MTRN4231_Project/src/ur5e_custom_description' with build type 'ament_cmake'
[0.796s] INFO:colcon.colcon_cmake.task.cmake.build:Building CMake package in '/home/mtrn/MTRN4231_Project/src/ur5e_custom_description'
[0.797s] INFO:colcon.colcon_core.shell:Skip shell extension 'powershell' for command environment: Not usable outside of PowerShell
[0.797s] DEBUG:colcon.colcon_core.shell:Skip shell extension 'dsv' for command environment
[0.809s] DEBUG:colcon.colcon_core.event_handler.log_command:Invoking command in '/home/mtrn/MTRN4231_Project/build/ur5e_custom_description': CMAKE_PREFIX_PATH=/home/mtrn/MTRN4231_Project/install/end_effector_description:/home/mtrn/MTRN4231_Project/install/ur5e_moveit_config_custom:/home/mtrn/MTRN4231_Project/install/ur5e_custom_description:/home/mtrn/MTRN4231_Project/install/arm_controller:/home/mtrn/MTRN4231_Project/install/custom_interfaces:/opt/ros/humble /home/mtrn/.local/bin/cmake --build /home/mtrn/MTRN4231_Project/build/ur5e_custom_description -- -j20 -l20
[0.888s] DEBUG:colcon.colcon_core.event_handler.log_command:Invoked command in '/home/mtrn/MTRN4231_Project/build/ur5e_custom_description' returned '0': CMAKE_PREFIX_PATH=/home/mtrn/MTRN4231_Project/install/end_effector_description:/home/mtrn/MTRN4231_Project/install/ur5e_moveit_config_custom:/home/mtrn/MTRN4231_Project/install/ur5e_custom_description:/home/mtrn/MTRN4231_Project/install/arm_controller:/home/mtrn/MTRN4231_Project/install/custom_interfaces:/opt/ros/humble /home/mtrn/.local/bin/cmake --build /home/mtrn/MTRN4231_Project/build/ur5e_custom_description -- -j20 -l20
[0.954s] DEBUG:colcon.colcon_core.event_handler.log_command:Invoking command in '/home/mtrn/MTRN4231_Project/build/ur5e_custom_description': CMAKE_PREFIX_PATH=/home/mtrn/MTRN4231_Project/install/end_effector_description:/home/mtrn/MTRN4231_Project/install/ur5e_moveit_config_custom:/home/mtrn/MTRN4231_Project/install/ur5e_custom_description:/home/mtrn/MTRN4231_Project/install/arm_controller:/home/mtrn/MTRN4231_Project/install/custom_interfaces:/opt/ros/humble /home/mtrn/.local/bin/cmake --install /home/mtrn/MTRN4231_Project/build/ur5e_custom_description
[0.972s] DEBUG:colcon.colcon_core.event_handler.log_command:Invoked command in '/home/mtrn/MTRN4231_Project/build/ur5e_moveit_config_custom' returned '0': CMAKE_PREFIX_PATH=${CMAKE_PREFIX_PATH}:/opt/ros/humble /home/mtrn/.local/bin/cmake --build /home/mtrn/MTRN4231_Project/build/ur5e_moveit_config_custom -- -j20 -l20
[1.004s] Level 1:colcon.colcon_core.environment:create_environment_scripts_only(ur5e_custom_description)
[1.004s] Level 1:colcon.colcon_core.environment:checking '/home/mtrn/MTRN4231_Project/install/ur5e_custom_description' for CMake module files
[1.005s] Level 1:colcon.colcon_core.environment:checking '/home/mtrn/MTRN4231_Project/install/ur5e_custom_description' for CMake config files
[1.005s] Level 1:colcon.colcon_core.shell:create_environment_hook('ur5e_custom_description', 'cmake_prefix_path')
[1.006s] INFO:colcon.colcon_core.shell:Creating environment hook '/home/mtrn/MTRN4231_Project/install/ur5e_custom_description/share/ur5e_custom_description/hook/cmake_prefix_path.ps1'
[1.007s] DEBUG:colcon.colcon_core.event_handler.log_command:Invoked command in '/home/mtrn/MTRN4231_Project/build/ur5e_custom_description' returned '0': CMAKE_PREFIX_PATH=/home/mtrn/MTRN4231_Project/install/end_effector_description:/home/mtrn/MTRN4231_Project/install/ur5e_moveit_config_custom:/home/mtrn/MTRN4231_Project/install/ur5e_custom_description:/home/mtrn/MTRN4231_Project/install/arm_controller:/home/mtrn/MTRN4231_Project/install/custom_interfaces:/opt/ros/humble /home/mtrn/.local/bin/cmake --install /home/mtrn/MTRN4231_Project/build/ur5e_custom_description
[1.007s] INFO:colcon.colcon_core.shell:Creating environment descriptor '/home/mtrn/MTRN4231_Project/install/ur5e_custom_description/share/ur5e_custom_description/hook/cmake_prefix_path.dsv'
[1.008s] INFO:colcon.colcon_core.shell:Creating environment hook '/home/mtrn/MTRN4231_Project/install/ur5e_custom_description/share/ur5e_custom_description/hook/cmake_prefix_path.sh'
[1.008s] Level 1:colcon.colcon_core.environment:checking '/home/mtrn/MTRN4231_Project/install/ur5e_custom_description/bin'
[1.008s] Level 1:colcon.colcon_core.environment:checking '/home/mtrn/MTRN4231_Project/install/ur5e_custom_description/lib/pkgconfig/ur5e_custom_description.pc'
[1.009s] Level 1:colcon.colcon_core.environment:checking '/home/mtrn/MTRN4231_Project/install/ur5e_custom_description/lib/python3.10/site-packages'
[1.009s] Level 1:colcon.colcon_core.environment:checking '/home/mtrn/MTRN4231_Project/install/ur5e_custom_description/bin'
[1.009s] INFO:colcon.colcon_core.shell:Creating package script '/home/mtrn/MTRN4231_Project/install/ur5e_custom_description/share/ur5e_custom_description/package.ps1'
[1.010s] INFO:colcon.colcon_core.shell:Creating package descriptor '/home/mtrn/MTRN4231_Project/install/ur5e_custom_description/share/ur5e_custom_description/package.dsv'
[1.010s] INFO:colcon.colcon_core.shell:Creating package script '/home/mtrn/MTRN4231_Project/install/ur5e_custom_description/share/ur5e_custom_description/package.sh'
[1.010s] INFO:colcon.colcon_core.shell:Creating package script '/home/mtrn/MTRN4231_Project/install/ur5e_custom_description/share/ur5e_custom_description/package.bash'
[1.011s] INFO:colcon.colcon_core.shell:Creating package script '/home/mtrn/MTRN4231_Project/install/ur5e_custom_description/share/ur5e_custom_description/package.zsh'
[1.011s] Level 1:colcon.colcon_core.environment:create_file_with_runtime_dependencies(/home/mtrn/MTRN4231_Project/install/ur5e_custom_description/share/colcon-core/packages/ur5e_custom_description)
[1.013s] DEBUG:colcon.colcon_core.event_handler.log_command:Invoked command in '/home/mtrn/MTRN4231_Project/build/custom_interfaces' returned '0': CMAKE_PREFIX_PATH=${CMAKE_PREFIX_PATH}:/opt/ros/humble /home/mtrn/.local/bin/cmake --build /home/mtrn/MTRN4231_Project/build/custom_interfaces -- -j20 -l20
[1.037s] DEBUG:colcon.colcon_core.event_handler.log_command:Invoking command in '/home/mtrn/MTRN4231_Project/build/ur5e_moveit_config_custom': CMAKE_PREFIX_PATH=${CMAKE_PREFIX_PATH}:/opt/ros/humble /home/mtrn/.local/bin/cmake --install /home/mtrn/MTRN4231_Project/build/ur5e_moveit_config_custom
[1.074s] Level 1:colcon.colcon_core.environment:create_environment_scripts_only(ur5e_custom_description)
[1.075s] Level 1:colcon.colcon_core.environment:checking '/home/mtrn/MTRN4231_Project/install/ur5e_custom_description' for CMake module files
[1.075s] Level 1:colcon.colcon_core.environment:checking '/home/mtrn/MTRN4231_Project/install/ur5e_custom_description' for CMake config files
[1.076s] Level 1:colcon.colcon_core.shell:create_environment_hook('ur5e_custom_description', 'cmake_prefix_path')
[1.076s] INFO:colcon.colcon_core.shell:Creating environment hook '/home/mtrn/MTRN4231_Project/install/ur5e_custom_description/share/ur5e_custom_description/hook/cmake_prefix_path.ps1'
[1.079s] INFO:colcon.colcon_core.shell:Creating environment descriptor '/home/mtrn/MTRN4231_Project/install/ur5e_custom_description/share/ur5e_custom_description/hook/cmake_prefix_path.dsv'
[1.080s] INFO:colcon.colcon_core.shell:Creating environment hook '/home/mtrn/MTRN4231_Project/install/ur5e_custom_description/share/ur5e_custom_description/hook/cmake_prefix_path.sh'
[1.080s] Level 1:colcon.colcon_core.environment:checking '/home/mtrn/MTRN4231_Project/install/ur5e_custom_description/bin'
[1.081s] Level 1:colcon.colcon_core.environment:checking '/home/mtrn/MTRN4231_Project/install/ur5e_custom_description/lib/pkgconfig/ur5e_custom_description.pc'
[1.081s] Level 1:colcon.colcon_core.environment:checking '/home/mtrn/MTRN4231_Project/install/ur5e_custom_description/lib/python3.10/site-packages'
[1.081s] Level 1:colcon.colcon_core.environment:checking '/home/mtrn/MTRN4231_Project/install/ur5e_custom_description/bin'
[1.081s] INFO:colcon.colcon_core.shell:Creating package script '/home/mtrn/MTRN4231_Project/install/ur5e_custom_description/share/ur5e_custom_description/package.ps1'
[1.082s] INFO:colcon.colcon_core.shell:Creating package descriptor '/home/mtrn/MTRN4231_Project/install/ur5e_custom_description/share/ur5e_custom_description/package.dsv'
[1.083s] INFO:colcon.colcon_core.shell:Creating package script '/home/mtrn/MTRN4231_Project/install/ur5e_custom_description/share/ur5e_custom_description/package.sh'
[1.083s] INFO:colcon.colcon_core.shell:Creating package script '/home/mtrn/MTRN4231_Project/install/ur5e_custom_description/share/ur5e_custom_description/package.bash'
[1.084s] INFO:colcon.colcon_core.shell:Creating package script '/home/mtrn/MTRN4231_Project/install/ur5e_custom_description/share/ur5e_custom_description/package.zsh'
[1.084s] Level 1:colcon.colcon_core.environment:create_file_with_runtime_dependencies(/home/mtrn/MTRN4231_Project/install/ur5e_custom_description/share/colcon-core/packages/ur5e_custom_description)
[1.132s] DEBUG:colcon.colcon_core.event_handler.log_command:Invoking command in '/home/mtrn/MTRN4231_Project/build/custom_interfaces': CMAKE_PREFIX_PATH=${CMAKE_PREFIX_PATH}:/opt/ros/humble /home/mtrn/.local/bin/cmake --install /home/mtrn/MTRN4231_Project/build/custom_interfaces
[1.178s] Level 1:colcon.colcon_core.environment:create_environment_scripts_only(ur5e_moveit_config_custom)
[1.178s] DEBUG:colcon.colcon_core.event_handler.log_command:Invoked command in '/home/mtrn/MTRN4231_Project/build/ur5e_moveit_config_custom' returned '0': CMAKE_PREFIX_PATH=${CMAKE_PREFIX_PATH}:/opt/ros/humble /home/mtrn/.local/bin/cmake --install /home/mtrn/MTRN4231_Project/build/ur5e_moveit_config_custom
[1.179s] Level 1:colcon.colcon_core.environment:checking '/home/mtrn/MTRN4231_Project/install/ur5e_moveit_config_custom' for CMake module files
[1.180s] Level 1:colcon.colcon_core.environment:checking '/home/mtrn/MTRN4231_Project/install/ur5e_moveit_config_custom' for CMake config files
[1.180s] Level 1:colcon.colcon_core.shell:create_environment_hook('ur5e_moveit_config_custom', 'cmake_prefix_path')
[1.181s] INFO:colcon.colcon_core.shell:Creating environment hook '/home/mtrn/MTRN4231_Project/install/ur5e_moveit_config_custom/share/ur5e_moveit_config_custom/hook/cmake_prefix_path.ps1'
[1.182s] INFO:colcon.colcon_core.shell:Creating environment descriptor '/home/mtrn/MTRN4231_Project/install/ur5e_moveit_config_custom/share/ur5e_moveit_config_custom/hook/cmake_prefix_path.dsv'
[1.182s] INFO:colcon.colcon_core.shell:Creating environment hook '/home/mtrn/MTRN4231_Project/install/ur5e_moveit_config_custom/share/ur5e_moveit_config_custom/hook/cmake_prefix_path.sh'
[1.183s] Level 1:colcon.colcon_core.environment:checking '/home/mtrn/MTRN4231_Project/install/ur5e_moveit_config_custom/bin'
[1.183s] Level 1:colcon.colcon_core.environment:checking '/home/mtrn/MTRN4231_Project/install/ur5e_moveit_config_custom/lib/pkgconfig/ur5e_moveit_config_custom.pc'
[1.183s] Level 1:colcon.colcon_core.environment:checking '/home/mtrn/MTRN4231_Project/install/ur5e_moveit_config_custom/lib/python3.10/site-packages'
[1.183s] Level 1:colcon.colcon_core.environment:checking '/home/mtrn/MTRN4231_Project/install/ur5e_moveit_config_custom/bin'
[1.184s] INFO:colcon.colcon_core.shell:Creating package script '/home/mtrn/MTRN4231_Project/install/ur5e_moveit_config_custom/share/ur5e_moveit_config_custom/package.ps1'
[1.184s] INFO:colcon.colcon_core.shell:Creating package descriptor '/home/mtrn/MTRN4231_Project/install/ur5e_moveit_config_custom/share/ur5e_moveit_config_custom/package.dsv'
[1.185s] INFO:colcon.colcon_core.shell:Creating package script '/home/mtrn/MTRN4231_Project/install/ur5e_moveit_config_custom/share/ur5e_moveit_config_custom/package.sh'
[1.185s] INFO:colcon.colcon_core.shell:Creating package script '/home/mtrn/MTRN4231_Project/install/ur5e_moveit_config_custom/share/ur5e_moveit_config_custom/package.bash'
[1.186s] INFO:colcon.colcon_core.shell:Creating package script '/home/mtrn/MTRN4231_Project/install/ur5e_moveit_config_custom/share/ur5e_moveit_config_custom/package.zsh'
[1.186s] Level 1:colcon.colcon_core.environment:create_file_with_runtime_dependencies(/home/mtrn/MTRN4231_Project/install/ur5e_moveit_config_custom/share/colcon-core/packages/ur5e_moveit_config_custom)
[1.238s] Level 1:colcon.colcon_core.environment:create_environment_scripts_only(custom_interfaces)
[1.239s] Level 1:colcon.colcon_core.environment:checking '/home/mtrn/MTRN4231_Project/install/custom_interfaces' for CMake module files
[1.240s] DEBUG:colcon.colcon_core.event_handler.log_command:Invoked command in '/home/mtrn/MTRN4231_Project/build/custom_interfaces' returned '0': CMAKE_PREFIX_PATH=${CMAKE_PREFIX_PATH}:/opt/ros/humble /home/mtrn/.local/bin/cmake --install /home/mtrn/MTRN4231_Project/build/custom_interfaces
[1.241s] Level 1:colcon.colcon_core.environment:checking '/home/mtrn/MTRN4231_Project/install/custom_interfaces' for CMake config files
[1.241s] Level 1:colcon.colcon_core.shell:create_environment_hook('custom_interfaces', 'cmake_prefix_path')
[1.242s] INFO:colcon.colcon_core.shell:Creating environment hook '/home/mtrn/MTRN4231_Project/install/custom_interfaces/share/custom_interfaces/hook/cmake_prefix_path.ps1'
[1.242s] INFO:colcon.colcon_core.shell:Creating environment descriptor '/home/mtrn/MTRN4231_Project/install/custom_interfaces/share/custom_interfaces/hook/cmake_prefix_path.dsv'
[1.243s] INFO:colcon.colcon_core.shell:Creating environment hook '/home/mtrn/MTRN4231_Project/install/custom_interfaces/share/custom_interfaces/hook/cmake_prefix_path.sh'
[1.243s] Level 1:colcon.colcon_core.environment:checking '/home/mtrn/MTRN4231_Project/install/custom_interfaces/lib'
[1.244s] Level 1:colcon.colcon_core.shell:create_environment_hook('custom_interfaces', 'ld_library_path_lib')
[1.244s] INFO:colcon.colcon_core.shell:Creating environment hook '/home/mtrn/MTRN4231_Project/install/custom_interfaces/share/custom_interfaces/hook/ld_library_path_lib.ps1'
[1.245s] INFO:colcon.colcon_core.shell:Creating environment descriptor '/home/mtrn/MTRN4231_Project/install/custom_interfaces/share/custom_interfaces/hook/ld_library_path_lib.dsv'
[1.245s] INFO:colcon.colcon_core.shell:Creating environment hook '/home/mtrn/MTRN4231_Project/install/custom_interfaces/share/custom_interfaces/hook/ld_library_path_lib.sh'
[1.245s] Level 1:colcon.colcon_core.environment:checking '/home/mtrn/MTRN4231_Project/install/custom_interfaces/bin'
[1.245s] Level 1:colcon.colcon_core.environment:checking '/home/mtrn/MTRN4231_Project/install/custom_interfaces/lib/pkgconfig/custom_interfaces.pc'
[1.246s] Level 1:colcon.colcon_core.environment:checking '/home/mtrn/MTRN4231_Project/install/custom_interfaces/lib/python3.10/site-packages'
[1.246s] Level 1:colcon.colcon_core.environment:checking '/home/mtrn/MTRN4231_Project/install/custom_interfaces/bin'
[1.247s] INFO:colcon.colcon_core.shell:Creating package script '/home/mtrn/MTRN4231_Project/install/custom_interfaces/share/custom_interfaces/package.ps1'
[1.248s] INFO:colcon.colcon_core.shell:Creating package descriptor '/home/mtrn/MTRN4231_Project/install/custom_interfaces/share/custom_interfaces/package.dsv'
[1.249s] INFO:colcon.colcon_core.shell:Creating package script '/home/mtrn/MTRN4231_Project/install/custom_interfaces/share/custom_interfaces/package.sh'
[1.249s] INFO:colcon.colcon_core.shell:Creating package script '/home/mtrn/MTRN4231_Project/install/custom_interfaces/share/custom_interfaces/package.bash'
[1.250s] INFO:colcon.colcon_core.shell:Creating package script '/home/mtrn/MTRN4231_Project/install/custom_interfaces/share/custom_interfaces/package.zsh'
[1.250s] Level 1:colcon.colcon_core.environment:create_file_with_runtime_dependencies(/home/mtrn/MTRN4231_Project/install/custom_interfaces/share/colcon-core/packages/custom_interfaces)
[1.256s] Level 1:colcon.colcon_core.environment:create_environment_scripts_only(ur5e_moveit_config_custom)
[1.256s] Level 1:colcon.colcon_core.environment:checking '/home/mtrn/MTRN4231_Project/install/ur5e_moveit_config_custom' for CMake module files
[1.257s] Level 1:colcon.colcon_core.environment:checking '/home/mtrn/MTRN4231_Project/install/ur5e_moveit_config_custom' for CMake config files
[1.257s] Level 1:colcon.colcon_core.shell:create_environment_hook('ur5e_moveit_config_custom', 'cmake_prefix_path')
[1.258s] INFO:colcon.colcon_core.shell:Creating environment hook '/home/mtrn/MTRN4231_Project/install/ur5e_moveit_config_custom/share/ur5e_moveit_config_custom/hook/cmake_prefix_path.ps1'
[1.259s] INFO:colcon.colcon_core.shell:Creating environment descriptor '/home/mtrn/MTRN4231_Project/install/ur5e_moveit_config_custom/share/ur5e_moveit_config_custom/hook/cmake_prefix_path.dsv'
[1.260s] INFO:colcon.colcon_core.shell:Creating environment hook '/home/mtrn/MTRN4231_Project/install/ur5e_moveit_config_custom/share/ur5e_moveit_config_custom/hook/cmake_prefix_path.sh'
[1.261s] Level 1:colcon.colcon_core.environment:checking '/home/mtrn/MTRN4231_Project/install/ur5e_moveit_config_custom/bin'
[1.261s] Level 1:colcon.colcon_core.environment:checking '/home/mtrn/MTRN4231_Project/install/ur5e_moveit_config_custom/lib/pkgconfig/ur5e_moveit_config_custom.pc'
[1.261s] Level 1:colcon.colcon_core.environment:checking '/home/mtrn/MTRN4231_Project/install/ur5e_moveit_config_custom/lib/python3.10/site-packages'
[1.261s] Level 1:colcon.colcon_core.environment:checking '/home/mtrn/MTRN4231_Project/install/ur5e_moveit_config_custom/bin'
[1.262s] INFO:colcon.colcon_core.shell:Creating package script '/home/mtrn/MTRN4231_Project/install/ur5e_moveit_config_custom/share/ur5e_moveit_config_custom/package.ps1'
[1.262s] INFO:colcon.colcon_core.shell:Creating package descriptor '/home/mtrn/MTRN4231_Project/install/ur5e_moveit_config_custom/share/ur5e_moveit_config_custom/package.dsv'
[1.262s] INFO:colcon.colcon_core.shell:Creating package script '/home/mtrn/MTRN4231_Project/install/ur5e_moveit_config_custom/share/ur5e_moveit_config_custom/package.sh'
[1.263s] INFO:colcon.colcon_core.shell:Creating package script '/home/mtrn/MTRN4231_Project/install/ur5e_moveit_config_custom/share/ur5e_moveit_config_custom/package.bash'
[1.263s] INFO:colcon.colcon_core.shell:Creating package script '/home/mtrn/MTRN4231_Project/install/ur5e_moveit_config_custom/share/ur5e_moveit_config_custom/package.zsh'
[1.263s] Level 1:colcon.colcon_core.environment:create_file_with_runtime_dependencies(/home/mtrn/MTRN4231_Project/install/ur5e_moveit_config_custom/share/colcon-core/packages/ur5e_moveit_config_custom)
[1.367s] Level 1:colcon.colcon_core.environment:create_environment_scripts_only(custom_interfaces)
[1.368s] Level 1:colcon.colcon_core.environment:checking '/home/mtrn/MTRN4231_Project/install/custom_interfaces' for CMake module files
[1.370s] Level 1:colcon.colcon_core.environment:checking '/home/mtrn/MTRN4231_Project/install/custom_interfaces' for CMake config files
[1.372s] Level 1:colcon.colcon_core.shell:create_environment_hook('custom_interfaces', 'cmake_prefix_path')
[1.373s] INFO:colcon.colcon_core.shell:Creating environment hook '/home/mtrn/MTRN4231_Project/install/custom_interfaces/share/custom_interfaces/hook/cmake_prefix_path.ps1'
[1.374s] INFO:colcon.colcon_core.shell:Creating environment descriptor '/home/mtrn/MTRN4231_Project/install/custom_interfaces/share/custom_interfaces/hook/cmake_prefix_path.dsv'
[1.374s] INFO:colcon.colcon_core.shell:Creating environment hook '/home/mtrn/MTRN4231_Project/install/custom_interfaces/share/custom_interfaces/hook/cmake_prefix_path.sh'
[1.375s] Level 1:colcon.colcon_core.environment:checking '/home/mtrn/MTRN4231_Project/install/custom_interfaces/lib'
[1.375s] Level 1:colcon.colcon_core.shell:create_environment_hook('custom_interfaces', 'ld_library_path_lib')
[1.375s] INFO:colcon.colcon_core.shell:Creating environment hook '/home/mtrn/MTRN4231_Project/install/custom_interfaces/share/custom_interfaces/hook/ld_library_path_lib.ps1'
[1.376s] INFO:colcon.colcon_core.shell:Creating environment descriptor '/home/mtrn/MTRN4231_Project/install/custom_interfaces/share/custom_interfaces/hook/ld_library_path_lib.dsv'
[1.376s] INFO:colcon.colcon_core.shell:Creating environment hook '/home/mtrn/MTRN4231_Project/install/custom_interfaces/share/custom_interfaces/hook/ld_library_path_lib.sh'
[1.376s] Level 1:colcon.colcon_core.environment:checking '/home/mtrn/MTRN4231_Project/install/custom_interfaces/bin'
[1.377s] Level 1:colcon.colcon_core.environment:checking '/home/mtrn/MTRN4231_Project/install/custom_interfaces/lib/pkgconfig/custom_interfaces.pc'
[1.377s] Level 1:colcon.colcon_core.environment:checking '/home/mtrn/MTRN4231_Project/install/custom_interfaces/lib/python3.10/site-packages'
[1.377s] Level 1:colcon.colcon_core.environment:checking '/home/mtrn/MTRN4231_Project/install/custom_interfaces/bin'
[1.378s] INFO:colcon.colcon_core.shell:Creating package script '/home/mtrn/MTRN4231_Project/install/custom_interfaces/share/custom_interfaces/package.ps1'
[1.378s] INFO:colcon.colcon_core.shell:Creating package descriptor '/home/mtrn/MTRN4231_Project/install/custom_interfaces/share/custom_interfaces/package.dsv'
[1.379s] INFO:colcon.colcon_core.shell:Creating package script '/home/mtrn/MTRN4231_Project/install/custom_interfaces/share/custom_interfaces/package.sh'
[1.380s] INFO:colcon.colcon_core.shell:Creating package script '/home/mtrn/MTRN4231_Project/install/custom_interfaces/share/custom_interfaces/package.bash'
[1.381s] INFO:colcon.colcon_core.shell:Creating package script '/home/mtrn/MTRN4231_Project/install/custom_interfaces/share/custom_interfaces/package.zsh'
[1.381s] Level 1:colcon.colcon_core.environment:create_file_with_runtime_dependencies(/home/mtrn/MTRN4231_Project/install/custom_interfaces/share/colcon-core/packages/custom_interfaces)
[1.382s] INFO:colcon.colcon_ros.task.ament_cmake.build:Building ROS package in '/home/mtrn/MTRN4231_Project/src/arm_controller' with build type 'ament_cmake'
[1.382s] INFO:colcon.colcon_cmake.task.cmake.build:Building CMake package in '/home/mtrn/MTRN4231_Project/src/arm_controller'
[1.382s] INFO:colcon.colcon_core.shell:Skip shell extension 'powershell' for command environment: Not usable outside of PowerShell
[1.382s] DEBUG:colcon.colcon_core.shell:Skip shell extension 'dsv' for command environment
[1.396s] DEBUG:colcon.colcon_core.event_handler.log_command:Invoking command in '/home/mtrn/MTRN4231_Project/build/arm_controller': CMAKE_PREFIX_PATH=/home/mtrn/MTRN4231_Project/install/custom_interfaces:/home/mtrn/MTRN4231_Project/install/ur5e_moveit_config_custom:/home/mtrn/MTRN4231_Project/install/ur5e_custom_description:/home/mtrn/MTRN4231_Project/install/end_effector_description:/home/mtrn/MTRN4231_Project/install/arm_controller:/opt/ros/humble /home/mtrn/.local/bin/cmake --build /home/mtrn/MTRN4231_Project/build/arm_controller -- -j20 -l20
[1.507s] DEBUG:colcon.colcon_core.event_handler.log_command:Invoked command in '/home/mtrn/MTRN4231_Project/build/arm_controller' returned '0': CMAKE_PREFIX_PATH=/home/mtrn/MTRN4231_Project/install/custom_interfaces:/home/mtrn/MTRN4231_Project/install/ur5e_moveit_config_custom:/home/mtrn/MTRN4231_Project/install/ur5e_custom_description:/home/mtrn/MTRN4231_Project/install/end_effector_description:/home/mtrn/MTRN4231_Project/install/arm_controller:/opt/ros/humble /home/mtrn/.local/bin/cmake --build /home/mtrn/MTRN4231_Project/build/arm_controller -- -j20 -l20
[1.570s] DEBUG:colcon.colcon_core.event_handler.log_command:Invoking command in '/home/mtrn/MTRN4231_Project/build/arm_controller': CMAKE_PREFIX_PATH=/home/mtrn/MTRN4231_Project/install/custom_interfaces:/home/mtrn/MTRN4231_Project/install/ur5e_moveit_config_custom:/home/mtrn/MTRN4231_Project/install/ur5e_custom_description:/home/mtrn/MTRN4231_Project/install/end_effector_description:/home/mtrn/MTRN4231_Project/install/arm_controller:/opt/ros/humble /home/mtrn/.local/bin/cmake --install /home/mtrn/MTRN4231_Project/build/arm_controller
[1.614s] Level 1:colcon.colcon_core.environment:create_environment_scripts_only(arm_controller)
[1.614s] Level 1:colcon.colcon_core.environment:checking '/home/mtrn/MTRN4231_Project/install/arm_controller' for CMake module files
[1.615s] DEBUG:colcon.colcon_core.event_handler.log_command:Invoked command in '/home/mtrn/MTRN4231_Project/build/arm_controller' returned '0': CMAKE_PREFIX_PATH=/home/mtrn/MTRN4231_Project/install/custom_interfaces:/home/mtrn/MTRN4231_Project/install/ur5e_moveit_config_custom:/home/mtrn/MTRN4231_Project/install/ur5e_custom_description:/home/mtrn/MTRN4231_Project/install/end_effector_description:/home/mtrn/MTRN4231_Project/install/arm_controller:/opt/ros/humble /home/mtrn/.local/bin/cmake --install /home/mtrn/MTRN4231_Project/build/arm_controller
[1.616s] Level 1:colcon.colcon_core.environment:checking '/home/mtrn/MTRN4231_Project/install/arm_controller' for CMake config files
[1.616s] Level 1:colcon.colcon_core.shell:create_environment_hook('arm_controller', 'cmake_prefix_path')
[1.616s] INFO:colcon.colcon_core.shell:Creating environment hook '/home/mtrn/MTRN4231_Project/install/arm_controller/share/arm_controller/hook/cmake_prefix_path.ps1'
[1.617s] INFO:colcon.colcon_core.shell:Creating environment descriptor '/home/mtrn/MTRN4231_Project/install/arm_controller/share/arm_controller/hook/cmake_prefix_path.dsv'
[1.617s] INFO:colcon.colcon_core.shell:Creating environment hook '/home/mtrn/MTRN4231_Project/install/arm_controller/share/arm_controller/hook/cmake_prefix_path.sh'
[1.618s] Level 1:colcon.colcon_core.environment:checking '/home/mtrn/MTRN4231_Project/install/arm_controller/lib'
[1.618s] Level 1:colcon.colcon_core.environment:checking '/home/mtrn/MTRN4231_Project/install/arm_controller/bin'
[1.618s] Level 1:colcon.colcon_core.environment:checking '/home/mtrn/MTRN4231_Project/install/arm_controller/lib/pkgconfig/arm_controller.pc'
[1.619s] Level 1:colcon.colcon_core.environment:checking '/home/mtrn/MTRN4231_Project/install/arm_controller/lib/python3.10/site-packages'
[1.619s] Level 1:colcon.colcon_core.environment:checking '/home/mtrn/MTRN4231_Project/install/arm_controller/bin'
[1.619s] INFO:colcon.colcon_core.shell:Creating package script '/home/mtrn/MTRN4231_Project/install/arm_controller/share/arm_controller/package.ps1'
[1.620s] INFO:colcon.colcon_core.shell:Creating package descriptor '/home/mtrn/MTRN4231_Project/install/arm_controller/share/arm_controller/package.dsv'
[1.621s] INFO:colcon.colcon_core.shell:Creating package script '/home/mtrn/MTRN4231_Project/install/arm_controller/share/arm_controller/package.sh'
[1.621s] INFO:colcon.colcon_core.shell:Creating package script '/home/mtrn/MTRN4231_Project/install/arm_controller/share/arm_controller/package.bash'
[1.622s] INFO:colcon.colcon_core.shell:Creating package script '/home/mtrn/MTRN4231_Project/install/arm_controller/share/arm_controller/package.zsh'
[1.623s] Level 1:colcon.colcon_core.environment:create_file_with_runtime_dependencies(/home/mtrn/MTRN4231_Project/install/arm_controller/share/colcon-core/packages/arm_controller)
[1.704s] Level 1:colcon.colcon_core.environment:create_environment_scripts_only(arm_controller)
[1.705s] Level 1:colcon.colcon_core.environment:checking '/home/mtrn/MTRN4231_Project/install/arm_controller' for CMake module files
[1.705s] Level 1:colcon.colcon_core.environment:checking '/home/mtrn/MTRN4231_Project/install/arm_controller' for CMake config files
[1.706s] Level 1:colcon.colcon_core.shell:create_environment_hook('arm_controller', 'cmake_prefix_path')
[1.706s] INFO:colcon.colcon_core.shell:Creating environment hook '/home/mtrn/MTRN4231_Project/install/arm_controller/share/arm_controller/hook/cmake_prefix_path.ps1'
[1.707s] INFO:colcon.colcon_core.shell:Creating environment descriptor '/home/mtrn/MTRN4231_Project/install/arm_controller/share/arm_controller/hook/cmake_prefix_path.dsv'
[1.707s] INFO:colcon.colcon_core.shell:Creating environment hook '/home/mtrn/MTRN4231_Project/install/arm_controller/share/arm_controller/hook/cmake_prefix_path.sh'
[1.708s] Level 1:colcon.colcon_core.environment:checking '/home/mtrn/MTRN4231_Project/install/arm_controller/lib'
[1.708s] Level 1:colcon.colcon_core.environment:checking '/home/mtrn/MTRN4231_Project/install/arm_controller/bin'
[1.708s] Level 1:colcon.colcon_core.environment:checking '/home/mtrn/MTRN4231_Project/install/arm_controller/lib/pkgconfig/arm_controller.pc'
[1.709s] Level 1:colcon.colcon_core.environment:checking '/home/mtrn/MTRN4231_Project/install/arm_controller/lib/python3.10/site-packages'
[1.709s] Level 1:colcon.colcon_core.environment:checking '/home/mtrn/MTRN4231_Project/install/arm_controller/bin'
[1.709s] INFO:colcon.colcon_core.shell:Creating package script '/home/mtrn/MTRN4231_Project/install/arm_controller/share/arm_controller/package.ps1'
[1.709s] INFO:colcon.colcon_core.shell:Creating package descriptor '/home/mtrn/MTRN4231_Project/install/arm_controller/share/arm_controller/package.dsv'
[1.710s] INFO:colcon.colcon_core.shell:Creating package script '/home/mtrn/MTRN4231_Project/install/arm_controller/share/arm_controller/package.sh'
[1.710s] INFO:colcon.colcon_core.shell:Creating package script '/home/mtrn/MTRN4231_Project/install/arm_controller/share/arm_controller/package.bash'
[1.710s] INFO:colcon.colcon_core.shell:Creating package script '/home/mtrn/MTRN4231_Project/install/arm_controller/share/arm_controller/package.zsh'
[1.711s] Level 1:colcon.colcon_core.environment:create_file_with_runtime_dependencies(/home/mtrn/MTRN4231_Project/install/arm_controller/share/colcon-core/packages/arm_controller)
[1.711s] DEBUG:colcon.colcon_parallel_executor.executor.parallel:closing loop
[1.711s] DEBUG:colcon.colcon_parallel_executor.executor.parallel:loop closed
[1.711s] DEBUG:colcon.colcon_parallel_executor.executor.parallel:run_until_complete finished with '0'
[1.711s] DEBUG:colcon.colcon_core.event_reactor:joining thread
[1.716s] INFO:colcon.colcon_core.plugin_system:Skipping extension 'colcon_notification.desktop_notification.terminal_notifier': Not used on non-Darwin systems
[1.716s] INFO:colcon.colcon_core.plugin_system:Skipping extension 'colcon_notification.desktop_notification.win32': Not used on non-Windows systems
[1.716s] INFO:colcon.colcon_notification.desktop_notification:Sending desktop notification using 'notify2'
[1.730s] DEBUG:colcon.colcon_core.event_reactor:joined thread
[1.731s] INFO:colcon.colcon_core.shell:Creating prefix script '/home/mtrn/MTRN4231_Project/install/local_setup.ps1'
[1.732s] INFO:colcon.colcon_core.shell:Creating prefix util module '/home/mtrn/MTRN4231_Project/install/_local_setup_util_ps1.py'
[1.734s] INFO:colcon.colcon_core.shell:Creating prefix chain script '/home/mtrn/MTRN4231_Project/install/setup.ps1'
[1.736s] INFO:colcon.colcon_core.shell:Creating prefix script '/home/mtrn/MTRN4231_Project/install/local_setup.sh'
[1.736s] INFO:colcon.colcon_core.shell:Creating prefix util module '/home/mtrn/MTRN4231_Project/install/_local_setup_util_sh.py'
[1.737s] INFO:colcon.colcon_core.shell:Creating prefix chain script '/home/mtrn/MTRN4231_Project/install/setup.sh'
[1.739s] INFO:colcon.colcon_core.shell:Creating prefix script '/home/mtrn/MTRN4231_Project/install/local_setup.bash'
[1.740s] INFO:colcon.colcon_core.shell:Creating prefix chain script '/home/mtrn/MTRN4231_Project/install/setup.bash'
[1.741s] INFO:colcon.colcon_core.shell:Creating prefix script '/home/mtrn/MTRN4231_Project/install/local_setup.zsh'
[1.742s] INFO:colcon.colcon_core.shell:Creating prefix chain script '/home/mtrn/MTRN4231_Project/install/setup.zsh'
