[0.019s] Invoking command in '/home/mtrn/MTRN4231_Project/build/end_effector_description': CMAKE_PREFIX_PATH=${CMAKE_PREFIX_PATH}:/home/mtrn/MTRN4231_Project/install/ui:/home/mtrn/MTRN4231_Project/install/perception:/home/mtrn/MTRN4231_Project/install/gripper:/home/mtrn/MTRN4231_Project/install/chess_master:/home/mtrn/MTRN4231_Project/install/brain:/opt/ros/humble /home/mtrn/.local/bin/cmake --build /home/mtrn/MTRN4231_Project/build/end_effector_description -- -j20 -l20
[0.088s] Invoked command in '/home/mtrn/MTRN4231_Project/build/end_effector_description' returned '0': CMAKE_PREFIX_PATH=${CMAKE_PREFIX_PATH}:/home/mtrn/MTRN4231_Project/install/ui:/home/mtrn/MTRN4231_Project/install/perception:/home/mtrn/MTRN4231_Project/install/gripper:/home/mtrn/MTRN4231_Project/install/chess_master:/home/mtrn/MTRN4231_Project/install/brain:/opt/ros/humble /home/mtrn/.local/bin/cmake --build /home/mtrn/MTRN4231_Project/build/end_effector_description -- -j20 -l20
[0.202s] Invoking command in '/home/mtrn/MTRN4231_Project/build/end_effector_description': CMAKE_PREFIX_PATH=${CMAKE_PREFIX_PATH}:/home/mtrn/MTRN4231_Project/install/ui:/home/mtrn/MTRN4231_Project/install/perception:/home/mtrn/MTRN4231_Project/install/gripper:/home/mtrn/MTRN4231_Project/install/chess_master:/home/mtrn/MTRN4231_Project/install/brain:/opt/ros/humble /home/mtrn/.local/bin/cmake --install /home/mtrn/MTRN4231_Project/build/end_effector_description
[0.241s] -- Install configuration: ""
[0.242s] -- Up-to-date: /home/mtrn/MTRN4231_Project/install/end_effector_description/share/end_effector_description/launch
[0.243s] -- Up-to-date: /home/mtrn/MTRN4231_Project/install/end_effector_description/share/end_effector_description/launch/display_ee.launch.py
[0.243s] -- Up-to-date: /home/mtrn/MTRN4231_Project/install/end_effector_description/share/end_effector_description/launch/display.launch.py
[0.243s] -- Up-to-date: /home/mtrn/MTRN4231_Project/install/end_effector_description/share/end_effector_description/rviz
[0.243s] -- Up-to-date: /home/mtrn/MTRN4231_Project/install/end_effector_description/share/end_effector_description/rviz/ee.rviz
[0.243s] -- Up-to-date: /home/mtrn/MTRN4231_Project/install/end_effector_description/share/end_effector_description/urdf
[0.243s] -- Up-to-date: /home/mtrn/MTRN4231_Project/install/end_effector_description/share/end_effector_description/urdf/end_effector.urdf.xacro
[0.243s] -- Up-to-date: /home/mtrn/MTRN4231_Project/install/end_effector_description/share/end_effector_description/urdf/end_effector_only.urdf.xacro
[0.243s] -- Up-to-date: /home/mtrn/MTRN4231_Project/install/end_effector_description/share/end_effector_description/urdf/end_effector_withDriverSupport.xacro
[0.243s] -- Up-to-date: /home/mtrn/MTRN4231_Project/install/end_effector_description/share/end_effector_description/meshes
[0.243s] -- Up-to-date: /home/mtrn/MTRN4231_Project/install/end_effector_description/share/end_effector_description/meshes/claw_assembly.stl
[0.243s] -- Up-to-date: /home/mtrn/MTRN4231_Project/install/end_effector_description/share/end_effector_description/etc
[0.243s] -- Up-to-date: /home/mtrn/MTRN4231_Project/install/end_effector_description/share/end_effector_description/etc/robot_calibration.yaml
[0.244s] -- Up-to-date: /home/mtrn/MTRN4231_Project/install/end_effector_description/share/end_effector_description/config
[0.244s] -- Up-to-date: /home/mtrn/MTRN4231_Project/install/end_effector_description/share/end_effector_description/config/joint_limits.yaml
[0.244s] -- Up-to-date: /home/mtrn/MTRN4231_Project/install/end_effector_description/share/end_effector_description/config/pilz_cartesian_limits.yaml
[0.244s] -- Up-to-date: /home/mtrn/MTRN4231_Project/install/end_effector_description/share/end_effector_description/config/end_effector_withDriverSupport.urdf.xacro
[0.244s] -- Up-to-date: /home/mtrn/MTRN4231_Project/install/end_effector_description/share/end_effector_description/config/moveit.rviz
[0.244s] -- Up-to-date: /home/mtrn/MTRN4231_Project/install/end_effector_description/share/end_effector_description/config/end_effector_withDriverSupport.srdf
[0.244s] -- Up-to-date: /home/mtrn/MTRN4231_Project/install/end_effector_description/share/end_effector_description/config/kinematics.yaml
[0.244s] -- Up-to-date: /home/mtrn/MTRN4231_Project/install/end_effector_description/share/end_effector_description/config/moveit_controllers.yaml
[0.244s] -- Up-to-date: /home/mtrn/MTRN4231_Project/install/end_effector_description/share/end_effector_description/config/end_effector_withDriverSupport.ros2_control.xacro
[0.244s] -- Up-to-date: /home/mtrn/MTRN4231_Project/install/end_effector_description/share/end_effector_description/config/initial_positions.yaml
[0.245s] -- Up-to-date: /home/mtrn/MTRN4231_Project/install/end_effector_description/share/ament_index/resource_index/package_run_dependencies/end_effector_description
[0.245s] -- Up-to-date: /home/mtrn/MTRN4231_Project/install/end_effector_description/share/ament_index/resource_index/parent_prefix_path/end_effector_description
[0.245s] -- Up-to-date: /home/mtrn/MTRN4231_Project/install/end_effector_description/share/end_effector_description/environment/ament_prefix_path.sh
[0.245s] -- Up-to-date: /home/mtrn/MTRN4231_Project/install/end_effector_description/share/end_effector_description/environment/ament_prefix_path.dsv
[0.245s] -- Up-to-date: /home/mtrn/MTRN4231_Project/install/end_effector_description/share/end_effector_description/environment/path.sh
[0.245s] -- Up-to-date: /home/mtrn/MTRN4231_Project/install/end_effector_description/share/end_effector_description/environment/path.dsv
[0.245s] -- Up-to-date: /home/mtrn/MTRN4231_Project/install/end_effector_description/share/end_effector_description/local_setup.bash
[0.245s] -- Up-to-date: /home/mtrn/MTRN4231_Project/install/end_effector_description/share/end_effector_description/local_setup.sh
[0.245s] -- Up-to-date: /home/mtrn/MTRN4231_Project/install/end_effector_description/share/end_effector_description/local_setup.zsh
[0.246s] -- Up-to-date: /home/mtrn/MTRN4231_Project/install/end_effector_description/share/end_effector_description/local_setup.dsv
[0.246s] -- Up-to-date: /home/mtrn/MTRN4231_Project/install/end_effector_description/share/end_effector_description/package.dsv
[0.246s] -- Up-to-date: /home/mtrn/MTRN4231_Project/install/end_effector_description/share/ament_index/resource_index/packages/end_effector_description
[0.246s] -- Up-to-date: /home/mtrn/MTRN4231_Project/install/end_effector_description/share/end_effector_description/cmake/end_effector_descriptionConfig.cmake
[0.246s] -- Up-to-date: /home/mtrn/MTRN4231_Project/install/end_effector_description/share/end_effector_description/cmake/end_effector_descriptionConfig-version.cmake
[0.246s] -- Up-to-date: /home/mtrn/MTRN4231_Project/install/end_effector_description/share/end_effector_description/package.xml
[0.257s] Invoked command in '/home/mtrn/MTRN4231_Project/build/end_effector_description' returned '0': CMAKE_PREFIX_PATH=${CMAKE_PREFIX_PATH}:/home/mtrn/MTRN4231_Project/install/ui:/home/mtrn/MTRN4231_Project/install/perception:/home/mtrn/MTRN4231_Project/install/gripper:/home/mtrn/MTRN4231_Project/install/chess_master:/home/mtrn/MTRN4231_Project/install/brain:/opt/ros/humble /home/mtrn/.local/bin/cmake --install /home/mtrn/MTRN4231_Project/build/end_effector_description
