[0.132s] Invoking command in '/home/mtrn/Downloads/MTRN4231_Project/build/ur5e_moveit_config_custom': CMAKE_PREFIX_PATH=${CMAKE_PREFIX_PATH}:/home/mtrn/4231/ws_moveit2/install/moveit_configs_utils:/home/mtrn/4231/ws_moveit2/install/launch_param_builder:/opt/ros/humble /usr/bin/cmake --build /home/mtrn/Downloads/MTRN4231_Project/build/ur5e_moveit_config_custom -- -j4 -l4
[0.755s] Built target ament_cmake_python_copy_ur5e_moveit_config_custom
[1.651s] running egg_info
[1.652s] writing ur5e_moveit_config_custom.egg-info/PKG-INFO
[1.656s] writing dependency_links to ur5e_moveit_config_custom.egg-info/dependency_links.txt
[1.657s] writing top-level names to ur5e_moveit_config_custom.egg-info/top_level.txt
[1.657s] reading manifest file 'ur5e_moveit_config_custom.egg-info/SOURCES.txt'
[1.661s] writing manifest file 'ur5e_moveit_config_custom.egg-info/SOURCES.txt'
[1.877s] Built target ament_cmake_python_build_ur5e_moveit_config_custom_egg
[1.962s] Invoked command in '/home/mtrn/Downloads/MTRN4231_Project/build/ur5e_moveit_config_custom' returned '0': CMAKE_PREFIX_PATH=${CMAKE_PREFIX_PATH}:/home/mtrn/4231/ws_moveit2/install/moveit_configs_utils:/home/mtrn/4231/ws_moveit2/install/launch_param_builder:/opt/ros/humble /usr/bin/cmake --build /home/mtrn/Downloads/MTRN4231_Project/build/ur5e_moveit_config_custom -- -j4 -l4
[2.279s] Invoking command in '/home/mtrn/Downloads/MTRN4231_Project/build/ur5e_moveit_config_custom': CMAKE_PREFIX_PATH=${CMAKE_PREFIX_PATH}:/home/mtrn/4231/ws_moveit2/install/moveit_configs_utils:/home/mtrn/4231/ws_moveit2/install/launch_param_builder:/opt/ros/humble /usr/bin/cmake --install /home/mtrn/Downloads/MTRN4231_Project/build/ur5e_moveit_config_custom
[2.314s] -- Install configuration: ""
[2.314s] -- Up-to-date: /home/mtrn/Downloads/MTRN4231_Project/install/ur5e_moveit_config_custom/share/ur5e_moveit_config_custom/config
[2.314s] -- Up-to-date: /home/mtrn/Downloads/MTRN4231_Project/install/ur5e_moveit_config_custom/share/ur5e_moveit_config_custom/config/controllers.yaml
[2.314s] -- Up-to-date: /home/mtrn/Downloads/MTRN4231_Project/install/ur5e_moveit_config_custom/share/ur5e_moveit_config_custom/config/ur_servo.yaml
[2.315s] -- Up-to-date: /home/mtrn/Downloads/MTRN4231_Project/install/ur5e_moveit_config_custom/share/ur5e_moveit_config_custom/config/ompl_planning.yaml
[2.315s] -- Up-to-date: /home/mtrn/Downloads/MTRN4231_Project/install/ur5e_moveit_config_custom/share/ur5e_moveit_config_custom/config/kinematics.yaml
[2.317s] -- Up-to-date: /home/mtrn/Downloads/MTRN4231_Project/install/ur5e_moveit_config_custom/share/ur5e_moveit_config_custom/launch
[2.317s] -- Up-to-date: /home/mtrn/Downloads/MTRN4231_Project/install/ur5e_moveit_config_custom/share/ur5e_moveit_config_custom/launch/ur_moveit.launch.py
[2.317s] -- Up-to-date: /home/mtrn/Downloads/MTRN4231_Project/install/ur5e_moveit_config_custom/share/ur5e_moveit_config_custom/rviz
[2.324s] -- Up-to-date: /home/mtrn/Downloads/MTRN4231_Project/install/ur5e_moveit_config_custom/share/ur5e_moveit_config_custom/rviz/view_robot.rviz
[2.324s] -- Up-to-date: /home/mtrn/Downloads/MTRN4231_Project/install/ur5e_moveit_config_custom/share/ur5e_moveit_config_custom/environment/pythonpath.sh
[2.324s] -- Up-to-date: /home/mtrn/Downloads/MTRN4231_Project/install/ur5e_moveit_config_custom/share/ur5e_moveit_config_custom/environment/pythonpath.dsv
[2.324s] -- Up-to-date: /home/mtrn/Downloads/MTRN4231_Project/install/ur5e_moveit_config_custom/local/lib/python3.10/dist-packages/ur5e_moveit_config_custom-0.0.1-py3.10.egg-info
[2.324s] -- Installing: /home/mtrn/Downloads/MTRN4231_Project/install/ur5e_moveit_config_custom/local/lib/python3.10/dist-packages/ur5e_moveit_config_custom-0.0.1-py3.10.egg-info/top_level.txt
[2.325s] -- Installing: /home/mtrn/Downloads/MTRN4231_Project/install/ur5e_moveit_config_custom/local/lib/python3.10/dist-packages/ur5e_moveit_config_custom-0.0.1-py3.10.egg-info/SOURCES.txt
[2.325s] -- Installing: /home/mtrn/Downloads/MTRN4231_Project/install/ur5e_moveit_config_custom/local/lib/python3.10/dist-packages/ur5e_moveit_config_custom-0.0.1-py3.10.egg-info/PKG-INFO
[2.325s] -- Installing: /home/mtrn/Downloads/MTRN4231_Project/install/ur5e_moveit_config_custom/local/lib/python3.10/dist-packages/ur5e_moveit_config_custom-0.0.1-py3.10.egg-info/dependency_links.txt
[2.325s] -- Up-to-date: /home/mtrn/Downloads/MTRN4231_Project/install/ur5e_moveit_config_custom/local/lib/python3.10/dist-packages/ur5e_moveit_config_custom
[2.325s] -- Up-to-date: /home/mtrn/Downloads/MTRN4231_Project/install/ur5e_moveit_config_custom/local/lib/python3.10/dist-packages/ur5e_moveit_config_custom/launch_common.py
[2.325s] -- Up-to-date: /home/mtrn/Downloads/MTRN4231_Project/install/ur5e_moveit_config_custom/local/lib/python3.10/dist-packages/ur5e_moveit_config_custom/__init__.py
[2.435s] Listing '/home/mtrn/Downloads/MTRN4231_Project/install/ur5e_moveit_config_custom/local/lib/python3.10/dist-packages/ur5e_moveit_config_custom'...
[2.455s] -- Up-to-date: /home/mtrn/Downloads/MTRN4231_Project/install/ur5e_moveit_config_custom/local/lib/python3.10/dist-packages/launch_common.py
[2.557s] -- Up-to-date: /home/mtrn/Downloads/MTRN4231_Project/install/ur5e_moveit_config_custom/share/ament_index/resource_index/package_run_dependencies/ur5e_moveit_config_custom
[2.557s] -- Up-to-date: /home/mtrn/Downloads/MTRN4231_Project/install/ur5e_moveit_config_custom/share/ament_index/resource_index/parent_prefix_path/ur5e_moveit_config_custom
[2.560s] -- Up-to-date: /home/mtrn/Downloads/MTRN4231_Project/install/ur5e_moveit_config_custom/share/ur5e_moveit_config_custom/environment/ament_prefix_path.sh
[2.560s] -- Up-to-date: /home/mtrn/Downloads/MTRN4231_Project/install/ur5e_moveit_config_custom/share/ur5e_moveit_config_custom/environment/ament_prefix_path.dsv
[2.560s] -- Up-to-date: /home/mtrn/Downloads/MTRN4231_Project/install/ur5e_moveit_config_custom/share/ur5e_moveit_config_custom/environment/path.sh
[2.560s] -- Up-to-date: /home/mtrn/Downloads/MTRN4231_Project/install/ur5e_moveit_config_custom/share/ur5e_moveit_config_custom/environment/path.dsv
[2.560s] -- Up-to-date: /home/mtrn/Downloads/MTRN4231_Project/install/ur5e_moveit_config_custom/share/ur5e_moveit_config_custom/local_setup.bash
[2.561s] -- Up-to-date: /home/mtrn/Downloads/MTRN4231_Project/install/ur5e_moveit_config_custom/share/ur5e_moveit_config_custom/local_setup.sh
[2.561s] -- Up-to-date: /home/mtrn/Downloads/MTRN4231_Project/install/ur5e_moveit_config_custom/share/ur5e_moveit_config_custom/local_setup.zsh
[2.561s] -- Up-to-date: /home/mtrn/Downloads/MTRN4231_Project/install/ur5e_moveit_config_custom/share/ur5e_moveit_config_custom/local_setup.dsv
[2.561s] -- Installing: /home/mtrn/Downloads/MTRN4231_Project/install/ur5e_moveit_config_custom/share/ur5e_moveit_config_custom/package.dsv
[2.561s] -- Up-to-date: /home/mtrn/Downloads/MTRN4231_Project/install/ur5e_moveit_config_custom/share/ament_index/resource_index/packages/ur5e_moveit_config_custom
[2.562s] -- Up-to-date: /home/mtrn/Downloads/MTRN4231_Project/install/ur5e_moveit_config_custom/share/ur5e_moveit_config_custom/cmake/ur5e_moveit_config_customConfig.cmake
[2.565s] -- Up-to-date: /home/mtrn/Downloads/MTRN4231_Project/install/ur5e_moveit_config_custom/share/ur5e_moveit_config_custom/cmake/ur5e_moveit_config_customConfig-version.cmake
[2.567s] -- Up-to-date: /home/mtrn/Downloads/MTRN4231_Project/install/ur5e_moveit_config_custom/share/ur5e_moveit_config_custom/package.xml
[2.586s] Invoked command in '/home/mtrn/Downloads/MTRN4231_Project/build/ur5e_moveit_config_custom' returned '0': CMAKE_PREFIX_PATH=${CMAKE_PREFIX_PATH}:/home/mtrn/4231/ws_moveit2/install/moveit_configs_utils:/home/mtrn/4231/ws_moveit2/install/launch_param_builder:/opt/ros/humble /usr/bin/cmake --install /home/mtrn/Downloads/MTRN4231_Project/build/ur5e_moveit_config_custom
