[0.106s] Invoking command in '/home/ryanl/4231/MTRN4231_Project/build/ur5e_custom_description': AMENT_PREFIX_PATH=/home/ryanl/4231/MTRN4231_Project/install/end_effector_description:${AMENT_PREFIX_PATH} CMAKE_PREFIX_PATH=/home/ryanl/4231/MTRN4231_Project/install/end_effector_description:/opt/ros/humble /usr/bin/cmake --build /home/ryanl/4231/MTRN4231_Project/build/ur5e_custom_description -- -j16 -l16
[0.194s] Invoked command in '/home/ryanl/4231/MTRN4231_Project/build/ur5e_custom_description' returned '0': AMENT_PREFIX_PATH=/home/ryanl/4231/MTRN4231_Project/install/end_effector_description:${AMENT_PREFIX_PATH} CMAKE_PREFIX_PATH=/home/ryanl/4231/MTRN4231_Project/install/end_effector_description:/opt/ros/humble /usr/bin/cmake --build /home/ryanl/4231/MTRN4231_Project/build/ur5e_custom_description -- -j16 -l16
[0.199s] Invoking command in '/home/ryanl/4231/MTRN4231_Project/build/ur5e_custom_description': AMENT_PREFIX_PATH=/home/ryanl/4231/MTRN4231_Project/install/end_effector_description:${AMENT_PREFIX_PATH} CMAKE_PREFIX_PATH=/home/ryanl/4231/MTRN4231_Project/install/end_effector_description:/opt/ros/humble /usr/bin/cmake --install /home/ryanl/4231/MTRN4231_Project/build/ur5e_custom_description
[0.212s] -- Install configuration: ""
[0.213s] -- Up-to-date: /home/ryanl/4231/MTRN4231_Project/install/ur5e_custom_description/share/ur5e_custom_description/urdf
[0.213s] -- Up-to-date: /home/ryanl/4231/MTRN4231_Project/install/ur5e_custom_description/share/ur5e_custom_description/urdf/ur5e_with_tool.urdf.xacro
[0.214s] -- Up-to-date: /home/ryanl/4231/MTRN4231_Project/install/ur5e_custom_description/share/ur5e_custom_description/meshes
[0.214s] -- Up-to-date: /home/ryanl/4231/MTRN4231_Project/install/ur5e_custom_description/share/ur5e_custom_description/launch
[0.214s] -- Up-to-date: /home/ryanl/4231/MTRN4231_Project/install/ur5e_custom_description/share/ur5e_custom_description/launch/display.launch.py
[0.214s] -- Up-to-date: /home/ryanl/4231/MTRN4231_Project/install/ur5e_custom_description/share/ur5e_custom_description/rviz
[0.214s] -- Up-to-date: /home/ryanl/4231/MTRN4231_Project/install/ur5e_custom_description/share/ur5e_custom_description/rviz/display.rviz
[0.215s] -- Up-to-date: /home/ryanl/4231/MTRN4231_Project/install/ur5e_custom_description/share/ament_index/resource_index/package_run_dependencies/ur5e_custom_description
[0.215s] -- Up-to-date: /home/ryanl/4231/MTRN4231_Project/install/ur5e_custom_description/share/ament_index/resource_index/parent_prefix_path/ur5e_custom_description
[0.215s] -- Up-to-date: /home/ryanl/4231/MTRN4231_Project/install/ur5e_custom_description/share/ur5e_custom_description/environment/ament_prefix_path.sh
[0.215s] -- Up-to-date: /home/ryanl/4231/MTRN4231_Project/install/ur5e_custom_description/share/ur5e_custom_description/environment/ament_prefix_path.dsv
[0.215s] -- Up-to-date: /home/ryanl/4231/MTRN4231_Project/install/ur5e_custom_description/share/ur5e_custom_description/environment/path.sh
[0.215s] -- Up-to-date: /home/ryanl/4231/MTRN4231_Project/install/ur5e_custom_description/share/ur5e_custom_description/environment/path.dsv
[0.215s] -- Up-to-date: /home/ryanl/4231/MTRN4231_Project/install/ur5e_custom_description/share/ur5e_custom_description/local_setup.bash
[0.215s] -- Up-to-date: /home/ryanl/4231/MTRN4231_Project/install/ur5e_custom_description/share/ur5e_custom_description/local_setup.sh
[0.216s] -- Up-to-date: /home/ryanl/4231/MTRN4231_Project/install/ur5e_custom_description/share/ur5e_custom_description/local_setup.zsh
[0.216s] -- Up-to-date: /home/ryanl/4231/MTRN4231_Project/install/ur5e_custom_description/share/ur5e_custom_description/local_setup.dsv
[0.216s] -- Installing: /home/ryanl/4231/MTRN4231_Project/install/ur5e_custom_description/share/ur5e_custom_description/package.dsv
[0.216s] -- Up-to-date: /home/ryanl/4231/MTRN4231_Project/install/ur5e_custom_description/share/ament_index/resource_index/packages/ur5e_custom_description
[0.216s] -- Up-to-date: /home/ryanl/4231/MTRN4231_Project/install/ur5e_custom_description/share/ur5e_custom_description/cmake/ur5e_custom_descriptionConfig.cmake
[0.216s] -- Up-to-date: /home/ryanl/4231/MTRN4231_Project/install/ur5e_custom_description/share/ur5e_custom_description/cmake/ur5e_custom_descriptionConfig-version.cmake
[0.217s] -- Up-to-date: /home/ryanl/4231/MTRN4231_Project/install/ur5e_custom_description/share/ur5e_custom_description/package.xml
[0.221s] Invoked command in '/home/ryanl/4231/MTRN4231_Project/build/ur5e_custom_description' returned '0': AMENT_PREFIX_PATH=/home/ryanl/4231/MTRN4231_Project/install/end_effector_description:${AMENT_PREFIX_PATH} CMAKE_PREFIX_PATH=/home/ryanl/4231/MTRN4231_Project/install/end_effector_description:/opt/ros/humble /usr/bin/cmake --install /home/ryanl/4231/MTRN4231_Project/build/ur5e_custom_description
