[0.015s] Invoking command in '/home/mtrn/MTRN4231_project/build/ur5e_custom_description': CMAKE_PREFIX_PATH=/home/mtrn/MTRN4231_project/install/end_effector_description:/home/mtrn/MTRN4231_project/install/ur5e_custom_description:/home/mtrn/MTRN4231_project/install/move_to_marker:/home/mtrn/MTRN4231_project/install/arm_controller:/home/mtrn/MTRN4231_project/install/custom_interfaces:/opt/ros/humble /home/mtrn/.local/bin/cmake --build /home/mtrn/MTRN4231_project/build/ur5e_custom_description -- -j12 -l12
[0.090s] Invoked command in '/home/mtrn/MTRN4231_project/build/ur5e_custom_description' returned '0': CMAKE_PREFIX_PATH=/home/mtrn/MTRN4231_project/install/end_effector_description:/home/mtrn/MTRN4231_project/install/ur5e_custom_description:/home/mtrn/MTRN4231_project/install/move_to_marker:/home/mtrn/MTRN4231_project/install/arm_controller:/home/mtrn/MTRN4231_project/install/custom_interfaces:/opt/ros/humble /home/mtrn/.local/bin/cmake --build /home/mtrn/MTRN4231_project/build/ur5e_custom_description -- -j12 -l12
[0.164s] Invoking command in '/home/mtrn/MTRN4231_project/build/ur5e_custom_description': CMAKE_PREFIX_PATH=/home/mtrn/MTRN4231_project/install/end_effector_description:/home/mtrn/MTRN4231_project/install/ur5e_custom_description:/home/mtrn/MTRN4231_project/install/move_to_marker:/home/mtrn/MTRN4231_project/install/arm_controller:/home/mtrn/MTRN4231_project/install/custom_interfaces:/opt/ros/humble /home/mtrn/.local/bin/cmake --install /home/mtrn/MTRN4231_project/build/ur5e_custom_description
[0.207s] -- Install configuration: ""
[0.207s] -- Up-to-date: /home/mtrn/MTRN4231_project/install/ur5e_custom_description/share/ur5e_custom_description/urdf
[0.207s] -- Up-to-date: /home/mtrn/MTRN4231_project/install/ur5e_custom_description/share/ur5e_custom_description/urdf/ur5e_with_tool.urdf.xacro
[0.208s] -- Up-to-date: /home/mtrn/MTRN4231_project/install/ur5e_custom_description/share/ur5e_custom_description/meshes
[0.208s] -- Up-to-date: /home/mtrn/MTRN4231_project/install/ur5e_custom_description/share/ur5e_custom_description/launch
[0.208s] -- Up-to-date: /home/mtrn/MTRN4231_project/install/ur5e_custom_description/share/ur5e_custom_description/launch/display.launch.py
[0.208s] -- Up-to-date: /home/mtrn/MTRN4231_project/install/ur5e_custom_description/share/ur5e_custom_description/rviz
[0.208s] -- Up-to-date: /home/mtrn/MTRN4231_project/install/ur5e_custom_description/share/ur5e_custom_description/rviz/display.rviz
[0.208s] -- Up-to-date: /home/mtrn/MTRN4231_project/install/ur5e_custom_description/share/ament_index/resource_index/package_run_dependencies/ur5e_custom_description
[0.208s] -- Up-to-date: /home/mtrn/MTRN4231_project/install/ur5e_custom_description/share/ament_index/resource_index/parent_prefix_path/ur5e_custom_description
[0.208s] -- Up-to-date: /home/mtrn/MTRN4231_project/install/ur5e_custom_description/share/ur5e_custom_description/environment/ament_prefix_path.sh
[0.209s] -- Up-to-date: /home/mtrn/MTRN4231_project/install/ur5e_custom_description/share/ur5e_custom_description/environment/ament_prefix_path.dsv
[0.209s] -- Up-to-date: /home/mtrn/MTRN4231_project/install/ur5e_custom_description/share/ur5e_custom_description/environment/path.sh
[0.209s] -- Up-to-date: /home/mtrn/MTRN4231_project/install/ur5e_custom_description/share/ur5e_custom_description/environment/path.dsv
[0.209s] -- Up-to-date: /home/mtrn/MTRN4231_project/install/ur5e_custom_description/share/ur5e_custom_description/local_setup.bash
[0.209s] -- Up-to-date: /home/mtrn/MTRN4231_project/install/ur5e_custom_description/share/ur5e_custom_description/local_setup.sh
[0.209s] -- Up-to-date: /home/mtrn/MTRN4231_project/install/ur5e_custom_description/share/ur5e_custom_description/local_setup.zsh
[0.209s] -- Up-to-date: /home/mtrn/MTRN4231_project/install/ur5e_custom_description/share/ur5e_custom_description/local_setup.dsv
[0.209s] -- Installing: /home/mtrn/MTRN4231_project/install/ur5e_custom_description/share/ur5e_custom_description/package.dsv
[0.209s] -- Up-to-date: /home/mtrn/MTRN4231_project/install/ur5e_custom_description/share/ament_index/resource_index/packages/ur5e_custom_description
[0.209s] -- Up-to-date: /home/mtrn/MTRN4231_project/install/ur5e_custom_description/share/ur5e_custom_description/cmake/ur5e_custom_descriptionConfig.cmake
[0.209s] -- Up-to-date: /home/mtrn/MTRN4231_project/install/ur5e_custom_description/share/ur5e_custom_description/cmake/ur5e_custom_descriptionConfig-version.cmake
[0.209s] -- Up-to-date: /home/mtrn/MTRN4231_project/install/ur5e_custom_description/share/ur5e_custom_description/package.xml
[0.218s] Invoked command in '/home/mtrn/MTRN4231_project/build/ur5e_custom_description' returned '0': CMAKE_PREFIX_PATH=/home/mtrn/MTRN4231_project/install/end_effector_description:/home/mtrn/MTRN4231_project/install/ur5e_custom_description:/home/mtrn/MTRN4231_project/install/move_to_marker:/home/mtrn/MTRN4231_project/install/arm_controller:/home/mtrn/MTRN4231_project/install/custom_interfaces:/opt/ros/humble /home/mtrn/.local/bin/cmake --install /home/mtrn/MTRN4231_project/build/ur5e_custom_description
