[0.121s] Invoking command in '/home/ryanl/4231/MTRN4231_Project/build/ur5e_custom_description': AMENT_PREFIX_PATH=/home/ryanl/4231/MTRN4231_Project/install/end_effector_description:${AMENT_PREFIX_PATH} CMAKE_PREFIX_PATH=/home/ryanl/4231/MTRN4231_Project/install/end_effector_description:/opt/ros/humble /usr/bin/cmake /home/ryanl/4231/MTRN4231_Project/src/ur5e_custom_description -DCMAKE_INSTALL_PREFIX=/home/ryanl/4231/MTRN4231_Project/install/ur5e_custom_description
[0.148s] -- Found ament_cmake: 1.3.12 (/opt/ros/humble/share/ament_cmake/cmake)
[0.395s] -- Found rclcpp: 16.0.14 (/opt/ros/humble/share/rclcpp/cmake)
[0.787s] -- Found rosidl_generator_c: 3.1.7 (/opt/ros/humble/share/rosidl_generator_c/cmake)
[0.800s] -- Found rosidl_adapter: 3.1.7 (/opt/ros/humble/share/rosidl_adapter/cmake)
[0.820s] -- Found rosidl_generator_cpp: 3.1.7 (/opt/ros/humble/share/rosidl_generator_cpp/cmake)
[0.856s] -- Using all available rosidl_typesupport_c: rosidl_typesupport_fastrtps_c;rosidl_typesupport_introspection_c
[0.897s] -- Using all available rosidl_typesupport_cpp: rosidl_typesupport_fastrtps_cpp;rosidl_typesupport_introspection_cpp
[1.007s] -- Found rmw_implementation_cmake: 6.1.2 (/opt/ros/humble/share/rmw_implementation_cmake/cmake)
[1.016s] -- Found rmw_fastrtps_cpp: 6.2.8 (/opt/ros/humble/share/rmw_fastrtps_cpp/cmake)
[3.930s] -- Found OpenSSL: /usr/lib/x86_64-linux-gnu/libcrypto.so (found version "3.0.2")  
[6.817s] -- Found FastRTPS: /opt/ros/humble/include  
[11.955s] -- Using RMW implementation 'rmw_fastrtps_cpp' as default
[12.032s] -- Looking for pthread.h
[12.481s] -- Looking for pthread.h - found
[12.482s] -- Performing Test CMAKE_HAVE_LIBC_PTHREAD
[12.809s] -- Performing Test CMAKE_HAVE_LIBC_PTHREAD - Success
[12.811s] -- Found Threads: TRUE  
[12.919s] -- Found rclcpp_action: 16.0.15 (/opt/ros/humble/share/rclcpp_action/cmake)
[12.995s] -- Found tf2_ros: 0.25.15 (/opt/ros/humble/share/tf2_ros/cmake)
[13.186s] -- Found tf2_geometry_msgs: 0.25.15 (/opt/ros/humble/share/tf2_geometry_msgs/cmake)
[13.297s] -- Found eigen3_cmake_module: 0.1.1 (/opt/ros/humble/share/eigen3_cmake_module/cmake)
[13.300s] -- Found Eigen3: TRUE (found version "3.4.0") 
[13.300s] -- Ensuring Eigen3 include directory is part of orocos-kdl CMake target
[13.306s] -- Found moveit_ros_planning_interface: 2.5.9 (/opt/ros/humble/share/moveit_ros_planning_interface/cmake)
[13.361s] -- Found Boost: /usr/lib/x86_64-linux-gnu/cmake/Boost-1.74.0/BoostConfig.cmake (found version "1.74.0") found components: date_time filesystem program_options system thread 
[13.663s] -- Found Boost: /usr/lib/x86_64-linux-gnu/cmake/Boost-1.74.0/BoostConfig.cmake (found version "1.74.0") found components: chrono date_time filesystem iostreams program_options regex serialization system thread 
[16.394s] -- Found parameter_traits: 0.5.0 (/opt/ros/humble/share/parameter_traits/cmake)
[16.431s] -- Found rclcpp_lifecycle: 16.0.14 (/opt/ros/humble/share/rclcpp_lifecycle/cmake)
[16.545s] -- Found Boost: /usr/lib/x86_64-linux-gnu/cmake/Boost-1.74.0/BoostConfig.cmake (found version "1.74.0") found components: filesystem 
[19.422s] -- library: /usr/lib/x86_64-linux-gnu/libcurl.so
[22.332s] -- Found Boost: /usr/lib/x86_64-linux-gnu/cmake/Boost-1.74.0/BoostConfig.cmake (found version "1.74.0") found components: system filesystem date_time program_options thread chrono 
[22.388s] -- Found Boost: /usr/lib/x86_64-linux-gnu/cmake/Boost-1.74.0/BoostConfig.cmake (found version "1.74.0") found components: thread system filesystem regex date_time program_options 
[22.433s] -- Found Boost: /usr/lib/x86_64-linux-gnu/cmake/Boost-1.74.0/BoostConfig.cmake (found version "1.74.0") found components: system filesystem date_time program_options thread 
[22.494s] -- Found moveit_visual_tools: 4.1.2 (/opt/ros/humble/share/moveit_visual_tools/cmake)
[22.825s] -- Setting assimp_DIR to: '/opt/ros/humble/share/rviz_assimp_vendor/cmake/../../../opt/rviz_assimp_vendor/lib/cmake/assimp-4.1'
[22.845s] -- Setting OGRE_DIR to: '/opt/ros/humble/share/rviz_ogre_vendor/cmake/../../../opt/rviz_ogre_vendor/lib/OGRE/cmake'
[22.850s] -- Found OGRE
[22.850s] --   static     : OFF
[22.850s] --   components : HLMS;MeshLodGenerator;Overlay;Paging;Property;RTShaderSystem;Terrain;Volume
[22.850s] --   plugins    : Plugin_BSPSceneManager;Plugin_OctreeSceneManager;Plugin_PCZSceneManager;Plugin_ParticleFX;RenderSystem_GL;RenderSystem_GL3Plus;Codec_STBI
[22.850s] --   media      : /opt/ros/humble/opt/rviz_ogre_vendor/share/OGRE/Media
[22.850s] -- OGRE_LIBRARIES: OgreHLMS;OgreMeshLodGenerator;OgreOverlay;OgrePaging;OgreProperty;OgreRTShaderSystem;OgreTerrain;OgreVolume;OgreMain
[22.850s] -- OGRE_LIBRARY_DIRS: /opt/ros/humble/opt/rviz_ogre_vendor/lib
[22.850s] -- OGRE_PLUGINS: Plugin_BSPSceneManager;Plugin_OctreeSceneManager;Plugin_PCZSceneManager;Plugin_ParticleFX;RenderSystem_GL;RenderSystem_GL3Plus;Codec_STBI
[22.851s] -- OGRE_PLUGIN_DIR: /opt/ros/humble/opt/rviz_ogre_vendor/lib/OGRE
[22.851s] -- rviz_ogre_vendor::OgreOverlay for IMPORTED_LOCATION_RELEASE: /opt/ros/humble/opt/rviz_ogre_vendor/lib/libOgreOverlay.so
[22.851s] -- rviz_ogre_vendor::OgreOverlay for IMPORTED_LOCATION_DEBUG: /opt/ros/humble/opt/rviz_ogre_vendor/lib/libOgreOverlay.so
[22.851s] -- rviz_ogre_vendor::OgreMain for IMPORTED_LOCATION_RELEASE: /opt/ros/humble/opt/rviz_ogre_vendor/lib/libOgreMain.so
[22.851s] -- rviz_ogre_vendor::OgreMain for IMPORTED_LOCATION_DEBUG: /opt/ros/humble/opt/rviz_ogre_vendor/lib/libOgreMain.so
[22.934s] -- Could not find freeimage library
[25.958s] -- Found ZLIB: /usr/lib/x86_64-linux-gnu/libz.so (found version "1.2.11") 
[26.816s] -- Found OpenGL: /usr/lib/x86_64-linux-gnu/libOpenGL.so   
[33.150s] -- Found X11: /usr/include   
[33.207s] -- Looking for XOpenDisplay in /usr/lib/x86_64-linux-gnu/libX11.so;/usr/lib/x86_64-linux-gnu/libXext.so
[33.553s] -- Looking for XOpenDisplay in /usr/lib/x86_64-linux-gnu/libX11.so;/usr/lib/x86_64-linux-gnu/libXext.so - found
[33.553s] -- Looking for gethostbyname
[33.823s] -- Looking for gethostbyname - found
[33.823s] -- Looking for connect
[34.107s] -- Looking for connect - found
[34.107s] -- Looking for remove
[34.335s] -- Looking for remove - found
[34.335s] -- Looking for shmat
[34.624s] -- Looking for shmat - found
[34.624s] -- Looking for IceConnectionNumber in ICE
[34.893s] -- Looking for IceConnectionNumber in ICE - found
[35.325s] -- Configuring done
[35.348s] -- Generating done
[35.354s] -- Build files have been written to: /home/ryanl/4231/MTRN4231_Project/build/ur5e_custom_description
[35.376s] Invoked command in '/home/ryanl/4231/MTRN4231_Project/build/ur5e_custom_description' returned '0': AMENT_PREFIX_PATH=/home/ryanl/4231/MTRN4231_Project/install/end_effector_description:${AMENT_PREFIX_PATH} CMAKE_PREFIX_PATH=/home/ryanl/4231/MTRN4231_Project/install/end_effector_description:/opt/ros/humble /usr/bin/cmake /home/ryanl/4231/MTRN4231_Project/src/ur5e_custom_description -DCMAKE_INSTALL_PREFIX=/home/ryanl/4231/MTRN4231_Project/install/ur5e_custom_description
[35.380s] Invoking command in '/home/ryanl/4231/MTRN4231_Project/build/ur5e_custom_description': AMENT_PREFIX_PATH=/home/ryanl/4231/MTRN4231_Project/install/end_effector_description:${AMENT_PREFIX_PATH} CMAKE_PREFIX_PATH=/home/ryanl/4231/MTRN4231_Project/install/end_effector_description:/opt/ros/humble /usr/bin/cmake --build /home/ryanl/4231/MTRN4231_Project/build/ur5e_custom_description -- -j16 -l16
[35.462s] Invoked command in '/home/ryanl/4231/MTRN4231_Project/build/ur5e_custom_description' returned '0': AMENT_PREFIX_PATH=/home/ryanl/4231/MTRN4231_Project/install/end_effector_description:${AMENT_PREFIX_PATH} CMAKE_PREFIX_PATH=/home/ryanl/4231/MTRN4231_Project/install/end_effector_description:/opt/ros/humble /usr/bin/cmake --build /home/ryanl/4231/MTRN4231_Project/build/ur5e_custom_description -- -j16 -l16
[35.465s] Invoking command in '/home/ryanl/4231/MTRN4231_Project/build/ur5e_custom_description': AMENT_PREFIX_PATH=/home/ryanl/4231/MTRN4231_Project/install/end_effector_description:${AMENT_PREFIX_PATH} CMAKE_PREFIX_PATH=/home/ryanl/4231/MTRN4231_Project/install/end_effector_description:/opt/ros/humble /usr/bin/cmake --install /home/ryanl/4231/MTRN4231_Project/build/ur5e_custom_description
[35.479s] -- Install configuration: ""
[35.479s] -- Installing: /home/ryanl/4231/MTRN4231_Project/install/ur5e_custom_description/share/ur5e_custom_description/urdf
[35.482s] -- Installing: /home/ryanl/4231/MTRN4231_Project/install/ur5e_custom_description/share/ur5e_custom_description/urdf/ur5e_with_tool.urdf.xacro
[35.483s] -- Installing: /home/ryanl/4231/MTRN4231_Project/install/ur5e_custom_description/share/ur5e_custom_description/meshes
[35.483s] -- Installing: /home/ryanl/4231/MTRN4231_Project/install/ur5e_custom_description/share/ur5e_custom_description/launch
[35.484s] -- Installing: /home/ryanl/4231/MTRN4231_Project/install/ur5e_custom_description/share/ur5e_custom_description/launch/display.launch.py
[35.485s] -- Installing: /home/ryanl/4231/MTRN4231_Project/install/ur5e_custom_description/share/ur5e_custom_description/rviz
[35.486s] -- Installing: /home/ryanl/4231/MTRN4231_Project/install/ur5e_custom_description/share/ur5e_custom_description/rviz/moveit_planning.rviz
[35.489s] -- Installing: /home/ryanl/4231/MTRN4231_Project/install/ur5e_custom_description/share/ament_index/resource_index/package_run_dependencies/ur5e_custom_description
[35.490s] -- Installing: /home/ryanl/4231/MTRN4231_Project/install/ur5e_custom_description/share/ament_index/resource_index/parent_prefix_path/ur5e_custom_description
[35.491s] -- Installing: /home/ryanl/4231/MTRN4231_Project/install/ur5e_custom_description/share/ur5e_custom_description/environment/ament_prefix_path.sh
[35.492s] -- Installing: /home/ryanl/4231/MTRN4231_Project/install/ur5e_custom_description/share/ur5e_custom_description/environment/ament_prefix_path.dsv
[35.492s] -- Installing: /home/ryanl/4231/MTRN4231_Project/install/ur5e_custom_description/share/ur5e_custom_description/environment/path.sh
[35.493s] -- Installing: /home/ryanl/4231/MTRN4231_Project/install/ur5e_custom_description/share/ur5e_custom_description/environment/path.dsv
[35.493s] -- Installing: /home/ryanl/4231/MTRN4231_Project/install/ur5e_custom_description/share/ur5e_custom_description/local_setup.bash
[35.494s] -- Installing: /home/ryanl/4231/MTRN4231_Project/install/ur5e_custom_description/share/ur5e_custom_description/local_setup.sh
[35.494s] -- Installing: /home/ryanl/4231/MTRN4231_Project/install/ur5e_custom_description/share/ur5e_custom_description/local_setup.zsh
[35.495s] -- Installing: /home/ryanl/4231/MTRN4231_Project/install/ur5e_custom_description/share/ur5e_custom_description/local_setup.dsv
[35.496s] -- Installing: /home/ryanl/4231/MTRN4231_Project/install/ur5e_custom_description/share/ur5e_custom_description/package.dsv
[35.497s] -- Installing: /home/ryanl/4231/MTRN4231_Project/install/ur5e_custom_description/share/ament_index/resource_index/packages/ur5e_custom_description
[35.498s] -- Installing: /home/ryanl/4231/MTRN4231_Project/install/ur5e_custom_description/share/ur5e_custom_description/cmake/ur5e_custom_descriptionConfig.cmake
[35.498s] -- Installing: /home/ryanl/4231/MTRN4231_Project/install/ur5e_custom_description/share/ur5e_custom_description/cmake/ur5e_custom_descriptionConfig-version.cmake
[35.499s] -- Installing: /home/ryanl/4231/MTRN4231_Project/install/ur5e_custom_description/share/ur5e_custom_description/package.xml
[35.506s] Invoked command in '/home/ryanl/4231/MTRN4231_Project/build/ur5e_custom_description' returned '0': AMENT_PREFIX_PATH=/home/ryanl/4231/MTRN4231_Project/install/end_effector_description:${AMENT_PREFIX_PATH} CMAKE_PREFIX_PATH=/home/ryanl/4231/MTRN4231_Project/install/end_effector_description:/opt/ros/humble /usr/bin/cmake --install /home/ryanl/4231/MTRN4231_Project/build/ur5e_custom_description
