[0.009s] Invoking command in '/home/dev/Desktop/MTRN4231_Project/build/arm_controller': AMENT_PREFIX_PATH=/home/dev/Desktop/MTRN4231_Project/install/custom_interfaces:${AMENT_PREFIX_PATH} CMAKE_PREFIX_PATH=/home/dev/Desktop/MTRN4231_Project/install/custom_interfaces:/opt/ros/humble LD_LIBRARY_PATH=/home/dev/Desktop/MTRN4231_Project/install/custom_interfaces/lib:${LD_LIBRARY_PATH} PYTHONPATH=/home/dev/Desktop/MTRN4231_Project/install/custom_interfaces/local/lib/python3.10/dist-packages:${PYTHONPATH} /usr/bin/cmake /home/dev/Desktop/MTRN4231_Project/src/arm_controller -DCMAKE_INSTALL_PREFIX=/home/dev/Desktop/MTRN4231_Project/install/arm_controller
[0.074s] -- The C compiler identification is GNU 11.4.0
[0.124s] -- The CXX compiler identification is GNU 11.4.0
[0.131s] -- Detecting C compiler ABI info
[0.199s] -- Detecting C compiler ABI info - done
[0.204s] -- Check for working C compiler: /usr/bin/cc - skipped
[0.205s] -- Detecting C compile features
[0.205s] -- Detecting C compile features - done
[0.207s] -- Detecting CXX compiler ABI info
[0.284s] -- Detecting CXX compiler ABI info - done
[0.290s] -- Check for working CXX compiler: /usr/bin/c++ - skipped
[0.290s] -- Detecting CXX compile features
[0.290s] -- Detecting CXX compile features - done
[0.293s] -- Found ament_cmake: 1.3.12 (/opt/ros/humble/share/ament_cmake/cmake)
[0.427s] -- Found Python3: /usr/bin/python3 (found version "3.10.12") found components: Interpreter 
[0.513s] -- Found rclcpp: 16.0.15 (/opt/ros/humble/share/rclcpp/cmake)
[0.549s] -- Found rosidl_generator_c: 3.1.7 (/opt/ros/humble/share/rosidl_generator_c/cmake)
[0.553s] -- Found rosidl_adapter: 3.1.7 (/opt/ros/humble/share/rosidl_adapter/cmake)
[0.563s] -- Found rosidl_generator_cpp: 3.1.7 (/opt/ros/humble/share/rosidl_generator_cpp/cmake)
[0.574s] -- Using all available rosidl_typesupport_c: rosidl_typesupport_fastrtps_c;rosidl_typesupport_introspection_c
[0.588s] -- Using all available rosidl_typesupport_cpp: rosidl_typesupport_fastrtps_cpp;rosidl_typesupport_introspection_cpp
[0.627s] -- Found rmw_implementation_cmake: 6.1.2 (/opt/ros/humble/share/rmw_implementation_cmake/cmake)
[0.629s] -- Found rmw_fastrtps_cpp: 6.2.9 (/opt/ros/humble/share/rmw_fastrtps_cpp/cmake)
[0.713s] -- Found OpenSSL: /usr/lib/x86_64-linux-gnu/libcrypto.so (found version "3.0.2")  
[0.737s] -- Found FastRTPS: /opt/ros/humble/include  
[0.777s] -- Using RMW implementation 'rmw_fastrtps_cpp' as default
[0.785s] -- Looking for pthread.h
[0.854s] -- Looking for pthread.h - found
[0.855s] -- Performing Test CMAKE_HAVE_LIBC_PTHREAD
[0.928s] -- Performing Test CMAKE_HAVE_LIBC_PTHREAD - Success
[0.929s] -- Found Threads: TRUE  
[0.974s] -- Found rclcpp_action: 16.0.15 (/opt/ros/humble/share/rclcpp_action/cmake)
[1.002s] -- Found tf2_ros: 0.25.16 (/opt/ros/humble/share/tf2_ros/cmake)
[1.069s] -- Found tf2_geometry_msgs: 0.25.16 (/opt/ros/humble/share/tf2_geometry_msgs/cmake)
[1.082s] -- Found eigen3_cmake_module: 0.1.1 (/opt/ros/humble/share/eigen3_cmake_module/cmake)
[1.083s] -- Found Eigen3: TRUE (found version "3.4.0") 
[1.083s] -- Ensuring Eigen3 include directory is part of orocos-kdl CMake target
[1.086s] -- Found moveit_ros_planning_interface: 2.5.9 (/opt/ros/humble/share/moveit_ros_planning_interface/cmake)
[1.107s] -- Found Boost: /usr/lib/x86_64-linux-gnu/cmake/Boost-1.74.0/BoostConfig.cmake (found version "1.74.0") found components: date_time filesystem program_options system thread 
[1.221s] -- Found Boost: /usr/lib/x86_64-linux-gnu/cmake/Boost-1.74.0/BoostConfig.cmake (found version "1.74.0") found components: chrono date_time filesystem iostreams program_options regex serialization system thread 
[1.250s] -- Found parameter_traits: 0.5.0 (/opt/ros/humble/share/parameter_traits/cmake)
[1.261s] -- Found rclcpp_lifecycle: 16.0.15 (/opt/ros/humble/share/rclcpp_lifecycle/cmake)
[1.283s] -- Found Boost: /usr/lib/x86_64-linux-gnu/cmake/Boost-1.74.0/BoostConfig.cmake (found version "1.74.0") found components: filesystem 
[1.365s] -- library: /usr/lib/x86_64-linux-gnu/libcurl.so
[1.439s] -- Found Boost: /usr/lib/x86_64-linux-gnu/cmake/Boost-1.74.0/BoostConfig.cmake (found version "1.74.0") found components: system filesystem date_time program_options thread chrono 
[1.465s] -- Found Boost: /usr/lib/x86_64-linux-gnu/cmake/Boost-1.74.0/BoostConfig.cmake (found version "1.74.0") found components: thread system filesystem regex date_time program_options 
[1.485s] -- Found Boost: /usr/lib/x86_64-linux-gnu/cmake/Boost-1.74.0/BoostConfig.cmake (found version "1.74.0") found components: system filesystem date_time program_options thread 
[1.508s] -- Found custom_interfaces: 0.0.0 (/home/dev/Desktop/MTRN4231_Project/install/custom_interfaces/share/custom_interfaces/cmake)
[1.523s] -- Found moveit_visual_tools: 4.1.2 (/opt/ros/humble/share/moveit_visual_tools/cmake)
[1.570s] -- Setting assimp_DIR to: '/opt/ros/humble/share/rviz_assimp_vendor/cmake/../../../opt/rviz_assimp_vendor/lib/cmake/assimp-4.1'
[1.576s] -- Setting OGRE_DIR to: '/opt/ros/humble/share/rviz_ogre_vendor/cmake/../../../opt/rviz_ogre_vendor/lib/OGRE/cmake'
[1.577s] -- Found OGRE
[1.577s] --   static     : OFF
[1.577s] --   components : HLMS;MeshLodGenerator;Overlay;Paging;Property;RTShaderSystem;Terrain;Volume
[1.577s] --   plugins    : Plugin_BSPSceneManager;Plugin_OctreeSceneManager;Plugin_PCZSceneManager;Plugin_ParticleFX;RenderSystem_GL;RenderSystem_GL3Plus;Codec_STBI
[1.577s] --   media      : /opt/ros/humble/opt/rviz_ogre_vendor/share/OGRE/Media
[1.578s] -- OGRE_LIBRARIES: OgreHLMS;OgreMeshLodGenerator;OgreOverlay;OgrePaging;OgreProperty;OgreRTShaderSystem;OgreTerrain;OgreVolume;OgreMain
[1.578s] -- OGRE_LIBRARY_DIRS: /opt/ros/humble/opt/rviz_ogre_vendor/lib
[1.578s] -- OGRE_PLUGINS: Plugin_BSPSceneManager;Plugin_OctreeSceneManager;Plugin_PCZSceneManager;Plugin_ParticleFX;RenderSystem_GL;RenderSystem_GL3Plus;Codec_STBI
[1.578s] -- OGRE_PLUGIN_DIR: /opt/ros/humble/opt/rviz_ogre_vendor/lib/OGRE
[1.578s] -- rviz_ogre_vendor::OgreOverlay for IMPORTED_LOCATION_RELEASE: /opt/ros/humble/opt/rviz_ogre_vendor/lib/libOgreOverlay.so
[1.578s] -- rviz_ogre_vendor::OgreOverlay for IMPORTED_LOCATION_DEBUG: /opt/ros/humble/opt/rviz_ogre_vendor/lib/libOgreOverlay.so
[1.578s] -- rviz_ogre_vendor::OgreMain for IMPORTED_LOCATION_RELEASE: /opt/ros/humble/opt/rviz_ogre_vendor/lib/libOgreMain.so
[1.578s] -- rviz_ogre_vendor::OgreMain for IMPORTED_LOCATION_DEBUG: /opt/ros/humble/opt/rviz_ogre_vendor/lib/libOgreMain.so
[1.592s] -- Found ZLIB: /usr/lib/x86_64-linux-gnu/libz.so (found version "1.2.11") 
[1.595s] -- Found OpenGL: /usr/lib/x86_64-linux-gnu/libOpenGL.so   
[1.680s] -- Found X11: /usr/include   
[1.681s] -- Looking for XOpenDisplay in /usr/lib/x86_64-linux-gnu/libX11.so;/usr/lib/x86_64-linux-gnu/libXext.so
[1.750s] -- Looking for XOpenDisplay in /usr/lib/x86_64-linux-gnu/libX11.so;/usr/lib/x86_64-linux-gnu/libXext.so - found
[1.750s] -- Looking for gethostbyname
[1.819s] -- Looking for gethostbyname - found
[1.819s] -- Looking for connect
[1.887s] -- Looking for connect - found
[1.887s] -- Looking for remove
[1.952s] -- Looking for remove - found
[1.952s] -- Looking for shmat
[2.020s] -- Looking for shmat - found
[2.020s] -- Looking for IceConnectionNumber in ICE
[2.088s] -- Looking for IceConnectionNumber in ICE - found
[2.222s] -- Configuring done
[2.272s] -- Generating done
[2.284s] -- Build files have been written to: /home/dev/Desktop/MTRN4231_Project/build/arm_controller
[2.300s] Invoked command in '/home/dev/Desktop/MTRN4231_Project/build/arm_controller' returned '0': AMENT_PREFIX_PATH=/home/dev/Desktop/MTRN4231_Project/install/custom_interfaces:${AMENT_PREFIX_PATH} CMAKE_PREFIX_PATH=/home/dev/Desktop/MTRN4231_Project/install/custom_interfaces:/opt/ros/humble LD_LIBRARY_PATH=/home/dev/Desktop/MTRN4231_Project/install/custom_interfaces/lib:${LD_LIBRARY_PATH} PYTHONPATH=/home/dev/Desktop/MTRN4231_Project/install/custom_interfaces/local/lib/python3.10/dist-packages:${PYTHONPATH} /usr/bin/cmake /home/dev/Desktop/MTRN4231_Project/src/arm_controller -DCMAKE_INSTALL_PREFIX=/home/dev/Desktop/MTRN4231_Project/install/arm_controller
[2.302s] Invoking command in '/home/dev/Desktop/MTRN4231_Project/build/arm_controller': AMENT_PREFIX_PATH=/home/dev/Desktop/MTRN4231_Project/install/custom_interfaces:${AMENT_PREFIX_PATH} CMAKE_PREFIX_PATH=/home/dev/Desktop/MTRN4231_Project/install/custom_interfaces:/opt/ros/humble LD_LIBRARY_PATH=/home/dev/Desktop/MTRN4231_Project/install/custom_interfaces/lib:${LD_LIBRARY_PATH} PYTHONPATH=/home/dev/Desktop/MTRN4231_Project/install/custom_interfaces/local/lib/python3.10/dist-packages:${PYTHONPATH} /usr/bin/cmake --build /home/dev/Desktop/MTRN4231_Project/build/arm_controller -- -j12 -l12
[2.360s] [ 50%] [32mBuilding CXX object CMakeFiles/arm_controller_node.dir/src/arm_controller_node.cpp.o[0m
[2.360s] [ 50%] [32mBuilding CXX object CMakeFiles/moveit_constrain_ur.dir/src/moveit_constrain_ur.cpp.o[0m
[12.326s] [ 75%] [32m[1mLinking CXX executable moveit_constrain_ur[0m
[12.929s] [ 75%] Built target moveit_constrain_ur
[13.556s] [100%] [32m[1mLinking CXX executable arm_controller_node[0m
[14.254s] [100%] Built target arm_controller_node
[14.266s] Invoked command in '/home/dev/Desktop/MTRN4231_Project/build/arm_controller' returned '0': AMENT_PREFIX_PATH=/home/dev/Desktop/MTRN4231_Project/install/custom_interfaces:${AMENT_PREFIX_PATH} CMAKE_PREFIX_PATH=/home/dev/Desktop/MTRN4231_Project/install/custom_interfaces:/opt/ros/humble LD_LIBRARY_PATH=/home/dev/Desktop/MTRN4231_Project/install/custom_interfaces/lib:${LD_LIBRARY_PATH} PYTHONPATH=/home/dev/Desktop/MTRN4231_Project/install/custom_interfaces/local/lib/python3.10/dist-packages:${PYTHONPATH} /usr/bin/cmake --build /home/dev/Desktop/MTRN4231_Project/build/arm_controller -- -j12 -l12
[14.267s] Invoking command in '/home/dev/Desktop/MTRN4231_Project/build/arm_controller': AMENT_PREFIX_PATH=/home/dev/Desktop/MTRN4231_Project/install/custom_interfaces:${AMENT_PREFIX_PATH} CMAKE_PREFIX_PATH=/home/dev/Desktop/MTRN4231_Project/install/custom_interfaces:/opt/ros/humble LD_LIBRARY_PATH=/home/dev/Desktop/MTRN4231_Project/install/custom_interfaces/lib:${LD_LIBRARY_PATH} PYTHONPATH=/home/dev/Desktop/MTRN4231_Project/install/custom_interfaces/local/lib/python3.10/dist-packages:${PYTHONPATH} /usr/bin/cmake --install /home/dev/Desktop/MTRN4231_Project/build/arm_controller
[14.274s] -- Install configuration: ""
[14.275s] -- Installing: /home/dev/Desktop/MTRN4231_Project/install/arm_controller/lib/arm_controller/arm_controller_node
[14.276s] -- Set runtime path of "/home/dev/Desktop/MTRN4231_Project/install/arm_controller/lib/arm_controller/arm_controller_node" to ""
[14.276s] -- Installing: /home/dev/Desktop/MTRN4231_Project/install/arm_controller/share/arm_controller/launch
[14.276s] -- Installing: /home/dev/Desktop/MTRN4231_Project/install/arm_controller/share/arm_controller/launch/arm_controller.launch.py
[14.276s] -- Installing: /home/dev/Desktop/MTRN4231_Project/install/arm_controller/share/arm_controller/launch/view_combined.launch.py
[14.277s] -- Installing: /home/dev/Desktop/MTRN4231_Project/install/arm_controller/share/arm_controller/urdf
[14.277s] -- Installing: /home/dev/Desktop/MTRN4231_Project/install/arm_controller/share/arm_controller/urdf/ur5e_with_tool.urdf.xacro
[14.277s] -- Installing: /home/dev/Desktop/MTRN4231_Project/install/arm_controller/share/arm_controller/config
[14.277s] -- Installing: /home/dev/Desktop/MTRN4231_Project/install/arm_controller/share/arm_controller/config/joint_limits.yaml
[14.277s] -- Installing: /home/dev/Desktop/MTRN4231_Project/install/arm_controller/share/arm_controller/config/moveit.rviz
[14.277s] -- Installing: /home/dev/Desktop/MTRN4231_Project/install/arm_controller/share/arm_controller/config/moveit_controllers.yaml
[14.277s] -- Installing: /home/dev/Desktop/MTRN4231_Project/install/arm_controller/share/arm_controller/config/end_effector_withDriverSupport.srdf
[14.277s] -- Installing: /home/dev/Desktop/MTRN4231_Project/install/arm_controller/share/arm_controller/config/kinematics.yaml
[14.278s] -- Installing: /home/dev/Desktop/MTRN4231_Project/install/arm_controller/share/arm_controller/config/controllers.yaml
[14.278s] -- Installing: /home/dev/Desktop/MTRN4231_Project/install/arm_controller/share/arm_controller/config/params.yaml
[14.278s] -- Installing: /home/dev/Desktop/MTRN4231_Project/install/arm_controller/share/arm_controller/config/pilz_cartesian_limits.yaml
[14.278s] -- Installing: /home/dev/Desktop/MTRN4231_Project/install/arm_controller/share/arm_controller/rviz
[14.278s] -- Installing: /home/dev/Desktop/MTRN4231_Project/install/arm_controller/share/arm_controller/rviz/display.rviz
[14.278s] -- Installing: /home/dev/Desktop/MTRN4231_Project/install/arm_controller/share/ament_index/resource_index/package_run_dependencies/arm_controller
[14.278s] -- Installing: /home/dev/Desktop/MTRN4231_Project/install/arm_controller/share/ament_index/resource_index/parent_prefix_path/arm_controller
[14.279s] -- Installing: /home/dev/Desktop/MTRN4231_Project/install/arm_controller/share/arm_controller/environment/ament_prefix_path.sh
[14.279s] -- Installing: /home/dev/Desktop/MTRN4231_Project/install/arm_controller/share/arm_controller/environment/ament_prefix_path.dsv
[14.279s] -- Installing: /home/dev/Desktop/MTRN4231_Project/install/arm_controller/share/arm_controller/environment/path.sh
[14.279s] -- Installing: /home/dev/Desktop/MTRN4231_Project/install/arm_controller/share/arm_controller/environment/path.dsv
[14.279s] -- Installing: /home/dev/Desktop/MTRN4231_Project/install/arm_controller/share/arm_controller/local_setup.bash
[14.279s] -- Installing: /home/dev/Desktop/MTRN4231_Project/install/arm_controller/share/arm_controller/local_setup.sh
[14.280s] -- Installing: /home/dev/Desktop/MTRN4231_Project/install/arm_controller/share/arm_controller/local_setup.zsh
[14.280s] -- Installing: /home/dev/Desktop/MTRN4231_Project/install/arm_controller/share/arm_controller/local_setup.dsv
[14.280s] -- Installing: /home/dev/Desktop/MTRN4231_Project/install/arm_controller/share/arm_controller/package.dsv
[14.280s] -- Installing: /home/dev/Desktop/MTRN4231_Project/install/arm_controller/share/ament_index/resource_index/packages/arm_controller
[14.280s] -- Installing: /home/dev/Desktop/MTRN4231_Project/install/arm_controller/share/arm_controller/cmake/arm_controllerConfig.cmake
[14.280s] -- Installing: /home/dev/Desktop/MTRN4231_Project/install/arm_controller/share/arm_controller/cmake/arm_controllerConfig-version.cmake
[14.281s] -- Installing: /home/dev/Desktop/MTRN4231_Project/install/arm_controller/share/arm_controller/package.xml
[14.283s] Invoked command in '/home/dev/Desktop/MTRN4231_Project/build/arm_controller' returned '0': AMENT_PREFIX_PATH=/home/dev/Desktop/MTRN4231_Project/install/custom_interfaces:${AMENT_PREFIX_PATH} CMAKE_PREFIX_PATH=/home/dev/Desktop/MTRN4231_Project/install/custom_interfaces:/opt/ros/humble LD_LIBRARY_PATH=/home/dev/Desktop/MTRN4231_Project/install/custom_interfaces/lib:${LD_LIBRARY_PATH} PYTHONPATH=/home/dev/Desktop/MTRN4231_Project/install/custom_interfaces/local/lib/python3.10/dist-packages:${PYTHONPATH} /usr/bin/cmake --install /home/dev/Desktop/MTRN4231_Project/build/arm_controller
