[0.095s] DEBUG:colcon:Command line arguments: ['/usr/bin/colcon', 'build']
[0.095s] DEBUG:colcon:Parsed command line arguments: Namespace(log_base=None, log_level=None, verb_name='build', build_base='build', install_base='install', merge_install=False, symlink_install=False, test_result_base=None, continue_on_error=False, executor='parallel', parallel_workers=12, event_handlers=None, ignore_user_meta=False, metas=['./colcon.meta'], base_paths=['.'], packages_ignore=None, packages_ignore_regex=None, paths=None, packages_up_to=None, packages_up_to_regex=None, packages_above=None, packages_above_and_dependencies=None, packages_above_depth=None, packages_select_by_dep=None, packages_skip_by_dep=None, packages_skip_up_to=None, packages_select_build_failed=False, packages_skip_build_finished=False, packages_select_test_failures=False, packages_skip_test_passed=False, packages_select=None, packages_skip=None, packages_select_regex=None, packages_skip_regex=None, packages_start=None, packages_end=None, allow_overriding=[], cmake_args=None, cmake_target=None, cmake_target_skip_unavailable=False, cmake_clean_cache=False, cmake_clean_first=False, cmake_force_configure=False, ament_cmake_args=None, catkin_cmake_args=None, catkin_skip_building_tests=False, verb_parser=<colcon_defaults.argument_parser.defaults.DefaultArgumentsDecorator object at 0x73941a20bfd0>, verb_extension=<colcon_core.verb.build.BuildVerb object at 0x73941a20b190>, main=<bound method BuildVerb.main of <colcon_core.verb.build.BuildVerb object at 0x73941a20b190>>)
[0.243s] Level 1:colcon.colcon_core.package_discovery:discover_packages(colcon_meta) check parameters
[0.243s] Level 1:colcon.colcon_core.package_discovery:discover_packages(recursive) check parameters
[0.243s] Level 1:colcon.colcon_core.package_discovery:discover_packages(ignore) check parameters
[0.243s] Level 1:colcon.colcon_core.package_discovery:discover_packages(path) check parameters
[0.243s] Level 1:colcon.colcon_core.package_discovery:discover_packages(colcon_meta) discover
[0.243s] Level 1:colcon.colcon_core.package_discovery:discover_packages(recursive) discover
[0.243s] INFO:colcon.colcon_core.package_discovery:Crawling recursively for packages in '/home/dev/Desktop/MTRN4231_Project'
[0.243s] Level 1:colcon.colcon_core.package_identification:_identify(.) by extensions ['ignore', 'ignore_ament_install']
[0.243s] Level 1:colcon.colcon_core.package_identification:_identify(.) by extension 'ignore'
[0.244s] Level 1:colcon.colcon_core.package_identification:_identify(.) by extension 'ignore_ament_install'
[0.244s] Level 1:colcon.colcon_core.package_identification:_identify(.) by extensions ['colcon_pkg']
[0.244s] Level 1:colcon.colcon_core.package_identification:_identify(.) by extension 'colcon_pkg'
[0.244s] Level 1:colcon.colcon_core.package_identification:_identify(.) by extensions ['colcon_meta']
[0.244s] Level 1:colcon.colcon_core.package_identification:_identify(.) by extension 'colcon_meta'
[0.244s] Level 1:colcon.colcon_core.package_identification:_identify(.) by extensions ['ros']
[0.244s] Level 1:colcon.colcon_core.package_identification:_identify(.) by extension 'ros'
[0.253s] Level 1:colcon.colcon_core.package_identification:_identify(.) by extensions ['cmake', 'python']
[0.254s] Level 1:colcon.colcon_core.package_identification:_identify(.) by extension 'cmake'
[0.254s] Level 1:colcon.colcon_core.package_identification:_identify(.) by extension 'python'
[0.254s] Level 1:colcon.colcon_core.package_identification:_identify(.) by extensions ['python_setup_py']
[0.254s] Level 1:colcon.colcon_core.package_identification:_identify(.) by extension 'python_setup_py'
[0.254s] Level 1:colcon.colcon_core.package_identification:_identify(build) by extensions ['ignore', 'ignore_ament_install']
[0.254s] Level 1:colcon.colcon_core.package_identification:_identify(build) by extension 'ignore'
[0.254s] Level 1:colcon.colcon_core.package_identification:_identify(build) ignored
[0.254s] Level 1:colcon.colcon_core.package_identification:_identify(install) by extensions ['ignore', 'ignore_ament_install']
[0.254s] Level 1:colcon.colcon_core.package_identification:_identify(install) by extension 'ignore'
[0.254s] Level 1:colcon.colcon_core.package_identification:_identify(install) ignored
[0.254s] Level 1:colcon.colcon_core.package_identification:_identify(log) by extensions ['ignore', 'ignore_ament_install']
[0.254s] Level 1:colcon.colcon_core.package_identification:_identify(log) by extension 'ignore'
[0.254s] Level 1:colcon.colcon_core.package_identification:_identify(log) ignored
[0.254s] Level 1:colcon.colcon_core.package_identification:_identify(src) by extensions ['ignore', 'ignore_ament_install']
[0.255s] Level 1:colcon.colcon_core.package_identification:_identify(src) by extension 'ignore'
[0.255s] Level 1:colcon.colcon_core.package_identification:_identify(src) by extension 'ignore_ament_install'
[0.255s] Level 1:colcon.colcon_core.package_identification:_identify(src) by extensions ['colcon_pkg']
[0.255s] Level 1:colcon.colcon_core.package_identification:_identify(src) by extension 'colcon_pkg'
[0.255s] Level 1:colcon.colcon_core.package_identification:_identify(src) by extensions ['colcon_meta']
[0.255s] Level 1:colcon.colcon_core.package_identification:_identify(src) by extension 'colcon_meta'
[0.255s] Level 1:colcon.colcon_core.package_identification:_identify(src) by extensions ['ros']
[0.255s] Level 1:colcon.colcon_core.package_identification:_identify(src) by extension 'ros'
[0.255s] Level 1:colcon.colcon_core.package_identification:_identify(src) by extensions ['cmake', 'python']
[0.255s] Level 1:colcon.colcon_core.package_identification:_identify(src) by extension 'cmake'
[0.255s] Level 1:colcon.colcon_core.package_identification:_identify(src) by extension 'python'
[0.255s] Level 1:colcon.colcon_core.package_identification:_identify(src) by extensions ['python_setup_py']
[0.255s] Level 1:colcon.colcon_core.package_identification:_identify(src) by extension 'python_setup_py'
[0.255s] Level 1:colcon.colcon_core.package_identification:_identify(src/arm_controller) by extensions ['ignore', 'ignore_ament_install']
[0.255s] Level 1:colcon.colcon_core.package_identification:_identify(src/arm_controller) by extension 'ignore'
[0.255s] Level 1:colcon.colcon_core.package_identification:_identify(src/arm_controller) by extension 'ignore_ament_install'
[0.255s] Level 1:colcon.colcon_core.package_identification:_identify(src/arm_controller) by extensions ['colcon_pkg']
[0.255s] Level 1:colcon.colcon_core.package_identification:_identify(src/arm_controller) by extension 'colcon_pkg'
[0.255s] Level 1:colcon.colcon_core.package_identification:_identify(src/arm_controller) by extensions ['colcon_meta']
[0.255s] Level 1:colcon.colcon_core.package_identification:_identify(src/arm_controller) by extension 'colcon_meta'
[0.255s] Level 1:colcon.colcon_core.package_identification:_identify(src/arm_controller) by extensions ['ros']
[0.255s] Level 1:colcon.colcon_core.package_identification:_identify(src/arm_controller) by extension 'ros'
[0.258s] DEBUG:colcon.colcon_core.package_identification:Package 'src/arm_controller' with type 'ros.ament_cmake' and name 'arm_controller'
[0.258s] Level 1:colcon.colcon_core.package_identification:_identify(src/custom_interfaces) by extensions ['ignore', 'ignore_ament_install']
[0.259s] Level 1:colcon.colcon_core.package_identification:_identify(src/custom_interfaces) by extension 'ignore'
[0.259s] Level 1:colcon.colcon_core.package_identification:_identify(src/custom_interfaces) by extension 'ignore_ament_install'
[0.259s] Level 1:colcon.colcon_core.package_identification:_identify(src/custom_interfaces) by extensions ['colcon_pkg']
[0.259s] Level 1:colcon.colcon_core.package_identification:_identify(src/custom_interfaces) by extension 'colcon_pkg'
[0.259s] Level 1:colcon.colcon_core.package_identification:_identify(src/custom_interfaces) by extensions ['colcon_meta']
[0.259s] Level 1:colcon.colcon_core.package_identification:_identify(src/custom_interfaces) by extension 'colcon_meta'
[0.259s] Level 1:colcon.colcon_core.package_identification:_identify(src/custom_interfaces) by extensions ['ros']
[0.259s] Level 1:colcon.colcon_core.package_identification:_identify(src/custom_interfaces) by extension 'ros'
[0.259s] DEBUG:colcon.colcon_core.package_identification:Package 'src/custom_interfaces' with type 'ros.ament_cmake' and name 'custom_interfaces'
[0.260s] Level 1:colcon.colcon_core.package_identification:_identify(src/end_effector_description) by extensions ['ignore', 'ignore_ament_install']
[0.260s] Level 1:colcon.colcon_core.package_identification:_identify(src/end_effector_description) by extension 'ignore'
[0.260s] Level 1:colcon.colcon_core.package_identification:_identify(src/end_effector_description) by extension 'ignore_ament_install'
[0.260s] Level 1:colcon.colcon_core.package_identification:_identify(src/end_effector_description) by extensions ['colcon_pkg']
[0.260s] Level 1:colcon.colcon_core.package_identification:_identify(src/end_effector_description) by extension 'colcon_pkg'
[0.260s] Level 1:colcon.colcon_core.package_identification:_identify(src/end_effector_description) by extensions ['colcon_meta']
[0.260s] Level 1:colcon.colcon_core.package_identification:_identify(src/end_effector_description) by extension 'colcon_meta'
[0.260s] Level 1:colcon.colcon_core.package_identification:_identify(src/end_effector_description) by extensions ['ros']
[0.260s] Level 1:colcon.colcon_core.package_identification:_identify(src/end_effector_description) by extension 'ros'
[0.260s] DEBUG:colcon.colcon_core.package_identification:Package 'src/end_effector_description' with type 'ros.ament_cmake' and name 'end_effector_description'
[0.260s] Level 1:colcon.colcon_core.package_identification:_identify(src/ur5e_custom_description) by extensions ['ignore', 'ignore_ament_install']
[0.260s] Level 1:colcon.colcon_core.package_identification:_identify(src/ur5e_custom_description) by extension 'ignore'
[0.261s] Level 1:colcon.colcon_core.package_identification:_identify(src/ur5e_custom_description) by extension 'ignore_ament_install'
[0.261s] Level 1:colcon.colcon_core.package_identification:_identify(src/ur5e_custom_description) by extensions ['colcon_pkg']
[0.261s] Level 1:colcon.colcon_core.package_identification:_identify(src/ur5e_custom_description) by extension 'colcon_pkg'
[0.261s] Level 1:colcon.colcon_core.package_identification:_identify(src/ur5e_custom_description) by extensions ['colcon_meta']
[0.261s] Level 1:colcon.colcon_core.package_identification:_identify(src/ur5e_custom_description) by extension 'colcon_meta'
[0.261s] Level 1:colcon.colcon_core.package_identification:_identify(src/ur5e_custom_description) by extensions ['ros']
[0.261s] Level 1:colcon.colcon_core.package_identification:_identify(src/ur5e_custom_description) by extension 'ros'
[0.261s] DEBUG:colcon.colcon_core.package_identification:Package 'src/ur5e_custom_description' with type 'ros.ament_cmake' and name 'ur5e_custom_description'
[0.262s] Level 1:colcon.colcon_core.package_identification:_identify(src/ur5e_moveit_config_custom) by extensions ['ignore', 'ignore_ament_install']
[0.262s] Level 1:colcon.colcon_core.package_identification:_identify(src/ur5e_moveit_config_custom) by extension 'ignore'
[0.262s] Level 1:colcon.colcon_core.package_identification:_identify(src/ur5e_moveit_config_custom) by extension 'ignore_ament_install'
[0.262s] Level 1:colcon.colcon_core.package_identification:_identify(src/ur5e_moveit_config_custom) by extensions ['colcon_pkg']
[0.262s] Level 1:colcon.colcon_core.package_identification:_identify(src/ur5e_moveit_config_custom) by extension 'colcon_pkg'
[0.262s] Level 1:colcon.colcon_core.package_identification:_identify(src/ur5e_moveit_config_custom) by extensions ['colcon_meta']
[0.262s] Level 1:colcon.colcon_core.package_identification:_identify(src/ur5e_moveit_config_custom) by extension 'colcon_meta'
[0.262s] Level 1:colcon.colcon_core.package_identification:_identify(src/ur5e_moveit_config_custom) by extensions ['ros']
[0.262s] Level 1:colcon.colcon_core.package_identification:_identify(src/ur5e_moveit_config_custom) by extension 'ros'
[0.262s] DEBUG:colcon.colcon_core.package_identification:Package 'src/ur5e_moveit_config_custom' with type 'ros.ament_cmake' and name 'ur5e_moveit_config_custom'
[0.263s] Level 1:colcon.colcon_core.package_discovery:discover_packages(recursive) using defaults
[0.263s] Level 1:colcon.colcon_core.package_discovery:discover_packages(ignore) discover
[0.263s] Level 1:colcon.colcon_core.package_discovery:discover_packages(ignore) using defaults
[0.263s] Level 1:colcon.colcon_core.package_discovery:discover_packages(path) discover
[0.263s] Level 1:colcon.colcon_core.package_discovery:discover_packages(path) using defaults
[0.299s] Level 1:colcon.colcon_core.package_discovery:discover_packages(prefix_path) check parameters
[0.299s] Level 1:colcon.colcon_core.package_discovery:discover_packages(prefix_path) discover
[0.301s] DEBUG:colcon.colcon_installed_package_information.package_discovery:Found 5 installed packages in /home/dev/Desktop/MTRN4231_Project/install
[0.303s] DEBUG:colcon.colcon_installed_package_information.package_discovery:Found 357 installed packages in /opt/ros/humble
[0.305s] Level 1:colcon.colcon_core.package_discovery:discover_packages(prefix_path) using defaults
[0.347s] Level 5:colcon.colcon_core.verb:set package 'custom_interfaces' build argument 'cmake_args' from command line to 'None'
[0.347s] Level 5:colcon.colcon_core.verb:set package 'custom_interfaces' build argument 'cmake_target' from command line to 'None'
[0.347s] Level 5:colcon.colcon_core.verb:set package 'custom_interfaces' build argument 'cmake_target_skip_unavailable' from command line to 'False'
[0.347s] Level 5:colcon.colcon_core.verb:set package 'custom_interfaces' build argument 'cmake_clean_cache' from command line to 'False'
[0.347s] Level 5:colcon.colcon_core.verb:set package 'custom_interfaces' build argument 'cmake_clean_first' from command line to 'False'
[0.347s] Level 5:colcon.colcon_core.verb:set package 'custom_interfaces' build argument 'cmake_force_configure' from command line to 'False'
[0.347s] Level 5:colcon.colcon_core.verb:set package 'custom_interfaces' build argument 'ament_cmake_args' from command line to 'None'
[0.347s] Level 5:colcon.colcon_core.verb:set package 'custom_interfaces' build argument 'catkin_cmake_args' from command line to 'None'
[0.347s] Level 5:colcon.colcon_core.verb:set package 'custom_interfaces' build argument 'catkin_skip_building_tests' from command line to 'False'
[0.347s] DEBUG:colcon.colcon_core.verb:Building package 'custom_interfaces' with the following arguments: {'ament_cmake_args': None, 'build_base': '/home/dev/Desktop/MTRN4231_Project/build/custom_interfaces', 'catkin_cmake_args': None, 'catkin_skip_building_tests': False, 'cmake_args': None, 'cmake_clean_cache': False, 'cmake_clean_first': False, 'cmake_force_configure': False, 'cmake_target': None, 'cmake_target_skip_unavailable': False, 'install_base': '/home/dev/Desktop/MTRN4231_Project/install/custom_interfaces', 'merge_install': False, 'path': '/home/dev/Desktop/MTRN4231_Project/src/custom_interfaces', 'symlink_install': False, 'test_result_base': None}
[0.348s] Level 5:colcon.colcon_core.verb:set package 'end_effector_description' build argument 'cmake_args' from command line to 'None'
[0.348s] Level 5:colcon.colcon_core.verb:set package 'end_effector_description' build argument 'cmake_target' from command line to 'None'
[0.348s] Level 5:colcon.colcon_core.verb:set package 'end_effector_description' build argument 'cmake_target_skip_unavailable' from command line to 'False'
[0.348s] Level 5:colcon.colcon_core.verb:set package 'end_effector_description' build argument 'cmake_clean_cache' from command line to 'False'
[0.348s] Level 5:colcon.colcon_core.verb:set package 'end_effector_description' build argument 'cmake_clean_first' from command line to 'False'
[0.348s] Level 5:colcon.colcon_core.verb:set package 'end_effector_description' build argument 'cmake_force_configure' from command line to 'False'
[0.348s] Level 5:colcon.colcon_core.verb:set package 'end_effector_description' build argument 'ament_cmake_args' from command line to 'None'
[0.348s] Level 5:colcon.colcon_core.verb:set package 'end_effector_description' build argument 'catkin_cmake_args' from command line to 'None'
[0.348s] Level 5:colcon.colcon_core.verb:set package 'end_effector_description' build argument 'catkin_skip_building_tests' from command line to 'False'
[0.348s] DEBUG:colcon.colcon_core.verb:Building package 'end_effector_description' with the following arguments: {'ament_cmake_args': None, 'build_base': '/home/dev/Desktop/MTRN4231_Project/build/end_effector_description', 'catkin_cmake_args': None, 'catkin_skip_building_tests': False, 'cmake_args': None, 'cmake_clean_cache': False, 'cmake_clean_first': False, 'cmake_force_configure': False, 'cmake_target': None, 'cmake_target_skip_unavailable': False, 'install_base': '/home/dev/Desktop/MTRN4231_Project/install/end_effector_description', 'merge_install': False, 'path': '/home/dev/Desktop/MTRN4231_Project/src/end_effector_description', 'symlink_install': False, 'test_result_base': None}
[0.348s] Level 5:colcon.colcon_core.verb:set package 'ur5e_moveit_config_custom' build argument 'cmake_args' from command line to 'None'
[0.348s] Level 5:colcon.colcon_core.verb:set package 'ur5e_moveit_config_custom' build argument 'cmake_target' from command line to 'None'
[0.348s] Level 5:colcon.colcon_core.verb:set package 'ur5e_moveit_config_custom' build argument 'cmake_target_skip_unavailable' from command line to 'False'
[0.348s] Level 5:colcon.colcon_core.verb:set package 'ur5e_moveit_config_custom' build argument 'cmake_clean_cache' from command line to 'False'
[0.348s] Level 5:colcon.colcon_core.verb:set package 'ur5e_moveit_config_custom' build argument 'cmake_clean_first' from command line to 'False'
[0.348s] Level 5:colcon.colcon_core.verb:set package 'ur5e_moveit_config_custom' build argument 'cmake_force_configure' from command line to 'False'
[0.348s] Level 5:colcon.colcon_core.verb:set package 'ur5e_moveit_config_custom' build argument 'ament_cmake_args' from command line to 'None'
[0.348s] Level 5:colcon.colcon_core.verb:set package 'ur5e_moveit_config_custom' build argument 'catkin_cmake_args' from command line to 'None'
[0.348s] Level 5:colcon.colcon_core.verb:set package 'ur5e_moveit_config_custom' build argument 'catkin_skip_building_tests' from command line to 'False'
[0.349s] DEBUG:colcon.colcon_core.verb:Building package 'ur5e_moveit_config_custom' with the following arguments: {'ament_cmake_args': None, 'build_base': '/home/dev/Desktop/MTRN4231_Project/build/ur5e_moveit_config_custom', 'catkin_cmake_args': None, 'catkin_skip_building_tests': False, 'cmake_args': None, 'cmake_clean_cache': False, 'cmake_clean_first': False, 'cmake_force_configure': False, 'cmake_target': None, 'cmake_target_skip_unavailable': False, 'install_base': '/home/dev/Desktop/MTRN4231_Project/install/ur5e_moveit_config_custom', 'merge_install': False, 'path': '/home/dev/Desktop/MTRN4231_Project/src/ur5e_moveit_config_custom', 'symlink_install': False, 'test_result_base': None}
[0.349s] Level 5:colcon.colcon_core.verb:set package 'arm_controller' build argument 'cmake_args' from command line to 'None'
[0.349s] Level 5:colcon.colcon_core.verb:set package 'arm_controller' build argument 'cmake_target' from command line to 'None'
[0.349s] Level 5:colcon.colcon_core.verb:set package 'arm_controller' build argument 'cmake_target_skip_unavailable' from command line to 'False'
[0.349s] Level 5:colcon.colcon_core.verb:set package 'arm_controller' build argument 'cmake_clean_cache' from command line to 'False'
[0.349s] Level 5:colcon.colcon_core.verb:set package 'arm_controller' build argument 'cmake_clean_first' from command line to 'False'
[0.349s] Level 5:colcon.colcon_core.verb:set package 'arm_controller' build argument 'cmake_force_configure' from command line to 'False'
[0.349s] Level 5:colcon.colcon_core.verb:set package 'arm_controller' build argument 'ament_cmake_args' from command line to 'None'
[0.349s] Level 5:colcon.colcon_core.verb:set package 'arm_controller' build argument 'catkin_cmake_args' from command line to 'None'
[0.349s] Level 5:colcon.colcon_core.verb:set package 'arm_controller' build argument 'catkin_skip_building_tests' from command line to 'False'
[0.349s] DEBUG:colcon.colcon_core.verb:Building package 'arm_controller' with the following arguments: {'ament_cmake_args': None, 'build_base': '/home/dev/Desktop/MTRN4231_Project/build/arm_controller', 'catkin_cmake_args': None, 'catkin_skip_building_tests': False, 'cmake_args': None, 'cmake_clean_cache': False, 'cmake_clean_first': False, 'cmake_force_configure': False, 'cmake_target': None, 'cmake_target_skip_unavailable': False, 'install_base': '/home/dev/Desktop/MTRN4231_Project/install/arm_controller', 'merge_install': False, 'path': '/home/dev/Desktop/MTRN4231_Project/src/arm_controller', 'symlink_install': False, 'test_result_base': None}
[0.349s] Level 5:colcon.colcon_core.verb:set package 'ur5e_custom_description' build argument 'cmake_args' from command line to 'None'
[0.349s] Level 5:colcon.colcon_core.verb:set package 'ur5e_custom_description' build argument 'cmake_target' from command line to 'None'
[0.349s] Level 5:colcon.colcon_core.verb:set package 'ur5e_custom_description' build argument 'cmake_target_skip_unavailable' from command line to 'False'
[0.349s] Level 5:colcon.colcon_core.verb:set package 'ur5e_custom_description' build argument 'cmake_clean_cache' from command line to 'False'
[0.349s] Level 5:colcon.colcon_core.verb:set package 'ur5e_custom_description' build argument 'cmake_clean_first' from command line to 'False'
[0.349s] Level 5:colcon.colcon_core.verb:set package 'ur5e_custom_description' build argument 'cmake_force_configure' from command line to 'False'
[0.350s] Level 5:colcon.colcon_core.verb:set package 'ur5e_custom_description' build argument 'ament_cmake_args' from command line to 'None'
[0.350s] Level 5:colcon.colcon_core.verb:set package 'ur5e_custom_description' build argument 'catkin_cmake_args' from command line to 'None'
[0.350s] Level 5:colcon.colcon_core.verb:set package 'ur5e_custom_description' build argument 'catkin_skip_building_tests' from command line to 'False'
[0.350s] DEBUG:colcon.colcon_core.verb:Building package 'ur5e_custom_description' with the following arguments: {'ament_cmake_args': None, 'build_base': '/home/dev/Desktop/MTRN4231_Project/build/ur5e_custom_description', 'catkin_cmake_args': None, 'catkin_skip_building_tests': False, 'cmake_args': None, 'cmake_clean_cache': False, 'cmake_clean_first': False, 'cmake_force_configure': False, 'cmake_target': None, 'cmake_target_skip_unavailable': False, 'install_base': '/home/dev/Desktop/MTRN4231_Project/install/ur5e_custom_description', 'merge_install': False, 'path': '/home/dev/Desktop/MTRN4231_Project/src/ur5e_custom_description', 'symlink_install': False, 'test_result_base': None}
[0.350s] INFO:colcon.colcon_core.executor:Executing jobs using 'parallel' executor
[0.351s] DEBUG:colcon.colcon_parallel_executor.executor.parallel:run_until_complete
[0.351s] INFO:colcon.colcon_ros.task.ament_cmake.build:Building ROS package in '/home/dev/Desktop/MTRN4231_Project/src/custom_interfaces' with build type 'ament_cmake'
[0.352s] INFO:colcon.colcon_cmake.task.cmake.build:Building CMake package in '/home/dev/Desktop/MTRN4231_Project/src/custom_interfaces'
[0.354s] INFO:colcon.colcon_core.plugin_system:Skipping extension 'colcon_core.shell.bat': Not used on non-Windows systems
[0.354s] INFO:colcon.colcon_core.shell:Skip shell extension 'powershell' for command environment: Not usable outside of PowerShell
[0.354s] DEBUG:colcon.colcon_core.shell:Skip shell extension 'dsv' for command environment
[0.359s] INFO:colcon.colcon_ros.task.ament_cmake.build:Building ROS package in '/home/dev/Desktop/MTRN4231_Project/src/end_effector_description' with build type 'ament_cmake'
[0.359s] INFO:colcon.colcon_cmake.task.cmake.build:Building CMake package in '/home/dev/Desktop/MTRN4231_Project/src/end_effector_description'
[0.359s] INFO:colcon.colcon_core.shell:Skip shell extension 'powershell' for command environment: Not usable outside of PowerShell
[0.359s] DEBUG:colcon.colcon_core.shell:Skip shell extension 'dsv' for command environment
[0.365s] INFO:colcon.colcon_ros.task.ament_cmake.build:Building ROS package in '/home/dev/Desktop/MTRN4231_Project/src/ur5e_moveit_config_custom' with build type 'ament_cmake'
[0.366s] INFO:colcon.colcon_cmake.task.cmake.build:Building CMake package in '/home/dev/Desktop/MTRN4231_Project/src/ur5e_moveit_config_custom'
[0.366s] INFO:colcon.colcon_core.shell:Skip shell extension 'powershell' for command environment: Not usable outside of PowerShell
[0.366s] DEBUG:colcon.colcon_core.shell:Skip shell extension 'dsv' for command environment
[0.378s] DEBUG:colcon.colcon_core.event_handler.log_command:Invoking command in '/home/dev/Desktop/MTRN4231_Project/build/custom_interfaces': CMAKE_PREFIX_PATH=${CMAKE_PREFIX_PATH}:/opt/ros/humble /usr/bin/cmake --build /home/dev/Desktop/MTRN4231_Project/build/custom_interfaces -- -j12 -l12
[0.384s] DEBUG:colcon.colcon_core.event_handler.log_command:Invoking command in '/home/dev/Desktop/MTRN4231_Project/build/end_effector_description': CMAKE_PREFIX_PATH=${CMAKE_PREFIX_PATH}:/opt/ros/humble /usr/bin/cmake --build /home/dev/Desktop/MTRN4231_Project/build/end_effector_description -- -j12 -l12
[0.389s] DEBUG:colcon.colcon_core.event_handler.log_command:Invoking command in '/home/dev/Desktop/MTRN4231_Project/build/ur5e_moveit_config_custom': CMAKE_PREFIX_PATH=${CMAKE_PREFIX_PATH}:/opt/ros/humble /usr/bin/cmake --build /home/dev/Desktop/MTRN4231_Project/build/ur5e_moveit_config_custom -- -j12 -l12
[0.437s] DEBUG:colcon.colcon_core.event_handler.log_command:Invoked command in '/home/dev/Desktop/MTRN4231_Project/build/end_effector_description' returned '0': CMAKE_PREFIX_PATH=${CMAKE_PREFIX_PATH}:/opt/ros/humble /usr/bin/cmake --build /home/dev/Desktop/MTRN4231_Project/build/end_effector_description -- -j12 -l12
[0.451s] DEBUG:colcon.colcon_core.event_handler.log_command:Invoking command in '/home/dev/Desktop/MTRN4231_Project/build/end_effector_description': CMAKE_PREFIX_PATH=${CMAKE_PREFIX_PATH}:/opt/ros/humble /usr/bin/cmake --install /home/dev/Desktop/MTRN4231_Project/build/end_effector_description
[0.470s] Level 1:colcon.colcon_core.environment:create_environment_scripts_only(end_effector_description)
[0.473s] DEBUG:colcon.colcon_core.event_handler.log_command:Invoked command in '/home/dev/Desktop/MTRN4231_Project/build/end_effector_description' returned '0': CMAKE_PREFIX_PATH=${CMAKE_PREFIX_PATH}:/opt/ros/humble /usr/bin/cmake --install /home/dev/Desktop/MTRN4231_Project/build/end_effector_description
[0.475s] Level 1:colcon.colcon_core.environment:checking '/home/dev/Desktop/MTRN4231_Project/install/end_effector_description' for CMake module files
[0.475s] Level 1:colcon.colcon_core.environment:checking '/home/dev/Desktop/MTRN4231_Project/install/end_effector_description' for CMake config files
[0.476s] Level 1:colcon.colcon_core.shell:create_environment_hook('end_effector_description', 'cmake_prefix_path')
[0.476s] INFO:colcon.colcon_core.shell:Creating environment hook '/home/dev/Desktop/MTRN4231_Project/install/end_effector_description/share/end_effector_description/hook/cmake_prefix_path.ps1'
[0.478s] INFO:colcon.colcon_core.shell:Creating environment descriptor '/home/dev/Desktop/MTRN4231_Project/install/end_effector_description/share/end_effector_description/hook/cmake_prefix_path.dsv'
[0.480s] INFO:colcon.colcon_core.shell:Creating environment hook '/home/dev/Desktop/MTRN4231_Project/install/end_effector_description/share/end_effector_description/hook/cmake_prefix_path.sh'
[0.482s] Level 1:colcon.colcon_core.environment:checking '/home/dev/Desktop/MTRN4231_Project/install/end_effector_description/bin'
[0.483s] Level 1:colcon.colcon_core.environment:checking '/home/dev/Desktop/MTRN4231_Project/install/end_effector_description/lib/pkgconfig/end_effector_description.pc'
[0.483s] Level 1:colcon.colcon_core.environment:checking '/home/dev/Desktop/MTRN4231_Project/install/end_effector_description/lib/python3.10/site-packages'
[0.484s] Level 1:colcon.colcon_core.environment:checking '/home/dev/Desktop/MTRN4231_Project/install/end_effector_description/bin'
[0.485s] INFO:colcon.colcon_core.shell:Creating package script '/home/dev/Desktop/MTRN4231_Project/install/end_effector_description/share/end_effector_description/package.ps1'
[0.487s] INFO:colcon.colcon_core.shell:Creating package descriptor '/home/dev/Desktop/MTRN4231_Project/install/end_effector_description/share/end_effector_description/package.dsv'
[0.488s] INFO:colcon.colcon_core.shell:Creating package script '/home/dev/Desktop/MTRN4231_Project/install/end_effector_description/share/end_effector_description/package.sh'
[0.490s] INFO:colcon.colcon_core.shell:Creating package script '/home/dev/Desktop/MTRN4231_Project/install/end_effector_description/share/end_effector_description/package.bash'
[0.491s] INFO:colcon.colcon_core.shell:Creating package script '/home/dev/Desktop/MTRN4231_Project/install/end_effector_description/share/end_effector_description/package.zsh'
[0.492s] Level 1:colcon.colcon_core.environment:create_file_with_runtime_dependencies(/home/dev/Desktop/MTRN4231_Project/install/end_effector_description/share/colcon-core/packages/end_effector_description)
[0.493s] Level 1:colcon.colcon_core.environment:create_environment_scripts_only(end_effector_description)
[0.494s] Level 1:colcon.colcon_core.environment:checking '/home/dev/Desktop/MTRN4231_Project/install/end_effector_description' for CMake module files
[0.494s] Level 1:colcon.colcon_core.environment:checking '/home/dev/Desktop/MTRN4231_Project/install/end_effector_description' for CMake config files
[0.494s] Level 1:colcon.colcon_core.shell:create_environment_hook('end_effector_description', 'cmake_prefix_path')
[0.495s] INFO:colcon.colcon_core.shell:Creating environment hook '/home/dev/Desktop/MTRN4231_Project/install/end_effector_description/share/end_effector_description/hook/cmake_prefix_path.ps1'
[0.496s] INFO:colcon.colcon_core.shell:Creating environment descriptor '/home/dev/Desktop/MTRN4231_Project/install/end_effector_description/share/end_effector_description/hook/cmake_prefix_path.dsv'
[0.497s] INFO:colcon.colcon_core.shell:Creating environment hook '/home/dev/Desktop/MTRN4231_Project/install/end_effector_description/share/end_effector_description/hook/cmake_prefix_path.sh'
[0.497s] Level 1:colcon.colcon_core.environment:checking '/home/dev/Desktop/MTRN4231_Project/install/end_effector_description/bin'
[0.498s] Level 1:colcon.colcon_core.environment:checking '/home/dev/Desktop/MTRN4231_Project/install/end_effector_description/lib/pkgconfig/end_effector_description.pc'
[0.498s] Level 1:colcon.colcon_core.environment:checking '/home/dev/Desktop/MTRN4231_Project/install/end_effector_description/lib/python3.10/site-packages'
[0.498s] Level 1:colcon.colcon_core.environment:checking '/home/dev/Desktop/MTRN4231_Project/install/end_effector_description/bin'
[0.499s] INFO:colcon.colcon_core.shell:Creating package script '/home/dev/Desktop/MTRN4231_Project/install/end_effector_description/share/end_effector_description/package.ps1'
[0.500s] INFO:colcon.colcon_core.shell:Creating package descriptor '/home/dev/Desktop/MTRN4231_Project/install/end_effector_description/share/end_effector_description/package.dsv'
[0.501s] INFO:colcon.colcon_core.shell:Creating package script '/home/dev/Desktop/MTRN4231_Project/install/end_effector_description/share/end_effector_description/package.sh'
[0.501s] INFO:colcon.colcon_core.shell:Creating package script '/home/dev/Desktop/MTRN4231_Project/install/end_effector_description/share/end_effector_description/package.bash'
[0.502s] INFO:colcon.colcon_core.shell:Creating package script '/home/dev/Desktop/MTRN4231_Project/install/end_effector_description/share/end_effector_description/package.zsh'
[0.502s] Level 1:colcon.colcon_core.environment:create_file_with_runtime_dependencies(/home/dev/Desktop/MTRN4231_Project/install/end_effector_description/share/colcon-core/packages/end_effector_description)
[0.503s] INFO:colcon.colcon_ros.task.ament_cmake.build:Building ROS package in '/home/dev/Desktop/MTRN4231_Project/src/ur5e_custom_description' with build type 'ament_cmake'
[0.503s] INFO:colcon.colcon_cmake.task.cmake.build:Building CMake package in '/home/dev/Desktop/MTRN4231_Project/src/ur5e_custom_description'
[0.503s] INFO:colcon.colcon_core.shell:Skip shell extension 'powershell' for command environment: Not usable outside of PowerShell
[0.503s] DEBUG:colcon.colcon_core.shell:Skip shell extension 'dsv' for command environment
[0.516s] DEBUG:colcon.colcon_core.event_handler.log_command:Invoking command in '/home/dev/Desktop/MTRN4231_Project/build/ur5e_custom_description': CMAKE_PREFIX_PATH=/home/dev/Desktop/MTRN4231_Project/install/end_effector_description:/home/dev/Desktop/MTRN4231_Project/install/ur5e_moveit_config_custom:/home/dev/Desktop/MTRN4231_Project/install/ur5e_custom_description:/home/dev/Desktop/MTRN4231_Project/install/arm_controller:/home/dev/Desktop/MTRN4231_Project/install/custom_interfaces:/opt/ros/humble /usr/bin/cmake --build /home/dev/Desktop/MTRN4231_Project/build/ur5e_custom_description -- -j12 -l12
[0.579s] DEBUG:colcon.colcon_core.event_handler.log_command:Invoked command in '/home/dev/Desktop/MTRN4231_Project/build/ur5e_custom_description' returned '0': CMAKE_PREFIX_PATH=/home/dev/Desktop/MTRN4231_Project/install/end_effector_description:/home/dev/Desktop/MTRN4231_Project/install/ur5e_moveit_config_custom:/home/dev/Desktop/MTRN4231_Project/install/ur5e_custom_description:/home/dev/Desktop/MTRN4231_Project/install/arm_controller:/home/dev/Desktop/MTRN4231_Project/install/custom_interfaces:/opt/ros/humble /usr/bin/cmake --build /home/dev/Desktop/MTRN4231_Project/build/ur5e_custom_description -- -j12 -l12
[0.580s] DEBUG:colcon.colcon_core.event_handler.log_command:Invoking command in '/home/dev/Desktop/MTRN4231_Project/build/ur5e_custom_description': CMAKE_PREFIX_PATH=/home/dev/Desktop/MTRN4231_Project/install/end_effector_description:/home/dev/Desktop/MTRN4231_Project/install/ur5e_moveit_config_custom:/home/dev/Desktop/MTRN4231_Project/install/ur5e_custom_description:/home/dev/Desktop/MTRN4231_Project/install/arm_controller:/home/dev/Desktop/MTRN4231_Project/install/custom_interfaces:/opt/ros/humble /usr/bin/cmake --install /home/dev/Desktop/MTRN4231_Project/build/ur5e_custom_description
[0.595s] Level 1:colcon.colcon_core.environment:create_environment_scripts_only(ur5e_custom_description)
[0.595s] Level 1:colcon.colcon_core.environment:checking '/home/dev/Desktop/MTRN4231_Project/install/ur5e_custom_description' for CMake module files
[0.596s] DEBUG:colcon.colcon_core.event_handler.log_command:Invoked command in '/home/dev/Desktop/MTRN4231_Project/build/ur5e_custom_description' returned '0': CMAKE_PREFIX_PATH=/home/dev/Desktop/MTRN4231_Project/install/end_effector_description:/home/dev/Desktop/MTRN4231_Project/install/ur5e_moveit_config_custom:/home/dev/Desktop/MTRN4231_Project/install/ur5e_custom_description:/home/dev/Desktop/MTRN4231_Project/install/arm_controller:/home/dev/Desktop/MTRN4231_Project/install/custom_interfaces:/opt/ros/humble /usr/bin/cmake --install /home/dev/Desktop/MTRN4231_Project/build/ur5e_custom_description
[0.597s] Level 1:colcon.colcon_core.environment:checking '/home/dev/Desktop/MTRN4231_Project/install/ur5e_custom_description' for CMake config files
[0.597s] Level 1:colcon.colcon_core.shell:create_environment_hook('ur5e_custom_description', 'cmake_prefix_path')
[0.598s] INFO:colcon.colcon_core.shell:Creating environment hook '/home/dev/Desktop/MTRN4231_Project/install/ur5e_custom_description/share/ur5e_custom_description/hook/cmake_prefix_path.ps1'
[0.598s] INFO:colcon.colcon_core.shell:Creating environment descriptor '/home/dev/Desktop/MTRN4231_Project/install/ur5e_custom_description/share/ur5e_custom_description/hook/cmake_prefix_path.dsv'
[0.599s] INFO:colcon.colcon_core.shell:Creating environment hook '/home/dev/Desktop/MTRN4231_Project/install/ur5e_custom_description/share/ur5e_custom_description/hook/cmake_prefix_path.sh'
[0.600s] Level 1:colcon.colcon_core.environment:checking '/home/dev/Desktop/MTRN4231_Project/install/ur5e_custom_description/bin'
[0.600s] Level 1:colcon.colcon_core.environment:checking '/home/dev/Desktop/MTRN4231_Project/install/ur5e_custom_description/lib/pkgconfig/ur5e_custom_description.pc'
[0.600s] Level 1:colcon.colcon_core.environment:checking '/home/dev/Desktop/MTRN4231_Project/install/ur5e_custom_description/lib/python3.10/site-packages'
[0.601s] Level 1:colcon.colcon_core.environment:checking '/home/dev/Desktop/MTRN4231_Project/install/ur5e_custom_description/bin'
[0.601s] INFO:colcon.colcon_core.shell:Creating package script '/home/dev/Desktop/MTRN4231_Project/install/ur5e_custom_description/share/ur5e_custom_description/package.ps1'
[0.602s] INFO:colcon.colcon_core.shell:Creating package descriptor '/home/dev/Desktop/MTRN4231_Project/install/ur5e_custom_description/share/ur5e_custom_description/package.dsv'
[0.602s] INFO:colcon.colcon_core.shell:Creating package script '/home/dev/Desktop/MTRN4231_Project/install/ur5e_custom_description/share/ur5e_custom_description/package.sh'
[0.603s] INFO:colcon.colcon_core.shell:Creating package script '/home/dev/Desktop/MTRN4231_Project/install/ur5e_custom_description/share/ur5e_custom_description/package.bash'
[0.604s] INFO:colcon.colcon_core.shell:Creating package script '/home/dev/Desktop/MTRN4231_Project/install/ur5e_custom_description/share/ur5e_custom_description/package.zsh'
[0.604s] Level 1:colcon.colcon_core.environment:create_file_with_runtime_dependencies(/home/dev/Desktop/MTRN4231_Project/install/ur5e_custom_description/share/colcon-core/packages/ur5e_custom_description)
[0.605s] Level 1:colcon.colcon_core.environment:create_environment_scripts_only(ur5e_custom_description)
[0.606s] Level 1:colcon.colcon_core.environment:checking '/home/dev/Desktop/MTRN4231_Project/install/ur5e_custom_description' for CMake module files
[0.606s] Level 1:colcon.colcon_core.environment:checking '/home/dev/Desktop/MTRN4231_Project/install/ur5e_custom_description' for CMake config files
[0.607s] Level 1:colcon.colcon_core.shell:create_environment_hook('ur5e_custom_description', 'cmake_prefix_path')
[0.607s] INFO:colcon.colcon_core.shell:Creating environment hook '/home/dev/Desktop/MTRN4231_Project/install/ur5e_custom_description/share/ur5e_custom_description/hook/cmake_prefix_path.ps1'
[0.608s] INFO:colcon.colcon_core.shell:Creating environment descriptor '/home/dev/Desktop/MTRN4231_Project/install/ur5e_custom_description/share/ur5e_custom_description/hook/cmake_prefix_path.dsv'
[0.608s] INFO:colcon.colcon_core.shell:Creating environment hook '/home/dev/Desktop/MTRN4231_Project/install/ur5e_custom_description/share/ur5e_custom_description/hook/cmake_prefix_path.sh'
[0.609s] Level 1:colcon.colcon_core.environment:checking '/home/dev/Desktop/MTRN4231_Project/install/ur5e_custom_description/bin'
[0.609s] Level 1:colcon.colcon_core.environment:checking '/home/dev/Desktop/MTRN4231_Project/install/ur5e_custom_description/lib/pkgconfig/ur5e_custom_description.pc'
[0.610s] Level 1:colcon.colcon_core.environment:checking '/home/dev/Desktop/MTRN4231_Project/install/ur5e_custom_description/lib/python3.10/site-packages'
[0.610s] Level 1:colcon.colcon_core.environment:checking '/home/dev/Desktop/MTRN4231_Project/install/ur5e_custom_description/bin'
[0.611s] INFO:colcon.colcon_core.shell:Creating package script '/home/dev/Desktop/MTRN4231_Project/install/ur5e_custom_description/share/ur5e_custom_description/package.ps1'
[0.612s] INFO:colcon.colcon_core.shell:Creating package descriptor '/home/dev/Desktop/MTRN4231_Project/install/ur5e_custom_description/share/ur5e_custom_description/package.dsv'
[0.612s] INFO:colcon.colcon_core.shell:Creating package script '/home/dev/Desktop/MTRN4231_Project/install/ur5e_custom_description/share/ur5e_custom_description/package.sh'
[0.613s] INFO:colcon.colcon_core.shell:Creating package script '/home/dev/Desktop/MTRN4231_Project/install/ur5e_custom_description/share/ur5e_custom_description/package.bash'
[0.614s] INFO:colcon.colcon_core.shell:Creating package script '/home/dev/Desktop/MTRN4231_Project/install/ur5e_custom_description/share/ur5e_custom_description/package.zsh'
[0.614s] Level 1:colcon.colcon_core.environment:create_file_with_runtime_dependencies(/home/dev/Desktop/MTRN4231_Project/install/ur5e_custom_description/share/colcon-core/packages/ur5e_custom_description)
[0.799s] DEBUG:colcon.colcon_core.event_handler.log_command:Invoked command in '/home/dev/Desktop/MTRN4231_Project/build/custom_interfaces' returned '0': CMAKE_PREFIX_PATH=${CMAKE_PREFIX_PATH}:/opt/ros/humble /usr/bin/cmake --build /home/dev/Desktop/MTRN4231_Project/build/custom_interfaces -- -j12 -l12
[0.801s] DEBUG:colcon.colcon_core.event_handler.log_command:Invoking command in '/home/dev/Desktop/MTRN4231_Project/build/custom_interfaces': CMAKE_PREFIX_PATH=${CMAKE_PREFIX_PATH}:/opt/ros/humble /usr/bin/cmake --install /home/dev/Desktop/MTRN4231_Project/build/custom_interfaces
[0.812s] DEBUG:colcon.colcon_core.event_handler.log_command:Invoked command in '/home/dev/Desktop/MTRN4231_Project/build/ur5e_moveit_config_custom' returned '0': CMAKE_PREFIX_PATH=${CMAKE_PREFIX_PATH}:/opt/ros/humble /usr/bin/cmake --build /home/dev/Desktop/MTRN4231_Project/build/ur5e_moveit_config_custom -- -j12 -l12
[0.817s] DEBUG:colcon.colcon_core.event_handler.log_command:Invoking command in '/home/dev/Desktop/MTRN4231_Project/build/ur5e_moveit_config_custom': CMAKE_PREFIX_PATH=${CMAKE_PREFIX_PATH}:/opt/ros/humble /usr/bin/cmake --install /home/dev/Desktop/MTRN4231_Project/build/ur5e_moveit_config_custom
[0.860s] Level 1:colcon.colcon_core.environment:create_environment_scripts_only(custom_interfaces)
[0.861s] Level 1:colcon.colcon_core.environment:checking '/home/dev/Desktop/MTRN4231_Project/install/custom_interfaces' for CMake module files
[0.862s] DEBUG:colcon.colcon_core.event_handler.log_command:Invoked command in '/home/dev/Desktop/MTRN4231_Project/build/custom_interfaces' returned '0': CMAKE_PREFIX_PATH=${CMAKE_PREFIX_PATH}:/opt/ros/humble /usr/bin/cmake --install /home/dev/Desktop/MTRN4231_Project/build/custom_interfaces
[0.864s] Level 1:colcon.colcon_core.environment:checking '/home/dev/Desktop/MTRN4231_Project/install/custom_interfaces' for CMake config files
[0.865s] Level 1:colcon.colcon_core.shell:create_environment_hook('custom_interfaces', 'cmake_prefix_path')
[0.866s] INFO:colcon.colcon_core.shell:Creating environment hook '/home/dev/Desktop/MTRN4231_Project/install/custom_interfaces/share/custom_interfaces/hook/cmake_prefix_path.ps1'
[0.866s] INFO:colcon.colcon_core.shell:Creating environment descriptor '/home/dev/Desktop/MTRN4231_Project/install/custom_interfaces/share/custom_interfaces/hook/cmake_prefix_path.dsv'
[0.867s] INFO:colcon.colcon_core.shell:Creating environment hook '/home/dev/Desktop/MTRN4231_Project/install/custom_interfaces/share/custom_interfaces/hook/cmake_prefix_path.sh'
[0.868s] Level 1:colcon.colcon_core.environment:checking '/home/dev/Desktop/MTRN4231_Project/install/custom_interfaces/lib'
[0.868s] Level 1:colcon.colcon_core.shell:create_environment_hook('custom_interfaces', 'ld_library_path_lib')
[0.868s] INFO:colcon.colcon_core.shell:Creating environment hook '/home/dev/Desktop/MTRN4231_Project/install/custom_interfaces/share/custom_interfaces/hook/ld_library_path_lib.ps1'
[0.869s] INFO:colcon.colcon_core.shell:Creating environment descriptor '/home/dev/Desktop/MTRN4231_Project/install/custom_interfaces/share/custom_interfaces/hook/ld_library_path_lib.dsv'
[0.869s] INFO:colcon.colcon_core.shell:Creating environment hook '/home/dev/Desktop/MTRN4231_Project/install/custom_interfaces/share/custom_interfaces/hook/ld_library_path_lib.sh'
[0.869s] Level 1:colcon.colcon_core.environment:checking '/home/dev/Desktop/MTRN4231_Project/install/custom_interfaces/bin'
[0.869s] Level 1:colcon.colcon_core.environment:checking '/home/dev/Desktop/MTRN4231_Project/install/custom_interfaces/lib/pkgconfig/custom_interfaces.pc'
[0.870s] Level 1:colcon.colcon_core.environment:checking '/home/dev/Desktop/MTRN4231_Project/install/custom_interfaces/lib/python3.10/site-packages'
[0.870s] Level 1:colcon.colcon_core.environment:checking '/home/dev/Desktop/MTRN4231_Project/install/custom_interfaces/bin'
[0.870s] INFO:colcon.colcon_core.shell:Creating package script '/home/dev/Desktop/MTRN4231_Project/install/custom_interfaces/share/custom_interfaces/package.ps1'
[0.871s] INFO:colcon.colcon_core.shell:Creating package descriptor '/home/dev/Desktop/MTRN4231_Project/install/custom_interfaces/share/custom_interfaces/package.dsv'
[0.871s] INFO:colcon.colcon_core.shell:Creating package script '/home/dev/Desktop/MTRN4231_Project/install/custom_interfaces/share/custom_interfaces/package.sh'
[0.872s] INFO:colcon.colcon_core.shell:Creating package script '/home/dev/Desktop/MTRN4231_Project/install/custom_interfaces/share/custom_interfaces/package.bash'
[0.872s] INFO:colcon.colcon_core.shell:Creating package script '/home/dev/Desktop/MTRN4231_Project/install/custom_interfaces/share/custom_interfaces/package.zsh'
[0.872s] Level 1:colcon.colcon_core.environment:create_file_with_runtime_dependencies(/home/dev/Desktop/MTRN4231_Project/install/custom_interfaces/share/colcon-core/packages/custom_interfaces)
[0.873s] Level 1:colcon.colcon_core.environment:create_environment_scripts_only(custom_interfaces)
[0.873s] Level 1:colcon.colcon_core.environment:checking '/home/dev/Desktop/MTRN4231_Project/install/custom_interfaces' for CMake module files
[0.874s] Level 1:colcon.colcon_core.environment:checking '/home/dev/Desktop/MTRN4231_Project/install/custom_interfaces' for CMake config files
[0.875s] Level 1:colcon.colcon_core.shell:create_environment_hook('custom_interfaces', 'cmake_prefix_path')
[0.875s] INFO:colcon.colcon_core.shell:Creating environment hook '/home/dev/Desktop/MTRN4231_Project/install/custom_interfaces/share/custom_interfaces/hook/cmake_prefix_path.ps1'
[0.875s] INFO:colcon.colcon_core.shell:Creating environment descriptor '/home/dev/Desktop/MTRN4231_Project/install/custom_interfaces/share/custom_interfaces/hook/cmake_prefix_path.dsv'
[0.876s] INFO:colcon.colcon_core.shell:Creating environment hook '/home/dev/Desktop/MTRN4231_Project/install/custom_interfaces/share/custom_interfaces/hook/cmake_prefix_path.sh'
[0.876s] Level 1:colcon.colcon_core.environment:checking '/home/dev/Desktop/MTRN4231_Project/install/custom_interfaces/lib'
[0.876s] Level 1:colcon.colcon_core.shell:create_environment_hook('custom_interfaces', 'ld_library_path_lib')
[0.877s] INFO:colcon.colcon_core.shell:Creating environment hook '/home/dev/Desktop/MTRN4231_Project/install/custom_interfaces/share/custom_interfaces/hook/ld_library_path_lib.ps1'
[0.877s] INFO:colcon.colcon_core.shell:Creating environment descriptor '/home/dev/Desktop/MTRN4231_Project/install/custom_interfaces/share/custom_interfaces/hook/ld_library_path_lib.dsv'
[0.877s] INFO:colcon.colcon_core.shell:Creating environment hook '/home/dev/Desktop/MTRN4231_Project/install/custom_interfaces/share/custom_interfaces/hook/ld_library_path_lib.sh'
[0.878s] Level 1:colcon.colcon_core.environment:checking '/home/dev/Desktop/MTRN4231_Project/install/custom_interfaces/bin'
[0.878s] Level 1:colcon.colcon_core.environment:checking '/home/dev/Desktop/MTRN4231_Project/install/custom_interfaces/lib/pkgconfig/custom_interfaces.pc'
[0.878s] Level 1:colcon.colcon_core.environment:checking '/home/dev/Desktop/MTRN4231_Project/install/custom_interfaces/lib/python3.10/site-packages'
[0.878s] Level 1:colcon.colcon_core.environment:checking '/home/dev/Desktop/MTRN4231_Project/install/custom_interfaces/bin'
[0.878s] INFO:colcon.colcon_core.shell:Creating package script '/home/dev/Desktop/MTRN4231_Project/install/custom_interfaces/share/custom_interfaces/package.ps1'
[0.879s] INFO:colcon.colcon_core.shell:Creating package descriptor '/home/dev/Desktop/MTRN4231_Project/install/custom_interfaces/share/custom_interfaces/package.dsv'
[0.879s] INFO:colcon.colcon_core.shell:Creating package script '/home/dev/Desktop/MTRN4231_Project/install/custom_interfaces/share/custom_interfaces/package.sh'
[0.880s] INFO:colcon.colcon_core.shell:Creating package script '/home/dev/Desktop/MTRN4231_Project/install/custom_interfaces/share/custom_interfaces/package.bash'
[0.880s] INFO:colcon.colcon_core.shell:Creating package script '/home/dev/Desktop/MTRN4231_Project/install/custom_interfaces/share/custom_interfaces/package.zsh'
[0.881s] Level 1:colcon.colcon_core.environment:create_file_with_runtime_dependencies(/home/dev/Desktop/MTRN4231_Project/install/custom_interfaces/share/colcon-core/packages/custom_interfaces)
[0.881s] INFO:colcon.colcon_ros.task.ament_cmake.build:Building ROS package in '/home/dev/Desktop/MTRN4231_Project/src/arm_controller' with build type 'ament_cmake'
[0.881s] INFO:colcon.colcon_cmake.task.cmake.build:Building CMake package in '/home/dev/Desktop/MTRN4231_Project/src/arm_controller'
[0.881s] INFO:colcon.colcon_core.shell:Skip shell extension 'powershell' for command environment: Not usable outside of PowerShell
[0.881s] DEBUG:colcon.colcon_core.shell:Skip shell extension 'dsv' for command environment
[0.894s] DEBUG:colcon.colcon_core.event_handler.log_command:Invoking command in '/home/dev/Desktop/MTRN4231_Project/build/arm_controller': CMAKE_PREFIX_PATH=/home/dev/Desktop/MTRN4231_Project/install/custom_interfaces:/home/dev/Desktop/MTRN4231_Project/install/ur5e_moveit_config_custom:/home/dev/Desktop/MTRN4231_Project/install/ur5e_custom_description:/home/dev/Desktop/MTRN4231_Project/install/end_effector_description:/home/dev/Desktop/MTRN4231_Project/install/arm_controller:/opt/ros/humble /usr/bin/cmake --build /home/dev/Desktop/MTRN4231_Project/build/arm_controller -- -j12 -l12
[0.903s] Level 1:colcon.colcon_core.environment:create_environment_scripts_only(ur5e_moveit_config_custom)
[0.904s] Level 1:colcon.colcon_core.environment:checking '/home/dev/Desktop/MTRN4231_Project/install/ur5e_moveit_config_custom' for CMake module files
[0.905s] Level 1:colcon.colcon_core.environment:checking '/home/dev/Desktop/MTRN4231_Project/install/ur5e_moveit_config_custom' for CMake config files
[0.905s] Level 1:colcon.colcon_core.shell:create_environment_hook('ur5e_moveit_config_custom', 'cmake_prefix_path')
[0.906s] INFO:colcon.colcon_core.shell:Creating environment hook '/home/dev/Desktop/MTRN4231_Project/install/ur5e_moveit_config_custom/share/ur5e_moveit_config_custom/hook/cmake_prefix_path.ps1'
[0.906s] INFO:colcon.colcon_core.shell:Creating environment descriptor '/home/dev/Desktop/MTRN4231_Project/install/ur5e_moveit_config_custom/share/ur5e_moveit_config_custom/hook/cmake_prefix_path.dsv'
[0.907s] INFO:colcon.colcon_core.shell:Creating environment hook '/home/dev/Desktop/MTRN4231_Project/install/ur5e_moveit_config_custom/share/ur5e_moveit_config_custom/hook/cmake_prefix_path.sh'
[0.908s] DEBUG:colcon.colcon_core.event_handler.log_command:Invoked command in '/home/dev/Desktop/MTRN4231_Project/build/ur5e_moveit_config_custom' returned '0': CMAKE_PREFIX_PATH=${CMAKE_PREFIX_PATH}:/opt/ros/humble /usr/bin/cmake --install /home/dev/Desktop/MTRN4231_Project/build/ur5e_moveit_config_custom
[0.908s] Level 1:colcon.colcon_core.environment:checking '/home/dev/Desktop/MTRN4231_Project/install/ur5e_moveit_config_custom/bin'
[0.908s] Level 1:colcon.colcon_core.environment:checking '/home/dev/Desktop/MTRN4231_Project/install/ur5e_moveit_config_custom/lib/pkgconfig/ur5e_moveit_config_custom.pc'
[0.908s] Level 1:colcon.colcon_core.environment:checking '/home/dev/Desktop/MTRN4231_Project/install/ur5e_moveit_config_custom/lib/python3.10/site-packages'
[0.909s] Level 1:colcon.colcon_core.environment:checking '/home/dev/Desktop/MTRN4231_Project/install/ur5e_moveit_config_custom/bin'
[0.909s] INFO:colcon.colcon_core.shell:Creating package script '/home/dev/Desktop/MTRN4231_Project/install/ur5e_moveit_config_custom/share/ur5e_moveit_config_custom/package.ps1'
[0.910s] INFO:colcon.colcon_core.shell:Creating package descriptor '/home/dev/Desktop/MTRN4231_Project/install/ur5e_moveit_config_custom/share/ur5e_moveit_config_custom/package.dsv'
[0.910s] INFO:colcon.colcon_core.shell:Creating package script '/home/dev/Desktop/MTRN4231_Project/install/ur5e_moveit_config_custom/share/ur5e_moveit_config_custom/package.sh'
[0.911s] INFO:colcon.colcon_core.shell:Creating package script '/home/dev/Desktop/MTRN4231_Project/install/ur5e_moveit_config_custom/share/ur5e_moveit_config_custom/package.bash'
[0.911s] INFO:colcon.colcon_core.shell:Creating package script '/home/dev/Desktop/MTRN4231_Project/install/ur5e_moveit_config_custom/share/ur5e_moveit_config_custom/package.zsh'
[0.911s] Level 1:colcon.colcon_core.environment:create_file_with_runtime_dependencies(/home/dev/Desktop/MTRN4231_Project/install/ur5e_moveit_config_custom/share/colcon-core/packages/ur5e_moveit_config_custom)
[0.912s] Level 1:colcon.colcon_core.environment:create_environment_scripts_only(ur5e_moveit_config_custom)
[0.912s] Level 1:colcon.colcon_core.environment:checking '/home/dev/Desktop/MTRN4231_Project/install/ur5e_moveit_config_custom' for CMake module files
[0.913s] Level 1:colcon.colcon_core.environment:checking '/home/dev/Desktop/MTRN4231_Project/install/ur5e_moveit_config_custom' for CMake config files
[0.913s] Level 1:colcon.colcon_core.shell:create_environment_hook('ur5e_moveit_config_custom', 'cmake_prefix_path')
[0.913s] INFO:colcon.colcon_core.shell:Creating environment hook '/home/dev/Desktop/MTRN4231_Project/install/ur5e_moveit_config_custom/share/ur5e_moveit_config_custom/hook/cmake_prefix_path.ps1'
[0.914s] INFO:colcon.colcon_core.shell:Creating environment descriptor '/home/dev/Desktop/MTRN4231_Project/install/ur5e_moveit_config_custom/share/ur5e_moveit_config_custom/hook/cmake_prefix_path.dsv'
[0.914s] INFO:colcon.colcon_core.shell:Creating environment hook '/home/dev/Desktop/MTRN4231_Project/install/ur5e_moveit_config_custom/share/ur5e_moveit_config_custom/hook/cmake_prefix_path.sh'
[0.915s] Level 1:colcon.colcon_core.environment:checking '/home/dev/Desktop/MTRN4231_Project/install/ur5e_moveit_config_custom/bin'
[0.915s] Level 1:colcon.colcon_core.environment:checking '/home/dev/Desktop/MTRN4231_Project/install/ur5e_moveit_config_custom/lib/pkgconfig/ur5e_moveit_config_custom.pc'
[0.915s] Level 1:colcon.colcon_core.environment:checking '/home/dev/Desktop/MTRN4231_Project/install/ur5e_moveit_config_custom/lib/python3.10/site-packages'
[0.916s] Level 1:colcon.colcon_core.environment:checking '/home/dev/Desktop/MTRN4231_Project/install/ur5e_moveit_config_custom/bin'
[0.916s] INFO:colcon.colcon_core.shell:Creating package script '/home/dev/Desktop/MTRN4231_Project/install/ur5e_moveit_config_custom/share/ur5e_moveit_config_custom/package.ps1'
[0.917s] INFO:colcon.colcon_core.shell:Creating package descriptor '/home/dev/Desktop/MTRN4231_Project/install/ur5e_moveit_config_custom/share/ur5e_moveit_config_custom/package.dsv'
[0.917s] INFO:colcon.colcon_core.shell:Creating package script '/home/dev/Desktop/MTRN4231_Project/install/ur5e_moveit_config_custom/share/ur5e_moveit_config_custom/package.sh'
[0.918s] INFO:colcon.colcon_core.shell:Creating package script '/home/dev/Desktop/MTRN4231_Project/install/ur5e_moveit_config_custom/share/ur5e_moveit_config_custom/package.bash'
[0.918s] INFO:colcon.colcon_core.shell:Creating package script '/home/dev/Desktop/MTRN4231_Project/install/ur5e_moveit_config_custom/share/ur5e_moveit_config_custom/package.zsh'
[0.919s] Level 1:colcon.colcon_core.environment:create_file_with_runtime_dependencies(/home/dev/Desktop/MTRN4231_Project/install/ur5e_moveit_config_custom/share/colcon-core/packages/ur5e_moveit_config_custom)
[1.007s] DEBUG:colcon.colcon_core.event_handler.log_command:Invoked command in '/home/dev/Desktop/MTRN4231_Project/build/arm_controller' returned '0': CMAKE_PREFIX_PATH=/home/dev/Desktop/MTRN4231_Project/install/custom_interfaces:/home/dev/Desktop/MTRN4231_Project/install/ur5e_moveit_config_custom:/home/dev/Desktop/MTRN4231_Project/install/ur5e_custom_description:/home/dev/Desktop/MTRN4231_Project/install/end_effector_description:/home/dev/Desktop/MTRN4231_Project/install/arm_controller:/opt/ros/humble /usr/bin/cmake --build /home/dev/Desktop/MTRN4231_Project/build/arm_controller -- -j12 -l12
[1.009s] DEBUG:colcon.colcon_core.event_handler.log_command:Invoking command in '/home/dev/Desktop/MTRN4231_Project/build/arm_controller': CMAKE_PREFIX_PATH=/home/dev/Desktop/MTRN4231_Project/install/custom_interfaces:/home/dev/Desktop/MTRN4231_Project/install/ur5e_moveit_config_custom:/home/dev/Desktop/MTRN4231_Project/install/ur5e_custom_description:/home/dev/Desktop/MTRN4231_Project/install/end_effector_description:/home/dev/Desktop/MTRN4231_Project/install/arm_controller:/opt/ros/humble /usr/bin/cmake --install /home/dev/Desktop/MTRN4231_Project/build/arm_controller
[1.020s] Level 1:colcon.colcon_core.environment:create_environment_scripts_only(arm_controller)
[1.020s] Level 1:colcon.colcon_core.environment:checking '/home/dev/Desktop/MTRN4231_Project/install/arm_controller' for CMake module files
[1.021s] DEBUG:colcon.colcon_core.event_handler.log_command:Invoked command in '/home/dev/Desktop/MTRN4231_Project/build/arm_controller' returned '0': CMAKE_PREFIX_PATH=/home/dev/Desktop/MTRN4231_Project/install/custom_interfaces:/home/dev/Desktop/MTRN4231_Project/install/ur5e_moveit_config_custom:/home/dev/Desktop/MTRN4231_Project/install/ur5e_custom_description:/home/dev/Desktop/MTRN4231_Project/install/end_effector_description:/home/dev/Desktop/MTRN4231_Project/install/arm_controller:/opt/ros/humble /usr/bin/cmake --install /home/dev/Desktop/MTRN4231_Project/build/arm_controller
[1.021s] Level 1:colcon.colcon_core.environment:checking '/home/dev/Desktop/MTRN4231_Project/install/arm_controller' for CMake config files
[1.021s] Level 1:colcon.colcon_core.shell:create_environment_hook('arm_controller', 'cmake_prefix_path')
[1.021s] INFO:colcon.colcon_core.shell:Creating environment hook '/home/dev/Desktop/MTRN4231_Project/install/arm_controller/share/arm_controller/hook/cmake_prefix_path.ps1'
[1.022s] INFO:colcon.colcon_core.shell:Creating environment descriptor '/home/dev/Desktop/MTRN4231_Project/install/arm_controller/share/arm_controller/hook/cmake_prefix_path.dsv'
[1.022s] INFO:colcon.colcon_core.shell:Creating environment hook '/home/dev/Desktop/MTRN4231_Project/install/arm_controller/share/arm_controller/hook/cmake_prefix_path.sh'
[1.023s] Level 1:colcon.colcon_core.environment:checking '/home/dev/Desktop/MTRN4231_Project/install/arm_controller/lib'
[1.023s] Level 1:colcon.colcon_core.environment:checking '/home/dev/Desktop/MTRN4231_Project/install/arm_controller/bin'
[1.023s] Level 1:colcon.colcon_core.environment:checking '/home/dev/Desktop/MTRN4231_Project/install/arm_controller/lib/pkgconfig/arm_controller.pc'
[1.023s] Level 1:colcon.colcon_core.environment:checking '/home/dev/Desktop/MTRN4231_Project/install/arm_controller/lib/python3.10/site-packages'
[1.024s] Level 1:colcon.colcon_core.environment:checking '/home/dev/Desktop/MTRN4231_Project/install/arm_controller/bin'
[1.024s] INFO:colcon.colcon_core.shell:Creating package script '/home/dev/Desktop/MTRN4231_Project/install/arm_controller/share/arm_controller/package.ps1'
[1.024s] INFO:colcon.colcon_core.shell:Creating package descriptor '/home/dev/Desktop/MTRN4231_Project/install/arm_controller/share/arm_controller/package.dsv'
[1.025s] INFO:colcon.colcon_core.shell:Creating package script '/home/dev/Desktop/MTRN4231_Project/install/arm_controller/share/arm_controller/package.sh'
[1.025s] INFO:colcon.colcon_core.shell:Creating package script '/home/dev/Desktop/MTRN4231_Project/install/arm_controller/share/arm_controller/package.bash'
[1.025s] INFO:colcon.colcon_core.shell:Creating package script '/home/dev/Desktop/MTRN4231_Project/install/arm_controller/share/arm_controller/package.zsh'
[1.026s] Level 1:colcon.colcon_core.environment:create_file_with_runtime_dependencies(/home/dev/Desktop/MTRN4231_Project/install/arm_controller/share/colcon-core/packages/arm_controller)
[1.026s] Level 1:colcon.colcon_core.environment:create_environment_scripts_only(arm_controller)
[1.027s] Level 1:colcon.colcon_core.environment:checking '/home/dev/Desktop/MTRN4231_Project/install/arm_controller' for CMake module files
[1.027s] Level 1:colcon.colcon_core.environment:checking '/home/dev/Desktop/MTRN4231_Project/install/arm_controller' for CMake config files
[1.027s] Level 1:colcon.colcon_core.shell:create_environment_hook('arm_controller', 'cmake_prefix_path')
[1.027s] INFO:colcon.colcon_core.shell:Creating environment hook '/home/dev/Desktop/MTRN4231_Project/install/arm_controller/share/arm_controller/hook/cmake_prefix_path.ps1'
[1.028s] INFO:colcon.colcon_core.shell:Creating environment descriptor '/home/dev/Desktop/MTRN4231_Project/install/arm_controller/share/arm_controller/hook/cmake_prefix_path.dsv'
[1.029s] INFO:colcon.colcon_core.shell:Creating environment hook '/home/dev/Desktop/MTRN4231_Project/install/arm_controller/share/arm_controller/hook/cmake_prefix_path.sh'
[1.029s] Level 1:colcon.colcon_core.environment:checking '/home/dev/Desktop/MTRN4231_Project/install/arm_controller/lib'
[1.029s] Level 1:colcon.colcon_core.environment:checking '/home/dev/Desktop/MTRN4231_Project/install/arm_controller/bin'
[1.029s] Level 1:colcon.colcon_core.environment:checking '/home/dev/Desktop/MTRN4231_Project/install/arm_controller/lib/pkgconfig/arm_controller.pc'
[1.029s] Level 1:colcon.colcon_core.environment:checking '/home/dev/Desktop/MTRN4231_Project/install/arm_controller/lib/python3.10/site-packages'
[1.030s] Level 1:colcon.colcon_core.environment:checking '/home/dev/Desktop/MTRN4231_Project/install/arm_controller/bin'
[1.030s] INFO:colcon.colcon_core.shell:Creating package script '/home/dev/Desktop/MTRN4231_Project/install/arm_controller/share/arm_controller/package.ps1'
[1.030s] INFO:colcon.colcon_core.shell:Creating package descriptor '/home/dev/Desktop/MTRN4231_Project/install/arm_controller/share/arm_controller/package.dsv'
[1.031s] INFO:colcon.colcon_core.shell:Creating package script '/home/dev/Desktop/MTRN4231_Project/install/arm_controller/share/arm_controller/package.sh'
[1.031s] INFO:colcon.colcon_core.shell:Creating package script '/home/dev/Desktop/MTRN4231_Project/install/arm_controller/share/arm_controller/package.bash'
[1.032s] INFO:colcon.colcon_core.shell:Creating package script '/home/dev/Desktop/MTRN4231_Project/install/arm_controller/share/arm_controller/package.zsh'
[1.032s] Level 1:colcon.colcon_core.environment:create_file_with_runtime_dependencies(/home/dev/Desktop/MTRN4231_Project/install/arm_controller/share/colcon-core/packages/arm_controller)
[1.032s] DEBUG:colcon.colcon_parallel_executor.executor.parallel:closing loop
[1.032s] DEBUG:colcon.colcon_parallel_executor.executor.parallel:loop closed
[1.033s] DEBUG:colcon.colcon_parallel_executor.executor.parallel:run_until_complete finished with '0'
[1.033s] DEBUG:colcon.colcon_core.event_reactor:joining thread
[1.038s] INFO:colcon.colcon_core.plugin_system:Skipping extension 'colcon_notification.desktop_notification.terminal_notifier': Not used on non-Darwin systems
[1.038s] INFO:colcon.colcon_core.plugin_system:Skipping extension 'colcon_notification.desktop_notification.win32': Not used on non-Windows systems
[1.038s] INFO:colcon.colcon_notification.desktop_notification:Sending desktop notification using 'notify2'
[1.052s] DEBUG:colcon.colcon_core.event_reactor:joined thread
[1.052s] INFO:colcon.colcon_core.shell:Creating prefix script '/home/dev/Desktop/MTRN4231_Project/install/local_setup.ps1'
[1.054s] INFO:colcon.colcon_core.shell:Creating prefix util module '/home/dev/Desktop/MTRN4231_Project/install/_local_setup_util_ps1.py'
[1.055s] INFO:colcon.colcon_core.shell:Creating prefix chain script '/home/dev/Desktop/MTRN4231_Project/install/setup.ps1'
[1.056s] INFO:colcon.colcon_core.shell:Creating prefix script '/home/dev/Desktop/MTRN4231_Project/install/local_setup.sh'
[1.057s] INFO:colcon.colcon_core.shell:Creating prefix util module '/home/dev/Desktop/MTRN4231_Project/install/_local_setup_util_sh.py'
[1.057s] INFO:colcon.colcon_core.shell:Creating prefix chain script '/home/dev/Desktop/MTRN4231_Project/install/setup.sh'
[1.058s] INFO:colcon.colcon_core.shell:Creating prefix script '/home/dev/Desktop/MTRN4231_Project/install/local_setup.bash'
[1.059s] INFO:colcon.colcon_core.shell:Creating prefix chain script '/home/dev/Desktop/MTRN4231_Project/install/setup.bash'
[1.060s] INFO:colcon.colcon_core.shell:Creating prefix script '/home/dev/Desktop/MTRN4231_Project/install/local_setup.zsh'
[1.061s] INFO:colcon.colcon_core.shell:Creating prefix chain script '/home/dev/Desktop/MTRN4231_Project/install/setup.zsh'
